{"event": "prompts_prepared", "fold": 0, "validation_document_ids": ["10553122", "11203018", "11871647", "11906559", "11919040", "12059664", "12126309", "12640707", "12652105", "12846941", "2866573", "3563609", "4607013", "4899602", "5415817", "5763540"], "upstream_training_document_ids": ["10313222", "10789033", "11196099", "11221135", "11235872", "11765409", "11826603", "11986149", "12017973", "12078887", "12110755", "12110769", "12118522", "12147048", "12250201", "12334843", "12386172", "12405443", "12444410", "12455887", "12628480", "12646972", "12733031", "12779223", "12798528", "12811285", "12891056", "2964533", "4644339", "4678370", "5023785", "5368377", "5422868", "5425407", "5452357", "5473715", "5537416", "5538066", "5562981", "5574094", "5575846", "5693559", "5773845", "5789735", "5793168", "5866036", "5959423", "5970456", "6036836", "6048891", "6049015", "6057141", "6059678", "6063015", "6096008", "6134758", "6151044", "6219255", "6220403", "6332535", "6338757", "6390251", "6491447", "9327653"], "llm_training_document_ids": [], "demonstration_document_ids": [], "plan_sha256": "0496ba9c0435f58509acfb68100ebc0c2ffd9bc224b48be86cb974d0b0dfecaf", "baseline_exact_replay": true, "answers_removed_before_prompting": true, "task_count": 403, "tasks_sha256": "4123bd8534bcf5dfaf8831aa9701c1f3da109779cb893cade24f79fddea07f2d", "all_occurrences_selected": 322, "patient_marker_protocol": "provided_anchor_labels", "original_text_preserved": true, "marker_source": "Given patient references only; no phenotype or association labels.", "max_input_tokens": 3997, "complete_evidence_count": 322, "dropped_fragments": 6, "hard_nonthinking": true, "protocol": "finite_json_source_references", "maximum_grammar_tokens": 16, "allowed_completion_counts": {"3": 19, "4": 31, "5": 46, "6": 64, "7": 85, "8": 109}}
Loading checkpoint shards:   0%|          | 0/5 [00:00<?, ?it/s]Loading checkpoint shards:  20%|██        | 1/5 [00:01<00:06,  1.74s/it]Loading checkpoint shards:  40%|████      | 2/5 [00:03<00:04,  1.56s/it]Loading checkpoint shards:  60%|██████    | 3/5 [00:04<00:02,  1.49s/it]Loading checkpoint shards:  80%|████████  | 4/5 [00:05<00:01,  1.35s/it]Loading checkpoint shards: 100%|██████████| 5/5 [00:06<00:00,  1.01s/it]Loading checkpoint shards: 100%|██████████| 5/5 [00:06<00:00,  1.23s/it]
{"event": "task_complete", "fold": 0, "completed": 1, "total": 403, "format_errors": 0, "decisions": {"supported": 1}, "elapsed_seconds": 12.222184658050537}
{"event": "task_complete", "fold": 0, "completed": 2, "total": 403, "format_errors": 0, "decisions": {"supported": 2}, "elapsed_seconds": 14.062961339950562}
{"event": "task_complete", "fold": 0, "completed": 3, "total": 403, "format_errors": 0, "decisions": {"supported": 3}, "elapsed_seconds": 15.855255365371704}
{"event": "task_complete", "fold": 0, "completed": 4, "total": 403, "format_errors": 0, "decisions": {"supported": 4}, "elapsed_seconds": 17.273561000823975}
{"event": "task_complete", "fold": 0, "completed": 5, "total": 403, "format_errors": 0, "decisions": {"supported": 4, "other_or_general": 1}, "elapsed_seconds": 18.83396291732788}
{"event": "task_complete", "fold": 0, "completed": 6, "total": 403, "format_errors": 0, "decisions": {"supported": 5, "other_or_general": 1}, "elapsed_seconds": 20.18092656135559}
{"event": "task_complete", "fold": 0, "completed": 7, "total": 403, "format_errors": 0, "decisions": {"supported": 6, "other_or_general": 1}, "elapsed_seconds": 21.551111221313477}
{"event": "task_complete", "fold": 0, "completed": 8, "total": 403, "format_errors": 0, "decisions": {"supported": 7, "other_or_general": 1}, "elapsed_seconds": 22.9227557182312}
{"event": "task_complete", "fold": 0, "completed": 9, "total": 403, "format_errors": 0, "decisions": {"supported": 8, "other_or_general": 1}, "elapsed_seconds": 24.268864393234253}
{"event": "task_complete", "fold": 0, "completed": 10, "total": 403, "format_errors": 0, "decisions": {"supported": 9, "other_or_general": 1}, "elapsed_seconds": 26.833918571472168}
{"event": "task_complete", "fold": 0, "completed": 11, "total": 403, "format_errors": 0, "decisions": {"supported": 10, "other_or_general": 1}, "elapsed_seconds": 28.42551612854004}
{"event": "task_complete", "fold": 0, "completed": 12, "total": 403, "format_errors": 0, "decisions": {"supported": 11, "other_or_general": 1}, "elapsed_seconds": 29.783680200576782}
{"event": "task_complete", "fold": 0, "completed": 13, "total": 403, "format_errors": 0, "decisions": {"supported": 12, "other_or_general": 1}, "elapsed_seconds": 31.654516220092773}
{"event": "task_complete", "fold": 0, "completed": 14, "total": 403, "format_errors": 0, "decisions": {"supported": 13, "other_or_general": 1}, "elapsed_seconds": 32.97496700286865}
{"event": "task_complete", "fold": 0, "completed": 15, "total": 403, "format_errors": 0, "decisions": {"supported": 14, "other_or_general": 1}, "elapsed_seconds": 34.42138981819153}
{"event": "task_complete", "fold": 0, "completed": 16, "total": 403, "format_errors": 0, "decisions": {"supported": 15, "other_or_general": 1}, "elapsed_seconds": 35.89497494697571}
{"event": "task_complete", "fold": 0, "completed": 17, "total": 403, "format_errors": 0, "decisions": {"supported": 16, "other_or_general": 1}, "elapsed_seconds": 37.37609672546387}
{"event": "task_complete", "fold": 0, "completed": 18, "total": 403, "format_errors": 0, "decisions": {"supported": 17, "other_or_general": 1}, "elapsed_seconds": 39.13402771949768}
{"event": "task_complete", "fold": 0, "completed": 19, "total": 403, "format_errors": 0, "decisions": {"supported": 18, "other_or_general": 1}, "elapsed_seconds": 40.75349164009094}
{"event": "task_complete", "fold": 0, "completed": 20, "total": 403, "format_errors": 0, "decisions": {"supported": 19, "other_or_general": 1}, "elapsed_seconds": 42.2527859210968}
{"event": "task_complete", "fold": 0, "completed": 21, "total": 403, "format_errors": 0, "decisions": {"supported": 20, "other_or_general": 1}, "elapsed_seconds": 45.32903599739075}
{"event": "task_complete", "fold": 0, "completed": 22, "total": 403, "format_errors": 0, "decisions": {"supported": 21, "other_or_general": 1}, "elapsed_seconds": 47.139084815979004}
{"event": "task_complete", "fold": 0, "completed": 23, "total": 403, "format_errors": 0, "decisions": {"supported": 21, "other_or_general": 2}, "elapsed_seconds": 49.64814233779907}
{"event": "task_complete", "fold": 0, "completed": 24, "total": 403, "format_errors": 0, "decisions": {"supported": 22, "other_or_general": 2}, "elapsed_seconds": 51.32198119163513}
{"event": "task_complete", "fold": 0, "completed": 25, "total": 403, "format_errors": 0, "decisions": {"supported": 23, "other_or_general": 2}, "elapsed_seconds": 53.00666809082031}
{"event": "task_complete", "fold": 0, "completed": 26, "total": 403, "format_errors": 0, "decisions": {"supported": 24, "other_or_general": 2}, "elapsed_seconds": 54.76280379295349}
{"event": "task_complete", "fold": 0, "completed": 27, "total": 403, "format_errors": 0, "decisions": {"supported": 25, "other_or_general": 2}, "elapsed_seconds": 57.133090019226074}
{"event": "task_complete", "fold": 0, "completed": 28, "total": 403, "format_errors": 0, "decisions": {"supported": 26, "other_or_general": 2}, "elapsed_seconds": 59.42373967170715}
{"event": "task_complete", "fold": 0, "completed": 29, "total": 403, "format_errors": 0, "decisions": {"supported": 27, "other_or_general": 2}, "elapsed_seconds": 61.92729926109314}
{"event": "task_complete", "fold": 0, "completed": 30, "total": 403, "format_errors": 0, "decisions": {"supported": 28, "other_or_general": 2}, "elapsed_seconds": 64.63840246200562}
{"event": "task_complete", "fold": 0, "completed": 31, "total": 403, "format_errors": 0, "decisions": {"supported": 29, "other_or_general": 2}, "elapsed_seconds": 66.24444890022278}
{"event": "task_complete", "fold": 0, "completed": 32, "total": 403, "format_errors": 0, "decisions": {"supported": 30, "other_or_general": 2}, "elapsed_seconds": 67.80957293510437}
{"event": "task_complete", "fold": 0, "completed": 33, "total": 403, "format_errors": 0, "decisions": {"supported": 31, "other_or_general": 2}, "elapsed_seconds": 69.41950488090515}
{"event": "task_complete", "fold": 0, "completed": 34, "total": 403, "format_errors": 0, "decisions": {"supported": 32, "other_or_general": 2}, "elapsed_seconds": 70.99828290939331}
{"event": "task_complete", "fold": 0, "completed": 35, "total": 403, "format_errors": 0, "decisions": {"supported": 33, "other_or_general": 2}, "elapsed_seconds": 72.56974148750305}
{"event": "task_complete", "fold": 0, "completed": 36, "total": 403, "format_errors": 0, "decisions": {"supported": 34, "other_or_general": 2}, "elapsed_seconds": 74.13734126091003}
{"event": "task_complete", "fold": 0, "completed": 37, "total": 403, "format_errors": 0, "decisions": {"supported": 35, "other_or_general": 2}, "elapsed_seconds": 76.24991202354431}
{"event": "task_complete", "fold": 0, "completed": 38, "total": 403, "format_errors": 0, "decisions": {"supported": 36, "other_or_general": 2}, "elapsed_seconds": 77.99143767356873}
{"event": "task_complete", "fold": 0, "completed": 39, "total": 403, "format_errors": 0, "decisions": {"supported": 37, "other_or_general": 2}, "elapsed_seconds": 79.8925576210022}
{"event": "task_complete", "fold": 0, "completed": 40, "total": 403, "format_errors": 0, "decisions": {"supported": 38, "other_or_general": 2}, "elapsed_seconds": 81.4939591884613}
{"event": "task_complete", "fold": 0, "completed": 41, "total": 403, "format_errors": 0, "decisions": {"supported": 39, "other_or_general": 2}, "elapsed_seconds": 83.09826469421387}
{"event": "task_complete", "fold": 0, "completed": 42, "total": 403, "format_errors": 0, "decisions": {"supported": 40, "other_or_general": 2}, "elapsed_seconds": 84.67258715629578}
{"event": "task_complete", "fold": 0, "completed": 43, "total": 403, "format_errors": 0, "decisions": {"supported": 41, "other_or_general": 2}, "elapsed_seconds": 86.24449944496155}
{"event": "task_complete", "fold": 0, "completed": 44, "total": 403, "format_errors": 0, "decisions": {"supported": 42, "other_or_general": 2}, "elapsed_seconds": 88.76899218559265}
{"event": "task_complete", "fold": 0, "completed": 45, "total": 403, "format_errors": 0, "decisions": {"supported": 43, "other_or_general": 2}, "elapsed_seconds": 91.31255912780762}
{"event": "task_complete", "fold": 0, "completed": 46, "total": 403, "format_errors": 0, "decisions": {"supported": 44, "other_or_general": 2}, "elapsed_seconds": 93.4753725528717}
{"event": "task_complete", "fold": 0, "completed": 47, "total": 403, "format_errors": 0, "decisions": {"supported": 45, "other_or_general": 2}, "elapsed_seconds": 94.99084687232971}
{"event": "task_complete", "fold": 0, "completed": 48, "total": 403, "format_errors": 0, "decisions": {"supported": 46, "other_or_general": 2}, "elapsed_seconds": 97.11024785041809}
{"event": "task_complete", "fold": 0, "completed": 49, "total": 403, "format_errors": 0, "decisions": {"supported": 47, "other_or_general": 2}, "elapsed_seconds": 98.89030623435974}
{"event": "task_complete", "fold": 0, "completed": 50, "total": 403, "format_errors": 0, "decisions": {"supported": 48, "other_or_general": 2}, "elapsed_seconds": 100.33686017990112}
{"event": "task_complete", "fold": 0, "completed": 51, "total": 403, "format_errors": 0, "decisions": {"supported": 49, "other_or_general": 2}, "elapsed_seconds": 101.68433332443237}
{"event": "task_complete", "fold": 0, "completed": 52, "total": 403, "format_errors": 0, "decisions": {"supported": 50, "other_or_general": 2}, "elapsed_seconds": 103.46097135543823}
{"event": "task_complete", "fold": 0, "completed": 53, "total": 403, "format_errors": 0, "decisions": {"supported": 51, "other_or_general": 2}, "elapsed_seconds": 105.20040154457092}
{"event": "task_complete", "fold": 0, "completed": 54, "total": 403, "format_errors": 0, "decisions": {"supported": 52, "other_or_general": 2}, "elapsed_seconds": 106.78018522262573}
{"event": "task_complete", "fold": 0, "completed": 55, "total": 403, "format_errors": 0, "decisions": {"supported": 53, "other_or_general": 2}, "elapsed_seconds": 109.60038590431213}
{"event": "task_complete", "fold": 0, "completed": 56, "total": 403, "format_errors": 0, "decisions": {"supported": 54, "other_or_general": 2}, "elapsed_seconds": 111.6410620212555}
{"event": "task_complete", "fold": 0, "completed": 57, "total": 403, "format_errors": 0, "decisions": {"supported": 55, "other_or_general": 2}, "elapsed_seconds": 113.4712746143341}
{"event": "task_complete", "fold": 0, "completed": 58, "total": 403, "format_errors": 0, "decisions": {"supported": 56, "other_or_general": 2}, "elapsed_seconds": 116.48213267326355}
{"event": "task_complete", "fold": 0, "completed": 59, "total": 403, "format_errors": 0, "decisions": {"supported": 57, "other_or_general": 2}, "elapsed_seconds": 118.85646557807922}
{"event": "task_complete", "fold": 0, "completed": 60, "total": 403, "format_errors": 0, "decisions": {"supported": 57, "other_or_general": 3}, "elapsed_seconds": 122.20103693008423}
{"event": "task_complete", "fold": 0, "completed": 61, "total": 403, "format_errors": 0, "decisions": {"supported": 58, "other_or_general": 3}, "elapsed_seconds": 124.35506534576416}
{"event": "task_complete", "fold": 0, "completed": 62, "total": 403, "format_errors": 0, "decisions": {"supported": 59, "other_or_general": 3}, "elapsed_seconds": 127.93402600288391}
{"event": "task_complete", "fold": 0, "completed": 63, "total": 403, "format_errors": 0, "decisions": {"supported": 60, "other_or_general": 3}, "elapsed_seconds": 130.6020188331604}
{"event": "task_complete", "fold": 0, "completed": 64, "total": 403, "format_errors": 0, "decisions": {"supported": 61, "other_or_general": 3}, "elapsed_seconds": 132.4713578224182}
{"event": "task_complete", "fold": 0, "completed": 65, "total": 403, "format_errors": 0, "decisions": {"supported": 62, "other_or_general": 3}, "elapsed_seconds": 135.4468469619751}
{"event": "task_complete", "fold": 0, "completed": 66, "total": 403, "format_errors": 0, "decisions": {"supported": 63, "other_or_general": 3}, "elapsed_seconds": 136.98750066757202}
{"event": "task_complete", "fold": 0, "completed": 67, "total": 403, "format_errors": 0, "decisions": {"supported": 64, "other_or_general": 3}, "elapsed_seconds": 138.8159568309784}
{"event": "task_complete", "fold": 0, "completed": 68, "total": 403, "format_errors": 0, "decisions": {"supported": 65, "other_or_general": 3}, "elapsed_seconds": 141.58258700370789}
{"event": "task_complete", "fold": 0, "completed": 69, "total": 403, "format_errors": 0, "decisions": {"supported": 66, "other_or_general": 3}, "elapsed_seconds": 143.43398809432983}
{"event": "task_complete", "fold": 0, "completed": 70, "total": 403, "format_errors": 0, "decisions": {"supported": 67, "other_or_general": 3}, "elapsed_seconds": 146.00008893013}
{"event": "task_complete", "fold": 0, "completed": 71, "total": 403, "format_errors": 0, "decisions": {"supported": 68, "other_or_general": 3}, "elapsed_seconds": 149.85493183135986}
{"event": "task_complete", "fold": 0, "completed": 72, "total": 403, "format_errors": 0, "decisions": {"supported": 69, "other_or_general": 3}, "elapsed_seconds": 153.0923888683319}
{"event": "task_complete", "fold": 0, "completed": 73, "total": 403, "format_errors": 0, "decisions": {"supported": 70, "other_or_general": 3}, "elapsed_seconds": 157.34143733978271}
{"event": "task_complete", "fold": 0, "completed": 74, "total": 403, "format_errors": 0, "decisions": {"supported": 71, "other_or_general": 3}, "elapsed_seconds": 159.93620562553406}
{"event": "task_complete", "fold": 0, "completed": 75, "total": 403, "format_errors": 0, "decisions": {"supported": 72, "other_or_general": 3}, "elapsed_seconds": 163.7682728767395}
{"event": "task_complete", "fold": 0, "completed": 76, "total": 403, "format_errors": 0, "decisions": {"supported": 73, "other_or_general": 3}, "elapsed_seconds": 165.51326417922974}
{"event": "task_complete", "fold": 0, "completed": 77, "total": 403, "format_errors": 0, "decisions": {"supported": 74, "other_or_general": 3}, "elapsed_seconds": 167.5902955532074}
{"event": "task_complete", "fold": 0, "completed": 78, "total": 403, "format_errors": 0, "decisions": {"supported": 75, "other_or_general": 3}, "elapsed_seconds": 170.5594515800476}
{"event": "task_complete", "fold": 0, "completed": 79, "total": 403, "format_errors": 0, "decisions": {"supported": 75, "other_or_general": 4}, "elapsed_seconds": 172.6154351234436}
{"event": "task_complete", "fold": 0, "completed": 80, "total": 403, "format_errors": 0, "decisions": {"supported": 76, "other_or_general": 4}, "elapsed_seconds": 175.56366324424744}
{"event": "task_complete", "fold": 0, "completed": 81, "total": 403, "format_errors": 0, "decisions": {"supported": 76, "other_or_general": 5}, "elapsed_seconds": 177.58739471435547}
{"event": "task_complete", "fold": 0, "completed": 82, "total": 403, "format_errors": 0, "decisions": {"supported": 76, "other_or_general": 6}, "elapsed_seconds": 180.1948938369751}
{"event": "task_complete", "fold": 0, "completed": 83, "total": 403, "format_errors": 0, "decisions": {"supported": 77, "other_or_general": 6}, "elapsed_seconds": 183.93516492843628}
{"event": "task_complete", "fold": 0, "completed": 84, "total": 403, "format_errors": 0, "decisions": {"supported": 78, "other_or_general": 6}, "elapsed_seconds": 185.43537521362305}
{"event": "task_complete", "fold": 0, "completed": 85, "total": 403, "format_errors": 0, "decisions": {"supported": 79, "other_or_general": 6}, "elapsed_seconds": 187.29864597320557}
{"event": "task_complete", "fold": 0, "completed": 86, "total": 403, "format_errors": 0, "decisions": {"supported": 80, "other_or_general": 6}, "elapsed_seconds": 190.5681438446045}
{"event": "task_complete", "fold": 0, "completed": 87, "total": 403, "format_errors": 0, "decisions": {"supported": 81, "other_or_general": 6}, "elapsed_seconds": 193.46248626708984}
{"event": "task_complete", "fold": 0, "completed": 88, "total": 403, "format_errors": 0, "decisions": {"supported": 81, "other_or_general": 7}, "elapsed_seconds": 196.5063338279724}
{"event": "task_complete", "fold": 0, "completed": 89, "total": 403, "format_errors": 0, "decisions": {"supported": 82, "other_or_general": 7}, "elapsed_seconds": 199.7344880104065}
{"event": "task_complete", "fold": 0, "completed": 90, "total": 403, "format_errors": 0, "decisions": {"supported": 83, "other_or_general": 7}, "elapsed_seconds": 203.01396417617798}
{"event": "task_complete", "fold": 0, "completed": 91, "total": 403, "format_errors": 0, "decisions": {"supported": 84, "other_or_general": 7}, "elapsed_seconds": 204.3439290523529}
{"event": "task_complete", "fold": 0, "completed": 92, "total": 403, "format_errors": 0, "decisions": {"supported": 85, "other_or_general": 7}, "elapsed_seconds": 207.70164728164673}
{"event": "task_complete", "fold": 0, "completed": 93, "total": 403, "format_errors": 0, "decisions": {"supported": 86, "other_or_general": 7}, "elapsed_seconds": 210.5507791042328}
{"event": "task_complete", "fold": 0, "completed": 94, "total": 403, "format_errors": 0, "decisions": {"supported": 87, "other_or_general": 7}, "elapsed_seconds": 213.54349541664124}
{"event": "task_complete", "fold": 0, "completed": 95, "total": 403, "format_errors": 0, "decisions": {"supported": 88, "other_or_general": 7}, "elapsed_seconds": 216.0301547050476}
{"event": "task_complete", "fold": 0, "completed": 96, "total": 403, "format_errors": 0, "decisions": {"supported": 89, "other_or_general": 7}, "elapsed_seconds": 218.71964144706726}
{"event": "task_complete", "fold": 0, "completed": 97, "total": 403, "format_errors": 0, "decisions": {"supported": 90, "other_or_general": 7}, "elapsed_seconds": 220.0937135219574}
{"event": "task_complete", "fold": 0, "completed": 98, "total": 403, "format_errors": 0, "decisions": {"supported": 91, "other_or_general": 7}, "elapsed_seconds": 221.7963089942932}
{"event": "task_complete", "fold": 0, "completed": 99, "total": 403, "format_errors": 0, "decisions": {"supported": 92, "other_or_general": 7}, "elapsed_seconds": 224.04841136932373}
{"event": "task_complete", "fold": 0, "completed": 100, "total": 403, "format_errors": 0, "decisions": {"supported": 93, "other_or_general": 7}, "elapsed_seconds": 226.14758920669556}
{"event": "task_complete", "fold": 0, "completed": 101, "total": 403, "format_errors": 0, "decisions": {"supported": 94, "other_or_general": 7}, "elapsed_seconds": 227.8371877670288}
{"event": "task_complete", "fold": 0, "completed": 102, "total": 403, "format_errors": 0, "decisions": {"supported": 95, "other_or_general": 7}, "elapsed_seconds": 229.69959235191345}
{"event": "task_complete", "fold": 0, "completed": 103, "total": 403, "format_errors": 0, "decisions": {"supported": 96, "other_or_general": 7}, "elapsed_seconds": 231.2126989364624}
{"event": "task_complete", "fold": 0, "completed": 104, "total": 403, "format_errors": 0, "decisions": {"supported": 97, "other_or_general": 7}, "elapsed_seconds": 234.76955008506775}
{"event": "task_complete", "fold": 0, "completed": 105, "total": 403, "format_errors": 0, "decisions": {"supported": 98, "other_or_general": 7}, "elapsed_seconds": 237.96809434890747}
{"event": "task_complete", "fold": 0, "completed": 106, "total": 403, "format_errors": 0, "decisions": {"supported": 99, "other_or_general": 7}, "elapsed_seconds": 239.5744390487671}
{"event": "task_complete", "fold": 0, "completed": 107, "total": 403, "format_errors": 0, "decisions": {"supported": 100, "other_or_general": 7}, "elapsed_seconds": 243.28875207901}
{"event": "task_complete", "fold": 0, "completed": 108, "total": 403, "format_errors": 0, "decisions": {"supported": 101, "other_or_general": 7}, "elapsed_seconds": 244.92417359352112}
{"event": "task_complete", "fold": 0, "completed": 109, "total": 403, "format_errors": 0, "decisions": {"supported": 102, "other_or_general": 7}, "elapsed_seconds": 246.34060549736023}
{"event": "task_complete", "fold": 0, "completed": 110, "total": 403, "format_errors": 0, "decisions": {"supported": 103, "other_or_general": 7}, "elapsed_seconds": 248.92690777778625}
{"event": "task_complete", "fold": 0, "completed": 111, "total": 403, "format_errors": 0, "decisions": {"supported": 104, "other_or_general": 7}, "elapsed_seconds": 250.55639219284058}
{"event": "task_complete", "fold": 0, "completed": 112, "total": 403, "format_errors": 0, "decisions": {"supported": 105, "other_or_general": 7}, "elapsed_seconds": 251.91807341575623}
{"event": "task_complete", "fold": 0, "completed": 113, "total": 403, "format_errors": 0, "decisions": {"supported": 106, "other_or_general": 7}, "elapsed_seconds": 253.36682415008545}
{"event": "task_complete", "fold": 0, "completed": 114, "total": 403, "format_errors": 0, "decisions": {"supported": 107, "other_or_general": 7}, "elapsed_seconds": 255.05858755111694}
{"event": "task_complete", "fold": 0, "completed": 115, "total": 403, "format_errors": 0, "decisions": {"supported": 108, "other_or_general": 7}, "elapsed_seconds": 256.75359559059143}
{"event": "task_complete", "fold": 0, "completed": 116, "total": 403, "format_errors": 0, "decisions": {"supported": 109, "other_or_general": 7}, "elapsed_seconds": 260.024386882782}
{"event": "task_complete", "fold": 0, "completed": 117, "total": 403, "format_errors": 0, "decisions": {"supported": 110, "other_or_general": 7}, "elapsed_seconds": 262.14783120155334}
{"event": "task_complete", "fold": 0, "completed": 118, "total": 403, "format_errors": 0, "decisions": {"supported": 111, "other_or_general": 7}, "elapsed_seconds": 265.84836888313293}
{"event": "task_complete", "fold": 0, "completed": 119, "total": 403, "format_errors": 0, "decisions": {"supported": 112, "other_or_general": 7}, "elapsed_seconds": 268.94522643089294}
{"event": "task_complete", "fold": 0, "completed": 120, "total": 403, "format_errors": 0, "decisions": {"supported": 113, "other_or_general": 7}, "elapsed_seconds": 272.0673825740814}
{"event": "task_complete", "fold": 0, "completed": 121, "total": 403, "format_errors": 0, "decisions": {"supported": 114, "other_or_general": 7}, "elapsed_seconds": 274.50295424461365}
{"event": "task_complete", "fold": 0, "completed": 122, "total": 403, "format_errors": 0, "decisions": {"supported": 115, "other_or_general": 7}, "elapsed_seconds": 276.9444193840027}
{"event": "task_complete", "fold": 0, "completed": 123, "total": 403, "format_errors": 0, "decisions": {"supported": 116, "other_or_general": 7}, "elapsed_seconds": 279.3208227157593}
{"event": "task_complete", "fold": 0, "completed": 124, "total": 403, "format_errors": 0, "decisions": {"supported": 117, "other_or_general": 7}, "elapsed_seconds": 281.6064786911011}
{"event": "task_complete", "fold": 0, "completed": 125, "total": 403, "format_errors": 0, "decisions": {"supported": 118, "other_or_general": 7}, "elapsed_seconds": 284.7241778373718}
{"event": "task_complete", "fold": 0, "completed": 126, "total": 403, "format_errors": 0, "decisions": {"supported": 119, "other_or_general": 7}, "elapsed_seconds": 286.85247921943665}
{"event": "task_complete", "fold": 0, "completed": 127, "total": 403, "format_errors": 0, "decisions": {"supported": 120, "other_or_general": 7}, "elapsed_seconds": 289.6611180305481}
{"event": "task_complete", "fold": 0, "completed": 128, "total": 403, "format_errors": 0, "decisions": {"supported": 121, "other_or_general": 7}, "elapsed_seconds": 291.2239556312561}
{"event": "task_complete", "fold": 0, "completed": 129, "total": 403, "format_errors": 0, "decisions": {"supported": 122, "other_or_general": 7}, "elapsed_seconds": 292.66493225097656}
{"event": "task_complete", "fold": 0, "completed": 130, "total": 403, "format_errors": 0, "decisions": {"supported": 123, "other_or_general": 7}, "elapsed_seconds": 294.3387174606323}
{"event": "task_complete", "fold": 0, "completed": 131, "total": 403, "format_errors": 0, "decisions": {"supported": 124, "other_or_general": 7}, "elapsed_seconds": 295.8631021976471}
{"event": "task_complete", "fold": 0, "completed": 132, "total": 403, "format_errors": 0, "decisions": {"supported": 125, "other_or_general": 7}, "elapsed_seconds": 298.82869505882263}
{"event": "task_complete", "fold": 0, "completed": 133, "total": 403, "format_errors": 0, "decisions": {"supported": 125, "other_or_general": 8}, "elapsed_seconds": 302.86134362220764}
{"event": "task_complete", "fold": 0, "completed": 134, "total": 403, "format_errors": 0, "decisions": {"supported": 126, "other_or_general": 8}, "elapsed_seconds": 304.45342206954956}
{"event": "task_complete", "fold": 0, "completed": 135, "total": 403, "format_errors": 0, "decisions": {"supported": 127, "other_or_general": 8}, "elapsed_seconds": 305.8654885292053}
{"event": "task_complete", "fold": 0, "completed": 136, "total": 403, "format_errors": 0, "decisions": {"supported": 128, "other_or_general": 8}, "elapsed_seconds": 309.82069754600525}
{"event": "task_complete", "fold": 0, "completed": 137, "total": 403, "format_errors": 0, "decisions": {"supported": 128, "other_or_general": 9}, "elapsed_seconds": 313.56079483032227}
{"event": "task_complete", "fold": 0, "completed": 138, "total": 403, "format_errors": 0, "decisions": {"supported": 129, "other_or_general": 9}, "elapsed_seconds": 315.91309237480164}
{"event": "task_complete", "fold": 0, "completed": 139, "total": 403, "format_errors": 0, "decisions": {"supported": 130, "other_or_general": 9}, "elapsed_seconds": 317.5104582309723}
{"event": "task_complete", "fold": 0, "completed": 140, "total": 403, "format_errors": 0, "decisions": {"supported": 131, "other_or_general": 9}, "elapsed_seconds": 318.9288430213928}
{"event": "task_complete", "fold": 0, "completed": 141, "total": 403, "format_errors": 0, "decisions": {"supported": 132, "other_or_general": 9}, "elapsed_seconds": 320.24935007095337}
{"event": "task_complete", "fold": 0, "completed": 142, "total": 403, "format_errors": 0, "decisions": {"supported": 133, "other_or_general": 9}, "elapsed_seconds": 321.92445611953735}
{"event": "task_complete", "fold": 0, "completed": 143, "total": 403, "format_errors": 0, "decisions": {"supported": 134, "other_or_general": 9}, "elapsed_seconds": 323.68203568458557}
{"event": "task_complete", "fold": 0, "completed": 144, "total": 403, "format_errors": 0, "decisions": {"supported": 135, "other_or_general": 9}, "elapsed_seconds": 325.66418266296387}
{"event": "task_complete", "fold": 0, "completed": 145, "total": 403, "format_errors": 0, "decisions": {"supported": 136, "other_or_general": 9}, "elapsed_seconds": 327.1225006580353}
{"event": "task_complete", "fold": 0, "completed": 146, "total": 403, "format_errors": 0, "decisions": {"supported": 137, "other_or_general": 9}, "elapsed_seconds": 328.41286611557007}
{"event": "task_complete", "fold": 0, "completed": 147, "total": 403, "format_errors": 0, "decisions": {"supported": 138, "other_or_general": 9}, "elapsed_seconds": 331.68267941474915}
{"event": "task_complete", "fold": 0, "completed": 148, "total": 403, "format_errors": 0, "decisions": {"supported": 139, "other_or_general": 9}, "elapsed_seconds": 334.97178316116333}
{"event": "task_complete", "fold": 0, "completed": 149, "total": 403, "format_errors": 0, "decisions": {"supported": 140, "other_or_general": 9}, "elapsed_seconds": 337.66332244873047}
{"event": "task_complete", "fold": 0, "completed": 150, "total": 403, "format_errors": 0, "decisions": {"supported": 141, "other_or_general": 9}, "elapsed_seconds": 340.9406383037567}
{"event": "task_complete", "fold": 0, "completed": 151, "total": 403, "format_errors": 0, "decisions": {"supported": 142, "other_or_general": 9}, "elapsed_seconds": 343.3699345588684}
{"event": "task_complete", "fold": 0, "completed": 152, "total": 403, "format_errors": 0, "decisions": {"supported": 143, "other_or_general": 9}, "elapsed_seconds": 345.9630296230316}
{"event": "task_complete", "fold": 0, "completed": 153, "total": 403, "format_errors": 0, "decisions": {"supported": 144, "other_or_general": 9}, "elapsed_seconds": 348.9189338684082}
{"event": "task_complete", "fold": 0, "completed": 154, "total": 403, "format_errors": 0, "decisions": {"supported": 145, "other_or_general": 9}, "elapsed_seconds": 351.34720611572266}
{"event": "task_complete", "fold": 0, "completed": 155, "total": 403, "format_errors": 0, "decisions": {"supported": 146, "other_or_general": 9}, "elapsed_seconds": 354.2054076194763}
{"event": "task_complete", "fold": 0, "completed": 156, "total": 403, "format_errors": 0, "decisions": {"supported": 147, "other_or_general": 9}, "elapsed_seconds": 356.608366727829}
{"event": "task_complete", "fold": 0, "completed": 157, "total": 403, "format_errors": 0, "decisions": {"supported": 148, "other_or_general": 9}, "elapsed_seconds": 358.3205325603485}
{"event": "task_complete", "fold": 0, "completed": 158, "total": 403, "format_errors": 0, "decisions": {"supported": 149, "other_or_general": 9}, "elapsed_seconds": 359.75369238853455}
{"event": "task_complete", "fold": 0, "completed": 159, "total": 403, "format_errors": 0, "decisions": {"supported": 150, "other_or_general": 9}, "elapsed_seconds": 362.1656405925751}
{"event": "task_complete", "fold": 0, "completed": 160, "total": 403, "format_errors": 0, "decisions": {"supported": 151, "other_or_general": 9}, "elapsed_seconds": 363.6482276916504}
{"event": "task_complete", "fold": 0, "completed": 161, "total": 403, "format_errors": 0, "decisions": {"supported": 152, "other_or_general": 9}, "elapsed_seconds": 365.41559624671936}
{"event": "task_complete", "fold": 0, "completed": 162, "total": 403, "format_errors": 0, "decisions": {"supported": 153, "other_or_general": 9}, "elapsed_seconds": 368.2742109298706}
{"event": "task_complete", "fold": 0, "completed": 163, "total": 403, "format_errors": 0, "decisions": {"supported": 154, "other_or_general": 9}, "elapsed_seconds": 369.89448142051697}
{"event": "task_complete", "fold": 0, "completed": 164, "total": 403, "format_errors": 0, "decisions": {"supported": 155, "other_or_general": 9}, "elapsed_seconds": 371.5005066394806}
{"event": "task_complete", "fold": 0, "completed": 165, "total": 403, "format_errors": 0, "decisions": {"supported": 155, "other_or_general": 10}, "elapsed_seconds": 375.34986662864685}
{"event": "task_complete", "fold": 0, "completed": 166, "total": 403, "format_errors": 0, "decisions": {"supported": 156, "other_or_general": 10}, "elapsed_seconds": 376.9632959365845}
{"event": "task_complete", "fold": 0, "completed": 167, "total": 403, "format_errors": 0, "decisions": {"supported": 157, "other_or_general": 10}, "elapsed_seconds": 380.68845081329346}
{"event": "task_complete", "fold": 0, "completed": 168, "total": 403, "format_errors": 0, "decisions": {"supported": 158, "other_or_general": 10}, "elapsed_seconds": 383.1282970905304}
{"event": "task_complete", "fold": 0, "completed": 169, "total": 403, "format_errors": 0, "decisions": {"supported": 159, "other_or_general": 10}, "elapsed_seconds": 386.8017506599426}
{"event": "task_complete", "fold": 0, "completed": 170, "total": 403, "format_errors": 0, "decisions": {"supported": 160, "other_or_general": 10}, "elapsed_seconds": 388.5376706123352}
{"event": "task_complete", "fold": 0, "completed": 171, "total": 403, "format_errors": 0, "decisions": {"supported": 161, "other_or_general": 10}, "elapsed_seconds": 390.2589554786682}
{"event": "task_complete", "fold": 0, "completed": 172, "total": 403, "format_errors": 0, "decisions": {"supported": 161, "other_or_general": 11}, "elapsed_seconds": 394.12677025794983}
{"event": "task_complete", "fold": 0, "completed": 173, "total": 403, "format_errors": 0, "decisions": {"supported": 162, "other_or_general": 11}, "elapsed_seconds": 398.33669424057007}
{"event": "task_complete", "fold": 0, "completed": 174, "total": 403, "format_errors": 0, "decisions": {"supported": 163, "other_or_general": 11}, "elapsed_seconds": 402.11155009269714}
{"event": "task_complete", "fold": 0, "completed": 175, "total": 403, "format_errors": 0, "decisions": {"supported": 164, "other_or_general": 11}, "elapsed_seconds": 404.895623922348}
{"event": "task_complete", "fold": 0, "completed": 176, "total": 403, "format_errors": 0, "decisions": {"supported": 165, "other_or_general": 11}, "elapsed_seconds": 408.17793345451355}
{"event": "task_complete", "fold": 0, "completed": 177, "total": 403, "format_errors": 0, "decisions": {"supported": 166, "other_or_general": 11}, "elapsed_seconds": 412.0204417705536}
{"event": "task_complete", "fold": 0, "completed": 178, "total": 403, "format_errors": 0, "decisions": {"supported": 167, "other_or_general": 11}, "elapsed_seconds": 415.4754774570465}
{"event": "task_complete", "fold": 0, "completed": 179, "total": 403, "format_errors": 0, "decisions": {"supported": 167, "other_or_general": 12}, "elapsed_seconds": 418.4394006729126}
{"event": "task_complete", "fold": 0, "completed": 180, "total": 403, "format_errors": 0, "decisions": {"supported": 168, "other_or_general": 12}, "elapsed_seconds": 422.29887437820435}
{"event": "task_complete", "fold": 0, "completed": 181, "total": 403, "format_errors": 0, "decisions": {"supported": 169, "other_or_general": 12}, "elapsed_seconds": 426.2170238494873}
{"event": "task_complete", "fold": 0, "completed": 182, "total": 403, "format_errors": 0, "decisions": {"supported": 170, "other_or_general": 12}, "elapsed_seconds": 429.61135244369507}
{"event": "task_complete", "fold": 0, "completed": 183, "total": 403, "format_errors": 0, "decisions": {"supported": 171, "other_or_general": 12}, "elapsed_seconds": 432.4746661186218}
{"event": "task_complete", "fold": 0, "completed": 184, "total": 403, "format_errors": 0, "decisions": {"supported": 172, "other_or_general": 12}, "elapsed_seconds": 436.3029806613922}
{"event": "task_complete", "fold": 0, "completed": 185, "total": 403, "format_errors": 0, "decisions": {"supported": 173, "other_or_general": 12}, "elapsed_seconds": 440.30258560180664}
{"event": "task_complete", "fold": 0, "completed": 186, "total": 403, "format_errors": 0, "decisions": {"supported": 174, "other_or_general": 12}, "elapsed_seconds": 443.94557547569275}
{"event": "task_complete", "fold": 0, "completed": 187, "total": 403, "format_errors": 0, "decisions": {"supported": 175, "other_or_general": 12}, "elapsed_seconds": 448.18093037605286}
{"event": "task_complete", "fold": 0, "completed": 188, "total": 403, "format_errors": 0, "decisions": {"supported": 176, "other_or_general": 12}, "elapsed_seconds": 452.37171030044556}
{"event": "task_complete", "fold": 0, "completed": 189, "total": 403, "format_errors": 0, "decisions": {"supported": 177, "other_or_general": 12}, "elapsed_seconds": 455.66856598854065}
{"event": "task_complete", "fold": 0, "completed": 190, "total": 403, "format_errors": 0, "decisions": {"supported": 178, "other_or_general": 12}, "elapsed_seconds": 459.778342962265}
{"event": "task_complete", "fold": 0, "completed": 191, "total": 403, "format_errors": 0, "decisions": {"supported": 179, "other_or_general": 12}, "elapsed_seconds": 462.9150495529175}
{"event": "task_complete", "fold": 0, "completed": 192, "total": 403, "format_errors": 0, "decisions": {"supported": 180, "other_or_general": 12}, "elapsed_seconds": 465.68031191825867}
{"event": "task_complete", "fold": 0, "completed": 193, "total": 403, "format_errors": 0, "decisions": {"supported": 181, "other_or_general": 12}, "elapsed_seconds": 469.2487905025482}
{"event": "task_complete", "fold": 0, "completed": 194, "total": 403, "format_errors": 0, "decisions": {"supported": 182, "other_or_general": 12}, "elapsed_seconds": 472.22332739830017}
{"event": "task_complete", "fold": 0, "completed": 195, "total": 403, "format_errors": 0, "decisions": {"supported": 183, "other_or_general": 12}, "elapsed_seconds": 475.42776703834534}
{"event": "task_complete", "fold": 0, "completed": 196, "total": 403, "format_errors": 0, "decisions": {"supported": 184, "other_or_general": 12}, "elapsed_seconds": 478.2490780353546}
{"event": "task_complete", "fold": 0, "completed": 197, "total": 403, "format_errors": 0, "decisions": {"supported": 185, "other_or_general": 12}, "elapsed_seconds": 481.188467502594}
{"event": "task_complete", "fold": 0, "completed": 198, "total": 403, "format_errors": 0, "decisions": {"supported": 186, "other_or_general": 12}, "elapsed_seconds": 484.644348859787}
{"event": "task_complete", "fold": 0, "completed": 199, "total": 403, "format_errors": 0, "decisions": {"supported": 186, "other_or_general": 13}, "elapsed_seconds": 486.8010501861572}
{"event": "task_complete", "fold": 0, "completed": 200, "total": 403, "format_errors": 0, "decisions": {"supported": 187, "other_or_general": 13}, "elapsed_seconds": 489.0200707912445}
{"event": "task_complete", "fold": 0, "completed": 201, "total": 403, "format_errors": 0, "decisions": {"supported": 188, "other_or_general": 13}, "elapsed_seconds": 491.13831615448}
{"event": "task_complete", "fold": 0, "completed": 202, "total": 403, "format_errors": 0, "decisions": {"supported": 189, "other_or_general": 13}, "elapsed_seconds": 493.9134929180145}
{"event": "task_complete", "fold": 0, "completed": 203, "total": 403, "format_errors": 0, "decisions": {"supported": 190, "other_or_general": 13}, "elapsed_seconds": 496.15981817245483}
{"event": "task_complete", "fold": 0, "completed": 204, "total": 403, "format_errors": 0, "decisions": {"supported": 191, "other_or_general": 13}, "elapsed_seconds": 499.04625844955444}
{"event": "task_complete", "fold": 0, "completed": 205, "total": 403, "format_errors": 0, "decisions": {"supported": 192, "other_or_general": 13}, "elapsed_seconds": 501.3247592449188}
{"event": "task_complete", "fold": 0, "completed": 206, "total": 403, "format_errors": 0, "decisions": {"supported": 193, "other_or_general": 13}, "elapsed_seconds": 503.92251920700073}
{"event": "task_complete", "fold": 0, "completed": 207, "total": 403, "format_errors": 0, "decisions": {"supported": 194, "other_or_general": 13}, "elapsed_seconds": 506.09492659568787}
{"event": "task_complete", "fold": 0, "completed": 208, "total": 403, "format_errors": 0, "decisions": {"supported": 195, "other_or_general": 13}, "elapsed_seconds": 508.75911116600037}
{"event": "task_complete", "fold": 0, "completed": 209, "total": 403, "format_errors": 0, "decisions": {"supported": 196, "other_or_general": 13}, "elapsed_seconds": 510.8159999847412}
{"event": "task_complete", "fold": 0, "completed": 210, "total": 403, "format_errors": 0, "decisions": {"supported": 196, "other_or_general": 14}, "elapsed_seconds": 515.2517576217651}
{"event": "task_complete", "fold": 0, "completed": 211, "total": 403, "format_errors": 0, "decisions": {"supported": 197, "other_or_general": 14}, "elapsed_seconds": 518.7374513149261}
{"event": "task_complete", "fold": 0, "completed": 212, "total": 403, "format_errors": 0, "decisions": {"supported": 198, "other_or_general": 14}, "elapsed_seconds": 522.3623387813568}
{"event": "task_complete", "fold": 0, "completed": 213, "total": 403, "format_errors": 0, "decisions": {"supported": 199, "other_or_general": 14}, "elapsed_seconds": 525.4981858730316}
{"event": "task_complete", "fold": 0, "completed": 214, "total": 403, "format_errors": 0, "decisions": {"supported": 200, "other_or_general": 14}, "elapsed_seconds": 528.3871400356293}
{"event": "task_complete", "fold": 0, "completed": 215, "total": 403, "format_errors": 0, "decisions": {"supported": 201, "other_or_general": 14}, "elapsed_seconds": 531.117517709732}
{"event": "task_complete", "fold": 0, "completed": 216, "total": 403, "format_errors": 0, "decisions": {"supported": 202, "other_or_general": 14}, "elapsed_seconds": 533.7244186401367}
{"event": "task_complete", "fold": 0, "completed": 217, "total": 403, "format_errors": 0, "decisions": {"supported": 203, "other_or_general": 14}, "elapsed_seconds": 536.8239884376526}
{"event": "task_complete", "fold": 0, "completed": 218, "total": 403, "format_errors": 0, "decisions": {"supported": 204, "other_or_general": 14}, "elapsed_seconds": 539.4755182266235}
{"event": "task_complete", "fold": 0, "completed": 219, "total": 403, "format_errors": 0, "decisions": {"supported": 205, "other_or_general": 14}, "elapsed_seconds": 541.420496225357}
{"event": "task_complete", "fold": 0, "completed": 220, "total": 403, "format_errors": 0, "decisions": {"supported": 206, "other_or_general": 14}, "elapsed_seconds": 544.0529274940491}
{"event": "task_complete", "fold": 0, "completed": 221, "total": 403, "format_errors": 0, "decisions": {"supported": 207, "other_or_general": 14}, "elapsed_seconds": 547.091109752655}
{"event": "task_complete", "fold": 0, "completed": 222, "total": 403, "format_errors": 0, "decisions": {"supported": 208, "other_or_general": 14}, "elapsed_seconds": 549.8351979255676}
{"event": "task_complete", "fold": 0, "completed": 223, "total": 403, "format_errors": 0, "decisions": {"supported": 209, "other_or_general": 14}, "elapsed_seconds": 552.8293726444244}
{"event": "task_complete", "fold": 0, "completed": 224, "total": 403, "format_errors": 0, "decisions": {"supported": 210, "other_or_general": 14}, "elapsed_seconds": 556.0996315479279}
{"event": "task_complete", "fold": 0, "completed": 225, "total": 403, "format_errors": 0, "decisions": {"supported": 211, "other_or_general": 14}, "elapsed_seconds": 558.9848959445953}
{"event": "task_complete", "fold": 0, "completed": 226, "total": 403, "format_errors": 0, "decisions": {"supported": 212, "other_or_general": 14}, "elapsed_seconds": 563.0164310932159}
{"event": "task_complete", "fold": 0, "completed": 227, "total": 403, "format_errors": 0, "decisions": {"supported": 213, "other_or_general": 14}, "elapsed_seconds": 566.6730229854584}
{"event": "task_complete", "fold": 0, "completed": 228, "total": 403, "format_errors": 0, "decisions": {"supported": 214, "other_or_general": 14}, "elapsed_seconds": 568.4008052349091}
{"event": "task_complete", "fold": 0, "completed": 229, "total": 403, "format_errors": 0, "decisions": {"supported": 215, "other_or_general": 14}, "elapsed_seconds": 573.0834205150604}
{"event": "task_complete", "fold": 0, "completed": 230, "total": 403, "format_errors": 0, "decisions": {"supported": 216, "other_or_general": 14}, "elapsed_seconds": 576.3802299499512}
{"event": "task_complete", "fold": 0, "completed": 231, "total": 403, "format_errors": 0, "decisions": {"supported": 217, "other_or_general": 14}, "elapsed_seconds": 580.3752720355988}
{"event": "task_complete", "fold": 0, "completed": 232, "total": 403, "format_errors": 0, "decisions": {"supported": 218, "other_or_general": 14}, "elapsed_seconds": 584.0780420303345}
{"event": "task_complete", "fold": 0, "completed": 233, "total": 403, "format_errors": 0, "decisions": {"supported": 219, "other_or_general": 14}, "elapsed_seconds": 587.5819175243378}
{"event": "task_complete", "fold": 0, "completed": 234, "total": 403, "format_errors": 0, "decisions": {"supported": 220, "other_or_general": 14}, "elapsed_seconds": 590.5757293701172}
{"event": "task_complete", "fold": 0, "completed": 235, "total": 403, "format_errors": 0, "decisions": {"supported": 220, "other_or_general": 15}, "elapsed_seconds": 593.8919093608856}
{"event": "task_complete", "fold": 0, "completed": 236, "total": 403, "format_errors": 0, "decisions": {"supported": 221, "other_or_general": 15}, "elapsed_seconds": 597.3347315788269}
{"event": "task_complete", "fold": 0, "completed": 237, "total": 403, "format_errors": 0, "decisions": {"supported": 222, "other_or_general": 15}, "elapsed_seconds": 599.7746682167053}
{"event": "task_complete", "fold": 0, "completed": 238, "total": 403, "format_errors": 0, "decisions": {"supported": 223, "other_or_general": 15}, "elapsed_seconds": 601.6194972991943}
{"event": "task_complete", "fold": 0, "completed": 239, "total": 403, "format_errors": 0, "decisions": {"supported": 223, "other_or_general": 16}, "elapsed_seconds": 603.3103582859039}
{"event": "task_complete", "fold": 0, "completed": 240, "total": 403, "format_errors": 0, "decisions": {"supported": 224, "other_or_general": 16}, "elapsed_seconds": 606.0966231822968}
{"event": "task_complete", "fold": 0, "completed": 241, "total": 403, "format_errors": 0, "decisions": {"supported": 225, "other_or_general": 16}, "elapsed_seconds": 607.9279370307922}
{"event": "task_complete", "fold": 0, "completed": 242, "total": 403, "format_errors": 0, "decisions": {"supported": 226, "other_or_general": 16}, "elapsed_seconds": 611.0769166946411}
{"event": "task_complete", "fold": 0, "completed": 243, "total": 403, "format_errors": 0, "decisions": {"supported": 227, "other_or_general": 16}, "elapsed_seconds": 614.628333568573}
{"event": "task_complete", "fold": 0, "completed": 244, "total": 403, "format_errors": 0, "decisions": {"supported": 228, "other_or_general": 16}, "elapsed_seconds": 616.3906509876251}
{"event": "task_complete", "fold": 0, "completed": 245, "total": 403, "format_errors": 0, "decisions": {"supported": 229, "other_or_general": 16}, "elapsed_seconds": 620.0546793937683}
{"event": "task_complete", "fold": 0, "completed": 246, "total": 403, "format_errors": 0, "decisions": {"supported": 230, "other_or_general": 16}, "elapsed_seconds": 622.7664470672607}
{"event": "task_complete", "fold": 0, "completed": 247, "total": 403, "format_errors": 0, "decisions": {"supported": 231, "other_or_general": 16}, "elapsed_seconds": 624.365266084671}
{"event": "task_complete", "fold": 0, "completed": 248, "total": 403, "format_errors": 0, "decisions": {"supported": 232, "other_or_general": 16}, "elapsed_seconds": 626.108589887619}
{"event": "task_complete", "fold": 0, "completed": 249, "total": 403, "format_errors": 0, "decisions": {"supported": 233, "other_or_general": 16}, "elapsed_seconds": 627.8228809833527}
{"event": "task_complete", "fold": 0, "completed": 250, "total": 403, "format_errors": 0, "decisions": {"supported": 234, "other_or_general": 16}, "elapsed_seconds": 630.4334943294525}
{"event": "task_complete", "fold": 0, "completed": 251, "total": 403, "format_errors": 0, "decisions": {"supported": 235, "other_or_general": 16}, "elapsed_seconds": 632.2876715660095}
{"event": "task_complete", "fold": 0, "completed": 252, "total": 403, "format_errors": 0, "decisions": {"supported": 236, "other_or_general": 16}, "elapsed_seconds": 634.5656371116638}
{"event": "task_complete", "fold": 0, "completed": 253, "total": 403, "format_errors": 0, "decisions": {"supported": 237, "other_or_general": 16}, "elapsed_seconds": 636.3899495601654}
{"event": "task_complete", "fold": 0, "completed": 254, "total": 403, "format_errors": 0, "decisions": {"supported": 238, "other_or_general": 16}, "elapsed_seconds": 638.4879925251007}
{"event": "task_complete", "fold": 0, "completed": 255, "total": 403, "format_errors": 0, "decisions": {"supported": 239, "other_or_general": 16}, "elapsed_seconds": 640.2403647899628}
{"event": "task_complete", "fold": 0, "completed": 256, "total": 403, "format_errors": 0, "decisions": {"supported": 240, "other_or_general": 16}, "elapsed_seconds": 642.6401314735413}
{"event": "task_complete", "fold": 0, "completed": 257, "total": 403, "format_errors": 0, "decisions": {"supported": 241, "other_or_general": 16}, "elapsed_seconds": 646.188649892807}
{"event": "task_complete", "fold": 0, "completed": 258, "total": 403, "format_errors": 0, "decisions": {"supported": 241, "other_or_general": 17}, "elapsed_seconds": 648.0639307498932}
{"event": "task_complete", "fold": 0, "completed": 259, "total": 403, "format_errors": 0, "decisions": {"supported": 242, "other_or_general": 17}, "elapsed_seconds": 651.0829825401306}
{"event": "task_complete", "fold": 0, "completed": 260, "total": 403, "format_errors": 0, "decisions": {"supported": 243, "other_or_general": 17}, "elapsed_seconds": 652.959244966507}
{"event": "task_complete", "fold": 0, "completed": 261, "total": 403, "format_errors": 0, "decisions": {"supported": 244, "other_or_general": 17}, "elapsed_seconds": 654.7464518547058}
{"event": "task_complete", "fold": 0, "completed": 262, "total": 403, "format_errors": 0, "decisions": {"supported": 245, "other_or_general": 17}, "elapsed_seconds": 657.2571983337402}
{"event": "task_complete", "fold": 0, "completed": 263, "total": 403, "format_errors": 0, "decisions": {"supported": 246, "other_or_general": 17}, "elapsed_seconds": 659.146876335144}
{"event": "task_complete", "fold": 0, "completed": 264, "total": 403, "format_errors": 0, "decisions": {"supported": 246, "other_or_general": 18}, "elapsed_seconds": 661.7951674461365}
{"event": "task_complete", "fold": 0, "completed": 265, "total": 403, "format_errors": 0, "decisions": {"supported": 247, "other_or_general": 18}, "elapsed_seconds": 663.5490658283234}
{"event": "task_complete", "fold": 0, "completed": 266, "total": 403, "format_errors": 0, "decisions": {"supported": 248, "other_or_general": 18}, "elapsed_seconds": 666.1304109096527}
{"event": "task_complete", "fold": 0, "completed": 267, "total": 403, "format_errors": 0, "decisions": {"supported": 249, "other_or_general": 18}, "elapsed_seconds": 669.4244742393494}
{"event": "task_complete", "fold": 0, "completed": 268, "total": 403, "format_errors": 0, "decisions": {"supported": 250, "other_or_general": 18}, "elapsed_seconds": 672.198269367218}
{"event": "task_complete", "fold": 0, "completed": 269, "total": 403, "format_errors": 0, "decisions": {"supported": 251, "other_or_general": 18}, "elapsed_seconds": 675.8064410686493}
{"event": "task_complete", "fold": 0, "completed": 270, "total": 403, "format_errors": 0, "decisions": {"supported": 252, "other_or_general": 18}, "elapsed_seconds": 677.5024402141571}
{"event": "task_complete", "fold": 0, "completed": 271, "total": 403, "format_errors": 0, "decisions": {"supported": 253, "other_or_general": 18}, "elapsed_seconds": 679.5412623882294}
{"event": "task_complete", "fold": 0, "completed": 272, "total": 403, "format_errors": 0, "decisions": {"supported": 254, "other_or_general": 18}, "elapsed_seconds": 681.4927027225494}
{"event": "task_complete", "fold": 0, "completed": 273, "total": 403, "format_errors": 0, "decisions": {"supported": 254, "other_or_general": 19}, "elapsed_seconds": 684.3049817085266}
{"event": "task_complete", "fold": 0, "completed": 274, "total": 403, "format_errors": 0, "decisions": {"supported": 255, "other_or_general": 19}, "elapsed_seconds": 686.3288326263428}
{"event": "task_complete", "fold": 0, "completed": 275, "total": 403, "format_errors": 0, "decisions": {"supported": 256, "other_or_general": 19}, "elapsed_seconds": 688.3437087535858}
{"event": "task_complete", "fold": 0, "completed": 276, "total": 403, "format_errors": 0, "decisions": {"supported": 257, "other_or_general": 19}, "elapsed_seconds": 690.1976525783539}
{"event": "task_complete", "fold": 0, "completed": 277, "total": 403, "format_errors": 0, "decisions": {"supported": 258, "other_or_general": 19}, "elapsed_seconds": 693.0162715911865}
{"event": "task_complete", "fold": 0, "completed": 278, "total": 403, "format_errors": 0, "decisions": {"supported": 259, "other_or_general": 19}, "elapsed_seconds": 696.5209131240845}
{"event": "task_complete", "fold": 0, "completed": 279, "total": 403, "format_errors": 0, "decisions": {"supported": 260, "other_or_general": 19}, "elapsed_seconds": 699.1277091503143}
{"event": "task_complete", "fold": 0, "completed": 280, "total": 403, "format_errors": 0, "decisions": {"supported": 261, "other_or_general": 19}, "elapsed_seconds": 701.703733921051}
{"event": "task_complete", "fold": 0, "completed": 281, "total": 403, "format_errors": 0, "decisions": {"supported": 262, "other_or_general": 19}, "elapsed_seconds": 704.1295294761658}
{"event": "task_complete", "fold": 0, "completed": 282, "total": 403, "format_errors": 0, "decisions": {"supported": 263, "other_or_general": 19}, "elapsed_seconds": 705.9037971496582}
{"event": "task_complete", "fold": 0, "completed": 283, "total": 403, "format_errors": 0, "decisions": {"supported": 264, "other_or_general": 19}, "elapsed_seconds": 707.4702661037445}
{"event": "task_complete", "fold": 0, "completed": 284, "total": 403, "format_errors": 0, "decisions": {"supported": 265, "other_or_general": 19}, "elapsed_seconds": 710.562662601471}
{"event": "task_complete", "fold": 0, "completed": 285, "total": 403, "format_errors": 0, "decisions": {"supported": 266, "other_or_general": 19}, "elapsed_seconds": 712.8649816513062}
{"event": "task_complete", "fold": 0, "completed": 286, "total": 403, "format_errors": 0, "decisions": {"supported": 267, "other_or_general": 19}, "elapsed_seconds": 714.8891260623932}
{"event": "task_complete", "fold": 0, "completed": 287, "total": 403, "format_errors": 0, "decisions": {"supported": 268, "other_or_general": 19}, "elapsed_seconds": 717.1781194210052}
{"event": "task_complete", "fold": 0, "completed": 288, "total": 403, "format_errors": 0, "decisions": {"supported": 269, "other_or_general": 19}, "elapsed_seconds": 718.9010434150696}
{"event": "task_complete", "fold": 0, "completed": 289, "total": 403, "format_errors": 0, "decisions": {"supported": 270, "other_or_general": 19}, "elapsed_seconds": 720.8578674793243}
{"event": "task_complete", "fold": 0, "completed": 290, "total": 403, "format_errors": 0, "decisions": {"supported": 271, "other_or_general": 19}, "elapsed_seconds": 722.5399477481842}
{"event": "task_complete", "fold": 0, "completed": 291, "total": 403, "format_errors": 0, "decisions": {"supported": 271, "other_or_general": 20}, "elapsed_seconds": 724.182562828064}
{"event": "task_complete", "fold": 0, "completed": 292, "total": 403, "format_errors": 0, "decisions": {"supported": 272, "other_or_general": 20}, "elapsed_seconds": 726.0121068954468}
{"event": "task_complete", "fold": 0, "completed": 293, "total": 403, "format_errors": 0, "decisions": {"supported": 273, "other_or_general": 20}, "elapsed_seconds": 729.3819890022278}
{"event": "task_complete", "fold": 0, "completed": 294, "total": 403, "format_errors": 0, "decisions": {"supported": 274, "other_or_general": 20}, "elapsed_seconds": 732.0716121196747}
{"event": "task_complete", "fold": 0, "completed": 295, "total": 403, "format_errors": 0, "decisions": {"supported": 275, "other_or_general": 20}, "elapsed_seconds": 733.8730535507202}
{"event": "task_complete", "fold": 0, "completed": 296, "total": 403, "format_errors": 0, "decisions": {"supported": 276, "other_or_general": 20}, "elapsed_seconds": 736.4077417850494}
{"event": "task_complete", "fold": 0, "completed": 297, "total": 403, "format_errors": 0, "decisions": {"supported": 277, "other_or_general": 20}, "elapsed_seconds": 738.9272766113281}
{"event": "task_complete", "fold": 0, "completed": 298, "total": 403, "format_errors": 0, "decisions": {"supported": 278, "other_or_general": 20}, "elapsed_seconds": 741.5912520885468}
{"event": "task_complete", "fold": 0, "completed": 299, "total": 403, "format_errors": 0, "decisions": {"supported": 279, "other_or_general": 20}, "elapsed_seconds": 743.2933309078217}
{"event": "task_complete", "fold": 0, "completed": 300, "total": 403, "format_errors": 0, "decisions": {"supported": 280, "other_or_general": 20}, "elapsed_seconds": 746.1144561767578}
{"event": "task_complete", "fold": 0, "completed": 301, "total": 403, "format_errors": 0, "decisions": {"supported": 281, "other_or_general": 20}, "elapsed_seconds": 748.2352409362793}
{"event": "task_complete", "fold": 0, "completed": 302, "total": 403, "format_errors": 0, "decisions": {"supported": 282, "other_or_general": 20}, "elapsed_seconds": 749.9772226810455}
{"event": "task_complete", "fold": 0, "completed": 303, "total": 403, "format_errors": 0, "decisions": {"supported": 283, "other_or_general": 20}, "elapsed_seconds": 752.7077543735504}
{"event": "task_complete", "fold": 0, "completed": 304, "total": 403, "format_errors": 0, "decisions": {"supported": 284, "other_or_general": 20}, "elapsed_seconds": 754.9553606510162}
{"event": "task_complete", "fold": 0, "completed": 305, "total": 403, "format_errors": 0, "decisions": {"supported": 285, "other_or_general": 20}, "elapsed_seconds": 756.4056477546692}
{"event": "task_complete", "fold": 0, "completed": 306, "total": 403, "format_errors": 0, "decisions": {"supported": 286, "other_or_general": 20}, "elapsed_seconds": 758.0821626186371}
{"event": "task_complete", "fold": 0, "completed": 307, "total": 403, "format_errors": 0, "decisions": {"supported": 287, "other_or_general": 20}, "elapsed_seconds": 760.1372301578522}
{"event": "task_complete", "fold": 0, "completed": 308, "total": 403, "format_errors": 0, "decisions": {"supported": 288, "other_or_general": 20}, "elapsed_seconds": 761.9949700832367}
{"event": "task_complete", "fold": 0, "completed": 309, "total": 403, "format_errors": 0, "decisions": {"supported": 289, "other_or_general": 20}, "elapsed_seconds": 763.8756737709045}
{"event": "task_complete", "fold": 0, "completed": 310, "total": 403, "format_errors": 0, "decisions": {"supported": 290, "other_or_general": 20}, "elapsed_seconds": 765.4327712059021}
{"event": "task_complete", "fold": 0, "completed": 311, "total": 403, "format_errors": 0, "decisions": {"supported": 291, "other_or_general": 20}, "elapsed_seconds": 767.1760063171387}
{"event": "task_complete", "fold": 0, "completed": 312, "total": 403, "format_errors": 0, "decisions": {"supported": 292, "other_or_general": 20}, "elapsed_seconds": 770.303231716156}
{"event": "task_complete", "fold": 0, "completed": 313, "total": 403, "format_errors": 0, "decisions": {"supported": 293, "other_or_general": 20}, "elapsed_seconds": 773.3938837051392}
{"event": "task_complete", "fold": 0, "completed": 314, "total": 403, "format_errors": 0, "decisions": {"supported": 294, "other_or_general": 20}, "elapsed_seconds": 775.4773576259613}
{"event": "task_complete", "fold": 0, "completed": 315, "total": 403, "format_errors": 0, "decisions": {"supported": 295, "other_or_general": 20}, "elapsed_seconds": 780.3830668926239}
{"event": "task_complete", "fold": 0, "completed": 316, "total": 403, "format_errors": 0, "decisions": {"supported": 296, "other_or_general": 20}, "elapsed_seconds": 785.1279623508453}
{"event": "task_complete", "fold": 0, "completed": 317, "total": 403, "format_errors": 0, "decisions": {"supported": 297, "other_or_general": 20}, "elapsed_seconds": 787.5065143108368}
{"event": "task_complete", "fold": 0, "completed": 318, "total": 403, "format_errors": 0, "decisions": {"supported": 298, "other_or_general": 20}, "elapsed_seconds": 792.1129288673401}
{"event": "task_complete", "fold": 0, "completed": 319, "total": 403, "format_errors": 0, "decisions": {"supported": 299, "other_or_general": 20}, "elapsed_seconds": 796.3587510585785}
{"event": "task_complete", "fold": 0, "completed": 320, "total": 403, "format_errors": 0, "decisions": {"supported": 300, "other_or_general": 20}, "elapsed_seconds": 800.5455965995789}
{"event": "task_complete", "fold": 0, "completed": 321, "total": 403, "format_errors": 0, "decisions": {"supported": 300, "other_or_general": 21}, "elapsed_seconds": 803.5706360340118}
{"event": "task_complete", "fold": 0, "completed": 322, "total": 403, "format_errors": 0, "decisions": {"supported": 301, "other_or_general": 21}, "elapsed_seconds": 805.7785577774048}
{"event": "task_complete", "fold": 0, "completed": 323, "total": 403, "format_errors": 0, "decisions": {"supported": 302, "other_or_general": 21}, "elapsed_seconds": 807.9611418247223}
{"event": "task_complete", "fold": 0, "completed": 324, "total": 403, "format_errors": 0, "decisions": {"supported": 303, "other_or_general": 21}, "elapsed_seconds": 812.5404212474823}
{"event": "task_complete", "fold": 0, "completed": 325, "total": 403, "format_errors": 0, "decisions": {"supported": 304, "other_or_general": 21}, "elapsed_seconds": 817.1887292861938}
{"event": "task_complete", "fold": 0, "completed": 326, "total": 403, "format_errors": 0, "decisions": {"supported": 305, "other_or_general": 21}, "elapsed_seconds": 821.7353105545044}
{"event": "task_complete", "fold": 0, "completed": 327, "total": 403, "format_errors": 0, "decisions": {"supported": 306, "other_or_general": 21}, "elapsed_seconds": 826.5874869823456}
{"event": "task_complete", "fold": 0, "completed": 328, "total": 403, "format_errors": 0, "decisions": {"supported": 307, "other_or_general": 21}, "elapsed_seconds": 830.7895419597626}
{"event": "task_complete", "fold": 0, "completed": 329, "total": 403, "format_errors": 0, "decisions": {"supported": 308, "other_or_general": 21}, "elapsed_seconds": 834.9999914169312}
{"event": "task_complete", "fold": 0, "completed": 330, "total": 403, "format_errors": 0, "decisions": {"supported": 309, "other_or_general": 21}, "elapsed_seconds": 839.407023191452}
{"event": "task_complete", "fold": 0, "completed": 331, "total": 403, "format_errors": 0, "decisions": {"supported": 310, "other_or_general": 21}, "elapsed_seconds": 841.4766495227814}
{"event": "task_complete", "fold": 0, "completed": 332, "total": 403, "format_errors": 0, "decisions": {"supported": 311, "other_or_general": 21}, "elapsed_seconds": 845.3378949165344}
{"event": "task_complete", "fold": 0, "completed": 333, "total": 403, "format_errors": 0, "decisions": {"supported": 312, "other_or_general": 21}, "elapsed_seconds": 848.3038840293884}
{"event": "task_complete", "fold": 0, "completed": 334, "total": 403, "format_errors": 0, "decisions": {"supported": 312, "other_or_general": 22}, "elapsed_seconds": 851.6303822994232}
{"event": "task_complete", "fold": 0, "completed": 335, "total": 403, "format_errors": 0, "decisions": {"supported": 313, "other_or_general": 22}, "elapsed_seconds": 853.7433035373688}
{"event": "task_complete", "fold": 0, "completed": 336, "total": 403, "format_errors": 0, "decisions": {"supported": 314, "other_or_general": 22}, "elapsed_seconds": 856.5398330688477}
{"event": "task_complete", "fold": 0, "completed": 337, "total": 403, "format_errors": 0, "decisions": {"supported": 315, "other_or_general": 22}, "elapsed_seconds": 858.4604773521423}
{"event": "task_complete", "fold": 0, "completed": 338, "total": 403, "format_errors": 0, "decisions": {"supported": 316, "other_or_general": 22}, "elapsed_seconds": 862.2309782505035}
{"event": "task_complete", "fold": 0, "completed": 339, "total": 403, "format_errors": 0, "decisions": {"supported": 317, "other_or_general": 22}, "elapsed_seconds": 865.5659620761871}
{"event": "task_complete", "fold": 0, "completed": 340, "total": 403, "format_errors": 0, "decisions": {"supported": 317, "other_or_general": 23}, "elapsed_seconds": 869.0831532478333}
{"event": "task_complete", "fold": 0, "completed": 341, "total": 403, "format_errors": 0, "decisions": {"supported": 318, "other_or_general": 23}, "elapsed_seconds": 872.4580020904541}
{"event": "task_complete", "fold": 0, "completed": 342, "total": 403, "format_errors": 0, "decisions": {"supported": 319, "other_or_general": 23}, "elapsed_seconds": 874.4083132743835}
{"event": "task_complete", "fold": 0, "completed": 343, "total": 403, "format_errors": 0, "decisions": {"supported": 320, "other_or_general": 23}, "elapsed_seconds": 875.9353218078613}
{"event": "task_complete", "fold": 0, "completed": 344, "total": 403, "format_errors": 0, "decisions": {"supported": 321, "other_or_general": 23}, "elapsed_seconds": 879.6174628734589}
{"event": "task_complete", "fold": 0, "completed": 345, "total": 403, "format_errors": 0, "decisions": {"supported": 322, "other_or_general": 23}, "elapsed_seconds": 882.8555467128754}
{"event": "task_complete", "fold": 0, "completed": 346, "total": 403, "format_errors": 0, "decisions": {"supported": 323, "other_or_general": 23}, "elapsed_seconds": 885.3033165931702}
{"event": "task_complete", "fold": 0, "completed": 347, "total": 403, "format_errors": 0, "decisions": {"supported": 324, "other_or_general": 23}, "elapsed_seconds": 887.2719948291779}
{"event": "task_complete", "fold": 0, "completed": 348, "total": 403, "format_errors": 0, "decisions": {"supported": 325, "other_or_general": 23}, "elapsed_seconds": 889.1625671386719}
{"event": "task_complete", "fold": 0, "completed": 349, "total": 403, "format_errors": 0, "decisions": {"supported": 326, "other_or_general": 23}, "elapsed_seconds": 890.659585237503}
{"event": "task_complete", "fold": 0, "completed": 350, "total": 403, "format_errors": 0, "decisions": {"supported": 327, "other_or_general": 23}, "elapsed_seconds": 893.3873739242554}
{"event": "task_complete", "fold": 0, "completed": 351, "total": 403, "format_errors": 0, "decisions": {"supported": 328, "other_or_general": 23}, "elapsed_seconds": 895.1196730136871}
{"event": "task_complete", "fold": 0, "completed": 352, "total": 403, "format_errors": 0, "decisions": {"supported": 329, "other_or_general": 23}, "elapsed_seconds": 896.5541079044342}
{"event": "task_complete", "fold": 0, "completed": 353, "total": 403, "format_errors": 0, "decisions": {"supported": 330, "other_or_general": 23}, "elapsed_seconds": 899.986159324646}
{"event": "task_complete", "fold": 0, "completed": 354, "total": 403, "format_errors": 0, "decisions": {"supported": 331, "other_or_general": 23}, "elapsed_seconds": 903.3719115257263}
{"event": "task_complete", "fold": 0, "completed": 355, "total": 403, "format_errors": 0, "decisions": {"supported": 332, "other_or_general": 23}, "elapsed_seconds": 906.5826275348663}
{"event": "task_complete", "fold": 0, "completed": 356, "total": 403, "format_errors": 0, "decisions": {"supported": 333, "other_or_general": 23}, "elapsed_seconds": 909.4795100688934}
{"event": "task_complete", "fold": 0, "completed": 357, "total": 403, "format_errors": 0, "decisions": {"supported": 334, "other_or_general": 23}, "elapsed_seconds": 911.9502093791962}
{"event": "task_complete", "fold": 0, "completed": 358, "total": 403, "format_errors": 0, "decisions": {"supported": 335, "other_or_general": 23}, "elapsed_seconds": 913.9964950084686}
{"event": "task_complete", "fold": 0, "completed": 359, "total": 403, "format_errors": 0, "decisions": {"supported": 336, "other_or_general": 23}, "elapsed_seconds": 915.808464050293}
{"event": "task_complete", "fold": 0, "completed": 360, "total": 403, "format_errors": 0, "decisions": {"supported": 337, "other_or_general": 23}, "elapsed_seconds": 918.3778147697449}
{"event": "task_complete", "fold": 0, "completed": 361, "total": 403, "format_errors": 0, "decisions": {"supported": 338, "other_or_general": 23}, "elapsed_seconds": 920.7304196357727}
{"event": "task_complete", "fold": 0, "completed": 362, "total": 403, "format_errors": 0, "decisions": {"supported": 339, "other_or_general": 23}, "elapsed_seconds": 922.7491335868835}
{"event": "task_complete", "fold": 0, "completed": 363, "total": 403, "format_errors": 0, "decisions": {"supported": 340, "other_or_general": 23}, "elapsed_seconds": 924.5628225803375}
{"event": "task_complete", "fold": 0, "completed": 364, "total": 403, "format_errors": 0, "decisions": {"supported": 341, "other_or_general": 23}, "elapsed_seconds": 927.0245337486267}
{"event": "task_complete", "fold": 0, "completed": 365, "total": 403, "format_errors": 0, "decisions": {"supported": 342, "other_or_general": 23}, "elapsed_seconds": 929.9757535457611}
{"event": "task_complete", "fold": 0, "completed": 366, "total": 403, "format_errors": 0, "decisions": {"supported": 343, "other_or_general": 23}, "elapsed_seconds": 931.7274508476257}
{"event": "task_complete", "fold": 0, "completed": 367, "total": 403, "format_errors": 0, "decisions": {"supported": 344, "other_or_general": 23}, "elapsed_seconds": 934.0605185031891}
{"event": "task_complete", "fold": 0, "completed": 368, "total": 403, "format_errors": 0, "decisions": {"supported": 345, "other_or_general": 23}, "elapsed_seconds": 935.89071393013}
{"event": "task_complete", "fold": 0, "completed": 369, "total": 403, "format_errors": 0, "decisions": {"supported": 346, "other_or_general": 23}, "elapsed_seconds": 938.3171529769897}
{"event": "task_complete", "fold": 0, "completed": 370, "total": 403, "format_errors": 0, "decisions": {"supported": 347, "other_or_general": 23}, "elapsed_seconds": 940.2052869796753}
{"event": "task_complete", "fold": 0, "completed": 371, "total": 403, "format_errors": 0, "decisions": {"supported": 348, "other_or_general": 23}, "elapsed_seconds": 942.565080165863}
{"event": "task_complete", "fold": 0, "completed": 372, "total": 403, "format_errors": 0, "decisions": {"supported": 349, "other_or_general": 23}, "elapsed_seconds": 944.598108291626}
{"event": "task_complete", "fold": 0, "completed": 373, "total": 403, "format_errors": 0, "decisions": {"supported": 350, "other_or_general": 23}, "elapsed_seconds": 947.0935175418854}
{"event": "task_complete", "fold": 0, "completed": 374, "total": 403, "format_errors": 0, "decisions": {"supported": 351, "other_or_general": 23}, "elapsed_seconds": 949.0515365600586}
{"event": "task_complete", "fold": 0, "completed": 375, "total": 403, "format_errors": 0, "decisions": {"supported": 352, "other_or_general": 23}, "elapsed_seconds": 951.7051026821136}
{"event": "task_complete", "fold": 0, "completed": 376, "total": 403, "format_errors": 0, "decisions": {"supported": 353, "other_or_general": 23}, "elapsed_seconds": 953.4844188690186}
{"event": "task_complete", "fold": 0, "completed": 377, "total": 403, "format_errors": 0, "decisions": {"supported": 354, "other_or_general": 23}, "elapsed_seconds": 955.6912958621979}
{"event": "task_complete", "fold": 0, "completed": 378, "total": 403, "format_errors": 0, "decisions": {"supported": 355, "other_or_general": 23}, "elapsed_seconds": 957.3262603282928}
{"event": "task_complete", "fold": 0, "completed": 379, "total": 403, "format_errors": 0, "decisions": {"supported": 356, "other_or_general": 23}, "elapsed_seconds": 961.7795598506927}
{"event": "task_complete", "fold": 0, "completed": 380, "total": 403, "format_errors": 0, "decisions": {"supported": 357, "other_or_general": 23}, "elapsed_seconds": 965.8216512203217}
{"event": "task_complete", "fold": 0, "completed": 381, "total": 403, "format_errors": 0, "decisions": {"supported": 358, "other_or_general": 23}, "elapsed_seconds": 969.7690014839172}
{"event": "task_complete", "fold": 0, "completed": 382, "total": 403, "format_errors": 0, "decisions": {"supported": 359, "other_or_general": 23}, "elapsed_seconds": 973.5677635669708}
{"event": "task_complete", "fold": 0, "completed": 383, "total": 403, "format_errors": 0, "decisions": {"supported": 360, "other_or_general": 23}, "elapsed_seconds": 977.42729139328}
{"event": "task_complete", "fold": 0, "completed": 384, "total": 403, "format_errors": 0, "decisions": {"supported": 361, "other_or_general": 23}, "elapsed_seconds": 981.0479180812836}
{"event": "task_complete", "fold": 0, "completed": 385, "total": 403, "format_errors": 0, "decisions": {"supported": 362, "other_or_general": 23}, "elapsed_seconds": 984.0955746173859}
{"event": "task_complete", "fold": 0, "completed": 386, "total": 403, "format_errors": 0, "decisions": {"supported": 363, "other_or_general": 23}, "elapsed_seconds": 986.6848793029785}
{"event": "task_complete", "fold": 0, "completed": 387, "total": 403, "format_errors": 0, "decisions": {"supported": 364, "other_or_general": 23}, "elapsed_seconds": 988.5378201007843}
{"event": "task_complete", "fold": 0, "completed": 388, "total": 403, "format_errors": 0, "decisions": {"supported": 365, "other_or_general": 23}, "elapsed_seconds": 990.2747387886047}
{"event": "task_complete", "fold": 0, "completed": 389, "total": 403, "format_errors": 0, "decisions": {"supported": 366, "other_or_general": 23}, "elapsed_seconds": 993.1311738491058}
{"event": "task_complete", "fold": 0, "completed": 390, "total": 403, "format_errors": 0, "decisions": {"supported": 367, "other_or_general": 23}, "elapsed_seconds": 995.1621887683868}
{"event": "task_complete", "fold": 0, "completed": 391, "total": 403, "format_errors": 0, "decisions": {"supported": 367, "other_or_general": 24}, "elapsed_seconds": 997.0078594684601}
{"event": "task_complete", "fold": 0, "completed": 392, "total": 403, "format_errors": 0, "decisions": {"supported": 367, "other_or_general": 25}, "elapsed_seconds": 999.4736802577972}
{"event": "task_complete", "fold": 0, "completed": 393, "total": 403, "format_errors": 0, "decisions": {"supported": 368, "other_or_general": 25}, "elapsed_seconds": 1002.9088053703308}
{"event": "task_complete", "fold": 0, "completed": 394, "total": 403, "format_errors": 0, "decisions": {"supported": 369, "other_or_general": 25}, "elapsed_seconds": 1005.1754488945007}
{"event": "task_complete", "fold": 0, "completed": 395, "total": 403, "format_errors": 0, "decisions": {"supported": 370, "other_or_general": 25}, "elapsed_seconds": 1007.3537745475769}
{"event": "task_complete", "fold": 0, "completed": 396, "total": 403, "format_errors": 0, "decisions": {"supported": 371, "other_or_general": 25}, "elapsed_seconds": 1010.1639227867126}
{"event": "task_complete", "fold": 0, "completed": 397, "total": 403, "format_errors": 0, "decisions": {"supported": 372, "other_or_general": 25}, "elapsed_seconds": 1012.4921777248383}
{"event": "task_complete", "fold": 0, "completed": 398, "total": 403, "format_errors": 0, "decisions": {"supported": 373, "other_or_general": 25}, "elapsed_seconds": 1016.8910458087921}
{"event": "task_complete", "fold": 0, "completed": 399, "total": 403, "format_errors": 0, "decisions": {"supported": 374, "other_or_general": 25}, "elapsed_seconds": 1018.9510974884033}
{"event": "task_complete", "fold": 0, "completed": 400, "total": 403, "format_errors": 0, "decisions": {"supported": 375, "other_or_general": 25}, "elapsed_seconds": 1020.9725131988525}
{"event": "task_complete", "fold": 0, "completed": 401, "total": 403, "format_errors": 0, "decisions": {"supported": 376, "other_or_general": 25}, "elapsed_seconds": 1024.928959608078}
{"event": "task_complete", "fold": 0, "completed": 402, "total": 403, "format_errors": 0, "decisions": {"supported": 377, "other_or_general": 25}, "elapsed_seconds": 1027.401205778122}
{"event": "task_complete", "fold": 0, "completed": 403, "total": 403, "format_errors": 0, "decisions": {"supported": 378, "other_or_general": 25}, "elapsed_seconds": 1029.8968667984009}
{"event": "completed", "fold": 0, "validation_document_ids": ["10553122", "11203018", "11871647", "11906559", "11919040", "12059664", "12126309", "12640707", "12652105", "12846941", "2866573", "3563609", "4607013", "4899602", "5415817", "5763540"], "upstream_training_document_ids": ["10313222", "10789033", "11196099", "11221135", "11235872", "11765409", "11826603", "11986149", "12017973", "12078887", "12110755", "12110769", "12118522", "12147048", "12250201", "12334843", "12386172", "12405443", "12444410", "12455887", "12628480", "12646972", "12733031", "12779223", "12798528", "12811285", "12891056", "2964533", "4644339", "4678370", "5023785", "5368377", "5422868", "5425407", "5452357", "5473715", "5537416", "5538066", "5562981", "5574094", "5575846", "5693559", "5773845", "5789735", "5793168", "5866036", "5959423", "5970456", "6036836", "6048891", "6049015", "6057141", "6059678", "6063015", "6096008", "6134758", "6151044", "6219255", "6220403", "6332535", "6338757", "6390251", "6491447", "9327653"], "llm_training_document_ids": [], "demonstration_document_ids": [], "plan_sha256": "0496ba9c0435f58509acfb68100ebc0c2ffd9bc224b48be86cb974d0b0dfecaf", "baseline_exact_replay": true, "answers_removed_before_prompting": true, "task_count": 403, "tasks_sha256": "4123bd8534bcf5dfaf8831aa9701c1f3da109779cb893cade24f79fddea07f2d", "all_occurrences_selected": 322, "patient_marker_protocol": "provided_anchor_labels", "original_text_preserved": true, "marker_source": "Given patient references only; no phenotype or association labels.", "max_input_tokens": 3997, "complete_evidence_count": 322, "dropped_fragments": 6, "hard_nonthinking": true, "protocol": "finite_json_source_references", "maximum_grammar_tokens": 16, "allowed_completion_counts": {"3": 19, "4": 31, "5": 46, "6": 64, "7": 85, "8": 109}, "status": "completed", "decisions_sha256": "84aefaaa4b3a16cae1f1f26d7231026f8602d8fbb87b03f71db72999d3be7def", "format_success_rate": 1.0, "format_errors": 0, "elapsed_seconds": 1029.9655385017395, "physical_gpu": "2", "peak_allocated_gib": 19.839258193969727, "generated_tokens": 5402, "generation_seconds": 1016.0450403690338, "decisions": {"supported": 378, "other_or_general": 25}}
