{"event": "prompts_prepared", "fold": 1, "validation_document_ids": ["10313222", "11221135", "11826603", "12078887", "12628480", "12779223", "5023785", "5368377", "5425407", "5693559", "5789735", "5866036", "6049015", "6096008", "6220403", "9327653"], "upstream_training_document_ids": ["10553122", "10789033", "11196099", "11203018", "11235872", "11765409", "11871647", "11906559", "11919040", "11986149", "12017973", "12059664", "12110755", "12110769", "12118522", "12126309", "12147048", "12250201", "12334843", "12386172", "12405443", "12444410", "12455887", "12640707", "12646972", "12652105", "12733031", "12798528", "12811285", "12846941", "12891056", "2866573", "2964533", "3563609", "4607013", "4644339", "4678370", "4899602", "5415817", "5422868", "5452357", "5473715", "5537416", "5538066", "5562981", "5574094", "5575846", "5763540", "5773845", "5793168", "5959423", "5970456", "6036836", "6048891", "6057141", "6059678", "6063015", "6134758", "6151044", "6219255", "6332535", "6338757", "6390251", "6491447"], "llm_training_document_ids": [], "demonstration_document_ids": [], "plan_sha256": "0496ba9c0435f58509acfb68100ebc0c2ffd9bc224b48be86cb974d0b0dfecaf", "baseline_exact_replay": true, "answers_removed_before_prompting": true, "task_count": 297, "tasks_sha256": "2f0327f42fc833d41aac27851ad864faf13f09f651b6127b66e2ff688cfd443c", "all_occurrences_selected": 221, "patient_marker_protocol": "provided_anchor_labels", "original_text_preserved": true, "marker_source": "Given patient references only; no phenotype or association labels.", "max_input_tokens": 3962, "complete_evidence_count": 220, "dropped_fragments": 5, "hard_nonthinking": true, "protocol": "finite_json_source_references", "maximum_grammar_tokens": 16, "allowed_completion_counts": {"3": 19, "4": 31, "5": 46, "6": 64, "7": 85, "8": 109}}
Loading checkpoint shards:   0%|          | 0/5 [00:00<?, ?it/s]Loading checkpoint shards:  20%|██        | 1/5 [00:01<00:04,  1.02s/it]Loading checkpoint shards:  40%|████      | 2/5 [00:01<00:02,  1.11it/s]Loading checkpoint shards:  60%|██████    | 3/5 [00:02<00:01,  1.18it/s]Loading checkpoint shards:  80%|████████  | 4/5 [00:03<00:00,  1.33it/s]Loading checkpoint shards: 100%|██████████| 5/5 [00:03<00:00,  1.78it/s]Loading checkpoint shards: 100%|██████████| 5/5 [00:03<00:00,  1.45it/s]
{"event": "task_complete", "fold": 1, "completed": 1, "total": 297, "format_errors": 0, "decisions": {"supported": 1}, "elapsed_seconds": 9.420192956924438}
{"event": "task_complete", "fold": 1, "completed": 2, "total": 297, "format_errors": 0, "decisions": {"supported": 2}, "elapsed_seconds": 10.683745861053467}
{"event": "task_complete", "fold": 1, "completed": 3, "total": 297, "format_errors": 0, "decisions": {"supported": 3}, "elapsed_seconds": 11.95504903793335}
{"event": "task_complete", "fold": 1, "completed": 4, "total": 297, "format_errors": 0, "decisions": {"supported": 4}, "elapsed_seconds": 13.230057001113892}
{"event": "task_complete", "fold": 1, "completed": 5, "total": 297, "format_errors": 0, "decisions": {"supported": 5}, "elapsed_seconds": 14.485751628875732}
{"event": "task_complete", "fold": 1, "completed": 6, "total": 297, "format_errors": 0, "decisions": {"supported": 6}, "elapsed_seconds": 15.669143199920654}
{"event": "task_complete", "fold": 1, "completed": 7, "total": 297, "format_errors": 0, "decisions": {"supported": 7}, "elapsed_seconds": 17.087151050567627}
{"event": "task_complete", "fold": 1, "completed": 8, "total": 297, "format_errors": 0, "decisions": {"supported": 8}, "elapsed_seconds": 18.266629695892334}
{"event": "task_complete", "fold": 1, "completed": 9, "total": 297, "format_errors": 0, "decisions": {"supported": 9}, "elapsed_seconds": 19.74460005760193}
{"event": "task_complete", "fold": 1, "completed": 10, "total": 297, "format_errors": 0, "decisions": {"supported": 9, "other_or_general": 1}, "elapsed_seconds": 21.057840824127197}
{"event": "task_complete", "fold": 1, "completed": 11, "total": 297, "format_errors": 0, "decisions": {"supported": 10, "other_or_general": 1}, "elapsed_seconds": 22.83419418334961}
{"event": "task_complete", "fold": 1, "completed": 12, "total": 297, "format_errors": 0, "decisions": {"supported": 10, "other_or_general": 2}, "elapsed_seconds": 24.620641231536865}
{"event": "task_complete", "fold": 1, "completed": 13, "total": 297, "format_errors": 0, "decisions": {"supported": 10, "other_or_general": 3}, "elapsed_seconds": 26.665404081344604}
{"event": "task_complete", "fold": 1, "completed": 14, "total": 297, "format_errors": 0, "decisions": {"supported": 11, "other_or_general": 3}, "elapsed_seconds": 28.46825671195984}
{"event": "task_complete", "fold": 1, "completed": 15, "total": 297, "format_errors": 0, "decisions": {"supported": 12, "other_or_general": 3}, "elapsed_seconds": 30.4464750289917}
{"event": "task_complete", "fold": 1, "completed": 16, "total": 297, "format_errors": 0, "decisions": {"supported": 13, "other_or_general": 3}, "elapsed_seconds": 31.76564598083496}
{"event": "task_complete", "fold": 1, "completed": 17, "total": 297, "format_errors": 0, "decisions": {"supported": 14, "other_or_general": 3}, "elapsed_seconds": 33.57658910751343}
{"event": "task_complete", "fold": 1, "completed": 18, "total": 297, "format_errors": 0, "decisions": {"supported": 15, "other_or_general": 3}, "elapsed_seconds": 36.070030212402344}
{"event": "task_complete", "fold": 1, "completed": 19, "total": 297, "format_errors": 0, "decisions": {"supported": 16, "other_or_general": 3}, "elapsed_seconds": 38.02916383743286}
{"event": "task_complete", "fold": 1, "completed": 20, "total": 297, "format_errors": 0, "decisions": {"supported": 17, "other_or_general": 3}, "elapsed_seconds": 39.68376851081848}
{"event": "task_complete", "fold": 1, "completed": 21, "total": 297, "format_errors": 0, "decisions": {"supported": 18, "other_or_general": 3}, "elapsed_seconds": 41.23230600357056}
{"event": "task_complete", "fold": 1, "completed": 22, "total": 297, "format_errors": 0, "decisions": {"supported": 19, "other_or_general": 3}, "elapsed_seconds": 42.77483415603638}
{"event": "task_complete", "fold": 1, "completed": 23, "total": 297, "format_errors": 0, "decisions": {"supported": 19, "other_or_general": 4}, "elapsed_seconds": 45.47578454017639}
{"event": "task_complete", "fold": 1, "completed": 24, "total": 297, "format_errors": 0, "decisions": {"supported": 20, "other_or_general": 4}, "elapsed_seconds": 47.24738836288452}
{"event": "task_complete", "fold": 1, "completed": 25, "total": 297, "format_errors": 0, "decisions": {"supported": 21, "other_or_general": 4}, "elapsed_seconds": 49.62613654136658}
{"event": "task_complete", "fold": 1, "completed": 26, "total": 297, "format_errors": 0, "decisions": {"supported": 22, "other_or_general": 4}, "elapsed_seconds": 52.00609636306763}
{"event": "task_complete", "fold": 1, "completed": 27, "total": 297, "format_errors": 0, "decisions": {"supported": 23, "other_or_general": 4}, "elapsed_seconds": 53.698869466781616}
{"event": "task_complete", "fold": 1, "completed": 28, "total": 297, "format_errors": 0, "decisions": {"supported": 24, "other_or_general": 4}, "elapsed_seconds": 55.39640402793884}
{"event": "task_complete", "fold": 1, "completed": 29, "total": 297, "format_errors": 0, "decisions": {"supported": 25, "other_or_general": 4}, "elapsed_seconds": 57.104538440704346}
{"event": "task_complete", "fold": 1, "completed": 30, "total": 297, "format_errors": 0, "decisions": {"supported": 25, "other_or_general": 5}, "elapsed_seconds": 59.000946044921875}
{"event": "task_complete", "fold": 1, "completed": 31, "total": 297, "format_errors": 0, "decisions": {"supported": 26, "other_or_general": 5}, "elapsed_seconds": 60.59670853614807}
{"event": "task_complete", "fold": 1, "completed": 32, "total": 297, "format_errors": 0, "decisions": {"supported": 27, "other_or_general": 5}, "elapsed_seconds": 63.01839756965637}
{"event": "task_complete", "fold": 1, "completed": 33, "total": 297, "format_errors": 0, "decisions": {"supported": 28, "other_or_general": 5}, "elapsed_seconds": 65.70621037483215}
{"event": "task_complete", "fold": 1, "completed": 34, "total": 297, "format_errors": 0, "decisions": {"supported": 29, "other_or_general": 5}, "elapsed_seconds": 67.80001330375671}
{"event": "task_complete", "fold": 1, "completed": 35, "total": 297, "format_errors": 0, "decisions": {"supported": 30, "other_or_general": 5}, "elapsed_seconds": 69.87273526191711}
{"event": "task_complete", "fold": 1, "completed": 36, "total": 297, "format_errors": 0, "decisions": {"supported": 31, "other_or_general": 5}, "elapsed_seconds": 72.30046510696411}
{"event": "task_complete", "fold": 1, "completed": 37, "total": 297, "format_errors": 0, "decisions": {"supported": 32, "other_or_general": 5}, "elapsed_seconds": 74.54979658126831}
{"event": "task_complete", "fold": 1, "completed": 38, "total": 297, "format_errors": 0, "decisions": {"supported": 33, "other_or_general": 5}, "elapsed_seconds": 76.1407425403595}
{"event": "task_complete", "fold": 1, "completed": 39, "total": 297, "format_errors": 0, "decisions": {"supported": 34, "other_or_general": 5}, "elapsed_seconds": 78.20320153236389}
{"event": "task_complete", "fold": 1, "completed": 40, "total": 297, "format_errors": 0, "decisions": {"supported": 35, "other_or_general": 5}, "elapsed_seconds": 79.82020401954651}
{"event": "task_complete", "fold": 1, "completed": 41, "total": 297, "format_errors": 0, "decisions": {"supported": 36, "other_or_general": 5}, "elapsed_seconds": 81.45064187049866}
{"event": "task_complete", "fold": 1, "completed": 42, "total": 297, "format_errors": 0, "decisions": {"supported": 36, "other_or_general": 6}, "elapsed_seconds": 83.62765741348267}
{"event": "task_complete", "fold": 1, "completed": 43, "total": 297, "format_errors": 0, "decisions": {"supported": 36, "other_or_general": 7}, "elapsed_seconds": 85.59788775444031}
{"event": "task_complete", "fold": 1, "completed": 44, "total": 297, "format_errors": 0, "decisions": {"supported": 36, "other_or_general": 8}, "elapsed_seconds": 87.06300234794617}
{"event": "task_complete", "fold": 1, "completed": 45, "total": 297, "format_errors": 0, "decisions": {"supported": 37, "other_or_general": 8}, "elapsed_seconds": 88.90643239021301}
{"event": "task_complete", "fold": 1, "completed": 46, "total": 297, "format_errors": 0, "decisions": {"supported": 38, "other_or_general": 8}, "elapsed_seconds": 91.1447217464447}
{"event": "task_complete", "fold": 1, "completed": 47, "total": 297, "format_errors": 0, "decisions": {"supported": 38, "other_or_general": 9}, "elapsed_seconds": 92.80485272407532}
{"event": "task_complete", "fold": 1, "completed": 48, "total": 297, "format_errors": 0, "decisions": {"supported": 39, "other_or_general": 9}, "elapsed_seconds": 94.32219386100769}
{"event": "task_complete", "fold": 1, "completed": 49, "total": 297, "format_errors": 0, "decisions": {"supported": 40, "other_or_general": 9}, "elapsed_seconds": 95.80887794494629}
{"event": "task_complete", "fold": 1, "completed": 50, "total": 297, "format_errors": 0, "decisions": {"supported": 41, "other_or_general": 9}, "elapsed_seconds": 97.67524242401123}
{"event": "task_complete", "fold": 1, "completed": 51, "total": 297, "format_errors": 0, "decisions": {"supported": 42, "other_or_general": 9}, "elapsed_seconds": 99.94602632522583}
{"event": "task_complete", "fold": 1, "completed": 52, "total": 297, "format_errors": 0, "decisions": {"supported": 43, "other_or_general": 9}, "elapsed_seconds": 101.92203688621521}
{"event": "task_complete", "fold": 1, "completed": 53, "total": 297, "format_errors": 0, "decisions": {"supported": 44, "other_or_general": 9}, "elapsed_seconds": 103.66006207466125}
{"event": "task_complete", "fold": 1, "completed": 54, "total": 297, "format_errors": 0, "decisions": {"supported": 45, "other_or_general": 9}, "elapsed_seconds": 105.06894207000732}
{"event": "task_complete", "fold": 1, "completed": 55, "total": 297, "format_errors": 0, "decisions": {"supported": 46, "other_or_general": 9}, "elapsed_seconds": 106.76629090309143}
{"event": "task_complete", "fold": 1, "completed": 56, "total": 297, "format_errors": 0, "decisions": {"supported": 47, "other_or_general": 9}, "elapsed_seconds": 108.15396308898926}
{"event": "task_complete", "fold": 1, "completed": 57, "total": 297, "format_errors": 0, "decisions": {"supported": 48, "other_or_general": 9}, "elapsed_seconds": 109.58079099655151}
{"event": "task_complete", "fold": 1, "completed": 58, "total": 297, "format_errors": 0, "decisions": {"supported": 49, "other_or_general": 9}, "elapsed_seconds": 111.43353986740112}
{"event": "task_complete", "fold": 1, "completed": 59, "total": 297, "format_errors": 0, "decisions": {"supported": 50, "other_or_general": 9}, "elapsed_seconds": 112.83191323280334}
{"event": "task_complete", "fold": 1, "completed": 60, "total": 297, "format_errors": 0, "decisions": {"supported": 51, "other_or_general": 9}, "elapsed_seconds": 115.06069707870483}
{"event": "task_complete", "fold": 1, "completed": 61, "total": 297, "format_errors": 0, "decisions": {"supported": 52, "other_or_general": 9}, "elapsed_seconds": 116.8038182258606}
{"event": "task_complete", "fold": 1, "completed": 62, "total": 297, "format_errors": 0, "decisions": {"supported": 53, "other_or_general": 9}, "elapsed_seconds": 118.28639650344849}
{"event": "task_complete", "fold": 1, "completed": 63, "total": 297, "format_errors": 0, "decisions": {"supported": 54, "other_or_general": 9}, "elapsed_seconds": 120.09463667869568}
{"event": "task_complete", "fold": 1, "completed": 64, "total": 297, "format_errors": 0, "decisions": {"supported": 55, "other_or_general": 9}, "elapsed_seconds": 121.77044320106506}
{"event": "task_complete", "fold": 1, "completed": 65, "total": 297, "format_errors": 0, "decisions": {"supported": 56, "other_or_general": 9}, "elapsed_seconds": 123.77697992324829}
{"event": "task_complete", "fold": 1, "completed": 66, "total": 297, "format_errors": 0, "decisions": {"supported": 57, "other_or_general": 9}, "elapsed_seconds": 125.40257978439331}
{"event": "task_complete", "fold": 1, "completed": 67, "total": 297, "format_errors": 0, "decisions": {"supported": 58, "other_or_general": 9}, "elapsed_seconds": 126.86681842803955}
{"event": "task_complete", "fold": 1, "completed": 68, "total": 297, "format_errors": 0, "decisions": {"supported": 59, "other_or_general": 9}, "elapsed_seconds": 129.03187656402588}
{"event": "task_complete", "fold": 1, "completed": 69, "total": 297, "format_errors": 0, "decisions": {"supported": 60, "other_or_general": 9}, "elapsed_seconds": 130.744065284729}
{"event": "task_complete", "fold": 1, "completed": 70, "total": 297, "format_errors": 0, "decisions": {"supported": 61, "other_or_general": 9}, "elapsed_seconds": 132.57509446144104}
{"event": "task_complete", "fold": 1, "completed": 71, "total": 297, "format_errors": 0, "decisions": {"supported": 62, "other_or_general": 9}, "elapsed_seconds": 134.05091166496277}
{"event": "task_complete", "fold": 1, "completed": 72, "total": 297, "format_errors": 0, "decisions": {"supported": 63, "other_or_general": 9}, "elapsed_seconds": 136.3993775844574}
{"event": "task_complete", "fold": 1, "completed": 73, "total": 297, "format_errors": 0, "decisions": {"supported": 64, "other_or_general": 9}, "elapsed_seconds": 137.8037097454071}
{"event": "task_complete", "fold": 1, "completed": 74, "total": 297, "format_errors": 0, "decisions": {"supported": 65, "other_or_general": 9}, "elapsed_seconds": 139.1940791606903}
{"event": "task_complete", "fold": 1, "completed": 75, "total": 297, "format_errors": 0, "decisions": {"supported": 66, "other_or_general": 9}, "elapsed_seconds": 140.42567420005798}
{"event": "task_complete", "fold": 1, "completed": 76, "total": 297, "format_errors": 0, "decisions": {"supported": 67, "other_or_general": 9}, "elapsed_seconds": 141.67642951011658}
{"event": "task_complete", "fold": 1, "completed": 77, "total": 297, "format_errors": 0, "decisions": {"supported": 67, "other_or_general": 10}, "elapsed_seconds": 143.87282633781433}
{"event": "task_complete", "fold": 1, "completed": 78, "total": 297, "format_errors": 0, "decisions": {"supported": 67, "other_or_general": 11}, "elapsed_seconds": 146.15945744514465}
{"event": "task_complete", "fold": 1, "completed": 79, "total": 297, "format_errors": 0, "decisions": {"supported": 67, "other_or_general": 12}, "elapsed_seconds": 148.0407259464264}
{"event": "task_complete", "fold": 1, "completed": 80, "total": 297, "format_errors": 0, "decisions": {"supported": 67, "other_or_general": 13}, "elapsed_seconds": 149.9666337966919}
{"event": "task_complete", "fold": 1, "completed": 81, "total": 297, "format_errors": 0, "decisions": {"supported": 68, "other_or_general": 13}, "elapsed_seconds": 151.76785445213318}
{"event": "task_complete", "fold": 1, "completed": 82, "total": 297, "format_errors": 0, "decisions": {"supported": 69, "other_or_general": 13}, "elapsed_seconds": 153.9001762866974}
{"event": "task_complete", "fold": 1, "completed": 83, "total": 297, "format_errors": 0, "decisions": {"supported": 70, "other_or_general": 13}, "elapsed_seconds": 155.60195875167847}
{"event": "task_complete", "fold": 1, "completed": 84, "total": 297, "format_errors": 0, "decisions": {"supported": 70, "other_or_general": 14}, "elapsed_seconds": 157.44592714309692}
{"event": "task_complete", "fold": 1, "completed": 85, "total": 297, "format_errors": 0, "decisions": {"supported": 70, "other_or_general": 15}, "elapsed_seconds": 159.08001446723938}
{"event": "task_complete", "fold": 1, "completed": 86, "total": 297, "format_errors": 0, "decisions": {"supported": 70, "other_or_general": 16}, "elapsed_seconds": 160.79759287834167}
{"event": "task_complete", "fold": 1, "completed": 87, "total": 297, "format_errors": 0, "decisions": {"supported": 70, "other_or_general": 17}, "elapsed_seconds": 162.54812860488892}
{"event": "task_complete", "fold": 1, "completed": 88, "total": 297, "format_errors": 0, "decisions": {"supported": 70, "other_or_general": 18}, "elapsed_seconds": 164.1326162815094}
{"event": "task_complete", "fold": 1, "completed": 89, "total": 297, "format_errors": 0, "decisions": {"supported": 70, "other_or_general": 19}, "elapsed_seconds": 165.88024163246155}
{"event": "task_complete", "fold": 1, "completed": 90, "total": 297, "format_errors": 0, "decisions": {"supported": 71, "other_or_general": 19}, "elapsed_seconds": 167.30395340919495}
{"event": "task_complete", "fold": 1, "completed": 91, "total": 297, "format_errors": 0, "decisions": {"supported": 72, "other_or_general": 19}, "elapsed_seconds": 169.0677454471588}
{"event": "task_complete", "fold": 1, "completed": 92, "total": 297, "format_errors": 0, "decisions": {"supported": 72, "other_or_general": 20}, "elapsed_seconds": 170.6967258453369}
{"event": "task_complete", "fold": 1, "completed": 93, "total": 297, "format_errors": 0, "decisions": {"supported": 72, "other_or_general": 21}, "elapsed_seconds": 172.80375218391418}
{"event": "task_complete", "fold": 1, "completed": 94, "total": 297, "format_errors": 0, "decisions": {"supported": 72, "other_or_general": 22}, "elapsed_seconds": 174.52048134803772}
{"event": "task_complete", "fold": 1, "completed": 95, "total": 297, "format_errors": 0, "decisions": {"supported": 72, "other_or_general": 23}, "elapsed_seconds": 177.02625465393066}
{"event": "task_complete", "fold": 1, "completed": 96, "total": 297, "format_errors": 0, "decisions": {"supported": 72, "other_or_general": 24}, "elapsed_seconds": 179.27353715896606}
{"event": "task_complete", "fold": 1, "completed": 97, "total": 297, "format_errors": 0, "decisions": {"supported": 73, "other_or_general": 24}, "elapsed_seconds": 180.5696668624878}
{"event": "task_complete", "fold": 1, "completed": 98, "total": 297, "format_errors": 0, "decisions": {"supported": 74, "other_or_general": 24}, "elapsed_seconds": 181.8428168296814}
{"event": "task_complete", "fold": 1, "completed": 99, "total": 297, "format_errors": 0, "decisions": {"supported": 74, "other_or_general": 25}, "elapsed_seconds": 183.24217557907104}
{"event": "task_complete", "fold": 1, "completed": 100, "total": 297, "format_errors": 0, "decisions": {"supported": 75, "other_or_general": 25}, "elapsed_seconds": 184.78585958480835}
{"event": "task_complete", "fold": 1, "completed": 101, "total": 297, "format_errors": 0, "decisions": {"supported": 76, "other_or_general": 25}, "elapsed_seconds": 186.47046828269958}
{"event": "task_complete", "fold": 1, "completed": 102, "total": 297, "format_errors": 0, "decisions": {"supported": 77, "other_or_general": 25}, "elapsed_seconds": 188.34769749641418}
{"event": "task_complete", "fold": 1, "completed": 103, "total": 297, "format_errors": 0, "decisions": {"supported": 78, "other_or_general": 25}, "elapsed_seconds": 190.37755680084229}
{"event": "task_complete", "fold": 1, "completed": 104, "total": 297, "format_errors": 0, "decisions": {"supported": 79, "other_or_general": 25}, "elapsed_seconds": 191.91758584976196}
{"event": "task_complete", "fold": 1, "completed": 105, "total": 297, "format_errors": 0, "decisions": {"supported": 80, "other_or_general": 25}, "elapsed_seconds": 193.6021716594696}
{"event": "task_complete", "fold": 1, "completed": 106, "total": 297, "format_errors": 0, "decisions": {"supported": 80, "other_or_general": 26}, "elapsed_seconds": 195.75432538986206}
{"event": "task_complete", "fold": 1, "completed": 107, "total": 297, "format_errors": 0, "decisions": {"supported": 81, "other_or_general": 26}, "elapsed_seconds": 197.30345106124878}
{"event": "task_complete", "fold": 1, "completed": 108, "total": 297, "format_errors": 0, "decisions": {"supported": 81, "other_or_general": 27}, "elapsed_seconds": 198.9490032196045}
{"event": "task_complete", "fold": 1, "completed": 109, "total": 297, "format_errors": 0, "decisions": {"supported": 81, "other_or_general": 28}, "elapsed_seconds": 201.25734734535217}
{"event": "task_complete", "fold": 1, "completed": 110, "total": 297, "format_errors": 0, "decisions": {"supported": 81, "other_or_general": 29}, "elapsed_seconds": 203.29394125938416}
{"event": "task_complete", "fold": 1, "completed": 111, "total": 297, "format_errors": 0, "decisions": {"supported": 81, "other_or_general": 30}, "elapsed_seconds": 204.80805110931396}
{"event": "task_complete", "fold": 1, "completed": 112, "total": 297, "format_errors": 0, "decisions": {"supported": 81, "other_or_general": 31}, "elapsed_seconds": 206.33123898506165}
{"event": "task_complete", "fold": 1, "completed": 113, "total": 297, "format_errors": 0, "decisions": {"supported": 81, "other_or_general": 32}, "elapsed_seconds": 207.90068364143372}
{"event": "task_complete", "fold": 1, "completed": 114, "total": 297, "format_errors": 0, "decisions": {"supported": 82, "other_or_general": 32}, "elapsed_seconds": 209.54457783699036}
{"event": "task_complete", "fold": 1, "completed": 115, "total": 297, "format_errors": 0, "decisions": {"supported": 83, "other_or_general": 32}, "elapsed_seconds": 211.25823998451233}
{"event": "task_complete", "fold": 1, "completed": 116, "total": 297, "format_errors": 0, "decisions": {"supported": 84, "other_or_general": 32}, "elapsed_seconds": 213.00636219978333}
{"event": "task_complete", "fold": 1, "completed": 117, "total": 297, "format_errors": 0, "decisions": {"supported": 85, "other_or_general": 32}, "elapsed_seconds": 214.501451253891}
{"event": "task_complete", "fold": 1, "completed": 118, "total": 297, "format_errors": 0, "decisions": {"supported": 86, "other_or_general": 32}, "elapsed_seconds": 215.88672971725464}
{"event": "task_complete", "fold": 1, "completed": 119, "total": 297, "format_errors": 0, "decisions": {"supported": 87, "other_or_general": 32}, "elapsed_seconds": 217.31288886070251}
{"event": "task_complete", "fold": 1, "completed": 120, "total": 297, "format_errors": 0, "decisions": {"supported": 88, "other_or_general": 32}, "elapsed_seconds": 218.42291259765625}
{"event": "task_complete", "fold": 1, "completed": 121, "total": 297, "format_errors": 0, "decisions": {"supported": 89, "other_or_general": 32}, "elapsed_seconds": 219.56773948669434}
{"event": "task_complete", "fold": 1, "completed": 122, "total": 297, "format_errors": 0, "decisions": {"supported": 90, "other_or_general": 32}, "elapsed_seconds": 220.70957565307617}
{"event": "task_complete", "fold": 1, "completed": 123, "total": 297, "format_errors": 0, "decisions": {"supported": 91, "other_or_general": 32}, "elapsed_seconds": 221.8498134613037}
{"event": "task_complete", "fold": 1, "completed": 124, "total": 297, "format_errors": 0, "decisions": {"supported": 92, "other_or_general": 32}, "elapsed_seconds": 223.22380304336548}
{"event": "task_complete", "fold": 1, "completed": 125, "total": 297, "format_errors": 0, "decisions": {"supported": 93, "other_or_general": 32}, "elapsed_seconds": 225.64744329452515}
{"event": "task_complete", "fold": 1, "completed": 126, "total": 297, "format_errors": 0, "decisions": {"supported": 94, "other_or_general": 32}, "elapsed_seconds": 227.55557584762573}
{"event": "task_complete", "fold": 1, "completed": 127, "total": 297, "format_errors": 0, "decisions": {"supported": 95, "other_or_general": 32}, "elapsed_seconds": 229.80488801002502}
{"event": "task_complete", "fold": 1, "completed": 128, "total": 297, "format_errors": 0, "decisions": {"supported": 96, "other_or_general": 32}, "elapsed_seconds": 232.26804089546204}
{"event": "task_complete", "fold": 1, "completed": 129, "total": 297, "format_errors": 0, "decisions": {"supported": 97, "other_or_general": 32}, "elapsed_seconds": 233.90332889556885}
{"event": "task_complete", "fold": 1, "completed": 130, "total": 297, "format_errors": 0, "decisions": {"supported": 98, "other_or_general": 32}, "elapsed_seconds": 235.65995597839355}
{"event": "task_complete", "fold": 1, "completed": 131, "total": 297, "format_errors": 0, "decisions": {"supported": 99, "other_or_general": 32}, "elapsed_seconds": 237.82113075256348}
{"event": "task_complete", "fold": 1, "completed": 132, "total": 297, "format_errors": 0, "decisions": {"supported": 100, "other_or_general": 32}, "elapsed_seconds": 239.66996479034424}
{"event": "task_complete", "fold": 1, "completed": 133, "total": 297, "format_errors": 0, "decisions": {"supported": 101, "other_or_general": 32}, "elapsed_seconds": 241.28630423545837}
{"event": "task_complete", "fold": 1, "completed": 134, "total": 297, "format_errors": 0, "decisions": {"supported": 102, "other_or_general": 32}, "elapsed_seconds": 242.8850440979004}
{"event": "task_complete", "fold": 1, "completed": 135, "total": 297, "format_errors": 0, "decisions": {"supported": 103, "other_or_general": 32}, "elapsed_seconds": 244.55186486244202}
{"event": "task_complete", "fold": 1, "completed": 136, "total": 297, "format_errors": 0, "decisions": {"supported": 104, "other_or_general": 32}, "elapsed_seconds": 247.23900389671326}
{"event": "task_complete", "fold": 1, "completed": 137, "total": 297, "format_errors": 0, "decisions": {"supported": 105, "other_or_general": 32}, "elapsed_seconds": 250.04253482818604}
{"event": "task_complete", "fold": 1, "completed": 138, "total": 297, "format_errors": 0, "decisions": {"supported": 106, "other_or_general": 32}, "elapsed_seconds": 252.65281581878662}
{"event": "task_complete", "fold": 1, "completed": 139, "total": 297, "format_errors": 0, "decisions": {"supported": 107, "other_or_general": 32}, "elapsed_seconds": 255.36031413078308}
{"event": "task_complete", "fold": 1, "completed": 140, "total": 297, "format_errors": 0, "decisions": {"supported": 108, "other_or_general": 32}, "elapsed_seconds": 257.46912384033203}
{"event": "task_complete", "fold": 1, "completed": 141, "total": 297, "format_errors": 0, "decisions": {"supported": 109, "other_or_general": 32}, "elapsed_seconds": 259.50664138793945}
{"event": "task_complete", "fold": 1, "completed": 142, "total": 297, "format_errors": 0, "decisions": {"supported": 110, "other_or_general": 32}, "elapsed_seconds": 261.5282416343689}
{"event": "task_complete", "fold": 1, "completed": 143, "total": 297, "format_errors": 0, "decisions": {"supported": 111, "other_or_general": 32}, "elapsed_seconds": 264.2226710319519}
{"event": "task_complete", "fold": 1, "completed": 144, "total": 297, "format_errors": 0, "decisions": {"supported": 112, "other_or_general": 32}, "elapsed_seconds": 267.01819252967834}
{"event": "task_complete", "fold": 1, "completed": 145, "total": 297, "format_errors": 0, "decisions": {"supported": 113, "other_or_general": 32}, "elapsed_seconds": 269.22299814224243}
{"event": "task_complete", "fold": 1, "completed": 146, "total": 297, "format_errors": 0, "decisions": {"supported": 114, "other_or_general": 32}, "elapsed_seconds": 271.4277286529541}
{"event": "task_complete", "fold": 1, "completed": 147, "total": 297, "format_errors": 0, "decisions": {"supported": 115, "other_or_general": 32}, "elapsed_seconds": 273.63790798187256}
{"event": "task_complete", "fold": 1, "completed": 148, "total": 297, "format_errors": 0, "decisions": {"supported": 116, "other_or_general": 32}, "elapsed_seconds": 275.8742151260376}
{"event": "task_complete", "fold": 1, "completed": 149, "total": 297, "format_errors": 0, "decisions": {"supported": 116, "other_or_general": 33}, "elapsed_seconds": 278.4296188354492}
{"event": "task_complete", "fold": 1, "completed": 150, "total": 297, "format_errors": 0, "decisions": {"supported": 116, "other_or_general": 34}, "elapsed_seconds": 281.22852087020874}
{"event": "task_complete", "fold": 1, "completed": 151, "total": 297, "format_errors": 0, "decisions": {"supported": 116, "other_or_general": 35}, "elapsed_seconds": 284.0416944026947}
{"event": "task_complete", "fold": 1, "completed": 152, "total": 297, "format_errors": 0, "decisions": {"supported": 116, "other_or_general": 36}, "elapsed_seconds": 286.859090089798}
{"event": "task_complete", "fold": 1, "completed": 153, "total": 297, "format_errors": 0, "decisions": {"supported": 116, "other_or_general": 37}, "elapsed_seconds": 288.8383219242096}
{"event": "task_complete", "fold": 1, "completed": 154, "total": 297, "format_errors": 0, "decisions": {"supported": 117, "other_or_general": 37}, "elapsed_seconds": 290.7743480205536}
{"event": "task_complete", "fold": 1, "completed": 155, "total": 297, "format_errors": 0, "decisions": {"supported": 118, "other_or_general": 37}, "elapsed_seconds": 293.29710054397583}
{"event": "task_complete", "fold": 1, "completed": 156, "total": 297, "format_errors": 0, "decisions": {"supported": 119, "other_or_general": 37}, "elapsed_seconds": 295.25632762908936}
{"event": "task_complete", "fold": 1, "completed": 157, "total": 297, "format_errors": 0, "decisions": {"supported": 120, "other_or_general": 37}, "elapsed_seconds": 296.994015455246}
{"event": "task_complete", "fold": 1, "completed": 158, "total": 297, "format_errors": 0, "decisions": {"supported": 121, "other_or_general": 37}, "elapsed_seconds": 298.7322452068329}
{"event": "task_complete", "fold": 1, "completed": 159, "total": 297, "format_errors": 0, "decisions": {"supported": 122, "other_or_general": 37}, "elapsed_seconds": 300.7471613883972}
{"event": "task_complete", "fold": 1, "completed": 160, "total": 297, "format_errors": 0, "decisions": {"supported": 123, "other_or_general": 37}, "elapsed_seconds": 302.71162819862366}
{"event": "task_complete", "fold": 1, "completed": 161, "total": 297, "format_errors": 0, "decisions": {"supported": 124, "other_or_general": 37}, "elapsed_seconds": 304.59001779556274}
{"event": "task_complete", "fold": 1, "completed": 162, "total": 297, "format_errors": 0, "decisions": {"supported": 125, "other_or_general": 37}, "elapsed_seconds": 306.5232586860657}
{"event": "task_complete", "fold": 1, "completed": 163, "total": 297, "format_errors": 0, "decisions": {"supported": 126, "other_or_general": 37}, "elapsed_seconds": 308.1522994041443}
{"event": "task_complete", "fold": 1, "completed": 164, "total": 297, "format_errors": 0, "decisions": {"supported": 127, "other_or_general": 37}, "elapsed_seconds": 309.9655063152313}
{"event": "task_complete", "fold": 1, "completed": 165, "total": 297, "format_errors": 0, "decisions": {"supported": 128, "other_or_general": 37}, "elapsed_seconds": 311.82415866851807}
{"event": "task_complete", "fold": 1, "completed": 166, "total": 297, "format_errors": 0, "decisions": {"supported": 129, "other_or_general": 37}, "elapsed_seconds": 313.5519495010376}
{"event": "task_complete", "fold": 1, "completed": 167, "total": 297, "format_errors": 0, "decisions": {"supported": 130, "other_or_general": 37}, "elapsed_seconds": 315.7458121776581}
{"event": "task_complete", "fold": 1, "completed": 168, "total": 297, "format_errors": 0, "decisions": {"supported": 131, "other_or_general": 37}, "elapsed_seconds": 317.427090883255}
{"event": "task_complete", "fold": 1, "completed": 169, "total": 297, "format_errors": 0, "decisions": {"supported": 132, "other_or_general": 37}, "elapsed_seconds": 319.1343529224396}
{"event": "task_complete", "fold": 1, "completed": 170, "total": 297, "format_errors": 0, "decisions": {"supported": 133, "other_or_general": 37}, "elapsed_seconds": 320.5612530708313}
{"event": "task_complete", "fold": 1, "completed": 171, "total": 297, "format_errors": 0, "decisions": {"supported": 134, "other_or_general": 37}, "elapsed_seconds": 322.17975544929504}
{"event": "task_complete", "fold": 1, "completed": 172, "total": 297, "format_errors": 0, "decisions": {"supported": 134, "other_or_general": 38}, "elapsed_seconds": 323.9284167289734}
{"event": "task_complete", "fold": 1, "completed": 173, "total": 297, "format_errors": 0, "decisions": {"supported": 135, "other_or_general": 38}, "elapsed_seconds": 325.539213180542}
{"event": "task_complete", "fold": 1, "completed": 174, "total": 297, "format_errors": 0, "decisions": {"supported": 136, "other_or_general": 38}, "elapsed_seconds": 327.6644010543823}
{"event": "task_complete", "fold": 1, "completed": 175, "total": 297, "format_errors": 0, "decisions": {"supported": 137, "other_or_general": 38}, "elapsed_seconds": 329.52344965934753}
{"event": "task_complete", "fold": 1, "completed": 176, "total": 297, "format_errors": 0, "decisions": {"supported": 138, "other_or_general": 38}, "elapsed_seconds": 331.53828597068787}
{"event": "task_complete", "fold": 1, "completed": 177, "total": 297, "format_errors": 0, "decisions": {"supported": 139, "other_or_general": 38}, "elapsed_seconds": 333.57686972618103}
{"event": "task_complete", "fold": 1, "completed": 178, "total": 297, "format_errors": 0, "decisions": {"supported": 140, "other_or_general": 38}, "elapsed_seconds": 335.55875515937805}
{"event": "task_complete", "fold": 1, "completed": 179, "total": 297, "format_errors": 0, "decisions": {"supported": 141, "other_or_general": 38}, "elapsed_seconds": 337.52837657928467}
{"event": "task_complete", "fold": 1, "completed": 180, "total": 297, "format_errors": 0, "decisions": {"supported": 141, "other_or_general": 39}, "elapsed_seconds": 339.3897113800049}
{"event": "task_complete", "fold": 1, "completed": 181, "total": 297, "format_errors": 0, "decisions": {"supported": 142, "other_or_general": 39}, "elapsed_seconds": 341.2808749675751}
{"event": "task_complete", "fold": 1, "completed": 182, "total": 297, "format_errors": 0, "decisions": {"supported": 143, "other_or_general": 39}, "elapsed_seconds": 342.9626007080078}
{"event": "task_complete", "fold": 1, "completed": 183, "total": 297, "format_errors": 0, "decisions": {"supported": 144, "other_or_general": 39}, "elapsed_seconds": 344.71914052963257}
{"event": "task_complete", "fold": 1, "completed": 184, "total": 297, "format_errors": 0, "decisions": {"supported": 145, "other_or_general": 39}, "elapsed_seconds": 346.81358528137207}
{"event": "task_complete", "fold": 1, "completed": 185, "total": 297, "format_errors": 0, "decisions": {"supported": 146, "other_or_general": 39}, "elapsed_seconds": 348.2935678958893}
{"event": "task_complete", "fold": 1, "completed": 186, "total": 297, "format_errors": 0, "decisions": {"supported": 147, "other_or_general": 39}, "elapsed_seconds": 349.72470688819885}
{"event": "task_complete", "fold": 1, "completed": 187, "total": 297, "format_errors": 0, "decisions": {"supported": 148, "other_or_general": 39}, "elapsed_seconds": 351.1348648071289}
{"event": "task_complete", "fold": 1, "completed": 188, "total": 297, "format_errors": 0, "decisions": {"supported": 149, "other_or_general": 39}, "elapsed_seconds": 352.32781744003296}
{"event": "task_complete", "fold": 1, "completed": 189, "total": 297, "format_errors": 0, "decisions": {"supported": 150, "other_or_general": 39}, "elapsed_seconds": 353.83267736434937}
{"event": "task_complete", "fold": 1, "completed": 190, "total": 297, "format_errors": 0, "decisions": {"supported": 151, "other_or_general": 39}, "elapsed_seconds": 355.18744015693665}
{"event": "task_complete", "fold": 1, "completed": 191, "total": 297, "format_errors": 0, "decisions": {"supported": 152, "other_or_general": 39}, "elapsed_seconds": 356.4192535877228}
{"event": "task_complete", "fold": 1, "completed": 192, "total": 297, "format_errors": 0, "decisions": {"supported": 153, "other_or_general": 39}, "elapsed_seconds": 357.79171657562256}
{"event": "task_complete", "fold": 1, "completed": 193, "total": 297, "format_errors": 0, "decisions": {"supported": 153, "other_or_general": 40}, "elapsed_seconds": 359.60607838630676}
{"event": "task_complete", "fold": 1, "completed": 194, "total": 297, "format_errors": 0, "decisions": {"supported": 154, "other_or_general": 40}, "elapsed_seconds": 360.8530168533325}
{"event": "task_complete", "fold": 1, "completed": 195, "total": 297, "format_errors": 0, "decisions": {"supported": 155, "other_or_general": 40}, "elapsed_seconds": 362.09558391571045}
{"event": "task_complete", "fold": 1, "completed": 196, "total": 297, "format_errors": 0, "decisions": {"supported": 156, "other_or_general": 40}, "elapsed_seconds": 363.3338861465454}
{"event": "task_complete", "fold": 1, "completed": 197, "total": 297, "format_errors": 0, "decisions": {"supported": 157, "other_or_general": 40}, "elapsed_seconds": 364.93873476982117}
{"event": "task_complete", "fold": 1, "completed": 198, "total": 297, "format_errors": 0, "decisions": {"supported": 158, "other_or_general": 40}, "elapsed_seconds": 366.2453844547272}
{"event": "task_complete", "fold": 1, "completed": 199, "total": 297, "format_errors": 0, "decisions": {"supported": 159, "other_or_general": 40}, "elapsed_seconds": 367.5508155822754}
{"event": "task_complete", "fold": 1, "completed": 200, "total": 297, "format_errors": 0, "decisions": {"supported": 160, "other_or_general": 40}, "elapsed_seconds": 368.87890911102295}
{"event": "task_complete", "fold": 1, "completed": 201, "total": 297, "format_errors": 0, "decisions": {"supported": 161, "other_or_general": 40}, "elapsed_seconds": 370.18277502059937}
{"event": "task_complete", "fold": 1, "completed": 202, "total": 297, "format_errors": 0, "decisions": {"supported": 162, "other_or_general": 40}, "elapsed_seconds": 371.44791865348816}
{"event": "task_complete", "fold": 1, "completed": 203, "total": 297, "format_errors": 0, "decisions": {"supported": 163, "other_or_general": 40}, "elapsed_seconds": 373.5150978565216}
{"event": "task_complete", "fold": 1, "completed": 204, "total": 297, "format_errors": 0, "decisions": {"supported": 164, "other_or_general": 40}, "elapsed_seconds": 375.47231698036194}
{"event": "task_complete", "fold": 1, "completed": 205, "total": 297, "format_errors": 0, "decisions": {"supported": 165, "other_or_general": 40}, "elapsed_seconds": 377.56036901474}
{"event": "task_complete", "fold": 1, "completed": 206, "total": 297, "format_errors": 0, "decisions": {"supported": 166, "other_or_general": 40}, "elapsed_seconds": 378.77040243148804}
{"event": "task_complete", "fold": 1, "completed": 207, "total": 297, "format_errors": 0, "decisions": {"supported": 167, "other_or_general": 40}, "elapsed_seconds": 380.2625961303711}
{"event": "task_complete", "fold": 1, "completed": 208, "total": 297, "format_errors": 0, "decisions": {"supported": 168, "other_or_general": 40}, "elapsed_seconds": 381.9710669517517}
{"event": "task_complete", "fold": 1, "completed": 209, "total": 297, "format_errors": 0, "decisions": {"supported": 169, "other_or_general": 40}, "elapsed_seconds": 383.6837682723999}
{"event": "task_complete", "fold": 1, "completed": 210, "total": 297, "format_errors": 0, "decisions": {"supported": 170, "other_or_general": 40}, "elapsed_seconds": 385.47066259384155}
{"event": "task_complete", "fold": 1, "completed": 211, "total": 297, "format_errors": 0, "decisions": {"supported": 171, "other_or_general": 40}, "elapsed_seconds": 387.24980092048645}
{"event": "task_complete", "fold": 1, "completed": 212, "total": 297, "format_errors": 0, "decisions": {"supported": 172, "other_or_general": 40}, "elapsed_seconds": 389.0976324081421}
{"event": "task_complete", "fold": 1, "completed": 213, "total": 297, "format_errors": 0, "decisions": {"supported": 173, "other_or_general": 40}, "elapsed_seconds": 390.32008171081543}
{"event": "task_complete", "fold": 1, "completed": 214, "total": 297, "format_errors": 0, "decisions": {"supported": 174, "other_or_general": 40}, "elapsed_seconds": 391.66257071495056}
{"event": "task_complete", "fold": 1, "completed": 215, "total": 297, "format_errors": 0, "decisions": {"supported": 175, "other_or_general": 40}, "elapsed_seconds": 393.4358458518982}
{"event": "task_complete", "fold": 1, "completed": 216, "total": 297, "format_errors": 0, "decisions": {"supported": 176, "other_or_general": 40}, "elapsed_seconds": 395.108496427536}
{"event": "task_complete", "fold": 1, "completed": 217, "total": 297, "format_errors": 0, "decisions": {"supported": 177, "other_or_general": 40}, "elapsed_seconds": 397.1078989505768}
{"event": "task_complete", "fold": 1, "completed": 218, "total": 297, "format_errors": 0, "decisions": {"supported": 178, "other_or_general": 40}, "elapsed_seconds": 398.9969656467438}
{"event": "task_complete", "fold": 1, "completed": 219, "total": 297, "format_errors": 0, "decisions": {"supported": 179, "other_or_general": 40}, "elapsed_seconds": 400.69917154312134}
{"event": "task_complete", "fold": 1, "completed": 220, "total": 297, "format_errors": 0, "decisions": {"supported": 180, "other_or_general": 40}, "elapsed_seconds": 402.5293390750885}
{"event": "task_complete", "fold": 1, "completed": 221, "total": 297, "format_errors": 0, "decisions": {"supported": 181, "other_or_general": 40}, "elapsed_seconds": 404.4626519680023}
{"event": "task_complete", "fold": 1, "completed": 222, "total": 297, "format_errors": 0, "decisions": {"supported": 182, "other_or_general": 40}, "elapsed_seconds": 406.3997302055359}
{"event": "task_complete", "fold": 1, "completed": 223, "total": 297, "format_errors": 0, "decisions": {"supported": 183, "other_or_general": 40}, "elapsed_seconds": 408.4198055267334}
{"event": "task_complete", "fold": 1, "completed": 224, "total": 297, "format_errors": 0, "decisions": {"supported": 184, "other_or_general": 40}, "elapsed_seconds": 410.15183877944946}
{"event": "task_complete", "fold": 1, "completed": 225, "total": 297, "format_errors": 0, "decisions": {"supported": 185, "other_or_general": 40}, "elapsed_seconds": 411.9198911190033}
{"event": "task_complete", "fold": 1, "completed": 226, "total": 297, "format_errors": 0, "decisions": {"supported": 186, "other_or_general": 40}, "elapsed_seconds": 413.65815114974976}
{"event": "task_complete", "fold": 1, "completed": 227, "total": 297, "format_errors": 0, "decisions": {"supported": 187, "other_or_general": 40}, "elapsed_seconds": 415.36560249328613}
{"event": "task_complete", "fold": 1, "completed": 228, "total": 297, "format_errors": 0, "decisions": {"supported": 187, "other_or_general": 41}, "elapsed_seconds": 416.92684388160706}
{"event": "task_complete", "fold": 1, "completed": 229, "total": 297, "format_errors": 0, "decisions": {"supported": 188, "other_or_general": 41}, "elapsed_seconds": 418.2092640399933}
{"event": "task_complete", "fold": 1, "completed": 230, "total": 297, "format_errors": 0, "decisions": {"supported": 189, "other_or_general": 41}, "elapsed_seconds": 419.6705274581909}
{"event": "task_complete", "fold": 1, "completed": 231, "total": 297, "format_errors": 0, "decisions": {"supported": 190, "other_or_general": 41}, "elapsed_seconds": 420.8990213871002}
{"event": "task_complete", "fold": 1, "completed": 232, "total": 297, "format_errors": 0, "decisions": {"supported": 191, "other_or_general": 41}, "elapsed_seconds": 422.0545539855957}
{"event": "task_complete", "fold": 1, "completed": 233, "total": 297, "format_errors": 0, "decisions": {"supported": 192, "other_or_general": 41}, "elapsed_seconds": 423.754109621048}
{"event": "task_complete", "fold": 1, "completed": 234, "total": 297, "format_errors": 0, "decisions": {"supported": 193, "other_or_general": 41}, "elapsed_seconds": 425.484233379364}
{"event": "task_complete", "fold": 1, "completed": 235, "total": 297, "format_errors": 0, "decisions": {"supported": 193, "other_or_general": 42}, "elapsed_seconds": 426.97378611564636}
{"event": "task_complete", "fold": 1, "completed": 236, "total": 297, "format_errors": 0, "decisions": {"supported": 194, "other_or_general": 42}, "elapsed_seconds": 428.2800838947296}
{"event": "task_complete", "fold": 1, "completed": 237, "total": 297, "format_errors": 0, "decisions": {"supported": 194, "other_or_general": 43}, "elapsed_seconds": 429.76821088790894}
{"event": "task_complete", "fold": 1, "completed": 238, "total": 297, "format_errors": 0, "decisions": {"supported": 195, "other_or_general": 43}, "elapsed_seconds": 432.18522238731384}
{"event": "task_complete", "fold": 1, "completed": 239, "total": 297, "format_errors": 0, "decisions": {"supported": 196, "other_or_general": 43}, "elapsed_seconds": 434.2284219264984}
{"event": "task_complete", "fold": 1, "completed": 240, "total": 297, "format_errors": 0, "decisions": {"supported": 197, "other_or_general": 43}, "elapsed_seconds": 436.80529856681824}
{"event": "task_complete", "fold": 1, "completed": 241, "total": 297, "format_errors": 0, "decisions": {"supported": 198, "other_or_general": 43}, "elapsed_seconds": 439.4071259498596}
{"event": "task_complete", "fold": 1, "completed": 242, "total": 297, "format_errors": 0, "decisions": {"supported": 199, "other_or_general": 43}, "elapsed_seconds": 441.8479070663452}
{"event": "task_complete", "fold": 1, "completed": 243, "total": 297, "format_errors": 0, "decisions": {"supported": 200, "other_or_general": 43}, "elapsed_seconds": 443.481520652771}
{"event": "task_complete", "fold": 1, "completed": 244, "total": 297, "format_errors": 0, "decisions": {"supported": 201, "other_or_general": 43}, "elapsed_seconds": 445.12316632270813}
{"event": "task_complete", "fold": 1, "completed": 245, "total": 297, "format_errors": 0, "decisions": {"supported": 202, "other_or_general": 43}, "elapsed_seconds": 446.6951537132263}
{"event": "task_complete", "fold": 1, "completed": 246, "total": 297, "format_errors": 0, "decisions": {"supported": 203, "other_or_general": 43}, "elapsed_seconds": 448.3568515777588}
{"event": "task_complete", "fold": 1, "completed": 247, "total": 297, "format_errors": 0, "decisions": {"supported": 204, "other_or_general": 43}, "elapsed_seconds": 450.5020258426666}
{"event": "task_complete", "fold": 1, "completed": 248, "total": 297, "format_errors": 0, "decisions": {"supported": 204, "other_or_general": 44}, "elapsed_seconds": 452.295850276947}
{"event": "task_complete", "fold": 1, "completed": 249, "total": 297, "format_errors": 0, "decisions": {"supported": 205, "other_or_general": 44}, "elapsed_seconds": 454.13440561294556}
{"event": "task_complete", "fold": 1, "completed": 250, "total": 297, "format_errors": 0, "decisions": {"supported": 206, "other_or_general": 44}, "elapsed_seconds": 455.93629908561707}
{"event": "task_complete", "fold": 1, "completed": 251, "total": 297, "format_errors": 0, "decisions": {"supported": 207, "other_or_general": 44}, "elapsed_seconds": 457.9616777896881}
{"event": "task_complete", "fold": 1, "completed": 252, "total": 297, "format_errors": 0, "decisions": {"supported": 208, "other_or_general": 44}, "elapsed_seconds": 459.9625151157379}
{"event": "task_complete", "fold": 1, "completed": 253, "total": 297, "format_errors": 0, "decisions": {"supported": 209, "other_or_general": 44}, "elapsed_seconds": 461.6285972595215}
{"event": "task_complete", "fold": 1, "completed": 254, "total": 297, "format_errors": 0, "decisions": {"supported": 210, "other_or_general": 44}, "elapsed_seconds": 463.2879960536957}
{"event": "task_complete", "fold": 1, "completed": 255, "total": 297, "format_errors": 0, "decisions": {"supported": 211, "other_or_general": 44}, "elapsed_seconds": 464.6582033634186}
{"event": "task_complete", "fold": 1, "completed": 256, "total": 297, "format_errors": 0, "decisions": {"supported": 212, "other_or_general": 44}, "elapsed_seconds": 466.0103220939636}
{"event": "task_complete", "fold": 1, "completed": 257, "total": 297, "format_errors": 0, "decisions": {"supported": 213, "other_or_general": 44}, "elapsed_seconds": 467.51993799209595}
{"event": "task_complete", "fold": 1, "completed": 258, "total": 297, "format_errors": 0, "decisions": {"supported": 214, "other_or_general": 44}, "elapsed_seconds": 469.0798251628876}
{"event": "task_complete", "fold": 1, "completed": 259, "total": 297, "format_errors": 0, "decisions": {"supported": 215, "other_or_general": 44}, "elapsed_seconds": 470.4678330421448}
{"event": "task_complete", "fold": 1, "completed": 260, "total": 297, "format_errors": 0, "decisions": {"supported": 216, "other_or_general": 44}, "elapsed_seconds": 471.9788691997528}
{"event": "task_complete", "fold": 1, "completed": 261, "total": 297, "format_errors": 0, "decisions": {"supported": 217, "other_or_general": 44}, "elapsed_seconds": 473.530385017395}
{"event": "task_complete", "fold": 1, "completed": 262, "total": 297, "format_errors": 0, "decisions": {"supported": 217, "other_or_general": 45}, "elapsed_seconds": 474.8956823348999}
{"event": "task_complete", "fold": 1, "completed": 263, "total": 297, "format_errors": 0, "decisions": {"supported": 217, "other_or_general": 46}, "elapsed_seconds": 476.27419424057007}
{"event": "task_complete", "fold": 1, "completed": 264, "total": 297, "format_errors": 0, "decisions": {"supported": 218, "other_or_general": 46}, "elapsed_seconds": 477.5382180213928}
{"event": "task_complete", "fold": 1, "completed": 265, "total": 297, "format_errors": 0, "decisions": {"supported": 218, "other_or_general": 47}, "elapsed_seconds": 479.91182589530945}
{"event": "task_complete", "fold": 1, "completed": 266, "total": 297, "format_errors": 0, "decisions": {"supported": 219, "other_or_general": 47}, "elapsed_seconds": 481.2721846103668}
{"event": "task_complete", "fold": 1, "completed": 267, "total": 297, "format_errors": 0, "decisions": {"supported": 219, "other_or_general": 48}, "elapsed_seconds": 483.5341558456421}
{"event": "task_complete", "fold": 1, "completed": 268, "total": 297, "format_errors": 0, "decisions": {"supported": 219, "other_or_general": 49}, "elapsed_seconds": 485.8116853237152}
{"event": "task_complete", "fold": 1, "completed": 269, "total": 297, "format_errors": 0, "decisions": {"supported": 219, "other_or_general": 50}, "elapsed_seconds": 488.08208203315735}
{"event": "task_complete", "fold": 1, "completed": 270, "total": 297, "format_errors": 0, "decisions": {"supported": 220, "other_or_general": 50}, "elapsed_seconds": 490.08976125717163}
{"event": "task_complete", "fold": 1, "completed": 271, "total": 297, "format_errors": 0, "decisions": {"supported": 220, "other_or_general": 51}, "elapsed_seconds": 491.4988396167755}
{"event": "task_complete", "fold": 1, "completed": 272, "total": 297, "format_errors": 0, "decisions": {"supported": 220, "other_or_general": 52}, "elapsed_seconds": 492.8736460208893}
{"event": "task_complete", "fold": 1, "completed": 273, "total": 297, "format_errors": 0, "decisions": {"supported": 221, "other_or_general": 52}, "elapsed_seconds": 494.7950015068054}
{"event": "task_complete", "fold": 1, "completed": 274, "total": 297, "format_errors": 0, "decisions": {"supported": 222, "other_or_general": 52}, "elapsed_seconds": 496.3232669830322}
{"event": "task_complete", "fold": 1, "completed": 275, "total": 297, "format_errors": 0, "decisions": {"supported": 223, "other_or_general": 52}, "elapsed_seconds": 497.7122986316681}
{"event": "task_complete", "fold": 1, "completed": 276, "total": 297, "format_errors": 0, "decisions": {"supported": 223, "other_or_general": 53}, "elapsed_seconds": 499.33451652526855}
{"event": "task_complete", "fold": 1, "completed": 277, "total": 297, "format_errors": 0, "decisions": {"supported": 224, "other_or_general": 53}, "elapsed_seconds": 500.696414232254}
{"event": "task_complete", "fold": 1, "completed": 278, "total": 297, "format_errors": 0, "decisions": {"supported": 225, "other_or_general": 53}, "elapsed_seconds": 502.18100666999817}
{"event": "task_complete", "fold": 1, "completed": 279, "total": 297, "format_errors": 0, "decisions": {"supported": 226, "other_or_general": 53}, "elapsed_seconds": 504.24676418304443}
{"event": "task_complete", "fold": 1, "completed": 280, "total": 297, "format_errors": 0, "decisions": {"supported": 226, "other_or_general": 54}, "elapsed_seconds": 506.1498456001282}
{"event": "task_complete", "fold": 1, "completed": 281, "total": 297, "format_errors": 0, "decisions": {"supported": 227, "other_or_general": 54}, "elapsed_seconds": 507.51869773864746}
{"event": "task_complete", "fold": 1, "completed": 282, "total": 297, "format_errors": 0, "decisions": {"supported": 228, "other_or_general": 54}, "elapsed_seconds": 508.89128136634827}
{"event": "task_complete", "fold": 1, "completed": 283, "total": 297, "format_errors": 0, "decisions": {"supported": 229, "other_or_general": 54}, "elapsed_seconds": 510.2364761829376}
{"event": "task_complete", "fold": 1, "completed": 284, "total": 297, "format_errors": 0, "decisions": {"supported": 229, "other_or_general": 55}, "elapsed_seconds": 512.1708476543427}
{"event": "task_complete", "fold": 1, "completed": 285, "total": 297, "format_errors": 0, "decisions": {"supported": 230, "other_or_general": 55}, "elapsed_seconds": 513.4654431343079}
{"event": "task_complete", "fold": 1, "completed": 286, "total": 297, "format_errors": 0, "decisions": {"supported": 230, "other_or_general": 56}, "elapsed_seconds": 515.0574371814728}
{"event": "task_complete", "fold": 1, "completed": 287, "total": 297, "format_errors": 0, "decisions": {"supported": 230, "other_or_general": 57}, "elapsed_seconds": 516.640992641449}
{"event": "task_complete", "fold": 1, "completed": 288, "total": 297, "format_errors": 0, "decisions": {"supported": 230, "other_or_general": 58}, "elapsed_seconds": 518.2706253528595}
{"event": "task_complete", "fold": 1, "completed": 289, "total": 297, "format_errors": 0, "decisions": {"supported": 230, "other_or_general": 59}, "elapsed_seconds": 519.8988118171692}
{"event": "task_complete", "fold": 1, "completed": 290, "total": 297, "format_errors": 0, "decisions": {"supported": 230, "other_or_general": 60}, "elapsed_seconds": 521.5818521976471}
{"event": "task_complete", "fold": 1, "completed": 291, "total": 297, "format_errors": 0, "decisions": {"supported": 231, "other_or_general": 60}, "elapsed_seconds": 523.3759417533875}
{"event": "task_complete", "fold": 1, "completed": 292, "total": 297, "format_errors": 0, "decisions": {"supported": 232, "other_or_general": 60}, "elapsed_seconds": 525.1541182994843}
{"event": "task_complete", "fold": 1, "completed": 293, "total": 297, "format_errors": 0, "decisions": {"supported": 233, "other_or_general": 60}, "elapsed_seconds": 526.6566395759583}
{"event": "task_complete", "fold": 1, "completed": 294, "total": 297, "format_errors": 0, "decisions": {"supported": 234, "other_or_general": 60}, "elapsed_seconds": 528.1825144290924}
{"event": "task_complete", "fold": 1, "completed": 295, "total": 297, "format_errors": 0, "decisions": {"supported": 235, "other_or_general": 60}, "elapsed_seconds": 529.5982055664062}
{"event": "task_complete", "fold": 1, "completed": 296, "total": 297, "format_errors": 0, "decisions": {"supported": 236, "other_or_general": 60}, "elapsed_seconds": 531.0606505870819}
{"event": "task_complete", "fold": 1, "completed": 297, "total": 297, "format_errors": 0, "decisions": {"supported": 237, "other_or_general": 60}, "elapsed_seconds": 533.1402180194855}
{"event": "completed", "fold": 1, "validation_document_ids": ["10313222", "11221135", "11826603", "12078887", "12628480", "12779223", "5023785", "5368377", "5425407", "5693559", "5789735", "5866036", "6049015", "6096008", "6220403", "9327653"], "upstream_training_document_ids": ["10553122", "10789033", "11196099", "11203018", "11235872", "11765409", "11871647", "11906559", "11919040", "11986149", "12017973", "12059664", "12110755", "12110769", "12118522", "12126309", "12147048", "12250201", "12334843", "12386172", "12405443", "12444410", "12455887", "12640707", "12646972", "12652105", "12733031", "12798528", "12811285", "12846941", "12891056", "2866573", "2964533", "3563609", "4607013", "4644339", "4678370", "4899602", "5415817", "5422868", "5452357", "5473715", "5537416", "5538066", "5562981", "5574094", "5575846", "5763540", "5773845", "5793168", "5959423", "5970456", "6036836", "6048891", "6057141", "6059678", "6063015", "6134758", "6151044", "6219255", "6332535", "6338757", "6390251", "6491447"], "llm_training_document_ids": [], "demonstration_document_ids": [], "plan_sha256": "0496ba9c0435f58509acfb68100ebc0c2ffd9bc224b48be86cb974d0b0dfecaf", "baseline_exact_replay": true, "answers_removed_before_prompting": true, "task_count": 297, "tasks_sha256": "2f0327f42fc833d41aac27851ad864faf13f09f651b6127b66e2ff688cfd443c", "all_occurrences_selected": 221, "patient_marker_protocol": "provided_anchor_labels", "original_text_preserved": true, "marker_source": "Given patient references only; no phenotype or association labels.", "max_input_tokens": 3962, "complete_evidence_count": 220, "dropped_fragments": 5, "hard_nonthinking": true, "protocol": "finite_json_source_references", "maximum_grammar_tokens": 16, "allowed_completion_counts": {"3": 19, "4": 31, "5": 46, "6": 64, "7": 85, "8": 109}, "status": "completed", "decisions_sha256": "cc665a49330c551748a82ad60610341c97de1b968eea327a8586c3a5a0626b3c", "format_success_rate": 1.0, "format_errors": 0, "elapsed_seconds": 533.1920645236969, "physical_gpu": "0", "peak_allocated_gib": 19.76635456085205, "generated_tokens": 4106, "generation_seconds": 523.5532696247101, "decisions": {"supported": 237, "other_or_general": 60}}
