test_conflicting_definitions_abstain_and_do_not_leak_between_documents (test_abbreviations.AbbreviationTests.test_conflicting_definitions_abstain_and_do_not_leak_between_documents) ... ok
test_correction_preserves_original_note_and_additions_match_original_text (test_abbreviations.AbbreviationTests.test_correction_preserves_original_note_and_additions_match_original_text) ... ok
test_forward_and_reverse_alignment_preserve_global_offsets (test_abbreviations.AbbreviationTests.test_forward_and_reverse_alignment_preserve_global_offsets) ... ok
test_parenthetical_measurements_and_ordinary_words_are_not_definitions (test_abbreviations.AbbreviationTests.test_parenthetical_measurements_and_ordinary_words_are_not_definitions) ... ok
test_unknown_definition_suppression_is_explicit_and_no_gold_is_read (test_abbreviations.AbbreviationTests.test_unknown_definition_suppression_is_explicit_and_no_gold_is_read) ... ok
test_compound_unmapped_and_duplicate_contract (test_association.AssociationTests.test_compound_unmapped_and_duplicate_contract) ... ok
test_learned_uses_only_training_labels_and_does_not_mutate (test_association.AssociationTests.test_learned_uses_only_training_labels_and_does_not_mutate) ... ok
test_nearest_respects_patient_sections_and_negation (test_association.AssociationTests.test_nearest_respects_patient_sections_and_negation) ... ok
test_preserves_empty_target_patients (test_association.AssociationTests.test_preserves_empty_target_patients) ... ok
test_requires_fit_and_handles_empty_training (test_association.AssociationTests.test_requires_fit_and_handles_empty_training) ... ok
test_training_predictions_must_align (test_association.AssociationTests.test_training_predictions_must_align) ... ok
test_predictions_are_blind_and_entity_outputs_are_preserved (test_association_reweighting.AssociationReweightingTests.test_predictions_are_blind_and_entity_outputs_are_preserved) ... ok
test_promotion_rejects_average_gain_with_regression_or_false_assignment_cost (test_association_reweighting.AssociationReweightingTests.test_promotion_rejects_average_gain_with_regression_or_false_assignment_cost) ... ok
test_rejects_overlapping_or_incomplete_fold (test_association_reweighting.AssociationReweightingTests.test_rejects_overlapping_or_incomplete_fold) ... ok
test_completed_matching_fit_is_accepted (test_b_finalization.FinalModelGuardTests.test_completed_matching_fit_is_accepted) ... ok
test_interrupted_or_partial_fit_is_rejected (test_b_finalization.FinalModelGuardTests.test_interrupted_or_partial_fit_is_rejected) ... ok
test_old_checkpoint_is_rejected (test_b_finalization.FinalModelGuardTests.test_old_checkpoint_is_rejected) ... ok
test_selected_weighting_and_encoder_are_bound (test_b_finalization.FinalModelGuardTests.test_selected_weighting_and_encoder_are_bound) ... ok
test_support_requires_sufficient_overlap_and_confidence (test_bio_corroboration.BioCorroborationTests.test_support_requires_sufficient_overlap_and_confidence) ... ok
test_veto_only_unsupported_positive_acronyms (test_bio_corroboration.BioCorroborationTests.test_veto_only_unsupported_positive_acronyms) ... ok
test_clipped_gold_is_ignored_instead_of_labeled_as_background (test_bio_data.BioDataTests.test_clipped_gold_is_ignored_instead_of_labeled_as_background) ... ok
test_invalid_probabilities_fail_and_orphan_i_is_repaired (test_bio_data.BioDataTests.test_invalid_probabilities_fail_and_orphan_i_is_repaired) ... ok
test_overflow_probabilities_are_averaged_before_global_decoding (test_bio_data.BioDataTests.test_overflow_probabilities_are_averaged_before_global_decoding) ... ok
test_overlapping_gold_keeps_longest_and_records_omission (test_bio_data.BioDataTests.test_overlapping_gold_keeps_longest_and_records_omission) ... ok
test_complete_final_fit_is_accepted (test_bio_finalization.BioFinalizationTests.test_complete_final_fit_is_accepted) ... ok
test_wrong_cohort_smoke_and_partial_checkpoint_are_rejected (test_bio_finalization.BioFinalizationTests.test_wrong_cohort_smoke_and_partial_checkpoint_are_rejected) ... ok
test_known_unmapped_is_retained_but_ambiguous_semantic_match_is_not (test_bio_linking.BioLinkingTests.test_known_unmapped_is_retained_but_ambiguous_semantic_match_is_not) ... ok
test_union_preserves_original_offsets_notes_and_input_objects (test_bio_linking.BioLinkingTests.test_union_preserves_original_offsets_notes_and_input_objects) ... ok
test_a_and_b_defaults_keep_supervision_separate (test_cli_targets.TargetSelectionTests.test_a_and_b_defaults_keep_supervision_separate) ... ok
test_b_rejects_a_cohort_labels_and_training_overlap (test_cli_targets.TargetSelectionTests.test_b_rejects_a_cohort_labels_and_training_overlap) ... ok
test_b_report_does_not_label_development_score_as_a_or_b_leaderboard (test_cli_targets.TargetSelectionTests.test_b_report_does_not_label_development_score_as_a_or_b_leaderboard) ... ok
test_empty_training_and_blind_prediction_contract (test_context_linking.ContextLinkingTests.test_empty_training_and_blind_prediction_contract) ... ok
test_identity_free_features_and_negation (test_context_linking.ContextLinkingTests.test_identity_free_features_and_negation) ... ok
test_upstream_selection_leakage_is_rejected (test_context_linking.ContextLinkingTests.test_upstream_selection_leakage_is_rejected) ... ok
test_candidate_fitter_never_sees_own_or_outer_validation_labels (test_cpu_crossfit.CrossfitTests.test_candidate_fitter_never_sees_own_or_outer_validation_labels) ... inner_fold=0 train=6 held_out=2
inner_fold=1 train=6 held_out=2
inner_fold=2 train=6 held_out=2
inner_fold=3 train=6 held_out=2
ok
test_rejects_duplicate_missing_and_forbidden_fold_members (test_cpu_crossfit.CrossfitTests.test_rejects_duplicate_missing_and_forbidden_fold_members) ... ok
test_scores_preserve_empty_patients_and_threshold_boundary (test_cpu_crossfit.CrossfitTests.test_scores_preserve_empty_patients_and_threshold_boundary) ... ok
test_total_gain_alone_cannot_promote_inconsistent_candidate (test_cpu_crossfit.CrossfitTests.test_total_gain_alone_cannot_promote_inconsistent_candidate) ... ok
test_blind_removes_answers_without_mutating_original (test_data.DataTests.test_blind_removes_answers_without_mutating_original) ... ok
test_folds_are_disjoint_complete_and_reproducible (test_data.DataTests.test_folds_are_disjoint_complete_and_reproducible) ... ok
test_document_local_abbreviation (test_entities.EntityTests.test_document_local_abbreviation) ... ok
test_negation_and_contrast (test_entities.EntityTests.test_negation_and_contrast) ... ok
test_non_bmp_and_hyphenated_plural_offsets (test_entities.EntityTests.test_non_bmp_and_hyphenated_plural_offsets) ... ok
test_ontology_branch_and_compound_identifiers (test_entities.EntityTests.test_ontology_branch_and_compound_identifiers) ... ok
test_training_abbreviation_does_not_match_lowercase_word (test_entities.EntityTests.test_training_abbreviation_does_not_match_lowercase_word) ... ok
test_training_alias_preserves_compound_and_unmapped_ids (test_entities.EntityTests.test_training_alias_preserves_compound_and_unmapped_ids) ... ok
test_training_frequency_disambiguates_dictionary_alias (test_entities.EntityTests.test_training_frequency_disambiguates_dictionary_alias) ... ok
test_word_boundaries_and_sentence_boundaries (test_entities.EntityTests.test_word_boundaries_and_sentence_boundaries) ... ok
test_document_and_patient_mismatches_raise (test_evaluation.EvaluationTests.test_document_and_patient_mismatches_raise) ... ok
test_exact_boundary_and_identifier_required (test_evaluation.EvaluationTests.test_exact_boundary_and_identifier_required) ... ok
test_identity_and_compound_partial_credit (test_evaluation.EvaluationTests.test_identity_and_compound_partial_credit) ... ok
test_macro_patient_weight_and_empty_sets (test_evaluation.EvaluationTests.test_macro_patient_weight_and_empty_sets) ... ok
test_negation_false_positive_and_false_negative (test_evaluation.EvaluationTests.test_negation_false_positive_and_false_negative) ... ok
test_reference_exclusion_title_and_abstract_retention (test_evaluation.EvaluationTests.test_reference_exclusion_title_and_abstract_retention) ... ok
test_unmapped_gold_matches_one_unit_by_span (test_evaluation.EvaluationTests.test_unmapped_gold_matches_one_unit_by_span) ... ok
test_budget_removal_marks_incomplete_and_keeps_final_phenotype (test_llm_association.LlmAssociationTests.test_budget_removal_marks_incomplete_and_keeps_final_phenotype) ... ok
test_parser_requires_exact_quoted_evidence_for_definite_decisions (test_llm_association.LlmAssociationTests.test_parser_requires_exact_quoted_evidence_for_definite_decisions) ... ok
test_tasks_use_blind_source_and_keep_other_patient_references (test_llm_association.LlmAssociationTests.test_tasks_use_blind_source_and_keep_other_patient_references) ... ok
test_truncated_occurrence_coverage_cannot_trigger_complete_policy (test_llm_association.LlmAssociationTests.test_truncated_occurrence_coverage_cannot_trigger_complete_policy) ... ok
test_prompt_references_resolve_to_unmodified_original_excerpts (test_llm_association_references.LlmAssociationReferenceTests.test_prompt_references_resolve_to_unmodified_original_excerpts) ... ok
test_reference_ids_are_exhaustively_bounded_and_not_boolean (test_llm_association_references.LlmAssociationReferenceTests.test_reference_ids_are_exhaustively_bounded_and_not_boolean) ... ok
test_all_scopes_preserve_negated_and_unmapped_entities_without_mutation (test_llm_corroboration.LlmCorroborationTests.test_all_scopes_preserve_negated_and_unmapped_entities_without_mutation) ... ok
test_policy_scope_is_explicit (test_llm_corroboration.LlmCorroborationTests.test_policy_scope_is_explicit) ... ok
test_support_is_global_overlap_not_a_same_phrase_elsewhere (test_llm_corroboration.LlmCorroborationTests.test_support_is_global_overlap_not_a_same_phrase_elsewhere) ... ok
test_budget_drops_examples_but_never_truncates_source (test_llm_extraction.LlmExtractionTests.test_budget_drops_examples_but_never_truncates_source) ... ok
test_demonstrations_cannot_use_held_out_or_the_query_document (test_llm_extraction.LlmExtractionTests.test_demonstrations_cannot_use_held_out_or_the_query_document) ... ok
test_original_training_annotations_are_checked_before_prompting (test_llm_extraction.LlmExtractionTests.test_original_training_annotations_are_checked_before_prompting) ... ok
test_overlapping_chunks_are_exact_source_slices (test_llm_extraction.LlmExtractionTests.test_overlapping_chunks_are_exact_source_slices) ... ok
test_parser_rejects_normalized_or_invented_text_and_internal_substrings (test_llm_extraction.LlmExtractionTests.test_parser_rejects_normalized_or_invented_text_and_internal_substrings) ... ok
test_target_identity_is_not_assumed_to_be_the_first_patient (test_llm_patient_markers.PatientMarkerTests.test_target_identity_is_not_assumed_to_be_the_first_patient) ... ok
test_wrong_anchor_text_and_missing_target_are_rejected (test_llm_patient_markers.PatientMarkerTests.test_wrong_anchor_text_and_missing_target_are_rejected) ... ok
test_every_legal_completion_is_valid_and_its_prefixes_are_allowed (test_llm_review_grammar.ReviewGrammarTests.test_every_legal_completion_is_valid_and_its_prefixes_are_allowed) ... ok
test_single_excerpt_still_allows_uncertainty_without_forced_support (test_llm_review_grammar.ReviewGrammarTests.test_single_excerpt_still_allows_uncertainty_without_forced_support) ... ok
test_balancing_is_per_patient_not_per_document_or_candidate_count (test_patient_linking.PatientLinkingTests.test_balancing_is_per_patient_not_per_document_or_candidate_count) ... ok
test_coverage_uses_predictions_not_gold_entities_and_no_mutation (test_patient_linking.PatientLinkingTests.test_coverage_uses_predictions_not_gold_entities_and_no_mutation) ... ok
test_fixed_source_rejects_training_labels (test_patient_linking.PatientLinkingTests.test_fixed_source_rejects_training_labels) ... ok
test_no_exclusion_compounds_unmapped_duplicates_and_empty_patients (test_patient_linking.PatientLinkingTests.test_no_exclusion_compounds_unmapped_duplicates_and_empty_patients) ... ok
test_no_singleton_shortcut_and_no_concept_identity_features (test_patient_linking.PatientLinkingTests.test_no_singleton_shortcut_and_no_concept_identity_features) ... ok
test_oof_sources_reject_self_outer_validation_and_unknown_labels (test_patient_linking.PatientLinkingTests.test_oof_sources_reject_self_outer_validation_and_unknown_labels) ... ok
test_predict_requires_blind_inputs_and_preserves_patient_ids (test_patient_linking.PatientLinkingTests.test_predict_requires_blind_inputs_and_preserves_patient_ids) ... ok
test_requires_explicit_candidates_provenance_and_forbidden_ids (test_patient_linking.PatientLinkingTests.test_requires_explicit_candidates_provenance_and_forbidden_ids) ... ok
test_unfitted_empty_training_refit_and_invalid_coverage (test_patient_linking.PatientLinkingTests.test_unfitted_empty_training_refit_and_invalid_coverage) ... ok
test_ambiguous_semantic_match_is_rejected_even_with_high_cosine (test_semantic_linking.SemanticLinkingTests.test_ambiguous_semantic_match_is_rejected_even_with_high_cosine) ... ok
test_new_overlap_uses_joint_evidence_instead_of_longest_span (test_semantic_linking.SemanticLinkingTests.test_new_overlap_uses_joint_evidence_instead_of_longest_span) ... ok
test_preserves_original_entity_and_does_not_mutate_inputs (test_semantic_linking.SemanticLinkingTests.test_preserves_original_entity_and_does_not_mutate_inputs) ... ok
test_rejects_ner_model_fitted_with_outer_validation_or_b_labels (test_semantic_linking.SemanticLinkingTests.test_rejects_ner_model_fitted_with_outer_validation_or_b_labels) ... ok
test_crossing_nested_and_same_span_targets_preserve_raw_metadata (test_span_data.SpanDataTests.test_crossing_nested_and_same_span_targets_preserve_raw_metadata) ... ok
test_exact_alignment_failure_is_not_silently_expanded (test_span_data.SpanDataTests.test_exact_alignment_failure_is_not_silently_expanded) ... ok
test_invalid_source_spans_are_audited_without_repair (test_span_data.SpanDataTests.test_invalid_source_spans_are_audited_without_repair) ... ok
test_invalid_tokenizer_configuration_and_document_duplicates_fail (test_span_data.SpanDataTests.test_invalid_tokenizer_configuration_and_document_duplicates_fail) ... ok
test_overflow_exact_global_offsets_and_no_source_mutation (test_span_data.SpanDataTests.test_overflow_exact_global_offsets_and_no_source_mutation) ... ok
test_overlong_span_and_uncovered_window_are_audited_separately (test_span_data.SpanDataTests.test_overlong_span_and_uncovered_window_are_audited_separately) ... ok
test_overlong_span_with_full_window_coverage (test_span_data.SpanDataTests.test_overlong_span_with_full_window_coverage) ... ok
test_unicode_and_multiple_paragraph_offsets_do_not_get_concatenated (test_span_data.SpanDataTests.test_unicode_and_multiple_paragraph_offsets_do_not_get_concatenated) ... ok
test_unlabelled_documents_and_empty_paragraphs (test_span_data.SpanDataTests.test_unlabelled_documents_and_empty_paragraphs) ... ok
test_final_target_excludes_model_selection_documents (test_span_inference.InferenceRoleTests.test_final_target_excludes_model_selection_documents) ... ok
test_held_out_role_rejects_training_documents (test_span_inference.InferenceRoleTests.test_held_out_role_rejects_training_documents) ... ok
test_subset_requires_complete_document_coverage (test_span_inference.InferenceRoleTests.test_subset_requires_complete_document_coverage) ... ok
test_target_rejects_labels_and_training_overlap (test_span_inference.InferenceRoleTests.test_target_rejects_labels_and_training_overlap) ... ok
test_validation_is_blind_without_changing_source (test_span_inference.InferenceRoleTests.test_validation_is_blind_without_changing_source) ... ok
test_bad_offsets_scores_duplicates_and_cache_tampering_fail (test_span_linking.SpanLinkingTests.test_bad_offsets_scores_duplicates_and_cache_tampering_fail) ... ok
test_compound_unmapped_and_invalid_training_ids (test_span_linking.SpanLinkingTests.test_compound_unmapped_and_invalid_training_ids) ... ok
test_document_majority_not_repeated_mentions_breaks_training_ties (test_span_linking.SpanLinkingTests.test_document_majority_not_repeated_mentions_breaks_training_ties) ... ok
test_export_is_filtered_streamed_and_read_only (test_span_linking.SpanLinkingTests.test_export_is_filtered_streamed_and_read_only) ... ok
test_fit_reset_forbidden_ids_and_annotation_blind_prediction (test_span_linking.SpanLinkingTests.test_fit_reset_forbidden_ids_and_annotation_blind_prediction) ... ok
test_knowledge_keeps_nested_spans_and_uppercase_short_forms (test_span_linking.SpanLinkingTests.test_knowledge_keeps_nested_spans_and_uppercase_short_forms) ... ok
test_knowledge_spans_use_umls_but_never_training_aliases (test_span_linking.SpanLinkingTests.test_knowledge_spans_use_umls_but_never_training_aliases) ... ok
test_umls_ambiguity_remains_unmapped_not_compound (test_span_linking.SpanLinkingTests.test_umls_ambiguity_remains_unmapped_not_compound) ... ok
test_unicode_offsets_negation_conflicts_and_input_immutability (test_span_linking.SpanLinkingTests.test_unicode_offsets_negation_conflicts_and_input_immutability) ... ok
test_ignored_candidate_in_any_channel_is_excluded (test_span_losses.BoundaryRankingLossTests.test_ignored_candidate_in_any_channel_is_excluded) ... ok
test_malformed_shapes_and_negative_margin_are_rejected (test_span_losses.BoundaryRankingLossTests.test_malformed_shapes_and_negative_margin_are_rejected) ... ok
test_nested_and_other_label_gold_spans_are_never_boundary_negatives (test_span_losses.BoundaryRankingLossTests.test_nested_and_other_label_gold_spans_are_never_boundary_negatives) ... ok
test_no_pairs_and_no_gold_return_differentiable_zero (test_span_losses.BoundaryRankingLossTests.test_no_pairs_and_no_gold_return_differentiable_zero) ... ok
test_same_end_negative_is_selected (test_span_losses.BoundaryRankingLossTests.test_same_end_negative_is_selected) ... ok
test_wrong_endpoint_gets_gradient_but_unrelated_high_score_does_not (test_span_losses.BoundaryRankingLossTests.test_wrong_endpoint_gets_gradient_but_unrelated_high_score_does_not) ... ok
test_corrupt_annotations_require_repair (test_span_training.SpanTrainingDataTests.test_corrupt_annotations_require_repair) ... ok
test_existing_output_is_never_silently_reused (test_span_training.SpanTrainingDataTests.test_existing_output_is_never_silently_reused) ... ok
test_fit_all_rejects_empty_or_missing_labels_and_incomplete_cohort (test_span_training.SpanTrainingDataTests.test_fit_all_rejects_empty_or_missing_labels_and_incomplete_cohort) ... ok
test_fit_all_rejects_labeled_data_with_a_different_fingerprint (test_span_training.SpanTrainingDataTests.test_fit_all_rejects_labeled_data_with_a_different_fingerprint) ... ok
test_fit_all_uses_all_official_labels_without_opening_a_split (test_span_training.SpanTrainingDataTests.test_fit_all_uses_all_official_labels_without_opening_a_split) ... ok
test_recall_includes_gold_not_representable_by_tokenizer (test_span_training.SpanTrainingDataTests.test_recall_includes_gold_not_representable_by_tokenizer) ... ok
test_saved_folds_must_partition_input_without_overlap (test_span_training.SpanTrainingDataTests.test_saved_folds_must_partition_input_without_overlap) ... ok
test_unencoded_gold_ignores_only_intersecting_negative_label (test_span_training.SpanTrainingDataTests.test_unencoded_gold_ignores_only_intersecting_negative_label) ... ok
test_fit_all_run_never_evaluates_or_selects_a_best_checkpoint (test_span_training.SpanTrainingTensorTests.test_fit_all_run_never_evaluates_or_selects_a_best_checkpoint) ... {"event": "start", "time_utc": "2026-09-28T21:15:33Z", "elapsed_seconds": 0.011, "resume": false, "fit_all": true, "train_documents": 80, "validation_documents": 0, "train_windows": 1, "validation_windows": 0, "class_statistics": {"candidate_spans": 3, "positive_counts": [2, 1], "supervised_candidates_per_label": [3, 3], "ignored_negative_candidates_per_label": [0, 0], "pos_weight": [1.0, 2.0], "loss_normalizer": [1.0, 1.3333333333333333], "pos_weight_cap": 1000.0}, "train_unencoded": 0, "validation_unencoded": null, "planned_steps": 1, "device": "cpu", "fp16": false, "runtime": {"python": "3.12.13", "torch": "2.6.0+cu124", "transformers": "4.49.0", "cuda": "12.4", "device": "cpu", "gpu": null, "fp16": false, "attention": "eager"}, "objective": {"base": "weighted_bce", "boundary_ranking_weight": 0.0, "boundary_ranking_margin": 1.0, "boundary_ranking_version": "same_endpoint_hardest_negative_v1", "negative_policy": "Same start or end; exclude gold in any label and ignored candidates in any label"}}
{"event": "train_step", "time_utc": "2026-09-28T21:15:33Z", "elapsed_seconds": 0.038, "epoch": 1, "batch": 1, "step": 1, "loss": 0.9943869113922119, "span_bce_loss": 0.9943869113922119, "boundary_ranking_loss": 0.0, "boundary_ranking_weight": 0.0, "gradient_norm": 1.6000051498413086, "optimizer_step_applied": true, "learning_rate": 0.0, "amp_scale": 1.0, "gpu_peak_allocated_gib": null}
{"event": "complete", "time_utc": "2026-09-28T21:15:33Z", "elapsed_seconds": 0.041, "status": "completed", "smoke": false, "optimizer_steps": 1, "epochs_completed": 1, "last_epoch_complete": true, "last_metrics": null, "duration_seconds": 0.04123735427856445, "training_documents": 80, "validation_documents": 0, "metric_scope": "Fit all 80 official labeled training documents with a fixed configured epoch budget; no validation metrics or best-checkpoint selection", "threshold": 0.5, "fit_all": true, "fit_all_scope": "Fit all 80 official labeled training documents with a fixed configured epoch budget; no validation metrics or best-checkpoint selection", "metrics": null, "configured_epochs": 1, "prediction_checkpoint": "last.pt"}
ok
test_inference_requires_no_gold_and_deduplicates_windows (test_span_training.SpanTrainingTensorTests.test_inference_requires_no_gold_and_deduplicates_windows) ... ok
test_low_rank_model_backpropagates_for_long_width_and_short_sequence (test_span_training.SpanTrainingTensorTests.test_low_rank_model_backpropagates_for_long_width_and_short_sequence) ... ok
test_masks_reject_interior_specials_and_out_of_bounds (test_span_training.SpanTrainingTensorTests.test_masks_reject_interior_specials_and_out_of_bounds) ... ok
test_overlapping_dual_labels_and_ignored_loss_gradients (test_span_training.SpanTrainingTensorTests.test_overlapping_dual_labels_and_ignored_loss_gradients) ... ok
test_excludes_ambiguous_short_and_out_of_branch_aliases (test_umls_augmentation.UmlsAugmentationTests.test_excludes_ambiguous_short_and_out_of_branch_aliases) ... ok
test_preserves_original_span_when_new_match_overlaps (test_umls_augmentation.UmlsAugmentationTests.test_preserves_original_span_when_new_match_overlaps) ... ok
test_rejects_bad_threshold_and_deduplicates_additions (test_umls_augmentation.UmlsAugmentationTests.test_rejects_bad_threshold_and_deduplicates_additions) ... ok
test_document_patient_coverage_and_schema (test_validation.ValidationTests.test_document_patient_coverage_and_schema) ... ok
test_encoding_blank_lines_duplicate_keys_and_placeholder (test_validation.ValidationTests.test_encoding_blank_lines_duplicate_keys_and_placeholder) ... ok
test_mixed_mapped_and_unmapped_entity_matches_training_contract (test_validation.ValidationTests.test_mixed_mapped_and_unmapped_entity_matches_training_contract) ... ok
test_nonbranch_and_duplicate_compounds_rejected (test_validation.ValidationTests.test_nonbranch_and_duplicate_compounds_rejected) ... ok
test_raw_source_text_is_allowed_without_entity_but_no_fabrication (test_validation.ValidationTests.test_raw_source_text_is_allowed_without_entity_but_no_fabrication) ... ok
test_valid_and_exact_nonascii_source_span (test_validation.ValidationTests.test_valid_and_exact_nonascii_source_span) ... ok
test_wrong_span_text_length_and_bool_offset_rejected (test_validation.ValidationTests.test_wrong_span_text_length_and_bool_offset_rejected) ... ok

----------------------------------------------------------------------
Ran 138 tests in 3.728s

OK
