outer_fold=0 nested_generation_start
inner_fold=0 train=48 held_out=16
inner_fold=1 train=48 held_out=16
inner_fold=2 train=48 held_out=16
inner_fold=3 train=48 held_out=16
fold=0 config=crossfit_w0.5_t0.3 score=0.647471
fold=0 config=crossfit_w0.5_t0.5 score=0.648722
fold=0 config=crossfit_w0.5_t0.7 score=0.633505
fold=0 config=crossfit_w1_t0.3 score=0.648346
fold=0 config=crossfit_w1_t0.5 score=0.638878
fold=0 config=crossfit_w1_t0.7 score=0.619833
outer_fold=1 nested_generation_start
inner_fold=0 train=48 held_out=16
inner_fold=1 train=48 held_out=16
inner_fold=2 train=48 held_out=16
inner_fold=3 train=48 held_out=16
fold=1 config=crossfit_w0.5_t0.3 score=0.630098
fold=1 config=crossfit_w0.5_t0.5 score=0.613405
fold=1 config=crossfit_w0.5_t0.7 score=0.588974
fold=1 config=crossfit_w1_t0.3 score=0.612724
fold=1 config=crossfit_w1_t0.5 score=0.593044
fold=1 config=crossfit_w1_t0.7 score=0.570947
outer_fold=2 nested_generation_start
inner_fold=0 train=48 held_out=16
inner_fold=1 train=48 held_out=16
inner_fold=2 train=48 held_out=16
inner_fold=3 train=48 held_out=16
fold=2 config=crossfit_w0.5_t0.3 score=0.648960
fold=2 config=crossfit_w0.5_t0.5 score=0.643956
fold=2 config=crossfit_w0.5_t0.7 score=0.612766
fold=2 config=crossfit_w1_t0.3 score=0.636774
fold=2 config=crossfit_w1_t0.5 score=0.622382
fold=2 config=crossfit_w1_t0.7 score=0.585055
outer_fold=3 nested_generation_start
inner_fold=0 train=48 held_out=16
inner_fold=1 train=48 held_out=16
inner_fold=2 train=48 held_out=16
inner_fold=3 train=48 held_out=16
fold=3 config=crossfit_w0.5_t0.3 score=0.651375
fold=3 config=crossfit_w0.5_t0.5 score=0.635939
fold=3 config=crossfit_w0.5_t0.7 score=0.616594
fold=3 config=crossfit_w1_t0.3 score=0.642842
fold=3 config=crossfit_w1_t0.5 score=0.626593
fold=3 config=crossfit_w1_t0.7 score=0.600694
outer_fold=4 nested_generation_start
inner_fold=0 train=48 held_out=16
inner_fold=1 train=48 held_out=16
inner_fold=2 train=48 held_out=16
inner_fold=3 train=48 held_out=16
fold=4 config=crossfit_w0.5_t0.3 score=0.622897
fold=4 config=crossfit_w0.5_t0.5 score=0.627338
fold=4 config=crossfit_w0.5_t0.7 score=0.617751
fold=4 config=crossfit_w1_t0.3 score=0.623830
fold=4 config=crossfit_w1_t0.5 score=0.618808
fold=4 config=crossfit_w1_t0.7 score=0.605413
{"selected": null, "best_score": 0.6397983511115356, "elapsed_seconds": 88.97232007980347}
