{"event": "start", "time_utc": "2026-09-28T22:25:51.419364+00:00", "elapsed_seconds": 14.80239462852478, "training_pairs": 4749, "validation_pairs": 1180, "planned_steps": 1188, "smoke": false, "physical_gpu": "0"}
You're using a BertTokenizerFast tokenizer. Please note that with a fast tokenizer, using the `__call__` method is faster than using a method to encode the text followed by a call to the `pad` method to get a padded encoding.
{"event": "train_step", "time_utc": "2026-09-28T22:25:51.835229+00:00", "elapsed_seconds": 15.218255043029785, "epoch": 1, "step": 1, "planned_steps": 1188, "loss": 0.3801653981208801, "gradient_norm": 2.574583053588867, "optimizer_step_applied": true, "amp_scale": 1024.0}
{"event": "train_step", "time_utc": "2026-09-28T22:25:51.922459+00:00", "elapsed_seconds": 15.305479526519775, "epoch": 1, "step": 2, "planned_steps": 1188, "loss": 0.40608832240104675, "gradient_norm": 3.592771530151367, "optimizer_step_applied": true, "amp_scale": 1024.0}
{"event": "train_step", "time_utc": "2026-09-28T22:25:52.081051+00:00", "elapsed_seconds": 15.464072942733765, "epoch": 1, "step": 3, "planned_steps": 1188, "loss": 0.518543004989624, "gradient_norm": 2.5864224433898926, "optimizer_step_applied": true, "amp_scale": 1024.0}
{"event": "train_step", "time_utc": "2026-09-28T22:25:52.190454+00:00", "elapsed_seconds": 15.573475360870361, "epoch": 1, "step": 4, "planned_steps": 1188, "loss": 0.3823780417442322, "gradient_norm": 3.202517032623291, "optimizer_step_applied": true, "amp_scale": 1024.0}
{"event": "train_step", "time_utc": "2026-09-28T22:25:52.295280+00:00", "elapsed_seconds": 15.678299903869629, "epoch": 1, "step": 5, "planned_steps": 1188, "loss": 0.30753347277641296, "gradient_norm": 4.576056957244873, "optimizer_step_applied": true, "amp_scale": 1024.0}
{"event": "train_step", "time_utc": "2026-09-28T22:25:54.328817+00:00", "elapsed_seconds": 17.711843252182007, "epoch": 1, "step": 25, "planned_steps": 1188, "loss": 0.5103110671043396, "gradient_norm": 6.9532623291015625, "optimizer_step_applied": true, "amp_scale": 1024.0}
{"event": "train_step", "time_utc": "2026-09-28T22:25:56.872626+00:00", "elapsed_seconds": 20.255651712417603, "epoch": 1, "step": 50, "planned_steps": 1188, "loss": 0.2661224603652954, "gradient_norm": 2.6385083198547363, "optimizer_step_applied": true, "amp_scale": 1024.0}
{"event": "train_step", "time_utc": "2026-09-28T22:25:59.407759+00:00", "elapsed_seconds": 22.79078197479248, "epoch": 1, "step": 75, "planned_steps": 1188, "loss": 0.15194180607795715, "gradient_norm": 3.626467704772949, "optimizer_step_applied": true, "amp_scale": 1024.0}
{"event": "train_step", "time_utc": "2026-09-28T22:26:01.921362+00:00", "elapsed_seconds": 25.30438804626465, "epoch": 1, "step": 100, "planned_steps": 1188, "loss": 0.4619130492210388, "gradient_norm": 7.212172508239746, "optimizer_step_applied": true, "amp_scale": 1024.0}
{"event": "train_step", "time_utc": "2026-09-28T22:26:04.451312+00:00", "elapsed_seconds": 27.8343403339386, "epoch": 1, "step": 125, "planned_steps": 1188, "loss": 0.35295695066452026, "gradient_norm": 8.19042682647705, "optimizer_step_applied": true, "amp_scale": 1024.0}
{"event": "train_step", "time_utc": "2026-09-28T22:26:06.986664+00:00", "elapsed_seconds": 30.36968970298767, "epoch": 1, "step": 150, "planned_steps": 1188, "loss": 0.11667325347661972, "gradient_norm": 2.3572018146514893, "optimizer_step_applied": true, "amp_scale": 1024.0}
{"event": "train_step", "time_utc": "2026-09-28T22:26:09.481382+00:00", "elapsed_seconds": 32.8644073009491, "epoch": 1, "step": 175, "planned_steps": 1188, "loss": 1.1707255840301514, "gradient_norm": 16.379602432250977, "optimizer_step_applied": true, "amp_scale": 1024.0}
{"event": "train_step", "time_utc": "2026-09-28T22:26:12.015127+00:00", "elapsed_seconds": 35.3981511592865, "epoch": 1, "step": 200, "planned_steps": 1188, "loss": 0.04678375646471977, "gradient_norm": 1.0514943599700928, "optimizer_step_applied": true, "amp_scale": 1024.0}
{"event": "train_step", "time_utc": "2026-09-28T22:26:14.566844+00:00", "elapsed_seconds": 37.94986963272095, "epoch": 1, "step": 225, "planned_steps": 1188, "loss": 0.7224480509757996, "gradient_norm": 18.40704917907715, "optimizer_step_applied": true, "amp_scale": 1024.0}
{"event": "train_step", "time_utc": "2026-09-28T22:26:17.062496+00:00", "elapsed_seconds": 40.44552159309387, "epoch": 1, "step": 250, "planned_steps": 1188, "loss": 0.33481472730636597, "gradient_norm": 9.173317909240723, "optimizer_step_applied": true, "amp_scale": 1024.0}
{"event": "train_step", "time_utc": "2026-09-28T22:26:19.571820+00:00", "elapsed_seconds": 42.95484471321106, "epoch": 1, "step": 275, "planned_steps": 1188, "loss": 0.1527230441570282, "gradient_norm": 3.0343103408813477, "optimizer_step_applied": true, "amp_scale": 1024.0}
{"event": "train_step", "time_utc": "2026-09-28T22:26:22.170956+00:00", "elapsed_seconds": 45.55398106575012, "epoch": 1, "step": 300, "planned_steps": 1188, "loss": 0.3847346901893616, "gradient_norm": 6.835214614868164, "optimizer_step_applied": true, "amp_scale": 1024.0}
{"event": "train_step", "time_utc": "2026-09-28T22:26:24.662724+00:00", "elapsed_seconds": 48.04574942588806, "epoch": 1, "step": 325, "planned_steps": 1188, "loss": 0.4778822362422943, "gradient_norm": 7.494352340698242, "optimizer_step_applied": true, "amp_scale": 1024.0}
{"event": "train_step", "time_utc": "2026-09-28T22:26:27.246377+00:00", "elapsed_seconds": 50.629401445388794, "epoch": 1, "step": 350, "planned_steps": 1188, "loss": 0.11893870681524277, "gradient_norm": 10.272929191589355, "optimizer_step_applied": true, "amp_scale": 1024.0}
{"event": "train_step", "time_utc": "2026-09-28T22:26:29.840356+00:00", "elapsed_seconds": 53.22338151931763, "epoch": 1, "step": 375, "planned_steps": 1188, "loss": 0.26186054944992065, "gradient_norm": 7.888492107391357, "optimizer_step_applied": true, "amp_scale": 1024.0}
{"event": "epoch_complete", "time_utc": "2026-09-28T22:26:31.906584+00:00", "elapsed_seconds": 55.28960919380188, "epoch": 1, "mean_loss": 0.3064508998409064}
{"event": "train_step", "time_utc": "2026-09-28T22:26:32.323094+00:00", "elapsed_seconds": 55.70612049102783, "epoch": 2, "step": 400, "planned_steps": 1188, "loss": 0.18182091414928436, "gradient_norm": 2.585381507873535, "optimizer_step_applied": true, "amp_scale": 1024.0}
{"event": "train_step", "time_utc": "2026-09-28T22:26:34.851204+00:00", "elapsed_seconds": 58.23422980308533, "epoch": 2, "step": 425, "planned_steps": 1188, "loss": 0.07108112424612045, "gradient_norm": 1.5556236505508423, "optimizer_step_applied": true, "amp_scale": 1024.0}
{"event": "train_step", "time_utc": "2026-09-28T22:26:37.407872+00:00", "elapsed_seconds": 60.790897607803345, "epoch": 2, "step": 450, "planned_steps": 1188, "loss": 0.08076047152280807, "gradient_norm": 6.547092437744141, "optimizer_step_applied": true, "amp_scale": 1024.0}
{"event": "train_step", "time_utc": "2026-09-28T22:26:39.967623+00:00", "elapsed_seconds": 63.350648641586304, "epoch": 2, "step": 475, "planned_steps": 1188, "loss": 0.022216416895389557, "gradient_norm": 0.7225889563560486, "optimizer_step_applied": true, "amp_scale": 1024.0}
{"event": "train_step", "time_utc": "2026-09-28T22:26:42.498921+00:00", "elapsed_seconds": 65.88194751739502, "epoch": 2, "step": 500, "planned_steps": 1188, "loss": 0.015314245596528053, "gradient_norm": 0.7535669803619385, "optimizer_step_applied": true, "amp_scale": 1024.0}
{"event": "train_step", "time_utc": "2026-09-28T22:26:45.033502+00:00", "elapsed_seconds": 68.41652917861938, "epoch": 2, "step": 525, "planned_steps": 1188, "loss": 0.9407644271850586, "gradient_norm": 11.71529483795166, "optimizer_step_applied": true, "amp_scale": 1024.0}
{"event": "train_step", "time_utc": "2026-09-28T22:26:47.570354+00:00", "elapsed_seconds": 70.95337963104248, "epoch": 2, "step": 550, "planned_steps": 1188, "loss": 0.1805659383535385, "gradient_norm": 4.1992974281311035, "optimizer_step_applied": true, "amp_scale": 1024.0}
{"event": "train_step", "time_utc": "2026-09-28T22:26:50.074862+00:00", "elapsed_seconds": 73.45788717269897, "epoch": 2, "step": 575, "planned_steps": 1188, "loss": 0.023929551243782043, "gradient_norm": 1.019620656967163, "optimizer_step_applied": true, "amp_scale": 1024.0}
{"event": "train_step", "time_utc": "2026-09-28T22:26:52.647749+00:00", "elapsed_seconds": 76.03077459335327, "epoch": 2, "step": 600, "planned_steps": 1188, "loss": 0.32359743118286133, "gradient_norm": 13.501445770263672, "optimizer_step_applied": true, "amp_scale": 1024.0}
{"event": "train_step", "time_utc": "2026-09-28T22:26:55.187444+00:00", "elapsed_seconds": 78.57046890258789, "epoch": 2, "step": 625, "planned_steps": 1188, "loss": 0.21318712830543518, "gradient_norm": 10.323079109191895, "optimizer_step_applied": true, "amp_scale": 1024.0}
{"event": "train_step", "time_utc": "2026-09-28T22:26:57.736340+00:00", "elapsed_seconds": 81.11936593055725, "epoch": 2, "step": 650, "planned_steps": 1188, "loss": 0.046310290694236755, "gradient_norm": 2.010861873626709, "optimizer_step_applied": true, "amp_scale": 1024.0}
{"event": "train_step", "time_utc": "2026-09-28T22:27:00.269835+00:00", "elapsed_seconds": 83.6528639793396, "epoch": 2, "step": 675, "planned_steps": 1188, "loss": 0.06739770621061325, "gradient_norm": 2.7090320587158203, "optimizer_step_applied": true, "amp_scale": 1024.0}
{"event": "train_step", "time_utc": "2026-09-28T22:27:02.854188+00:00", "elapsed_seconds": 86.23721289634705, "epoch": 2, "step": 700, "planned_steps": 1188, "loss": 0.878790020942688, "gradient_norm": 26.426862716674805, "optimizer_step_applied": true, "amp_scale": 1024.0}
{"event": "train_step", "time_utc": "2026-09-28T22:27:05.404705+00:00", "elapsed_seconds": 88.78772950172424, "epoch": 2, "step": 725, "planned_steps": 1188, "loss": 0.1588909775018692, "gradient_norm": 3.102903366088867, "optimizer_step_applied": true, "amp_scale": 1024.0}
{"event": "train_step", "time_utc": "2026-09-28T22:27:07.972292+00:00", "elapsed_seconds": 91.35531806945801, "epoch": 2, "step": 750, "planned_steps": 1188, "loss": 0.16246894001960754, "gradient_norm": 20.636943817138672, "optimizer_step_applied": true, "amp_scale": 1024.0}
{"event": "train_step", "time_utc": "2026-09-28T22:27:10.539193+00:00", "elapsed_seconds": 93.92221879959106, "epoch": 2, "step": 775, "planned_steps": 1188, "loss": 0.44641536474227905, "gradient_norm": 24.429141998291016, "optimizer_step_applied": true, "amp_scale": 1024.0}
{"event": "epoch_complete", "time_utc": "2026-09-28T22:27:12.268954+00:00", "elapsed_seconds": 95.6519787311554, "epoch": 2, "mean_loss": 0.2177470153682122}
{"event": "train_step", "time_utc": "2026-09-28T22:27:13.078020+00:00", "elapsed_seconds": 96.46104502677917, "epoch": 3, "step": 800, "planned_steps": 1188, "loss": 0.05941527709364891, "gradient_norm": 4.764715194702148, "optimizer_step_applied": true, "amp_scale": 1024.0}
{"event": "train_step", "time_utc": "2026-09-28T22:27:15.641032+00:00", "elapsed_seconds": 99.02405667304993, "epoch": 3, "step": 825, "planned_steps": 1188, "loss": 0.03707689791917801, "gradient_norm": 2.431108236312866, "optimizer_step_applied": true, "amp_scale": 1024.0}
{"event": "train_step", "time_utc": "2026-09-28T22:27:18.159939+00:00", "elapsed_seconds": 101.54296469688416, "epoch": 3, "step": 850, "planned_steps": 1188, "loss": 0.1761648952960968, "gradient_norm": 3.8028063774108887, "optimizer_step_applied": true, "amp_scale": 1024.0}
{"event": "train_step", "time_utc": "2026-09-28T22:27:20.729494+00:00", "elapsed_seconds": 104.11252236366272, "epoch": 3, "step": 875, "planned_steps": 1188, "loss": 0.10206770151853561, "gradient_norm": 3.3223812580108643, "optimizer_step_applied": true, "amp_scale": 1024.0}
{"event": "train_step", "time_utc": "2026-09-28T22:27:23.289967+00:00", "elapsed_seconds": 106.67299270629883, "epoch": 3, "step": 900, "planned_steps": 1188, "loss": 0.6855165362358093, "gradient_norm": 16.88218879699707, "optimizer_step_applied": true, "amp_scale": 1024.0}
{"event": "train_step", "time_utc": "2026-09-28T22:27:25.896349+00:00", "elapsed_seconds": 109.27937412261963, "epoch": 3, "step": 925, "planned_steps": 1188, "loss": 0.1721697300672531, "gradient_norm": 14.42560863494873, "optimizer_step_applied": true, "amp_scale": 1024.0}
{"event": "train_step", "time_utc": "2026-09-28T22:27:28.419723+00:00", "elapsed_seconds": 111.80274677276611, "epoch": 3, "step": 950, "planned_steps": 1188, "loss": 0.022202735766768456, "gradient_norm": 1.0878382921218872, "optimizer_step_applied": true, "amp_scale": 1024.0}
{"event": "train_step", "time_utc": "2026-09-28T22:27:31.007253+00:00", "elapsed_seconds": 114.39028096199036, "epoch": 3, "step": 975, "planned_steps": 1188, "loss": 0.5007850527763367, "gradient_norm": 12.31241226196289, "optimizer_step_applied": true, "amp_scale": 1024.0}
{"event": "train_step", "time_utc": "2026-09-28T22:27:33.497332+00:00", "elapsed_seconds": 116.88036012649536, "epoch": 3, "step": 1000, "planned_steps": 1188, "loss": 0.03728066012263298, "gradient_norm": 1.8132777214050293, "optimizer_step_applied": true, "amp_scale": 1024.0}
{"event": "train_step", "time_utc": "2026-09-28T22:27:35.974414+00:00", "elapsed_seconds": 119.35743951797485, "epoch": 3, "step": 1025, "planned_steps": 1188, "loss": 0.054126232862472534, "gradient_norm": 2.6013529300689697, "optimizer_step_applied": true, "amp_scale": 1024.0}
{"event": "train_step", "time_utc": "2026-09-28T22:27:38.498231+00:00", "elapsed_seconds": 121.88125610351562, "epoch": 3, "step": 1050, "planned_steps": 1188, "loss": 0.2823637127876282, "gradient_norm": 12.519887924194336, "optimizer_step_applied": true, "amp_scale": 1024.0}
{"event": "train_step", "time_utc": "2026-09-28T22:27:41.008045+00:00", "elapsed_seconds": 124.39106965065002, "epoch": 3, "step": 1075, "planned_steps": 1188, "loss": 0.6318692564964294, "gradient_norm": 43.20396041870117, "optimizer_step_applied": true, "amp_scale": 1024.0}
{"event": "train_step", "time_utc": "2026-09-28T22:27:43.464570+00:00", "elapsed_seconds": 126.84759497642517, "epoch": 3, "step": 1100, "planned_steps": 1188, "loss": 0.6066563129425049, "gradient_norm": 19.78361701965332, "optimizer_step_applied": true, "amp_scale": 1024.0}
{"event": "train_step", "time_utc": "2026-09-28T22:27:46.019047+00:00", "elapsed_seconds": 129.40207266807556, "epoch": 3, "step": 1125, "planned_steps": 1188, "loss": 0.04394882172346115, "gradient_norm": 3.77435302734375, "optimizer_step_applied": true, "amp_scale": 1024.0}
{"event": "train_step", "time_utc": "2026-09-28T22:27:48.552172+00:00", "elapsed_seconds": 131.93519687652588, "epoch": 3, "step": 1150, "planned_steps": 1188, "loss": 0.26732009649276733, "gradient_norm": 19.221956253051758, "optimizer_step_applied": true, "amp_scale": 1024.0}
{"event": "train_step", "time_utc": "2026-09-28T22:27:51.049549+00:00", "elapsed_seconds": 134.43257451057434, "epoch": 3, "step": 1175, "planned_steps": 1188, "loss": 0.12036342918872833, "gradient_norm": 11.005373001098633, "optimizer_step_applied": true, "amp_scale": 1024.0}
{"event": "epoch_complete", "time_utc": "2026-09-28T22:27:52.356371+00:00", "elapsed_seconds": 135.73939657211304, "epoch": 3, "mean_loss": 0.1534050067444567}
{"event": "complete", "time_utc": "2026-09-28T22:27:57.444248+00:00", "elapsed_seconds": 140.82702946662903, "status": "completed", "plan_sha256": "8433bf7c970b7929d5d265175f4f7bd17e167b726a4aaa8bd23e244d3cf5ee32", "epochs_completed": 3, "optimizer_steps": 1188, "amp_skips": 0, "training_pairs": 4749, "validation_pairs": 1180, "checkpoint_sha256": "89922ced3a61ec80c323a46a3c92efbb6cef8a44f931397ef86a07beba529e67", "scores_sha256": "155b80207383a58da193d73bf24d66292017f347ec7f940dbb29272e31220993", "peak_allocated_gib": 4.5297932624816895}
