{"event": "start", "time_utc": "2026-09-28T22:20:31.351822+00:00", "elapsed_seconds": 14.803780555725098, "training_pairs": 4679, "validation_pairs": 1268, "planned_steps": 1170, "smoke": false, "physical_gpu": "0"}
You're using a BertTokenizerFast tokenizer. Please note that with a fast tokenizer, using the `__call__` method is faster than using a method to encode the text followed by a call to the `pad` method to get a padded encoding.
{"event": "train_step", "time_utc": "2026-09-28T22:20:31.745254+00:00", "elapsed_seconds": 15.197211503982544, "epoch": 1, "step": 1, "planned_steps": 1170, "loss": 0.44408440589904785, "gradient_norm": 4.46619176864624, "optimizer_step_applied": true, "amp_scale": 1024.0}
{"event": "train_step", "time_utc": "2026-09-28T22:20:31.858901+00:00", "elapsed_seconds": 15.3108549118042, "epoch": 1, "step": 2, "planned_steps": 1170, "loss": 0.3991740643978119, "gradient_norm": 4.330076694488525, "optimizer_step_applied": true, "amp_scale": 1024.0}
{"event": "train_step", "time_utc": "2026-09-28T22:20:31.938093+00:00", "elapsed_seconds": 15.390044927597046, "epoch": 1, "step": 3, "planned_steps": 1170, "loss": 0.48604679107666016, "gradient_norm": 4.275679588317871, "optimizer_step_applied": true, "amp_scale": 1024.0}
{"event": "train_step", "time_utc": "2026-09-28T22:20:32.031445+00:00", "elapsed_seconds": 15.483399868011475, "epoch": 1, "step": 4, "planned_steps": 1170, "loss": 0.3251408636569977, "gradient_norm": 3.97519588470459, "optimizer_step_applied": true, "amp_scale": 1024.0}
{"event": "train_step", "time_utc": "2026-09-28T22:20:32.134022+00:00", "elapsed_seconds": 15.585973501205444, "epoch": 1, "step": 5, "planned_steps": 1170, "loss": 0.41631197929382324, "gradient_norm": 1.7663018703460693, "optimizer_step_applied": true, "amp_scale": 1024.0}
{"event": "train_step", "time_utc": "2026-09-28T22:20:34.175148+00:00", "elapsed_seconds": 17.62710452079773, "epoch": 1, "step": 25, "planned_steps": 1170, "loss": 0.4794244170188904, "gradient_norm": 3.051192283630371, "optimizer_step_applied": true, "amp_scale": 1024.0}
{"event": "train_step", "time_utc": "2026-09-28T22:20:36.681526+00:00", "elapsed_seconds": 20.133481979370117, "epoch": 1, "step": 50, "planned_steps": 1170, "loss": 0.6559318900108337, "gradient_norm": 5.647748947143555, "optimizer_step_applied": true, "amp_scale": 1024.0}
{"event": "train_step", "time_utc": "2026-09-28T22:20:39.170697+00:00", "elapsed_seconds": 22.622653007507324, "epoch": 1, "step": 75, "planned_steps": 1170, "loss": 0.5653597712516785, "gradient_norm": 5.262840747833252, "optimizer_step_applied": true, "amp_scale": 1024.0}
{"event": "train_step", "time_utc": "2026-09-28T22:20:41.691281+00:00", "elapsed_seconds": 25.143248319625854, "epoch": 1, "step": 100, "planned_steps": 1170, "loss": 0.2866799533367157, "gradient_norm": 5.39941930770874, "optimizer_step_applied": true, "amp_scale": 1024.0}
{"event": "train_step", "time_utc": "2026-09-28T22:20:44.174890+00:00", "elapsed_seconds": 27.626845598220825, "epoch": 1, "step": 125, "planned_steps": 1170, "loss": 0.21973177790641785, "gradient_norm": 10.17468547821045, "optimizer_step_applied": true, "amp_scale": 1024.0}
{"event": "train_step", "time_utc": "2026-09-28T22:20:46.748582+00:00", "elapsed_seconds": 30.200538873672485, "epoch": 1, "step": 150, "planned_steps": 1170, "loss": 0.7169722318649292, "gradient_norm": 73.98532104492188, "optimizer_step_applied": true, "amp_scale": 1024.0}
{"event": "train_step", "time_utc": "2026-09-28T22:20:49.282745+00:00", "elapsed_seconds": 32.73470139503479, "epoch": 1, "step": 175, "planned_steps": 1170, "loss": 0.3593878448009491, "gradient_norm": 9.336503028869629, "optimizer_step_applied": true, "amp_scale": 1024.0}
{"event": "train_step", "time_utc": "2026-09-28T22:20:51.832899+00:00", "elapsed_seconds": 35.28485608100891, "epoch": 1, "step": 200, "planned_steps": 1170, "loss": 0.09050463885068893, "gradient_norm": 1.9762601852416992, "optimizer_step_applied": true, "amp_scale": 1024.0}
{"event": "train_step", "time_utc": "2026-09-28T22:20:54.370284+00:00", "elapsed_seconds": 37.822240352630615, "epoch": 1, "step": 225, "planned_steps": 1170, "loss": 0.24269655346870422, "gradient_norm": 3.8715779781341553, "optimizer_step_applied": true, "amp_scale": 1024.0}
{"event": "train_step", "time_utc": "2026-09-28T22:20:56.984477+00:00", "elapsed_seconds": 40.43643307685852, "epoch": 1, "step": 250, "planned_steps": 1170, "loss": 0.11072567105293274, "gradient_norm": 2.375192642211914, "optimizer_step_applied": true, "amp_scale": 1024.0}
{"event": "train_step", "time_utc": "2026-09-28T22:20:59.498218+00:00", "elapsed_seconds": 42.95017170906067, "epoch": 1, "step": 275, "planned_steps": 1170, "loss": 0.4966745376586914, "gradient_norm": 10.691468238830566, "optimizer_step_applied": true, "amp_scale": 1024.0}
{"event": "train_step", "time_utc": "2026-09-28T22:21:02.075279+00:00", "elapsed_seconds": 45.527236461639404, "epoch": 1, "step": 300, "planned_steps": 1170, "loss": 0.11949863284826279, "gradient_norm": 3.673689126968384, "optimizer_step_applied": true, "amp_scale": 1024.0}
{"event": "train_step", "time_utc": "2026-09-28T22:21:04.621711+00:00", "elapsed_seconds": 48.07366704940796, "epoch": 1, "step": 325, "planned_steps": 1170, "loss": 0.11739377677440643, "gradient_norm": 4.620939254760742, "optimizer_step_applied": true, "amp_scale": 1024.0}
{"event": "train_step", "time_utc": "2026-09-28T22:21:07.134905+00:00", "elapsed_seconds": 50.58686113357544, "epoch": 1, "step": 350, "planned_steps": 1170, "loss": 0.22957944869995117, "gradient_norm": 4.340892791748047, "optimizer_step_applied": true, "amp_scale": 1024.0}
{"event": "train_step", "time_utc": "2026-09-28T22:21:09.674239+00:00", "elapsed_seconds": 53.126195430755615, "epoch": 1, "step": 375, "planned_steps": 1170, "loss": 0.1195695698261261, "gradient_norm": 1.0222185850143433, "optimizer_step_applied": true, "amp_scale": 1024.0}
{"event": "epoch_complete", "time_utc": "2026-09-28T22:21:11.197241+00:00", "elapsed_seconds": 54.6491961479187, "epoch": 1, "mean_loss": 0.29176748772271166}
{"event": "train_step", "time_utc": "2026-09-28T22:21:12.203470+00:00", "elapsed_seconds": 55.655426263809204, "epoch": 2, "step": 400, "planned_steps": 1170, "loss": 0.08963458240032196, "gradient_norm": 3.696042537689209, "optimizer_step_applied": true, "amp_scale": 1024.0}
{"event": "train_step", "time_utc": "2026-09-28T22:21:14.684850+00:00", "elapsed_seconds": 58.13680386543274, "epoch": 2, "step": 425, "planned_steps": 1170, "loss": 0.0728578269481659, "gradient_norm": 7.941647052764893, "optimizer_step_applied": true, "amp_scale": 1024.0}
{"event": "train_step", "time_utc": "2026-09-28T22:21:17.240706+00:00", "elapsed_seconds": 60.692662477493286, "epoch": 2, "step": 450, "planned_steps": 1170, "loss": 0.1471012383699417, "gradient_norm": 9.768906593322754, "optimizer_step_applied": true, "amp_scale": 1024.0}
{"event": "train_step", "time_utc": "2026-09-28T22:21:19.776327+00:00", "elapsed_seconds": 63.228283643722534, "epoch": 2, "step": 475, "planned_steps": 1170, "loss": 0.06468209624290466, "gradient_norm": 2.7228100299835205, "optimizer_step_applied": true, "amp_scale": 1024.0}
{"event": "train_step", "time_utc": "2026-09-28T22:21:22.354604+00:00", "elapsed_seconds": 65.80656003952026, "epoch": 2, "step": 500, "planned_steps": 1170, "loss": 0.28908735513687134, "gradient_norm": 7.707990646362305, "optimizer_step_applied": true, "amp_scale": 1024.0}
{"event": "train_step", "time_utc": "2026-09-28T22:21:24.811839+00:00", "elapsed_seconds": 68.26379561424255, "epoch": 2, "step": 525, "planned_steps": 1170, "loss": 0.42018064856529236, "gradient_norm": 18.548612594604492, "optimizer_step_applied": true, "amp_scale": 1024.0}
{"event": "train_step", "time_utc": "2026-09-28T22:21:27.382991+00:00", "elapsed_seconds": 70.83494901657104, "epoch": 2, "step": 550, "planned_steps": 1170, "loss": 0.0634283721446991, "gradient_norm": 1.7133231163024902, "optimizer_step_applied": true, "amp_scale": 1024.0}
{"event": "train_step", "time_utc": "2026-09-28T22:21:29.968508+00:00", "elapsed_seconds": 73.42046356201172, "epoch": 2, "step": 575, "planned_steps": 1170, "loss": 0.1521027386188507, "gradient_norm": 3.209540843963623, "optimizer_step_applied": true, "amp_scale": 1024.0}
{"event": "train_step", "time_utc": "2026-09-28T22:21:32.506251+00:00", "elapsed_seconds": 75.9582085609436, "epoch": 2, "step": 600, "planned_steps": 1170, "loss": 1.8644483089447021, "gradient_norm": 21.755300521850586, "optimizer_step_applied": true, "amp_scale": 1024.0}
{"event": "train_step", "time_utc": "2026-09-28T22:21:35.032348+00:00", "elapsed_seconds": 78.48430442810059, "epoch": 2, "step": 625, "planned_steps": 1170, "loss": 0.25982365012168884, "gradient_norm": 5.055166721343994, "optimizer_step_applied": true, "amp_scale": 1024.0}
{"event": "train_step", "time_utc": "2026-09-28T22:21:37.551312+00:00", "elapsed_seconds": 81.00326895713806, "epoch": 2, "step": 650, "planned_steps": 1170, "loss": 0.024921681731939316, "gradient_norm": 1.0717856884002686, "optimizer_step_applied": true, "amp_scale": 1024.0}
{"event": "train_step", "time_utc": "2026-09-28T22:21:40.093134+00:00", "elapsed_seconds": 83.5450873374939, "epoch": 2, "step": 675, "planned_steps": 1170, "loss": 0.07894539833068848, "gradient_norm": 7.017839431762695, "optimizer_step_applied": true, "amp_scale": 1024.0}
{"event": "train_step", "time_utc": "2026-09-28T22:21:42.604971+00:00", "elapsed_seconds": 86.05692768096924, "epoch": 2, "step": 700, "planned_steps": 1170, "loss": 0.04216168448328972, "gradient_norm": 2.392666816711426, "optimizer_step_applied": true, "amp_scale": 1024.0}
{"event": "train_step", "time_utc": "2026-09-28T22:21:45.120618+00:00", "elapsed_seconds": 88.57257509231567, "epoch": 2, "step": 725, "planned_steps": 1170, "loss": 0.07324668765068054, "gradient_norm": 3.6725950241088867, "optimizer_step_applied": true, "amp_scale": 1024.0}
{"event": "train_step", "time_utc": "2026-09-28T22:21:47.693843+00:00", "elapsed_seconds": 91.14579844474792, "epoch": 2, "step": 750, "planned_steps": 1170, "loss": 0.29190486669540405, "gradient_norm": 13.92685317993164, "optimizer_step_applied": true, "amp_scale": 1024.0}
{"event": "train_step", "time_utc": "2026-09-28T22:21:50.262007+00:00", "elapsed_seconds": 93.71396255493164, "epoch": 2, "step": 775, "planned_steps": 1170, "loss": 0.06748993694782257, "gradient_norm": 5.68140172958374, "optimizer_step_applied": true, "amp_scale": 1024.0}
{"event": "epoch_complete", "time_utc": "2026-09-28T22:21:50.767232+00:00", "elapsed_seconds": 94.21918797492981, "epoch": 2, "mean_loss": 0.19876430264602488}
{"event": "train_step", "time_utc": "2026-09-28T22:21:52.763171+00:00", "elapsed_seconds": 96.21512770652771, "epoch": 3, "step": 800, "planned_steps": 1170, "loss": 0.03756119683384895, "gradient_norm": 1.9820419549942017, "optimizer_step_applied": true, "amp_scale": 1024.0}
{"event": "train_step", "time_utc": "2026-09-28T22:21:55.233737+00:00", "elapsed_seconds": 98.6856951713562, "epoch": 3, "step": 825, "planned_steps": 1170, "loss": 0.0975247323513031, "gradient_norm": 9.783672332763672, "optimizer_step_applied": true, "amp_scale": 1024.0}
{"event": "train_step", "time_utc": "2026-09-28T22:21:57.748356+00:00", "elapsed_seconds": 101.20031332969666, "epoch": 3, "step": 850, "planned_steps": 1170, "loss": 0.06241542100906372, "gradient_norm": 6.931318759918213, "optimizer_step_applied": true, "amp_scale": 1024.0}
{"event": "train_step", "time_utc": "2026-09-28T22:22:00.252311+00:00", "elapsed_seconds": 103.70426797866821, "epoch": 3, "step": 875, "planned_steps": 1170, "loss": 0.04109536111354828, "gradient_norm": 3.1047792434692383, "optimizer_step_applied": true, "amp_scale": 1024.0}
{"event": "train_step", "time_utc": "2026-09-28T22:22:02.814173+00:00", "elapsed_seconds": 106.26612854003906, "epoch": 3, "step": 900, "planned_steps": 1170, "loss": 0.1659822314977646, "gradient_norm": 8.53695297241211, "optimizer_step_applied": true, "amp_scale": 1024.0}
{"event": "train_step", "time_utc": "2026-09-28T22:22:05.326198+00:00", "elapsed_seconds": 108.778156042099, "epoch": 3, "step": 925, "planned_steps": 1170, "loss": 0.05731608718633652, "gradient_norm": 3.3370447158813477, "optimizer_step_applied": true, "amp_scale": 1024.0}
{"event": "train_step", "time_utc": "2026-09-28T22:22:07.874778+00:00", "elapsed_seconds": 111.32673168182373, "epoch": 3, "step": 950, "planned_steps": 1170, "loss": 0.02681204304099083, "gradient_norm": 2.002075433731079, "optimizer_step_applied": true, "amp_scale": 1024.0}
{"event": "train_step", "time_utc": "2026-09-28T22:22:10.387952+00:00", "elapsed_seconds": 113.83990907669067, "epoch": 3, "step": 975, "planned_steps": 1170, "loss": 0.1122845858335495, "gradient_norm": 5.0991644859313965, "optimizer_step_applied": true, "amp_scale": 1024.0}
{"event": "train_step", "time_utc": "2026-09-28T22:22:12.959432+00:00", "elapsed_seconds": 116.41138863563538, "epoch": 3, "step": 1000, "planned_steps": 1170, "loss": 0.03172304481267929, "gradient_norm": 3.2614121437072754, "optimizer_step_applied": true, "amp_scale": 1024.0}
{"event": "train_step", "time_utc": "2026-09-28T22:22:15.499628+00:00", "elapsed_seconds": 118.95158267021179, "epoch": 3, "step": 1025, "planned_steps": 1170, "loss": 0.2932508885860443, "gradient_norm": 19.53561782836914, "optimizer_step_applied": true, "amp_scale": 1024.0}
{"event": "train_step", "time_utc": "2026-09-28T22:22:18.037240+00:00", "elapsed_seconds": 121.48919653892517, "epoch": 3, "step": 1050, "planned_steps": 1170, "loss": 0.17778775095939636, "gradient_norm": 20.128555297851562, "optimizer_step_applied": true, "amp_scale": 1024.0}
{"event": "train_step", "time_utc": "2026-09-28T22:22:20.554398+00:00", "elapsed_seconds": 124.00635552406311, "epoch": 3, "step": 1075, "planned_steps": 1170, "loss": 0.025757618248462677, "gradient_norm": 1.372253656387329, "optimizer_step_applied": true, "amp_scale": 1024.0}
{"event": "train_step", "time_utc": "2026-09-28T22:22:23.069947+00:00", "elapsed_seconds": 126.52190375328064, "epoch": 3, "step": 1100, "planned_steps": 1170, "loss": 0.517857551574707, "gradient_norm": 13.341744422912598, "optimizer_step_applied": true, "amp_scale": 1024.0}
{"event": "train_step", "time_utc": "2026-09-28T22:22:25.647571+00:00", "elapsed_seconds": 129.09952783584595, "epoch": 3, "step": 1125, "planned_steps": 1170, "loss": 0.014690170995891094, "gradient_norm": 1.4797217845916748, "optimizer_step_applied": true, "amp_scale": 1024.0}
{"event": "train_step", "time_utc": "2026-09-28T22:22:28.250953+00:00", "elapsed_seconds": 131.7029104232788, "epoch": 3, "step": 1150, "planned_steps": 1170, "loss": 0.011727052740752697, "gradient_norm": 0.9733977317810059, "optimizer_step_applied": true, "amp_scale": 1024.0}
{"event": "epoch_complete", "time_utc": "2026-09-28T22:22:30.312956+00:00", "elapsed_seconds": 133.76491236686707, "epoch": 3, "mean_loss": 0.13874595089314076}
{"event": "complete", "time_utc": "2026-09-28T22:22:35.632392+00:00", "elapsed_seconds": 139.0841088294983, "status": "completed", "plan_sha256": "8433bf7c970b7929d5d265175f4f7bd17e167b726a4aaa8bd23e244d3cf5ee32", "epochs_completed": 3, "optimizer_steps": 1170, "amp_skips": 0, "training_pairs": 4679, "validation_pairs": 1268, "checkpoint_sha256": "6b830c1baa1edc75460168d6e347f7a84eca74b35f338f960cd4ec3535fc1d59", "scores_sha256": "85963657d6b7a289dc1d31803d9324c8e2c3d4366eefcf9ce04db839bea0ee48", "peak_allocated_gib": 4.518982887268066}
