{"event": "start", "time_utc": "2026-09-28T22:23:40.866707+00:00", "elapsed_seconds": 14.461611032485962, "training_pairs": 4550, "validation_pairs": 1319, "planned_steps": 1140, "smoke": false, "physical_gpu": "2"}
You're using a BertTokenizerFast tokenizer. Please note that with a fast tokenizer, using the `__call__` method is faster than using a method to encode the text followed by a call to the `pad` method to get a padded encoding.
{"event": "train_step", "time_utc": "2026-09-28T22:23:41.253925+00:00", "elapsed_seconds": 14.848827362060547, "epoch": 1, "step": 1, "planned_steps": 1140, "loss": 0.37683773040771484, "gradient_norm": 4.632350444793701, "optimizer_step_applied": true, "amp_scale": 1024.0}
{"event": "train_step", "time_utc": "2026-09-28T22:23:41.330921+00:00", "elapsed_seconds": 14.925824165344238, "epoch": 1, "step": 2, "planned_steps": 1140, "loss": 0.30404555797576904, "gradient_norm": 3.824739933013916, "optimizer_step_applied": true, "amp_scale": 1024.0}
{"event": "train_step", "time_utc": "2026-09-28T22:23:41.439309+00:00", "elapsed_seconds": 15.034209489822388, "epoch": 1, "step": 3, "planned_steps": 1140, "loss": 0.5899040699005127, "gradient_norm": 6.299537181854248, "optimizer_step_applied": true, "amp_scale": 1024.0}
{"event": "train_step", "time_utc": "2026-09-28T22:23:41.528681+00:00", "elapsed_seconds": 15.123578548431396, "epoch": 1, "step": 4, "planned_steps": 1140, "loss": 0.5135214328765869, "gradient_norm": 8.319701194763184, "optimizer_step_applied": true, "amp_scale": 1024.0}
{"event": "train_step", "time_utc": "2026-09-28T22:23:41.632698+00:00", "elapsed_seconds": 15.227596044540405, "epoch": 1, "step": 5, "planned_steps": 1140, "loss": 0.41976356506347656, "gradient_norm": 3.2330963611602783, "optimizer_step_applied": true, "amp_scale": 1024.0}
{"event": "train_step", "time_utc": "2026-09-28T22:23:43.735352+00:00", "elapsed_seconds": 17.330256938934326, "epoch": 1, "step": 25, "planned_steps": 1140, "loss": 0.5301806926727295, "gradient_norm": 3.333787202835083, "optimizer_step_applied": true, "amp_scale": 1024.0}
{"event": "train_step", "time_utc": "2026-09-28T22:23:46.359741+00:00", "elapsed_seconds": 19.954647302627563, "epoch": 1, "step": 50, "planned_steps": 1140, "loss": 0.31709614396095276, "gradient_norm": 20.21474266052246, "optimizer_step_applied": true, "amp_scale": 1024.0}
{"event": "train_step", "time_utc": "2026-09-28T22:23:49.814847+00:00", "elapsed_seconds": 23.40974760055542, "epoch": 1, "step": 75, "planned_steps": 1140, "loss": 1.039842128753662, "gradient_norm": 10.290534019470215, "optimizer_step_applied": true, "amp_scale": 1024.0}
{"event": "train_step", "time_utc": "2026-09-28T22:23:52.917767+00:00", "elapsed_seconds": 26.51266884803772, "epoch": 1, "step": 100, "planned_steps": 1140, "loss": 0.2620195746421814, "gradient_norm": 7.240236759185791, "optimizer_step_applied": true, "amp_scale": 1024.0}
{"event": "train_step", "time_utc": "2026-09-28T22:23:56.200843+00:00", "elapsed_seconds": 29.795748949050903, "epoch": 1, "step": 125, "planned_steps": 1140, "loss": 0.16648918390274048, "gradient_norm": 2.7081873416900635, "optimizer_step_applied": true, "amp_scale": 1024.0}
{"event": "train_step", "time_utc": "2026-09-28T22:23:59.411610+00:00", "elapsed_seconds": 33.006513595581055, "epoch": 1, "step": 150, "planned_steps": 1140, "loss": 0.31499531865119934, "gradient_norm": 7.432020664215088, "optimizer_step_applied": true, "amp_scale": 1024.0}
{"event": "train_step", "time_utc": "2026-09-28T22:24:02.864930+00:00", "elapsed_seconds": 36.459837436676025, "epoch": 1, "step": 175, "planned_steps": 1140, "loss": 0.4196062982082367, "gradient_norm": 6.707986354827881, "optimizer_step_applied": true, "amp_scale": 1024.0}
{"event": "train_step", "time_utc": "2026-09-28T22:24:06.232651+00:00", "elapsed_seconds": 39.82755446434021, "epoch": 1, "step": 200, "planned_steps": 1140, "loss": 0.354547917842865, "gradient_norm": 14.747419357299805, "optimizer_step_applied": true, "amp_scale": 1024.0}
{"event": "train_step", "time_utc": "2026-09-28T22:24:09.913471+00:00", "elapsed_seconds": 43.50837421417236, "epoch": 1, "step": 225, "planned_steps": 1140, "loss": 0.1218881905078888, "gradient_norm": 4.1523756980896, "optimizer_step_applied": true, "amp_scale": 1024.0}
{"event": "train_step", "time_utc": "2026-09-28T22:24:13.522925+00:00", "elapsed_seconds": 47.11782789230347, "epoch": 1, "step": 250, "planned_steps": 1140, "loss": 0.0514836311340332, "gradient_norm": 2.5529980659484863, "optimizer_step_applied": true, "amp_scale": 1024.0}
{"event": "train_step", "time_utc": "2026-09-28T22:24:16.912111+00:00", "elapsed_seconds": 50.50701570510864, "epoch": 1, "step": 275, "planned_steps": 1140, "loss": 0.045345574617385864, "gradient_norm": 2.7965431213378906, "optimizer_step_applied": true, "amp_scale": 1024.0}
{"event": "train_step", "time_utc": "2026-09-28T22:24:20.271388+00:00", "elapsed_seconds": 53.86629295349121, "epoch": 1, "step": 300, "planned_steps": 1140, "loss": 0.13686946034431458, "gradient_norm": 1.6073533296585083, "optimizer_step_applied": true, "amp_scale": 1024.0}
{"event": "train_step", "time_utc": "2026-09-28T22:24:23.994670+00:00", "elapsed_seconds": 57.58957362174988, "epoch": 1, "step": 325, "planned_steps": 1140, "loss": 0.376973956823349, "gradient_norm": 7.159613132476807, "optimizer_step_applied": true, "amp_scale": 1024.0}
{"event": "train_step", "time_utc": "2026-09-28T22:24:27.843484+00:00", "elapsed_seconds": 61.438384771347046, "epoch": 1, "step": 350, "planned_steps": 1140, "loss": 0.698482871055603, "gradient_norm": 6.785768985748291, "optimizer_step_applied": true, "amp_scale": 1024.0}
{"event": "train_step", "time_utc": "2026-09-28T22:24:31.748591+00:00", "elapsed_seconds": 65.34349322319031, "epoch": 1, "step": 375, "planned_steps": 1140, "loss": 0.2078768014907837, "gradient_norm": 3.0083279609680176, "optimizer_step_applied": true, "amp_scale": 1024.0}
{"event": "epoch_complete", "time_utc": "2026-09-28T22:24:32.371493+00:00", "elapsed_seconds": 65.96639466285706, "epoch": 1, "mean_loss": 0.30161377021944835}
{"event": "train_step", "time_utc": "2026-09-28T22:24:35.320411+00:00", "elapsed_seconds": 68.9153139591217, "epoch": 2, "step": 400, "planned_steps": 1140, "loss": 0.18001100420951843, "gradient_norm": 6.23640251159668, "optimizer_step_applied": true, "amp_scale": 1024.0}
{"event": "train_step", "time_utc": "2026-09-28T22:24:39.122986+00:00", "elapsed_seconds": 72.71788811683655, "epoch": 2, "step": 425, "planned_steps": 1140, "loss": 0.013239916414022446, "gradient_norm": 2.093309164047241, "optimizer_step_applied": true, "amp_scale": 1024.0}
{"event": "train_step", "time_utc": "2026-09-28T22:24:42.895258+00:00", "elapsed_seconds": 76.49015927314758, "epoch": 2, "step": 450, "planned_steps": 1140, "loss": 0.11286348104476929, "gradient_norm": 2.8964807987213135, "optimizer_step_applied": true, "amp_scale": 1024.0}
{"event": "train_step", "time_utc": "2026-09-28T22:24:46.638340+00:00", "elapsed_seconds": 80.23324227333069, "epoch": 2, "step": 475, "planned_steps": 1140, "loss": 0.3796229064464569, "gradient_norm": 18.298093795776367, "optimizer_step_applied": true, "amp_scale": 1024.0}
{"event": "train_step", "time_utc": "2026-09-28T22:24:50.432634+00:00", "elapsed_seconds": 84.0275354385376, "epoch": 2, "step": 500, "planned_steps": 1140, "loss": 0.24991163611412048, "gradient_norm": 4.0085368156433105, "optimizer_step_applied": true, "amp_scale": 1024.0}
{"event": "train_step", "time_utc": "2026-09-28T22:24:54.260861+00:00", "elapsed_seconds": 87.85576343536377, "epoch": 2, "step": 525, "planned_steps": 1140, "loss": 0.16762356460094452, "gradient_norm": 4.547216892242432, "optimizer_step_applied": true, "amp_scale": 1024.0}
{"event": "train_step", "time_utc": "2026-09-28T22:24:58.344491+00:00", "elapsed_seconds": 91.93939423561096, "epoch": 2, "step": 550, "planned_steps": 1140, "loss": 0.10122411698102951, "gradient_norm": 6.253375053405762, "optimizer_step_applied": true, "amp_scale": 1024.0}
{"event": "train_step", "time_utc": "2026-09-28T22:25:02.240454+00:00", "elapsed_seconds": 95.83535718917847, "epoch": 2, "step": 575, "planned_steps": 1140, "loss": 0.5833795070648193, "gradient_norm": 23.560476303100586, "optimizer_step_applied": true, "amp_scale": 1024.0}
{"event": "train_step", "time_utc": "2026-09-28T22:25:06.310198+00:00", "elapsed_seconds": 99.90510272979736, "epoch": 2, "step": 600, "planned_steps": 1140, "loss": 0.07881934940814972, "gradient_norm": 8.244260787963867, "optimizer_step_applied": true, "amp_scale": 1024.0}
{"event": "train_step", "time_utc": "2026-09-28T22:25:10.067482+00:00", "elapsed_seconds": 103.66238474845886, "epoch": 2, "step": 625, "planned_steps": 1140, "loss": 0.17762498557567596, "gradient_norm": 4.9414801597595215, "optimizer_step_applied": true, "amp_scale": 1024.0}
{"event": "train_step", "time_utc": "2026-09-28T22:25:14.430410+00:00", "elapsed_seconds": 108.0253119468689, "epoch": 2, "step": 650, "planned_steps": 1140, "loss": 0.07544170320034027, "gradient_norm": 1.684286117553711, "optimizer_step_applied": true, "amp_scale": 1024.0}
{"event": "train_step", "time_utc": "2026-09-28T22:25:18.431407+00:00", "elapsed_seconds": 112.02630877494812, "epoch": 2, "step": 675, "planned_steps": 1140, "loss": 0.4036805331707001, "gradient_norm": 16.000980377197266, "optimizer_step_applied": true, "amp_scale": 1024.0}
{"event": "train_step", "time_utc": "2026-09-28T22:25:22.564760+00:00", "elapsed_seconds": 116.1596622467041, "epoch": 2, "step": 700, "planned_steps": 1140, "loss": 0.047911643981933594, "gradient_norm": 1.9195332527160645, "optimizer_step_applied": true, "amp_scale": 1024.0}
{"event": "train_step", "time_utc": "2026-09-28T22:25:26.815890+00:00", "elapsed_seconds": 120.41079258918762, "epoch": 2, "step": 725, "planned_steps": 1140, "loss": 0.0643559992313385, "gradient_norm": 7.049544334411621, "optimizer_step_applied": true, "amp_scale": 1024.0}
{"event": "train_step", "time_utc": "2026-09-28T22:25:31.045111+00:00", "elapsed_seconds": 124.6400134563446, "epoch": 2, "step": 750, "planned_steps": 1140, "loss": 0.2016034722328186, "gradient_norm": 4.066768646240234, "optimizer_step_applied": true, "amp_scale": 1024.0}
{"event": "epoch_complete", "time_utc": "2026-09-28T22:25:32.680345+00:00", "elapsed_seconds": 126.2752468585968, "epoch": 2, "mean_loss": 0.2096966101420357}
{"event": "train_step", "time_utc": "2026-09-28T22:25:34.855913+00:00", "elapsed_seconds": 128.45081520080566, "epoch": 3, "step": 775, "planned_steps": 1140, "loss": 0.18484792113304138, "gradient_norm": 40.47381591796875, "optimizer_step_applied": true, "amp_scale": 1024.0}
{"event": "train_step", "time_utc": "2026-09-28T22:25:38.897124+00:00", "elapsed_seconds": 132.49202799797058, "epoch": 3, "step": 800, "planned_steps": 1140, "loss": 0.13862945139408112, "gradient_norm": 5.397403717041016, "optimizer_step_applied": true, "amp_scale": 1024.0}
{"event": "train_step", "time_utc": "2026-09-28T22:25:42.919918+00:00", "elapsed_seconds": 136.51482105255127, "epoch": 3, "step": 825, "planned_steps": 1140, "loss": 0.1350552886724472, "gradient_norm": 10.822072982788086, "optimizer_step_applied": true, "amp_scale": 1024.0}
{"event": "train_step", "time_utc": "2026-09-28T22:25:47.076145+00:00", "elapsed_seconds": 140.67104816436768, "epoch": 3, "step": 850, "planned_steps": 1140, "loss": 0.0983707457780838, "gradient_norm": 2.3408470153808594, "optimizer_step_applied": true, "amp_scale": 1024.0}
{"event": "train_step", "time_utc": "2026-09-28T22:25:51.431096+00:00", "elapsed_seconds": 145.0259974002838, "epoch": 3, "step": 875, "planned_steps": 1140, "loss": 0.1336849331855774, "gradient_norm": 3.761367082595825, "optimizer_step_applied": true, "amp_scale": 512.0}
{"event": "train_step", "time_utc": "2026-09-28T22:25:55.308830+00:00", "elapsed_seconds": 148.90373277664185, "epoch": 3, "step": 900, "planned_steps": 1140, "loss": 0.08257012069225311, "gradient_norm": 8.252750396728516, "optimizer_step_applied": true, "amp_scale": 512.0}
{"event": "train_step", "time_utc": "2026-09-28T22:25:59.384385+00:00", "elapsed_seconds": 152.9792869091034, "epoch": 3, "step": 925, "planned_steps": 1140, "loss": 0.13092151284217834, "gradient_norm": 8.596026420593262, "optimizer_step_applied": true, "amp_scale": 512.0}
{"event": "train_step", "time_utc": "2026-09-28T22:26:03.544248+00:00", "elapsed_seconds": 157.139151096344, "epoch": 3, "step": 950, "planned_steps": 1140, "loss": 0.040436986833810806, "gradient_norm": 2.274092674255371, "optimizer_step_applied": true, "amp_scale": 512.0}
{"event": "train_step", "time_utc": "2026-09-28T22:26:07.651438+00:00", "elapsed_seconds": 161.2463400363922, "epoch": 3, "step": 975, "planned_steps": 1140, "loss": 0.41032135486602783, "gradient_norm": 9.725773811340332, "optimizer_step_applied": true, "amp_scale": 512.0}
{"event": "train_step", "time_utc": "2026-09-28T22:26:11.720229+00:00", "elapsed_seconds": 165.31513261795044, "epoch": 3, "step": 1000, "planned_steps": 1140, "loss": 0.1996004432439804, "gradient_norm": 3.209970235824585, "optimizer_step_applied": true, "amp_scale": 512.0}
{"event": "train_step", "time_utc": "2026-09-28T22:26:16.020975+00:00", "elapsed_seconds": 169.615877866745, "epoch": 3, "step": 1025, "planned_steps": 1140, "loss": 0.017287706956267357, "gradient_norm": 1.0081138610839844, "optimizer_step_applied": true, "amp_scale": 512.0}
{"event": "train_step", "time_utc": "2026-09-28T22:26:19.866233+00:00", "elapsed_seconds": 173.46113967895508, "epoch": 3, "step": 1050, "planned_steps": 1140, "loss": 0.012414059601724148, "gradient_norm": 0.6610515713691711, "optimizer_step_applied": true, "amp_scale": 512.0}
{"event": "train_step", "time_utc": "2026-09-28T22:26:24.077280+00:00", "elapsed_seconds": 177.67218327522278, "epoch": 3, "step": 1075, "planned_steps": 1140, "loss": 0.007975668646395206, "gradient_norm": 0.5973808765411377, "optimizer_step_applied": true, "amp_scale": 512.0}
{"event": "train_step", "time_utc": "2026-09-28T22:26:28.583339+00:00", "elapsed_seconds": 182.17824292182922, "epoch": 3, "step": 1100, "planned_steps": 1140, "loss": 0.17901435494422913, "gradient_norm": 2.4195735454559326, "optimizer_step_applied": true, "amp_scale": 512.0}
{"event": "train_step", "time_utc": "2026-09-28T22:26:32.963095+00:00", "elapsed_seconds": 186.5579981803894, "epoch": 3, "step": 1125, "planned_steps": 1140, "loss": 0.027798106893897057, "gradient_norm": 6.060207843780518, "optimizer_step_applied": true, "amp_scale": 512.0}
{"event": "epoch_complete", "time_utc": "2026-09-28T22:26:35.365984+00:00", "elapsed_seconds": 188.96088671684265, "epoch": 3, "mean_loss": 0.15655259105689381}
{"event": "complete", "time_utc": "2026-09-28T22:26:42.541825+00:00", "elapsed_seconds": 196.13648891448975, "status": "completed", "plan_sha256": "8433bf7c970b7929d5d265175f4f7bd17e167b726a4aaa8bd23e244d3cf5ee32", "epochs_completed": 3, "optimizer_steps": 1139, "amp_skips": 1, "training_pairs": 4550, "validation_pairs": 1319, "checkpoint_sha256": "28e8fdab4056370879e4533ff124f912be81c1424d92e4def8b3e37e629b2e4d", "scores_sha256": "1dd41cba3d7a1e94e51c01a77bd9905fd881e8ba1851ae576cc2ffb16763b560", "peak_allocated_gib": 4.541402339935303}
