{"event": "start", "time_utc": "2026-09-28T22:33:51.397589+00:00", "elapsed_seconds": 14.829993963241577, "training_pairs": 4749, "validation_pairs": 1180, "planned_steps": 1188, "smoke": false, "physical_gpu": "0"}
You're using a BertTokenizerFast tokenizer. Please note that with a fast tokenizer, using the `__call__` method is faster than using a method to encode the text followed by a call to the `pad` method to get a padded encoding.
{"event": "train_step", "time_utc": "2026-09-28T22:33:51.822426+00:00", "elapsed_seconds": 15.25482988357544, "epoch": 1, "step": 1, "planned_steps": 1188, "loss": 0.44054877758026123, "gradient_norm": 2.3515167236328125, "optimizer_step_applied": true, "amp_scale": 1024.0}
{"event": "train_step", "time_utc": "2026-09-28T22:33:51.928156+00:00", "elapsed_seconds": 15.360555648803711, "epoch": 1, "step": 2, "planned_steps": 1188, "loss": 0.4786805510520935, "gradient_norm": 2.682605028152466, "optimizer_step_applied": true, "amp_scale": 1024.0}
{"event": "train_step", "time_utc": "2026-09-28T22:33:52.034548+00:00", "elapsed_seconds": 15.466946363449097, "epoch": 1, "step": 3, "planned_steps": 1188, "loss": 0.4829230010509491, "gradient_norm": 3.068669080734253, "optimizer_step_applied": true, "amp_scale": 1024.0}
{"event": "train_step", "time_utc": "2026-09-28T22:33:52.115817+00:00", "elapsed_seconds": 15.548215627670288, "epoch": 1, "step": 4, "planned_steps": 1188, "loss": 0.41718077659606934, "gradient_norm": 4.764463424682617, "optimizer_step_applied": true, "amp_scale": 1024.0}
{"event": "train_step", "time_utc": "2026-09-28T22:33:52.211086+00:00", "elapsed_seconds": 15.643484592437744, "epoch": 1, "step": 5, "planned_steps": 1188, "loss": 0.4557110071182251, "gradient_norm": 3.919121742248535, "optimizer_step_applied": true, "amp_scale": 1024.0}
{"event": "train_step", "time_utc": "2026-09-28T22:33:54.201960+00:00", "elapsed_seconds": 17.634361028671265, "epoch": 1, "step": 25, "planned_steps": 1188, "loss": 0.3734703063964844, "gradient_norm": 3.166532516479492, "optimizer_step_applied": true, "amp_scale": 1024.0}
{"event": "train_step", "time_utc": "2026-09-28T22:33:56.759444+00:00", "elapsed_seconds": 20.191850423812866, "epoch": 1, "step": 50, "planned_steps": 1188, "loss": 0.3519180715084076, "gradient_norm": 3.481865167617798, "optimizer_step_applied": true, "amp_scale": 1024.0}
{"event": "train_step", "time_utc": "2026-09-28T22:33:59.285933+00:00", "elapsed_seconds": 22.71833825111389, "epoch": 1, "step": 75, "planned_steps": 1188, "loss": 0.2240312695503235, "gradient_norm": 3.6706626415252686, "optimizer_step_applied": true, "amp_scale": 1024.0}
{"event": "train_step", "time_utc": "2026-09-28T22:34:01.820369+00:00", "elapsed_seconds": 25.252774953842163, "epoch": 1, "step": 100, "planned_steps": 1188, "loss": 0.30287301540374756, "gradient_norm": 3.77066707611084, "optimizer_step_applied": true, "amp_scale": 1024.0}
{"event": "train_step", "time_utc": "2026-09-28T22:34:04.382732+00:00", "elapsed_seconds": 27.815137147903442, "epoch": 1, "step": 125, "planned_steps": 1188, "loss": 0.6305177211761475, "gradient_norm": 20.615766525268555, "optimizer_step_applied": true, "amp_scale": 1024.0}
{"event": "train_step", "time_utc": "2026-09-28T22:34:06.941573+00:00", "elapsed_seconds": 30.37398099899292, "epoch": 1, "step": 150, "planned_steps": 1188, "loss": 0.2216273546218872, "gradient_norm": 3.7051327228546143, "optimizer_step_applied": true, "amp_scale": 1024.0}
{"event": "train_step", "time_utc": "2026-09-28T22:34:09.510072+00:00", "elapsed_seconds": 32.94247817993164, "epoch": 1, "step": 175, "planned_steps": 1188, "loss": 0.22445742785930634, "gradient_norm": 3.713524341583252, "optimizer_step_applied": true, "amp_scale": 1024.0}
{"event": "train_step", "time_utc": "2026-09-28T22:34:12.079551+00:00", "elapsed_seconds": 35.51195764541626, "epoch": 1, "step": 200, "planned_steps": 1188, "loss": 0.27712106704711914, "gradient_norm": 4.523622035980225, "optimizer_step_applied": true, "amp_scale": 1024.0}
{"event": "train_step", "time_utc": "2026-09-28T22:34:14.654647+00:00", "elapsed_seconds": 38.08705544471741, "epoch": 1, "step": 225, "planned_steps": 1188, "loss": 0.3337167501449585, "gradient_norm": 14.185843467712402, "optimizer_step_applied": true, "amp_scale": 1024.0}
{"event": "train_step", "time_utc": "2026-09-28T22:34:17.229038+00:00", "elapsed_seconds": 40.661444664001465, "epoch": 1, "step": 250, "planned_steps": 1188, "loss": 0.23753699660301208, "gradient_norm": 3.700542688369751, "optimizer_step_applied": true, "amp_scale": 1024.0}
{"event": "train_step", "time_utc": "2026-09-28T22:34:19.804970+00:00", "elapsed_seconds": 43.23737645149231, "epoch": 1, "step": 275, "planned_steps": 1188, "loss": 0.1245490312576294, "gradient_norm": 5.5218281745910645, "optimizer_step_applied": true, "amp_scale": 1024.0}
{"event": "train_step", "time_utc": "2026-09-28T22:34:22.370348+00:00", "elapsed_seconds": 45.80275321006775, "epoch": 1, "step": 300, "planned_steps": 1188, "loss": 0.22015979886054993, "gradient_norm": 29.100933074951172, "optimizer_step_applied": true, "amp_scale": 1024.0}
{"event": "train_step", "time_utc": "2026-09-28T22:34:24.917796+00:00", "elapsed_seconds": 48.35020470619202, "epoch": 1, "step": 325, "planned_steps": 1188, "loss": 0.39648979902267456, "gradient_norm": null, "optimizer_step_applied": false, "amp_scale": 512.0}
{"event": "train_step", "time_utc": "2026-09-28T22:34:27.496501+00:00", "elapsed_seconds": 50.92890667915344, "epoch": 1, "step": 350, "planned_steps": 1188, "loss": 0.21485178172588348, "gradient_norm": 15.76943302154541, "optimizer_step_applied": true, "amp_scale": 512.0}
{"event": "train_step", "time_utc": "2026-09-28T22:34:30.083511+00:00", "elapsed_seconds": 53.51591634750366, "epoch": 1, "step": 375, "planned_steps": 1188, "loss": 0.7679489850997925, "gradient_norm": 12.660469055175781, "optimizer_step_applied": true, "amp_scale": 512.0}
{"event": "epoch_complete", "time_utc": "2026-09-28T22:34:32.189045+00:00", "elapsed_seconds": 55.621450901031494, "epoch": 1, "mean_loss": 0.30485405820901645}
{"event": "train_step", "time_utc": "2026-09-28T22:34:32.612055+00:00", "elapsed_seconds": 56.04445767402649, "epoch": 2, "step": 400, "planned_steps": 1188, "loss": 0.11897808313369751, "gradient_norm": 5.276425838470459, "optimizer_step_applied": true, "amp_scale": 512.0}
{"event": "train_step", "time_utc": "2026-09-28T22:34:35.140123+00:00", "elapsed_seconds": 58.57252836227417, "epoch": 2, "step": 425, "planned_steps": 1188, "loss": 0.16187632083892822, "gradient_norm": 11.300788879394531, "optimizer_step_applied": true, "amp_scale": 512.0}
{"event": "train_step", "time_utc": "2026-09-28T22:34:37.695591+00:00", "elapsed_seconds": 61.127997159957886, "epoch": 2, "step": 450, "planned_steps": 1188, "loss": 0.052698761224746704, "gradient_norm": 2.0148489475250244, "optimizer_step_applied": true, "amp_scale": 512.0}
{"event": "train_step", "time_utc": "2026-09-28T22:34:40.280159+00:00", "elapsed_seconds": 63.712565422058105, "epoch": 2, "step": 475, "planned_steps": 1188, "loss": 0.25649136304855347, "gradient_norm": 12.61606502532959, "optimizer_step_applied": true, "amp_scale": 512.0}
{"event": "train_step", "time_utc": "2026-09-28T22:34:42.849750+00:00", "elapsed_seconds": 66.28215479850769, "epoch": 2, "step": 500, "planned_steps": 1188, "loss": 0.09909923374652863, "gradient_norm": 4.398771286010742, "optimizer_step_applied": true, "amp_scale": 512.0}
{"event": "train_step", "time_utc": "2026-09-28T22:34:45.394121+00:00", "elapsed_seconds": 68.82652497291565, "epoch": 2, "step": 525, "planned_steps": 1188, "loss": 0.13577377796173096, "gradient_norm": 10.825891494750977, "optimizer_step_applied": true, "amp_scale": 512.0}
{"event": "train_step", "time_utc": "2026-09-28T22:34:47.982723+00:00", "elapsed_seconds": 71.4151303768158, "epoch": 2, "step": 550, "planned_steps": 1188, "loss": 0.19008177518844604, "gradient_norm": 6.10602331161499, "optimizer_step_applied": true, "amp_scale": 512.0}
{"event": "train_step", "time_utc": "2026-09-28T22:34:50.604447+00:00", "elapsed_seconds": 74.03685259819031, "epoch": 2, "step": 575, "planned_steps": 1188, "loss": 0.0710916742682457, "gradient_norm": 3.84944486618042, "optimizer_step_applied": true, "amp_scale": 512.0}
{"event": "train_step", "time_utc": "2026-09-28T22:34:53.170861+00:00", "elapsed_seconds": 76.60326600074768, "epoch": 2, "step": 600, "planned_steps": 1188, "loss": 0.05518267676234245, "gradient_norm": 3.012932538986206, "optimizer_step_applied": true, "amp_scale": 512.0}
{"event": "train_step", "time_utc": "2026-09-28T22:34:55.699236+00:00", "elapsed_seconds": 79.13164043426514, "epoch": 2, "step": 625, "planned_steps": 1188, "loss": 0.2354363203048706, "gradient_norm": 7.110084533691406, "optimizer_step_applied": true, "amp_scale": 512.0}
{"event": "train_step", "time_utc": "2026-09-28T22:34:58.279132+00:00", "elapsed_seconds": 81.71153688430786, "epoch": 2, "step": 650, "planned_steps": 1188, "loss": 0.07174505293369293, "gradient_norm": 11.928776741027832, "optimizer_step_applied": true, "amp_scale": 512.0}
{"event": "train_step", "time_utc": "2026-09-28T22:35:00.815496+00:00", "elapsed_seconds": 84.24790263175964, "epoch": 2, "step": 675, "planned_steps": 1188, "loss": 0.42024144530296326, "gradient_norm": 31.77483367919922, "optimizer_step_applied": true, "amp_scale": 512.0}
{"event": "train_step", "time_utc": "2026-09-28T22:35:03.372900+00:00", "elapsed_seconds": 86.80530333518982, "epoch": 2, "step": 700, "planned_steps": 1188, "loss": 0.19128230214118958, "gradient_norm": 5.866979598999023, "optimizer_step_applied": true, "amp_scale": 512.0}
{"event": "train_step", "time_utc": "2026-09-28T22:35:05.886580+00:00", "elapsed_seconds": 89.31898522377014, "epoch": 2, "step": 725, "planned_steps": 1188, "loss": 0.021157395094633102, "gradient_norm": 1.1493713855743408, "optimizer_step_applied": true, "amp_scale": 512.0}
{"event": "train_step", "time_utc": "2026-09-28T22:35:08.368645+00:00", "elapsed_seconds": 91.80104923248291, "epoch": 2, "step": 750, "planned_steps": 1188, "loss": 0.023796699941158295, "gradient_norm": 1.7023628950119019, "optimizer_step_applied": true, "amp_scale": 512.0}
{"event": "train_step", "time_utc": "2026-09-28T22:35:10.894772+00:00", "elapsed_seconds": 94.32717728614807, "epoch": 2, "step": 775, "planned_steps": 1188, "loss": 0.08811553567647934, "gradient_norm": 10.449332237243652, "optimizer_step_applied": true, "amp_scale": 512.0}
{"event": "epoch_complete", "time_utc": "2026-09-28T22:35:12.622311+00:00", "elapsed_seconds": 96.05471658706665, "epoch": 2, "mean_loss": 0.1923382718061953}
{"event": "train_step", "time_utc": "2026-09-28T22:35:13.435621+00:00", "elapsed_seconds": 96.86802577972412, "epoch": 3, "step": 800, "planned_steps": 1188, "loss": 0.39600956439971924, "gradient_norm": 25.931852340698242, "optimizer_step_applied": true, "amp_scale": 512.0}
{"event": "train_step", "time_utc": "2026-09-28T22:35:16.001454+00:00", "elapsed_seconds": 99.43385767936707, "epoch": 3, "step": 825, "planned_steps": 1188, "loss": 0.3043135702610016, "gradient_norm": 65.42313385009766, "optimizer_step_applied": true, "amp_scale": 512.0}
{"event": "train_step", "time_utc": "2026-09-28T22:35:18.539842+00:00", "elapsed_seconds": 101.97224712371826, "epoch": 3, "step": 850, "planned_steps": 1188, "loss": 0.0202268585562706, "gradient_norm": 3.1571731567382812, "optimizer_step_applied": true, "amp_scale": 512.0}
{"event": "train_step", "time_utc": "2026-09-28T22:35:21.092022+00:00", "elapsed_seconds": 104.52442789077759, "epoch": 3, "step": 875, "planned_steps": 1188, "loss": 0.41904354095458984, "gradient_norm": 18.905529022216797, "optimizer_step_applied": true, "amp_scale": 512.0}
{"event": "train_step", "time_utc": "2026-09-28T22:35:23.591864+00:00", "elapsed_seconds": 107.02426886558533, "epoch": 3, "step": 900, "planned_steps": 1188, "loss": 0.1345825493335724, "gradient_norm": 6.630931377410889, "optimizer_step_applied": true, "amp_scale": 512.0}
{"event": "train_step", "time_utc": "2026-09-28T22:35:26.192937+00:00", "elapsed_seconds": 109.62534141540527, "epoch": 3, "step": 925, "planned_steps": 1188, "loss": 0.08717640489339828, "gradient_norm": 12.171918869018555, "optimizer_step_applied": true, "amp_scale": 512.0}
{"event": "train_step", "time_utc": "2026-09-28T22:35:28.729691+00:00", "elapsed_seconds": 112.16209530830383, "epoch": 3, "step": 950, "planned_steps": 1188, "loss": 0.015122334472835064, "gradient_norm": 1.8513002395629883, "optimizer_step_applied": true, "amp_scale": 512.0}
{"event": "train_step", "time_utc": "2026-09-28T22:35:31.300212+00:00", "elapsed_seconds": 114.73261642456055, "epoch": 3, "step": 975, "planned_steps": 1188, "loss": 0.11627060174942017, "gradient_norm": 3.7949883937835693, "optimizer_step_applied": true, "amp_scale": 512.0}
{"event": "train_step", "time_utc": "2026-09-28T22:35:33.848958+00:00", "elapsed_seconds": 117.28136348724365, "epoch": 3, "step": 1000, "planned_steps": 1188, "loss": 0.0701465755701065, "gradient_norm": 11.143451690673828, "optimizer_step_applied": true, "amp_scale": 512.0}
{"event": "train_step", "time_utc": "2026-09-28T22:35:36.436020+00:00", "elapsed_seconds": 119.8684241771698, "epoch": 3, "step": 1025, "planned_steps": 1188, "loss": 0.12187840789556503, "gradient_norm": 1.8110277652740479, "optimizer_step_applied": true, "amp_scale": 512.0}
{"event": "train_step", "time_utc": "2026-09-28T22:35:39.046071+00:00", "elapsed_seconds": 122.47847628593445, "epoch": 3, "step": 1050, "planned_steps": 1188, "loss": 0.03802599757909775, "gradient_norm": 3.4276983737945557, "optimizer_step_applied": true, "amp_scale": 512.0}
{"event": "train_step", "time_utc": "2026-09-28T22:35:41.628899+00:00", "elapsed_seconds": 125.06130290031433, "epoch": 3, "step": 1075, "planned_steps": 1188, "loss": 0.16576740145683289, "gradient_norm": 13.451006889343262, "optimizer_step_applied": true, "amp_scale": 512.0}
{"event": "train_step", "time_utc": "2026-09-28T22:35:44.170026+00:00", "elapsed_seconds": 127.60243105888367, "epoch": 3, "step": 1100, "planned_steps": 1188, "loss": 0.08793973922729492, "gradient_norm": 5.642458915710449, "optimizer_step_applied": true, "amp_scale": 512.0}
{"event": "train_step", "time_utc": "2026-09-28T22:35:46.759362+00:00", "elapsed_seconds": 130.19176697731018, "epoch": 3, "step": 1125, "planned_steps": 1188, "loss": 0.020120251923799515, "gradient_norm": 1.8550976514816284, "optimizer_step_applied": true, "amp_scale": 512.0}
{"event": "train_step", "time_utc": "2026-09-28T22:35:49.289279+00:00", "elapsed_seconds": 132.7216832637787, "epoch": 3, "step": 1150, "planned_steps": 1188, "loss": 0.23768892884254456, "gradient_norm": 25.40030288696289, "optimizer_step_applied": true, "amp_scale": 512.0}
{"event": "train_step", "time_utc": "2026-09-28T22:35:51.841655+00:00", "elapsed_seconds": 135.27406001091003, "epoch": 3, "step": 1175, "planned_steps": 1188, "loss": 0.024349261075258255, "gradient_norm": 2.369138240814209, "optimizer_step_applied": true, "amp_scale": 512.0}
{"event": "epoch_complete", "time_utc": "2026-09-28T22:35:53.174754+00:00", "elapsed_seconds": 136.60715889930725, "epoch": 3, "mean_loss": 0.1376176593370143}
{"event": "complete", "time_utc": "2026-09-28T22:35:58.464291+00:00", "elapsed_seconds": 141.89645624160767, "status": "completed", "plan_sha256": "7cf27684a321b2a6ecb04c0082abca6f63e6dcfd2defb91d46179c9defe239f5", "epochs_completed": 3, "optimizer_steps": 1187, "amp_skips": 1, "training_pairs": 4749, "validation_pairs": 1180, "checkpoint_sha256": "7f76537f9b0ea1c0078346b0ab1dc49accaef7271d8eda2c1025531b0ae8a5d3", "scores_sha256": "7796ab525cf15dc5b3ce294a8dff7867bd3f61a097f8c2c93ccc3a900a37ec29", "peak_allocated_gib": 4.5330352783203125}
