{"event": "prompts_prepared", "fold": 0, "validation_document_ids": ["10553122", "11203018", "11871647", "11906559", "11919040", "12059664", "12126309", "12640707", "12652105", "12846941", "2866573", "3563609", "4607013", "4899602", "5415817", "5763540"], "upstream_training_document_ids": ["10313222", "10789033", "11196099", "11221135", "11235872", "11765409", "11826603", "11986149", "12017973", "12078887", "12110755", "12110769", "12118522", "12147048", "12250201", "12334843", "12386172", "12405443", "12444410", "12455887", "12628480", "12646972", "12733031", "12779223", "12798528", "12811285", "12891056", "2964533", "4644339", "4678370", "5023785", "5368377", "5422868", "5425407", "5452357", "5473715", "5537416", "5538066", "5562981", "5574094", "5575846", "5693559", "5773845", "5789735", "5793168", "5866036", "5959423", "5970456", "6036836", "6048891", "6049015", "6057141", "6059678", "6063015", "6096008", "6134758", "6151044", "6219255", "6220403", "6332535", "6338757", "6390251", "6491447", "9327653"], "llm_training_document_ids": [], "demonstration_document_ids": [], "plan_sha256": "63fd0f0c06ddade7bf355bb49f120a9f88a863842f56ff2da8bf912a8dd04eb2", "baseline_exact_replay": true, "answers_removed_before_prompting": true, "task_count": 403, "tasks_sha256": "a77bec5cfbd078d5114280c7ab12aec775482de67a1f4f8e4575ebc8c178304d", "all_occurrences_selected": 322, "max_input_tokens": 1780, "complete_evidence_count": 322, "dropped_fragments": 0, "hard_nonthinking": true, "protocol": "finite_json_source_references", "maximum_grammar_tokens": 16, "allowed_completion_counts": {"3": 19, "4": 31, "5": 46, "6": 64, "7": 85, "8": 109}}
Loading checkpoint shards:   0%|          | 0/5 [00:00<?, ?it/s]Loading checkpoint shards:  20%|██        | 1/5 [00:01<00:06,  1.75s/it]Loading checkpoint shards:  40%|████      | 2/5 [00:03<00:04,  1.57s/it]Loading checkpoint shards:  60%|██████    | 3/5 [00:04<00:02,  1.49s/it]Loading checkpoint shards:  80%|████████  | 4/5 [00:05<00:01,  1.35s/it]Loading checkpoint shards: 100%|██████████| 5/5 [00:06<00:00,  1.01s/it]Loading checkpoint shards: 100%|██████████| 5/5 [00:06<00:00,  1.23s/it]
{"event": "task_complete", "fold": 0, "completed": 1, "total": 403, "format_errors": 0, "decisions": {"supported": 1}, "elapsed_seconds": 10.746829509735107}
{"event": "task_complete", "fold": 0, "completed": 2, "total": 403, "format_errors": 0, "decisions": {"supported": 2}, "elapsed_seconds": 12.005739688873291}
{"event": "task_complete", "fold": 0, "completed": 3, "total": 403, "format_errors": 0, "decisions": {"supported": 3}, "elapsed_seconds": 13.25435733795166}
{"event": "task_complete", "fold": 0, "completed": 4, "total": 403, "format_errors": 0, "decisions": {"supported": 4}, "elapsed_seconds": 14.358481884002686}
{"event": "task_complete", "fold": 0, "completed": 5, "total": 403, "format_errors": 0, "decisions": {"supported": 4, "other_or_general": 1}, "elapsed_seconds": 15.60274887084961}
{"event": "task_complete", "fold": 0, "completed": 6, "total": 403, "format_errors": 0, "decisions": {"supported": 5, "other_or_general": 1}, "elapsed_seconds": 16.60187864303589}
{"event": "task_complete", "fold": 0, "completed": 7, "total": 403, "format_errors": 0, "decisions": {"supported": 6, "other_or_general": 1}, "elapsed_seconds": 17.612316608428955}
{"event": "task_complete", "fold": 0, "completed": 8, "total": 403, "format_errors": 0, "decisions": {"supported": 7, "other_or_general": 1}, "elapsed_seconds": 18.62536907196045}
{"event": "task_complete", "fold": 0, "completed": 9, "total": 403, "format_errors": 0, "decisions": {"supported": 8, "other_or_general": 1}, "elapsed_seconds": 19.635570287704468}
{"event": "task_complete", "fold": 0, "completed": 10, "total": 403, "format_errors": 0, "decisions": {"supported": 9, "other_or_general": 1}, "elapsed_seconds": 21.108593702316284}
{"event": "task_complete", "fold": 0, "completed": 11, "total": 403, "format_errors": 0, "decisions": {"supported": 10, "other_or_general": 1}, "elapsed_seconds": 22.118504524230957}
{"event": "task_complete", "fold": 0, "completed": 12, "total": 403, "format_errors": 0, "decisions": {"supported": 11, "other_or_general": 1}, "elapsed_seconds": 23.10236954689026}
{"event": "task_complete", "fold": 0, "completed": 13, "total": 403, "format_errors": 0, "decisions": {"supported": 12, "other_or_general": 1}, "elapsed_seconds": 24.368263244628906}
{"event": "task_complete", "fold": 0, "completed": 14, "total": 403, "format_errors": 0, "decisions": {"supported": 13, "other_or_general": 1}, "elapsed_seconds": 25.35434341430664}
{"event": "task_complete", "fold": 0, "completed": 15, "total": 403, "format_errors": 0, "decisions": {"supported": 14, "other_or_general": 1}, "elapsed_seconds": 26.369834899902344}
{"event": "task_complete", "fold": 0, "completed": 16, "total": 403, "format_errors": 0, "decisions": {"supported": 15, "other_or_general": 1}, "elapsed_seconds": 27.39141082763672}
{"event": "task_complete", "fold": 0, "completed": 17, "total": 403, "format_errors": 0, "decisions": {"supported": 16, "other_or_general": 1}, "elapsed_seconds": 28.402063608169556}
{"event": "task_complete", "fold": 0, "completed": 18, "total": 403, "format_errors": 0, "decisions": {"supported": 17, "other_or_general": 1}, "elapsed_seconds": 29.417317628860474}
{"event": "task_complete", "fold": 0, "completed": 19, "total": 403, "format_errors": 0, "decisions": {"supported": 18, "other_or_general": 1}, "elapsed_seconds": 30.50529170036316}
{"event": "task_complete", "fold": 0, "completed": 20, "total": 403, "format_errors": 0, "decisions": {"supported": 19, "other_or_general": 1}, "elapsed_seconds": 31.525861740112305}
{"event": "task_complete", "fold": 0, "completed": 21, "total": 403, "format_errors": 0, "decisions": {"supported": 20, "other_or_general": 1}, "elapsed_seconds": 33.05601358413696}
{"event": "task_complete", "fold": 0, "completed": 22, "total": 403, "format_errors": 0, "decisions": {"supported": 21, "other_or_general": 1}, "elapsed_seconds": 34.315165758132935}
{"event": "task_complete", "fold": 0, "completed": 23, "total": 403, "format_errors": 0, "decisions": {"supported": 21, "other_or_general": 2}, "elapsed_seconds": 35.67375421524048}
{"event": "task_complete", "fold": 0, "completed": 24, "total": 403, "format_errors": 0, "decisions": {"supported": 22, "other_or_general": 2}, "elapsed_seconds": 36.70345735549927}
{"event": "task_complete", "fold": 0, "completed": 25, "total": 403, "format_errors": 0, "decisions": {"supported": 23, "other_or_general": 2}, "elapsed_seconds": 37.81197762489319}
{"event": "task_complete", "fold": 0, "completed": 26, "total": 403, "format_errors": 0, "decisions": {"supported": 24, "other_or_general": 2}, "elapsed_seconds": 38.932130336761475}
{"event": "task_complete", "fold": 0, "completed": 27, "total": 403, "format_errors": 0, "decisions": {"supported": 25, "other_or_general": 2}, "elapsed_seconds": 40.61832332611084}
{"event": "task_complete", "fold": 0, "completed": 28, "total": 403, "format_errors": 0, "decisions": {"supported": 26, "other_or_general": 2}, "elapsed_seconds": 41.999187707901}
{"event": "task_complete", "fold": 0, "completed": 29, "total": 403, "format_errors": 0, "decisions": {"supported": 27, "other_or_general": 2}, "elapsed_seconds": 43.39790415763855}
{"event": "task_complete", "fold": 0, "completed": 30, "total": 403, "format_errors": 0, "decisions": {"supported": 28, "other_or_general": 2}, "elapsed_seconds": 44.82986307144165}
{"event": "task_complete", "fold": 0, "completed": 31, "total": 403, "format_errors": 0, "decisions": {"supported": 29, "other_or_general": 2}, "elapsed_seconds": 45.96808886528015}
{"event": "task_complete", "fold": 0, "completed": 32, "total": 403, "format_errors": 0, "decisions": {"supported": 30, "other_or_general": 2}, "elapsed_seconds": 47.31952381134033}
{"event": "task_complete", "fold": 0, "completed": 33, "total": 403, "format_errors": 0, "decisions": {"supported": 31, "other_or_general": 2}, "elapsed_seconds": 48.48121881484985}
{"event": "task_complete", "fold": 0, "completed": 34, "total": 403, "format_errors": 0, "decisions": {"supported": 32, "other_or_general": 2}, "elapsed_seconds": 49.48573541641235}
{"event": "task_complete", "fold": 0, "completed": 35, "total": 403, "format_errors": 0, "decisions": {"supported": 33, "other_or_general": 2}, "elapsed_seconds": 50.483558893203735}
{"event": "task_complete", "fold": 0, "completed": 36, "total": 403, "format_errors": 0, "decisions": {"supported": 34, "other_or_general": 2}, "elapsed_seconds": 51.486257791519165}
{"event": "task_complete", "fold": 0, "completed": 37, "total": 403, "format_errors": 0, "decisions": {"supported": 35, "other_or_general": 2}, "elapsed_seconds": 52.776021242141724}
{"event": "task_complete", "fold": 0, "completed": 38, "total": 403, "format_errors": 0, "decisions": {"supported": 36, "other_or_general": 2}, "elapsed_seconds": 53.78895282745361}
{"event": "task_complete", "fold": 0, "completed": 39, "total": 403, "format_errors": 0, "decisions": {"supported": 37, "other_or_general": 2}, "elapsed_seconds": 54.94520330429077}
{"event": "task_complete", "fold": 0, "completed": 40, "total": 403, "format_errors": 0, "decisions": {"supported": 38, "other_or_general": 2}, "elapsed_seconds": 56.09244990348816}
{"event": "task_complete", "fold": 0, "completed": 41, "total": 403, "format_errors": 0, "decisions": {"supported": 39, "other_or_general": 2}, "elapsed_seconds": 57.21268701553345}
{"event": "task_complete", "fold": 0, "completed": 42, "total": 403, "format_errors": 0, "decisions": {"supported": 40, "other_or_general": 2}, "elapsed_seconds": 58.25370001792908}
{"event": "task_complete", "fold": 0, "completed": 43, "total": 403, "format_errors": 0, "decisions": {"supported": 41, "other_or_general": 2}, "elapsed_seconds": 59.28311491012573}
{"event": "task_complete", "fold": 0, "completed": 44, "total": 403, "format_errors": 0, "decisions": {"supported": 42, "other_or_general": 2}, "elapsed_seconds": 60.867679595947266}
{"event": "task_complete", "fold": 0, "completed": 45, "total": 403, "format_errors": 0, "decisions": {"supported": 43, "other_or_general": 2}, "elapsed_seconds": 62.21919798851013}
{"event": "task_complete", "fold": 0, "completed": 46, "total": 403, "format_errors": 0, "decisions": {"supported": 44, "other_or_general": 2}, "elapsed_seconds": 63.451382637023926}
{"event": "task_complete", "fold": 0, "completed": 47, "total": 403, "format_errors": 0, "decisions": {"supported": 45, "other_or_general": 2}, "elapsed_seconds": 64.62054395675659}
{"event": "task_complete", "fold": 0, "completed": 48, "total": 403, "format_errors": 0, "decisions": {"supported": 46, "other_or_general": 2}, "elapsed_seconds": 65.79180097579956}
{"event": "task_complete", "fold": 0, "completed": 49, "total": 403, "format_errors": 0, "decisions": {"supported": 47, "other_or_general": 2}, "elapsed_seconds": 66.87049436569214}
{"event": "task_complete", "fold": 0, "completed": 50, "total": 403, "format_errors": 0, "decisions": {"supported": 48, "other_or_general": 2}, "elapsed_seconds": 67.93103194236755}
{"event": "task_complete", "fold": 0, "completed": 51, "total": 403, "format_errors": 0, "decisions": {"supported": 49, "other_or_general": 2}, "elapsed_seconds": 68.97278237342834}
{"event": "task_complete", "fold": 0, "completed": 52, "total": 403, "format_errors": 0, "decisions": {"supported": 50, "other_or_general": 2}, "elapsed_seconds": 70.00373959541321}
{"event": "task_complete", "fold": 0, "completed": 53, "total": 403, "format_errors": 0, "decisions": {"supported": 51, "other_or_general": 2}, "elapsed_seconds": 71.04919910430908}
{"event": "task_complete", "fold": 0, "completed": 54, "total": 403, "format_errors": 0, "decisions": {"supported": 52, "other_or_general": 2}, "elapsed_seconds": 72.2394585609436}
{"event": "task_complete", "fold": 0, "completed": 55, "total": 403, "format_errors": 0, "decisions": {"supported": 53, "other_or_general": 2}, "elapsed_seconds": 73.65892887115479}
{"event": "task_complete", "fold": 0, "completed": 56, "total": 403, "format_errors": 0, "decisions": {"supported": 54, "other_or_general": 2}, "elapsed_seconds": 74.85820746421814}
{"event": "task_complete", "fold": 0, "completed": 57, "total": 403, "format_errors": 0, "decisions": {"supported": 55, "other_or_general": 2}, "elapsed_seconds": 76.05576157569885}
{"event": "task_complete", "fold": 0, "completed": 58, "total": 403, "format_errors": 0, "decisions": {"supported": 56, "other_or_general": 2}, "elapsed_seconds": 77.70787239074707}
{"event": "task_complete", "fold": 0, "completed": 59, "total": 403, "format_errors": 0, "decisions": {"supported": 57, "other_or_general": 2}, "elapsed_seconds": 78.96837544441223}
{"event": "task_complete", "fold": 0, "completed": 60, "total": 403, "format_errors": 0, "decisions": {"supported": 57, "other_or_general": 3}, "elapsed_seconds": 81.1208975315094}
{"event": "task_complete", "fold": 0, "completed": 61, "total": 403, "format_errors": 0, "decisions": {"supported": 58, "other_or_general": 3}, "elapsed_seconds": 82.52291798591614}
{"event": "task_complete", "fold": 0, "completed": 62, "total": 403, "format_errors": 0, "decisions": {"supported": 59, "other_or_general": 3}, "elapsed_seconds": 84.50207948684692}
{"event": "task_complete", "fold": 0, "completed": 63, "total": 403, "format_errors": 0, "decisions": {"supported": 60, "other_or_general": 3}, "elapsed_seconds": 86.22233581542969}
{"event": "task_complete", "fold": 0, "completed": 64, "total": 403, "format_errors": 0, "decisions": {"supported": 61, "other_or_general": 3}, "elapsed_seconds": 87.42198848724365}
{"event": "task_complete", "fold": 0, "completed": 65, "total": 403, "format_errors": 0, "decisions": {"supported": 62, "other_or_general": 3}, "elapsed_seconds": 88.83689665794373}
{"event": "task_complete", "fold": 0, "completed": 66, "total": 403, "format_errors": 0, "decisions": {"supported": 63, "other_or_general": 3}, "elapsed_seconds": 90.10896682739258}
{"event": "task_complete", "fold": 0, "completed": 67, "total": 403, "format_errors": 0, "decisions": {"supported": 64, "other_or_general": 3}, "elapsed_seconds": 91.17932105064392}
{"event": "task_complete", "fold": 0, "completed": 68, "total": 403, "format_errors": 0, "decisions": {"supported": 65, "other_or_general": 3}, "elapsed_seconds": 92.80932402610779}
{"event": "task_complete", "fold": 0, "completed": 69, "total": 403, "format_errors": 0, "decisions": {"supported": 66, "other_or_general": 3}, "elapsed_seconds": 93.83942294120789}
{"event": "task_complete", "fold": 0, "completed": 70, "total": 403, "format_errors": 0, "decisions": {"supported": 67, "other_or_general": 3}, "elapsed_seconds": 95.58413124084473}
{"event": "task_complete", "fold": 0, "completed": 71, "total": 403, "format_errors": 0, "decisions": {"supported": 68, "other_or_general": 3}, "elapsed_seconds": 97.15399956703186}
{"event": "task_complete", "fold": 0, "completed": 72, "total": 403, "format_errors": 0, "decisions": {"supported": 69, "other_or_general": 3}, "elapsed_seconds": 99.00794696807861}
{"event": "task_complete", "fold": 0, "completed": 73, "total": 403, "format_errors": 0, "decisions": {"supported": 70, "other_or_general": 3}, "elapsed_seconds": 100.82924842834473}
{"event": "task_complete", "fold": 0, "completed": 74, "total": 403, "format_errors": 0, "decisions": {"supported": 71, "other_or_general": 3}, "elapsed_seconds": 102.49702787399292}
{"event": "task_complete", "fold": 0, "completed": 75, "total": 403, "format_errors": 0, "decisions": {"supported": 72, "other_or_general": 3}, "elapsed_seconds": 104.06954288482666}
{"event": "task_complete", "fold": 0, "completed": 76, "total": 403, "format_errors": 0, "decisions": {"supported": 73, "other_or_general": 3}, "elapsed_seconds": 105.48852443695068}
{"event": "task_complete", "fold": 0, "completed": 77, "total": 403, "format_errors": 0, "decisions": {"supported": 74, "other_or_general": 3}, "elapsed_seconds": 106.60762643814087}
{"event": "task_complete", "fold": 0, "completed": 78, "total": 403, "format_errors": 0, "decisions": {"supported": 75, "other_or_general": 3}, "elapsed_seconds": 108.36238551139832}
{"event": "task_complete", "fold": 0, "completed": 79, "total": 403, "format_errors": 0, "decisions": {"supported": 76, "other_or_general": 3}, "elapsed_seconds": 109.80267095565796}
{"event": "task_complete", "fold": 0, "completed": 80, "total": 403, "format_errors": 0, "decisions": {"supported": 77, "other_or_general": 3}, "elapsed_seconds": 111.59467387199402}
{"event": "task_complete", "fold": 0, "completed": 81, "total": 403, "format_errors": 0, "decisions": {"supported": 77, "other_or_general": 4}, "elapsed_seconds": 113.11364674568176}
{"event": "task_complete", "fold": 0, "completed": 82, "total": 403, "format_errors": 0, "decisions": {"supported": 77, "other_or_general": 5}, "elapsed_seconds": 114.64404296875}
{"event": "task_complete", "fold": 0, "completed": 83, "total": 403, "format_errors": 0, "decisions": {"supported": 78, "other_or_general": 5}, "elapsed_seconds": 116.42523622512817}
{"event": "task_complete", "fold": 0, "completed": 84, "total": 403, "format_errors": 0, "decisions": {"supported": 79, "other_or_general": 5}, "elapsed_seconds": 117.85810971260071}
{"event": "task_complete", "fold": 0, "completed": 85, "total": 403, "format_errors": 0, "decisions": {"supported": 80, "other_or_general": 5}, "elapsed_seconds": 118.86429262161255}
{"event": "task_complete", "fold": 0, "completed": 86, "total": 403, "format_errors": 0, "decisions": {"supported": 81, "other_or_general": 5}, "elapsed_seconds": 120.56605005264282}
{"event": "task_complete", "fold": 0, "completed": 87, "total": 403, "format_errors": 0, "decisions": {"supported": 82, "other_or_general": 5}, "elapsed_seconds": 122.1889374256134}
{"event": "task_complete", "fold": 0, "completed": 88, "total": 403, "format_errors": 0, "decisions": {"supported": 83, "other_or_general": 5}, "elapsed_seconds": 123.8220145702362}
{"event": "task_complete", "fold": 0, "completed": 89, "total": 403, "format_errors": 0, "decisions": {"supported": 84, "other_or_general": 5}, "elapsed_seconds": 125.56470203399658}
{"event": "task_complete", "fold": 0, "completed": 90, "total": 403, "format_errors": 0, "decisions": {"supported": 85, "other_or_general": 5}, "elapsed_seconds": 127.372394323349}
{"event": "task_complete", "fold": 0, "completed": 91, "total": 403, "format_errors": 0, "decisions": {"supported": 86, "other_or_general": 5}, "elapsed_seconds": 128.69220900535583}
{"event": "task_complete", "fold": 0, "completed": 92, "total": 403, "format_errors": 0, "decisions": {"supported": 87, "other_or_general": 5}, "elapsed_seconds": 130.37744140625}
{"event": "task_complete", "fold": 0, "completed": 93, "total": 403, "format_errors": 0, "decisions": {"supported": 88, "other_or_general": 5}, "elapsed_seconds": 131.93699741363525}
{"event": "task_complete", "fold": 0, "completed": 94, "total": 403, "format_errors": 0, "decisions": {"supported": 89, "other_or_general": 5}, "elapsed_seconds": 133.74096083641052}
{"event": "task_complete", "fold": 0, "completed": 95, "total": 403, "format_errors": 0, "decisions": {"supported": 90, "other_or_general": 5}, "elapsed_seconds": 135.21662497520447}
{"event": "task_complete", "fold": 0, "completed": 96, "total": 403, "format_errors": 0, "decisions": {"supported": 91, "other_or_general": 5}, "elapsed_seconds": 136.96556520462036}
{"event": "task_complete", "fold": 0, "completed": 97, "total": 403, "format_errors": 0, "decisions": {"supported": 92, "other_or_general": 5}, "elapsed_seconds": 137.96987867355347}
{"event": "task_complete", "fold": 0, "completed": 98, "total": 403, "format_errors": 0, "decisions": {"supported": 93, "other_or_general": 5}, "elapsed_seconds": 139.35575413703918}
{"event": "task_complete", "fold": 0, "completed": 99, "total": 403, "format_errors": 0, "decisions": {"supported": 94, "other_or_general": 5}, "elapsed_seconds": 140.61357164382935}
{"event": "task_complete", "fold": 0, "completed": 100, "total": 403, "format_errors": 0, "decisions": {"supported": 95, "other_or_general": 5}, "elapsed_seconds": 142.25335431098938}
{"event": "task_complete", "fold": 0, "completed": 101, "total": 403, "format_errors": 0, "decisions": {"supported": 96, "other_or_general": 5}, "elapsed_seconds": 143.24442625045776}
{"event": "task_complete", "fold": 0, "completed": 102, "total": 403, "format_errors": 0, "decisions": {"supported": 97, "other_or_general": 5}, "elapsed_seconds": 144.70415925979614}
{"event": "task_complete", "fold": 0, "completed": 103, "total": 403, "format_errors": 0, "decisions": {"supported": 98, "other_or_general": 5}, "elapsed_seconds": 145.83590650558472}
{"event": "task_complete", "fold": 0, "completed": 104, "total": 403, "format_errors": 0, "decisions": {"supported": 99, "other_or_general": 5}, "elapsed_seconds": 148.06012558937073}
{"event": "task_complete", "fold": 0, "completed": 105, "total": 403, "format_errors": 0, "decisions": {"supported": 100, "other_or_general": 5}, "elapsed_seconds": 149.6261727809906}
{"event": "task_complete", "fold": 0, "completed": 106, "total": 403, "format_errors": 0, "decisions": {"supported": 101, "other_or_general": 5}, "elapsed_seconds": 150.99881386756897}
{"event": "task_complete", "fold": 0, "completed": 107, "total": 403, "format_errors": 0, "decisions": {"supported": 102, "other_or_general": 5}, "elapsed_seconds": 153.0154459476471}
{"event": "task_complete", "fold": 0, "completed": 108, "total": 403, "format_errors": 0, "decisions": {"supported": 103, "other_or_general": 5}, "elapsed_seconds": 154.4855329990387}
{"event": "task_complete", "fold": 0, "completed": 109, "total": 403, "format_errors": 0, "decisions": {"supported": 104, "other_or_general": 5}, "elapsed_seconds": 155.54040908813477}
{"event": "task_complete", "fold": 0, "completed": 110, "total": 403, "format_errors": 0, "decisions": {"supported": 105, "other_or_general": 5}, "elapsed_seconds": 156.87998628616333}
{"event": "task_complete", "fold": 0, "completed": 111, "total": 403, "format_errors": 0, "decisions": {"supported": 106, "other_or_general": 5}, "elapsed_seconds": 157.95041513442993}
{"event": "task_complete", "fold": 0, "completed": 112, "total": 403, "format_errors": 0, "decisions": {"supported": 107, "other_or_general": 5}, "elapsed_seconds": 158.99271297454834}
{"event": "task_complete", "fold": 0, "completed": 113, "total": 403, "format_errors": 0, "decisions": {"supported": 108, "other_or_general": 5}, "elapsed_seconds": 160.41115951538086}
{"event": "task_complete", "fold": 0, "completed": 114, "total": 403, "format_errors": 0, "decisions": {"supported": 109, "other_or_general": 5}, "elapsed_seconds": 161.38914012908936}
{"event": "task_complete", "fold": 0, "completed": 115, "total": 403, "format_errors": 0, "decisions": {"supported": 110, "other_or_general": 5}, "elapsed_seconds": 162.87651348114014}
{"event": "task_complete", "fold": 0, "completed": 116, "total": 403, "format_errors": 0, "decisions": {"supported": 111, "other_or_general": 5}, "elapsed_seconds": 164.4621753692627}
{"event": "task_complete", "fold": 0, "completed": 117, "total": 403, "format_errors": 0, "decisions": {"supported": 112, "other_or_general": 5}, "elapsed_seconds": 165.87772870063782}
{"event": "task_complete", "fold": 0, "completed": 118, "total": 403, "format_errors": 0, "decisions": {"supported": 113, "other_or_general": 5}, "elapsed_seconds": 167.7497842311859}
{"event": "task_complete", "fold": 0, "completed": 119, "total": 403, "format_errors": 0, "decisions": {"supported": 114, "other_or_general": 5}, "elapsed_seconds": 169.7764027118683}
{"event": "task_complete", "fold": 0, "completed": 120, "total": 403, "format_errors": 0, "decisions": {"supported": 115, "other_or_general": 5}, "elapsed_seconds": 171.5374939441681}
{"event": "task_complete", "fold": 0, "completed": 121, "total": 403, "format_errors": 0, "decisions": {"supported": 116, "other_or_general": 5}, "elapsed_seconds": 173.13945269584656}
{"event": "task_complete", "fold": 0, "completed": 122, "total": 403, "format_errors": 0, "decisions": {"supported": 117, "other_or_general": 5}, "elapsed_seconds": 174.78419661521912}
{"event": "task_complete", "fold": 0, "completed": 123, "total": 403, "format_errors": 0, "decisions": {"supported": 118, "other_or_general": 5}, "elapsed_seconds": 176.28810453414917}
{"event": "task_complete", "fold": 0, "completed": 124, "total": 403, "format_errors": 0, "decisions": {"supported": 119, "other_or_general": 5}, "elapsed_seconds": 177.80809545516968}
{"event": "task_complete", "fold": 0, "completed": 125, "total": 403, "format_errors": 0, "decisions": {"supported": 120, "other_or_general": 5}, "elapsed_seconds": 179.30541849136353}
{"event": "task_complete", "fold": 0, "completed": 126, "total": 403, "format_errors": 0, "decisions": {"supported": 121, "other_or_general": 5}, "elapsed_seconds": 181.0367133617401}
{"event": "task_complete", "fold": 0, "completed": 127, "total": 403, "format_errors": 0, "decisions": {"supported": 122, "other_or_general": 5}, "elapsed_seconds": 182.50328135490417}
{"event": "task_complete", "fold": 0, "completed": 128, "total": 403, "format_errors": 0, "decisions": {"supported": 123, "other_or_general": 5}, "elapsed_seconds": 183.7255346775055}
{"event": "task_complete", "fold": 0, "completed": 129, "total": 403, "format_errors": 0, "decisions": {"supported": 124, "other_or_general": 5}, "elapsed_seconds": 185.06936359405518}
{"event": "task_complete", "fold": 0, "completed": 130, "total": 403, "format_errors": 0, "decisions": {"supported": 125, "other_or_general": 5}, "elapsed_seconds": 186.24159216880798}
{"event": "task_complete", "fold": 0, "completed": 131, "total": 403, "format_errors": 0, "decisions": {"supported": 126, "other_or_general": 5}, "elapsed_seconds": 187.85828256607056}
{"event": "task_complete", "fold": 0, "completed": 132, "total": 403, "format_errors": 0, "decisions": {"supported": 127, "other_or_general": 5}, "elapsed_seconds": 189.26294326782227}
{"event": "task_complete", "fold": 0, "completed": 133, "total": 403, "format_errors": 0, "decisions": {"supported": 128, "other_or_general": 5}, "elapsed_seconds": 191.56937646865845}
{"event": "task_complete", "fold": 0, "completed": 134, "total": 403, "format_errors": 0, "decisions": {"supported": 129, "other_or_general": 5}, "elapsed_seconds": 192.82281231880188}
{"event": "task_complete", "fold": 0, "completed": 135, "total": 403, "format_errors": 0, "decisions": {"supported": 130, "other_or_general": 5}, "elapsed_seconds": 193.917329788208}
{"event": "task_complete", "fold": 0, "completed": 136, "total": 403, "format_errors": 0, "decisions": {"supported": 131, "other_or_general": 5}, "elapsed_seconds": 195.77538561820984}
{"event": "task_complete", "fold": 0, "completed": 137, "total": 403, "format_errors": 0, "decisions": {"supported": 132, "other_or_general": 5}, "elapsed_seconds": 197.64298033714294}
{"event": "task_complete", "fold": 0, "completed": 138, "total": 403, "format_errors": 0, "decisions": {"supported": 133, "other_or_general": 5}, "elapsed_seconds": 199.1706142425537}
{"event": "task_complete", "fold": 0, "completed": 139, "total": 403, "format_errors": 0, "decisions": {"supported": 134, "other_or_general": 5}, "elapsed_seconds": 200.29639148712158}
{"event": "task_complete", "fold": 0, "completed": 140, "total": 403, "format_errors": 0, "decisions": {"supported": 135, "other_or_general": 5}, "elapsed_seconds": 201.62783670425415}
{"event": "task_complete", "fold": 0, "completed": 141, "total": 403, "format_errors": 0, "decisions": {"supported": 136, "other_or_general": 5}, "elapsed_seconds": 202.6136815547943}
{"event": "task_complete", "fold": 0, "completed": 142, "total": 403, "format_errors": 0, "decisions": {"supported": 137, "other_or_general": 5}, "elapsed_seconds": 203.98455667495728}
{"event": "task_complete", "fold": 0, "completed": 143, "total": 403, "format_errors": 0, "decisions": {"supported": 138, "other_or_general": 5}, "elapsed_seconds": 204.96136617660522}
{"event": "task_complete", "fold": 0, "completed": 144, "total": 403, "format_errors": 0, "decisions": {"supported": 139, "other_or_general": 5}, "elapsed_seconds": 206.5844304561615}
{"event": "task_complete", "fold": 0, "completed": 145, "total": 403, "format_errors": 0, "decisions": {"supported": 140, "other_or_general": 5}, "elapsed_seconds": 207.54545211791992}
{"event": "task_complete", "fold": 0, "completed": 146, "total": 403, "format_errors": 0, "decisions": {"supported": 141, "other_or_general": 5}, "elapsed_seconds": 208.83665013313293}
{"event": "task_complete", "fold": 0, "completed": 147, "total": 403, "format_errors": 0, "decisions": {"supported": 142, "other_or_general": 5}, "elapsed_seconds": 210.87351059913635}
{"event": "task_complete", "fold": 0, "completed": 148, "total": 403, "format_errors": 0, "decisions": {"supported": 143, "other_or_general": 5}, "elapsed_seconds": 212.64640522003174}
{"event": "task_complete", "fold": 0, "completed": 149, "total": 403, "format_errors": 0, "decisions": {"supported": 144, "other_or_general": 5}, "elapsed_seconds": 214.27687406539917}
{"event": "task_complete", "fold": 0, "completed": 150, "total": 403, "format_errors": 0, "decisions": {"supported": 145, "other_or_general": 5}, "elapsed_seconds": 215.98537397384644}
{"event": "task_complete", "fold": 0, "completed": 151, "total": 403, "format_errors": 0, "decisions": {"supported": 146, "other_or_general": 5}, "elapsed_seconds": 217.72916269302368}
{"event": "task_complete", "fold": 0, "completed": 152, "total": 403, "format_errors": 0, "decisions": {"supported": 147, "other_or_general": 5}, "elapsed_seconds": 219.1557629108429}
{"event": "task_complete", "fold": 0, "completed": 153, "total": 403, "format_errors": 0, "decisions": {"supported": 148, "other_or_general": 5}, "elapsed_seconds": 220.84741377830505}
{"event": "task_complete", "fold": 0, "completed": 154, "total": 403, "format_errors": 0, "decisions": {"supported": 149, "other_or_general": 5}, "elapsed_seconds": 222.53915810585022}
{"event": "task_complete", "fold": 0, "completed": 155, "total": 403, "format_errors": 0, "decisions": {"supported": 149, "other_or_general": 6}, "elapsed_seconds": 224.59028339385986}
{"event": "task_complete", "fold": 0, "completed": 156, "total": 403, "format_errors": 0, "decisions": {"supported": 150, "other_or_general": 6}, "elapsed_seconds": 226.24942874908447}
{"event": "task_complete", "fold": 0, "completed": 157, "total": 403, "format_errors": 0, "decisions": {"supported": 151, "other_or_general": 6}, "elapsed_seconds": 227.25517463684082}
{"event": "task_complete", "fold": 0, "completed": 158, "total": 403, "format_errors": 0, "decisions": {"supported": 152, "other_or_general": 6}, "elapsed_seconds": 228.61555695533752}
{"event": "task_complete", "fold": 0, "completed": 159, "total": 403, "format_errors": 0, "decisions": {"supported": 153, "other_or_general": 6}, "elapsed_seconds": 229.86498522758484}
{"event": "task_complete", "fold": 0, "completed": 160, "total": 403, "format_errors": 0, "decisions": {"supported": 154, "other_or_general": 6}, "elapsed_seconds": 231.52342128753662}
{"event": "task_complete", "fold": 0, "completed": 161, "total": 403, "format_errors": 0, "decisions": {"supported": 155, "other_or_general": 6}, "elapsed_seconds": 232.69675993919373}
{"event": "task_complete", "fold": 0, "completed": 162, "total": 403, "format_errors": 0, "decisions": {"supported": 156, "other_or_general": 6}, "elapsed_seconds": 234.32220029830933}
{"event": "task_complete", "fold": 0, "completed": 163, "total": 403, "format_errors": 0, "decisions": {"supported": 157, "other_or_general": 6}, "elapsed_seconds": 235.4992003440857}
{"event": "task_complete", "fold": 0, "completed": 164, "total": 403, "format_errors": 0, "decisions": {"supported": 158, "other_or_general": 6}, "elapsed_seconds": 236.9237711429596}
{"event": "task_complete", "fold": 0, "completed": 165, "total": 403, "format_errors": 0, "decisions": {"supported": 159, "other_or_general": 6}, "elapsed_seconds": 239.0433132648468}
{"event": "task_complete", "fold": 0, "completed": 166, "total": 403, "format_errors": 0, "decisions": {"supported": 160, "other_or_general": 6}, "elapsed_seconds": 240.44227123260498}
{"event": "task_complete", "fold": 0, "completed": 167, "total": 403, "format_errors": 0, "decisions": {"supported": 161, "other_or_general": 6}, "elapsed_seconds": 242.0028326511383}
{"event": "task_complete", "fold": 0, "completed": 168, "total": 403, "format_errors": 0, "decisions": {"supported": 162, "other_or_general": 6}, "elapsed_seconds": 243.7873136997223}
{"event": "task_complete", "fold": 0, "completed": 169, "total": 403, "format_errors": 0, "decisions": {"supported": 163, "other_or_general": 6}, "elapsed_seconds": 245.79585599899292}
{"event": "task_complete", "fold": 0, "completed": 170, "total": 403, "format_errors": 0, "decisions": {"supported": 164, "other_or_general": 6}, "elapsed_seconds": 247.3322675228119}
{"event": "task_complete", "fold": 0, "completed": 171, "total": 403, "format_errors": 0, "decisions": {"supported": 165, "other_or_general": 6}, "elapsed_seconds": 248.69790267944336}
{"event": "task_complete", "fold": 0, "completed": 172, "total": 403, "format_errors": 0, "decisions": {"supported": 165, "other_or_general": 7}, "elapsed_seconds": 250.46494102478027}
{"event": "task_complete", "fold": 0, "completed": 173, "total": 403, "format_errors": 0, "decisions": {"supported": 166, "other_or_general": 7}, "elapsed_seconds": 252.53614950180054}
{"event": "task_complete", "fold": 0, "completed": 174, "total": 403, "format_errors": 0, "decisions": {"supported": 167, "other_or_general": 7}, "elapsed_seconds": 254.9810914993286}
{"event": "task_complete", "fold": 0, "completed": 175, "total": 403, "format_errors": 0, "decisions": {"supported": 167, "other_or_general": 8}, "elapsed_seconds": 256.8551104068756}
{"event": "task_complete", "fold": 0, "completed": 176, "total": 403, "format_errors": 0, "decisions": {"supported": 168, "other_or_general": 8}, "elapsed_seconds": 258.66555428504944}
{"event": "task_complete", "fold": 0, "completed": 177, "total": 403, "format_errors": 0, "decisions": {"supported": 169, "other_or_general": 8}, "elapsed_seconds": 260.42327666282654}
{"event": "task_complete", "fold": 0, "completed": 178, "total": 403, "format_errors": 0, "decisions": {"supported": 170, "other_or_general": 8}, "elapsed_seconds": 262.45361733436584}
{"event": "task_complete", "fold": 0, "completed": 179, "total": 403, "format_errors": 0, "decisions": {"supported": 170, "other_or_general": 9}, "elapsed_seconds": 264.3888201713562}
{"event": "task_complete", "fold": 0, "completed": 180, "total": 403, "format_errors": 0, "decisions": {"supported": 171, "other_or_general": 9}, "elapsed_seconds": 266.7526903152466}
{"event": "task_complete", "fold": 0, "completed": 181, "total": 403, "format_errors": 0, "decisions": {"supported": 172, "other_or_general": 9}, "elapsed_seconds": 268.6458275318146}
{"event": "task_complete", "fold": 0, "completed": 182, "total": 403, "format_errors": 0, "decisions": {"supported": 173, "other_or_general": 9}, "elapsed_seconds": 270.36753487586975}
{"event": "task_complete", "fold": 0, "completed": 183, "total": 403, "format_errors": 0, "decisions": {"supported": 174, "other_or_general": 9}, "elapsed_seconds": 272.11817049980164}
{"event": "task_complete", "fold": 0, "completed": 184, "total": 403, "format_errors": 0, "decisions": {"supported": 175, "other_or_general": 9}, "elapsed_seconds": 274.49239134788513}
{"event": "task_complete", "fold": 0, "completed": 185, "total": 403, "format_errors": 0, "decisions": {"supported": 176, "other_or_general": 9}, "elapsed_seconds": 276.48787927627563}
{"event": "task_complete", "fold": 0, "completed": 186, "total": 403, "format_errors": 0, "decisions": {"supported": 177, "other_or_general": 9}, "elapsed_seconds": 278.6091091632843}
{"event": "task_complete", "fold": 0, "completed": 187, "total": 403, "format_errors": 0, "decisions": {"supported": 178, "other_or_general": 9}, "elapsed_seconds": 280.6224527359009}
{"event": "task_complete", "fold": 0, "completed": 188, "total": 403, "format_errors": 0, "decisions": {"supported": 179, "other_or_general": 9}, "elapsed_seconds": 282.8878827095032}
{"event": "task_complete", "fold": 0, "completed": 189, "total": 403, "format_errors": 0, "decisions": {"supported": 180, "other_or_general": 9}, "elapsed_seconds": 284.62519240379333}
{"event": "task_complete", "fold": 0, "completed": 190, "total": 403, "format_errors": 0, "decisions": {"supported": 181, "other_or_general": 9}, "elapsed_seconds": 286.8153622150421}
{"event": "task_complete", "fold": 0, "completed": 191, "total": 403, "format_errors": 0, "decisions": {"supported": 182, "other_or_general": 9}, "elapsed_seconds": 288.548059463501}
{"event": "task_complete", "fold": 0, "completed": 192, "total": 403, "format_errors": 0, "decisions": {"supported": 183, "other_or_general": 9}, "elapsed_seconds": 290.1057207584381}
{"event": "task_complete", "fold": 0, "completed": 193, "total": 403, "format_errors": 0, "decisions": {"supported": 184, "other_or_general": 9}, "elapsed_seconds": 291.78431272506714}
{"event": "task_complete", "fold": 0, "completed": 194, "total": 403, "format_errors": 0, "decisions": {"supported": 185, "other_or_general": 9}, "elapsed_seconds": 293.47210788726807}
{"event": "task_complete", "fold": 0, "completed": 195, "total": 403, "format_errors": 0, "decisions": {"supported": 186, "other_or_general": 9}, "elapsed_seconds": 295.2669577598572}
{"event": "task_complete", "fold": 0, "completed": 196, "total": 403, "format_errors": 0, "decisions": {"supported": 187, "other_or_general": 9}, "elapsed_seconds": 297.1596505641937}
{"event": "task_complete", "fold": 0, "completed": 197, "total": 403, "format_errors": 0, "decisions": {"supported": 188, "other_or_general": 9}, "elapsed_seconds": 298.95832347869873}
{"event": "task_complete", "fold": 0, "completed": 198, "total": 403, "format_errors": 0, "decisions": {"supported": 189, "other_or_general": 9}, "elapsed_seconds": 301.05036759376526}
{"event": "task_complete", "fold": 0, "completed": 199, "total": 403, "format_errors": 0, "decisions": {"supported": 190, "other_or_general": 9}, "elapsed_seconds": 302.5916893482208}
{"event": "task_complete", "fold": 0, "completed": 200, "total": 403, "format_errors": 0, "decisions": {"supported": 191, "other_or_general": 9}, "elapsed_seconds": 303.9999670982361}
{"event": "task_complete", "fold": 0, "completed": 201, "total": 403, "format_errors": 0, "decisions": {"supported": 192, "other_or_general": 9}, "elapsed_seconds": 305.6185259819031}
{"event": "task_complete", "fold": 0, "completed": 202, "total": 403, "format_errors": 0, "decisions": {"supported": 193, "other_or_general": 9}, "elapsed_seconds": 307.542147397995}
{"event": "task_complete", "fold": 0, "completed": 203, "total": 403, "format_errors": 0, "decisions": {"supported": 194, "other_or_general": 9}, "elapsed_seconds": 308.9958076477051}
{"event": "task_complete", "fold": 0, "completed": 204, "total": 403, "format_errors": 0, "decisions": {"supported": 195, "other_or_general": 9}, "elapsed_seconds": 310.42304515838623}
{"event": "task_complete", "fold": 0, "completed": 205, "total": 403, "format_errors": 0, "decisions": {"supported": 196, "other_or_general": 9}, "elapsed_seconds": 311.916707277298}
{"event": "task_complete", "fold": 0, "completed": 206, "total": 403, "format_errors": 0, "decisions": {"supported": 197, "other_or_general": 9}, "elapsed_seconds": 313.3994584083557}
{"event": "task_complete", "fold": 0, "completed": 207, "total": 403, "format_errors": 0, "decisions": {"supported": 198, "other_or_general": 9}, "elapsed_seconds": 315.03138995170593}
{"event": "task_complete", "fold": 0, "completed": 208, "total": 403, "format_errors": 0, "decisions": {"supported": 199, "other_or_general": 9}, "elapsed_seconds": 316.74887251853943}
{"event": "task_complete", "fold": 0, "completed": 209, "total": 403, "format_errors": 0, "decisions": {"supported": 200, "other_or_general": 9}, "elapsed_seconds": 318.1805782318115}
{"event": "task_complete", "fold": 0, "completed": 210, "total": 403, "format_errors": 0, "decisions": {"supported": 200, "other_or_general": 10}, "elapsed_seconds": 320.27507996559143}
{"event": "task_complete", "fold": 0, "completed": 211, "total": 403, "format_errors": 0, "decisions": {"supported": 201, "other_or_general": 10}, "elapsed_seconds": 321.85822081565857}
{"event": "task_complete", "fold": 0, "completed": 212, "total": 403, "format_errors": 0, "decisions": {"supported": 202, "other_or_general": 10}, "elapsed_seconds": 323.77172803878784}
{"event": "task_complete", "fold": 0, "completed": 213, "total": 403, "format_errors": 0, "decisions": {"supported": 203, "other_or_general": 10}, "elapsed_seconds": 325.4386508464813}
{"event": "task_complete", "fold": 0, "completed": 214, "total": 403, "format_errors": 0, "decisions": {"supported": 204, "other_or_general": 10}, "elapsed_seconds": 327.16457653045654}
{"event": "task_complete", "fold": 0, "completed": 215, "total": 403, "format_errors": 0, "decisions": {"supported": 205, "other_or_general": 10}, "elapsed_seconds": 328.4179320335388}
{"event": "task_complete", "fold": 0, "completed": 216, "total": 403, "format_errors": 0, "decisions": {"supported": 206, "other_or_general": 10}, "elapsed_seconds": 330.1385736465454}
{"event": "task_complete", "fold": 0, "completed": 217, "total": 403, "format_errors": 0, "decisions": {"supported": 207, "other_or_general": 10}, "elapsed_seconds": 331.8780426979065}
{"event": "task_complete", "fold": 0, "completed": 218, "total": 403, "format_errors": 0, "decisions": {"supported": 208, "other_or_general": 10}, "elapsed_seconds": 333.2994873523712}
{"event": "task_complete", "fold": 0, "completed": 219, "total": 403, "format_errors": 0, "decisions": {"supported": 209, "other_or_general": 10}, "elapsed_seconds": 334.9621138572693}
{"event": "task_complete", "fold": 0, "completed": 220, "total": 403, "format_errors": 0, "decisions": {"supported": 210, "other_or_general": 10}, "elapsed_seconds": 336.57426619529724}
{"event": "task_complete", "fold": 0, "completed": 221, "total": 403, "format_errors": 0, "decisions": {"supported": 211, "other_or_general": 10}, "elapsed_seconds": 338.0984332561493}
{"event": "task_complete", "fold": 0, "completed": 222, "total": 403, "format_errors": 0, "decisions": {"supported": 212, "other_or_general": 10}, "elapsed_seconds": 339.9623565673828}
{"event": "task_complete", "fold": 0, "completed": 223, "total": 403, "format_errors": 0, "decisions": {"supported": 213, "other_or_general": 10}, "elapsed_seconds": 341.77455830574036}
{"event": "task_complete", "fold": 0, "completed": 224, "total": 403, "format_errors": 0, "decisions": {"supported": 214, "other_or_general": 10}, "elapsed_seconds": 343.5497109889984}
{"event": "task_complete", "fold": 0, "completed": 225, "total": 403, "format_errors": 0, "decisions": {"supported": 215, "other_or_general": 10}, "elapsed_seconds": 345.24250960350037}
{"event": "task_complete", "fold": 0, "completed": 226, "total": 403, "format_errors": 0, "decisions": {"supported": 216, "other_or_general": 10}, "elapsed_seconds": 347.519517660141}
{"event": "task_complete", "fold": 0, "completed": 227, "total": 403, "format_errors": 0, "decisions": {"supported": 217, "other_or_general": 10}, "elapsed_seconds": 349.51463508605957}
{"event": "task_complete", "fold": 0, "completed": 228, "total": 403, "format_errors": 0, "decisions": {"supported": 218, "other_or_general": 10}, "elapsed_seconds": 350.63190722465515}
{"event": "task_complete", "fold": 0, "completed": 229, "total": 403, "format_errors": 0, "decisions": {"supported": 219, "other_or_general": 10}, "elapsed_seconds": 352.73945331573486}
{"event": "task_complete", "fold": 0, "completed": 230, "total": 403, "format_errors": 0, "decisions": {"supported": 220, "other_or_general": 10}, "elapsed_seconds": 354.36289143562317}
{"event": "task_complete", "fold": 0, "completed": 231, "total": 403, "format_errors": 0, "decisions": {"supported": 221, "other_or_general": 10}, "elapsed_seconds": 356.91285276412964}
{"event": "task_complete", "fold": 0, "completed": 232, "total": 403, "format_errors": 0, "decisions": {"supported": 222, "other_or_general": 10}, "elapsed_seconds": 358.74265718460083}
{"event": "task_complete", "fold": 0, "completed": 233, "total": 403, "format_errors": 0, "decisions": {"supported": 223, "other_or_general": 10}, "elapsed_seconds": 360.8298513889313}
{"event": "task_complete", "fold": 0, "completed": 234, "total": 403, "format_errors": 0, "decisions": {"supported": 224, "other_or_general": 10}, "elapsed_seconds": 362.7052991390228}
{"event": "task_complete", "fold": 0, "completed": 235, "total": 403, "format_errors": 0, "decisions": {"supported": 224, "other_or_general": 11}, "elapsed_seconds": 364.3433606624603}
{"event": "task_complete", "fold": 0, "completed": 236, "total": 403, "format_errors": 0, "decisions": {"supported": 225, "other_or_general": 11}, "elapsed_seconds": 366.16543841362}
{"event": "task_complete", "fold": 0, "completed": 237, "total": 403, "format_errors": 0, "decisions": {"supported": 226, "other_or_general": 11}, "elapsed_seconds": 367.7573528289795}
{"event": "task_complete", "fold": 0, "completed": 238, "total": 403, "format_errors": 0, "decisions": {"supported": 227, "other_or_general": 11}, "elapsed_seconds": 368.8355145454407}
{"event": "task_complete", "fold": 0, "completed": 239, "total": 403, "format_errors": 0, "decisions": {"supported": 227, "other_or_general": 12}, "elapsed_seconds": 370.4405150413513}
{"event": "task_complete", "fold": 0, "completed": 240, "total": 403, "format_errors": 0, "decisions": {"supported": 228, "other_or_general": 12}, "elapsed_seconds": 372.2159938812256}
{"event": "task_complete", "fold": 0, "completed": 241, "total": 403, "format_errors": 0, "decisions": {"supported": 229, "other_or_general": 12}, "elapsed_seconds": 373.7200827598572}
{"event": "task_complete", "fold": 0, "completed": 242, "total": 403, "format_errors": 0, "decisions": {"supported": 230, "other_or_general": 12}, "elapsed_seconds": 375.1489202976227}
{"event": "task_complete", "fold": 0, "completed": 243, "total": 403, "format_errors": 0, "decisions": {"supported": 231, "other_or_general": 12}, "elapsed_seconds": 377.32327818870544}
{"event": "task_complete", "fold": 0, "completed": 244, "total": 403, "format_errors": 0, "decisions": {"supported": 232, "other_or_general": 12}, "elapsed_seconds": 378.73442482948303}
{"event": "task_complete", "fold": 0, "completed": 245, "total": 403, "format_errors": 0, "decisions": {"supported": 233, "other_or_general": 12}, "elapsed_seconds": 380.1484317779541}
{"event": "task_complete", "fold": 0, "completed": 246, "total": 403, "format_errors": 0, "decisions": {"supported": 234, "other_or_general": 12}, "elapsed_seconds": 381.848087310791}
{"event": "task_complete", "fold": 0, "completed": 247, "total": 403, "format_errors": 0, "decisions": {"supported": 235, "other_or_general": 12}, "elapsed_seconds": 383.05978083610535}
{"event": "task_complete", "fold": 0, "completed": 248, "total": 403, "format_errors": 0, "decisions": {"supported": 236, "other_or_general": 12}, "elapsed_seconds": 384.48204255104065}
{"event": "task_complete", "fold": 0, "completed": 249, "total": 403, "format_errors": 0, "decisions": {"supported": 237, "other_or_general": 12}, "elapsed_seconds": 385.63168931007385}
{"event": "task_complete", "fold": 0, "completed": 250, "total": 403, "format_errors": 0, "decisions": {"supported": 238, "other_or_general": 12}, "elapsed_seconds": 386.87336778640747}
{"event": "task_complete", "fold": 0, "completed": 251, "total": 403, "format_errors": 0, "decisions": {"supported": 239, "other_or_general": 12}, "elapsed_seconds": 388.53368282318115}
{"event": "task_complete", "fold": 0, "completed": 252, "total": 403, "format_errors": 0, "decisions": {"supported": 240, "other_or_general": 12}, "elapsed_seconds": 389.60331416130066}
{"event": "task_complete", "fold": 0, "completed": 253, "total": 403, "format_errors": 0, "decisions": {"supported": 241, "other_or_general": 12}, "elapsed_seconds": 390.78646874427795}
{"event": "task_complete", "fold": 0, "completed": 254, "total": 403, "format_errors": 0, "decisions": {"supported": 242, "other_or_general": 12}, "elapsed_seconds": 392.39621090888977}
{"event": "task_complete", "fold": 0, "completed": 255, "total": 403, "format_errors": 0, "decisions": {"supported": 243, "other_or_general": 12}, "elapsed_seconds": 393.7959451675415}
{"event": "task_complete", "fold": 0, "completed": 256, "total": 403, "format_errors": 0, "decisions": {"supported": 244, "other_or_general": 12}, "elapsed_seconds": 394.9047920703888}
{"event": "task_complete", "fold": 0, "completed": 257, "total": 403, "format_errors": 0, "decisions": {"supported": 245, "other_or_general": 12}, "elapsed_seconds": 397.41308546066284}
{"event": "task_complete", "fold": 0, "completed": 258, "total": 403, "format_errors": 0, "decisions": {"supported": 245, "other_or_general": 13}, "elapsed_seconds": 398.9659287929535}
{"event": "task_complete", "fold": 0, "completed": 259, "total": 403, "format_errors": 0, "decisions": {"supported": 246, "other_or_general": 13}, "elapsed_seconds": 400.67479491233826}
{"event": "task_complete", "fold": 0, "completed": 260, "total": 403, "format_errors": 0, "decisions": {"supported": 247, "other_or_general": 13}, "elapsed_seconds": 401.97971868515015}
{"event": "task_complete", "fold": 0, "completed": 261, "total": 403, "format_errors": 0, "decisions": {"supported": 248, "other_or_general": 13}, "elapsed_seconds": 403.6087067127228}
{"event": "task_complete", "fold": 0, "completed": 262, "total": 403, "format_errors": 0, "decisions": {"supported": 249, "other_or_general": 13}, "elapsed_seconds": 405.1479172706604}
{"event": "task_complete", "fold": 0, "completed": 263, "total": 403, "format_errors": 0, "decisions": {"supported": 250, "other_or_general": 13}, "elapsed_seconds": 406.2608277797699}
{"event": "task_complete", "fold": 0, "completed": 264, "total": 403, "format_errors": 0, "decisions": {"supported": 251, "other_or_general": 13}, "elapsed_seconds": 407.44021677970886}
{"event": "task_complete", "fold": 0, "completed": 265, "total": 403, "format_errors": 0, "decisions": {"supported": 252, "other_or_general": 13}, "elapsed_seconds": 409.01040148735046}
{"event": "task_complete", "fold": 0, "completed": 266, "total": 403, "format_errors": 0, "decisions": {"supported": 253, "other_or_general": 13}, "elapsed_seconds": 410.23573541641235}
{"event": "task_complete", "fold": 0, "completed": 267, "total": 403, "format_errors": 0, "decisions": {"supported": 254, "other_or_general": 13}, "elapsed_seconds": 412.0732307434082}
{"event": "task_complete", "fold": 0, "completed": 268, "total": 403, "format_errors": 0, "decisions": {"supported": 255, "other_or_general": 13}, "elapsed_seconds": 413.6969633102417}
{"event": "task_complete", "fold": 0, "completed": 269, "total": 403, "format_errors": 0, "decisions": {"supported": 256, "other_or_general": 13}, "elapsed_seconds": 415.8373246192932}
{"event": "task_complete", "fold": 0, "completed": 270, "total": 403, "format_errors": 0, "decisions": {"supported": 257, "other_or_general": 13}, "elapsed_seconds": 417.15206003189087}
{"event": "task_complete", "fold": 0, "completed": 271, "total": 403, "format_errors": 0, "decisions": {"supported": 258, "other_or_general": 13}, "elapsed_seconds": 418.8763303756714}
{"event": "task_complete", "fold": 0, "completed": 272, "total": 403, "format_errors": 0, "decisions": {"supported": 259, "other_or_general": 13}, "elapsed_seconds": 420.43763971328735}
{"event": "task_complete", "fold": 0, "completed": 273, "total": 403, "format_errors": 0, "decisions": {"supported": 260, "other_or_general": 13}, "elapsed_seconds": 421.92160725593567}
{"event": "task_complete", "fold": 0, "completed": 274, "total": 403, "format_errors": 0, "decisions": {"supported": 261, "other_or_general": 13}, "elapsed_seconds": 423.1221182346344}
{"event": "task_complete", "fold": 0, "completed": 275, "total": 403, "format_errors": 0, "decisions": {"supported": 262, "other_or_general": 13}, "elapsed_seconds": 424.68241333961487}
{"event": "task_complete", "fold": 0, "completed": 276, "total": 403, "format_errors": 0, "decisions": {"supported": 263, "other_or_general": 13}, "elapsed_seconds": 426.42964601516724}
{"event": "task_complete", "fold": 0, "completed": 277, "total": 403, "format_errors": 0, "decisions": {"supported": 264, "other_or_general": 13}, "elapsed_seconds": 428.10571670532227}
{"event": "task_complete", "fold": 0, "completed": 278, "total": 403, "format_errors": 0, "decisions": {"supported": 265, "other_or_general": 13}, "elapsed_seconds": 429.63869524002075}
{"event": "task_complete", "fold": 0, "completed": 279, "total": 403, "format_errors": 0, "decisions": {"supported": 266, "other_or_general": 13}, "elapsed_seconds": 431.3584613800049}
{"event": "task_complete", "fold": 0, "completed": 280, "total": 403, "format_errors": 0, "decisions": {"supported": 267, "other_or_general": 13}, "elapsed_seconds": 432.8753092288971}
{"event": "task_complete", "fold": 0, "completed": 281, "total": 403, "format_errors": 0, "decisions": {"supported": 268, "other_or_general": 13}, "elapsed_seconds": 434.57175278663635}
{"event": "task_complete", "fold": 0, "completed": 282, "total": 403, "format_errors": 0, "decisions": {"supported": 269, "other_or_general": 13}, "elapsed_seconds": 436.0687870979309}
{"event": "task_complete", "fold": 0, "completed": 283, "total": 403, "format_errors": 0, "decisions": {"supported": 270, "other_or_general": 13}, "elapsed_seconds": 437.1755132675171}
{"event": "task_complete", "fold": 0, "completed": 284, "total": 403, "format_errors": 0, "decisions": {"supported": 271, "other_or_general": 13}, "elapsed_seconds": 439.27248549461365}
{"event": "task_complete", "fold": 0, "completed": 285, "total": 403, "format_errors": 0, "decisions": {"supported": 272, "other_or_general": 13}, "elapsed_seconds": 440.6974470615387}
{"event": "task_complete", "fold": 0, "completed": 286, "total": 403, "format_errors": 0, "decisions": {"supported": 273, "other_or_general": 13}, "elapsed_seconds": 441.9034881591797}
{"event": "task_complete", "fold": 0, "completed": 287, "total": 403, "format_errors": 0, "decisions": {"supported": 274, "other_or_general": 13}, "elapsed_seconds": 443.3979172706604}
{"event": "task_complete", "fold": 0, "completed": 288, "total": 403, "format_errors": 0, "decisions": {"supported": 275, "other_or_general": 13}, "elapsed_seconds": 444.62008476257324}
{"event": "task_complete", "fold": 0, "completed": 289, "total": 403, "format_errors": 0, "decisions": {"supported": 276, "other_or_general": 13}, "elapsed_seconds": 445.65660762786865}
{"event": "task_complete", "fold": 0, "completed": 290, "total": 403, "format_errors": 0, "decisions": {"supported": 277, "other_or_general": 13}, "elapsed_seconds": 447.08137464523315}
{"event": "task_complete", "fold": 0, "completed": 291, "total": 403, "format_errors": 0, "decisions": {"supported": 277, "other_or_general": 14}, "elapsed_seconds": 448.39027214050293}
{"event": "task_complete", "fold": 0, "completed": 292, "total": 403, "format_errors": 0, "decisions": {"supported": 278, "other_or_general": 14}, "elapsed_seconds": 449.78450107574463}
{"event": "task_complete", "fold": 0, "completed": 293, "total": 403, "format_errors": 0, "decisions": {"supported": 279, "other_or_general": 14}, "elapsed_seconds": 451.7321105003357}
{"event": "task_complete", "fold": 0, "completed": 294, "total": 403, "format_errors": 0, "decisions": {"supported": 280, "other_or_general": 14}, "elapsed_seconds": 453.3407356739044}
{"event": "task_complete", "fold": 0, "completed": 295, "total": 403, "format_errors": 0, "decisions": {"supported": 281, "other_or_general": 14}, "elapsed_seconds": 454.47014927864075}
{"event": "task_complete", "fold": 0, "completed": 296, "total": 403, "format_errors": 0, "decisions": {"supported": 282, "other_or_general": 14}, "elapsed_seconds": 456.0827431678772}
{"event": "task_complete", "fold": 0, "completed": 297, "total": 403, "format_errors": 0, "decisions": {"supported": 283, "other_or_general": 14}, "elapsed_seconds": 457.51106309890747}
{"event": "task_complete", "fold": 0, "completed": 298, "total": 403, "format_errors": 0, "decisions": {"supported": 284, "other_or_general": 14}, "elapsed_seconds": 459.2882134914398}
{"event": "task_complete", "fold": 0, "completed": 299, "total": 403, "format_errors": 0, "decisions": {"supported": 285, "other_or_general": 14}, "elapsed_seconds": 460.3146300315857}
{"event": "task_complete", "fold": 0, "completed": 300, "total": 403, "format_errors": 0, "decisions": {"supported": 286, "other_or_general": 14}, "elapsed_seconds": 462.0237159729004}
{"event": "task_complete", "fold": 0, "completed": 301, "total": 403, "format_errors": 0, "decisions": {"supported": 287, "other_or_general": 14}, "elapsed_seconds": 463.86230397224426}
{"event": "task_complete", "fold": 0, "completed": 302, "total": 403, "format_errors": 0, "decisions": {"supported": 288, "other_or_general": 14}, "elapsed_seconds": 465.44173860549927}
{"event": "task_complete", "fold": 0, "completed": 303, "total": 403, "format_errors": 0, "decisions": {"supported": 289, "other_or_general": 14}, "elapsed_seconds": 467.0089864730835}
{"event": "task_complete", "fold": 0, "completed": 304, "total": 403, "format_errors": 0, "decisions": {"supported": 290, "other_or_general": 14}, "elapsed_seconds": 468.8113887310028}
{"event": "task_complete", "fold": 0, "completed": 305, "total": 403, "format_errors": 0, "decisions": {"supported": 291, "other_or_general": 14}, "elapsed_seconds": 470.0390841960907}
{"event": "task_complete", "fold": 0, "completed": 306, "total": 403, "format_errors": 0, "decisions": {"supported": 292, "other_or_general": 14}, "elapsed_seconds": 471.16243267059326}
{"event": "task_complete", "fold": 0, "completed": 307, "total": 403, "format_errors": 0, "decisions": {"supported": 293, "other_or_general": 14}, "elapsed_seconds": 472.3819785118103}
{"event": "task_complete", "fold": 0, "completed": 308, "total": 403, "format_errors": 0, "decisions": {"supported": 294, "other_or_general": 14}, "elapsed_seconds": 473.73358273506165}
{"event": "task_complete", "fold": 0, "completed": 309, "total": 403, "format_errors": 0, "decisions": {"supported": 295, "other_or_general": 14}, "elapsed_seconds": 474.73794627189636}
{"event": "task_complete", "fold": 0, "completed": 310, "total": 403, "format_errors": 0, "decisions": {"supported": 296, "other_or_general": 14}, "elapsed_seconds": 476.079794883728}
{"event": "task_complete", "fold": 0, "completed": 311, "total": 403, "format_errors": 0, "decisions": {"supported": 297, "other_or_general": 14}, "elapsed_seconds": 477.3626809120178}
{"event": "task_complete", "fold": 0, "completed": 312, "total": 403, "format_errors": 0, "decisions": {"supported": 298, "other_or_general": 14}, "elapsed_seconds": 478.9268388748169}
{"event": "task_complete", "fold": 0, "completed": 313, "total": 403, "format_errors": 0, "decisions": {"supported": 299, "other_or_general": 14}, "elapsed_seconds": 480.7398171424866}
{"event": "task_complete", "fold": 0, "completed": 314, "total": 403, "format_errors": 0, "decisions": {"supported": 300, "other_or_general": 14}, "elapsed_seconds": 482.37208104133606}
{"event": "task_complete", "fold": 0, "completed": 315, "total": 403, "format_errors": 0, "decisions": {"supported": 301, "other_or_general": 14}, "elapsed_seconds": 484.8400774002075}
{"event": "task_complete", "fold": 0, "completed": 316, "total": 403, "format_errors": 0, "decisions": {"supported": 302, "other_or_general": 14}, "elapsed_seconds": 486.8043124675751}
{"event": "task_complete", "fold": 0, "completed": 317, "total": 403, "format_errors": 0, "decisions": {"supported": 303, "other_or_general": 14}, "elapsed_seconds": 488.35321712493896}
{"event": "task_complete", "fold": 0, "completed": 318, "total": 403, "format_errors": 0, "decisions": {"supported": 304, "other_or_general": 14}, "elapsed_seconds": 490.63185381889343}
{"event": "task_complete", "fold": 0, "completed": 319, "total": 403, "format_errors": 0, "decisions": {"supported": 305, "other_or_general": 14}, "elapsed_seconds": 492.58456206321716}
{"event": "task_complete", "fold": 0, "completed": 320, "total": 403, "format_errors": 0, "decisions": {"supported": 306, "other_or_general": 14}, "elapsed_seconds": 494.4423770904541}
{"event": "task_complete", "fold": 0, "completed": 321, "total": 403, "format_errors": 0, "decisions": {"supported": 306, "other_or_general": 15}, "elapsed_seconds": 496.3807339668274}
{"event": "task_complete", "fold": 0, "completed": 322, "total": 403, "format_errors": 0, "decisions": {"supported": 307, "other_or_general": 15}, "elapsed_seconds": 497.70807456970215}
{"event": "task_complete", "fold": 0, "completed": 323, "total": 403, "format_errors": 0, "decisions": {"supported": 308, "other_or_general": 15}, "elapsed_seconds": 499.2365894317627}
{"event": "task_complete", "fold": 0, "completed": 324, "total": 403, "format_errors": 0, "decisions": {"supported": 309, "other_or_general": 15}, "elapsed_seconds": 501.4110724925995}
{"event": "task_complete", "fold": 0, "completed": 325, "total": 403, "format_errors": 0, "decisions": {"supported": 310, "other_or_general": 15}, "elapsed_seconds": 503.3427665233612}
{"event": "task_complete", "fold": 0, "completed": 326, "total": 403, "format_errors": 0, "decisions": {"supported": 311, "other_or_general": 15}, "elapsed_seconds": 505.51766443252563}
{"event": "task_complete", "fold": 0, "completed": 327, "total": 403, "format_errors": 0, "decisions": {"supported": 312, "other_or_general": 15}, "elapsed_seconds": 507.4289011955261}
{"event": "task_complete", "fold": 0, "completed": 328, "total": 403, "format_errors": 0, "decisions": {"supported": 313, "other_or_general": 15}, "elapsed_seconds": 509.56865525245667}
{"event": "task_complete", "fold": 0, "completed": 329, "total": 403, "format_errors": 0, "decisions": {"supported": 314, "other_or_general": 15}, "elapsed_seconds": 511.4679765701294}
{"event": "task_complete", "fold": 0, "completed": 330, "total": 403, "format_errors": 0, "decisions": {"supported": 315, "other_or_general": 15}, "elapsed_seconds": 513.2873029708862}
{"event": "task_complete", "fold": 0, "completed": 331, "total": 403, "format_errors": 0, "decisions": {"supported": 316, "other_or_general": 15}, "elapsed_seconds": 514.8060948848724}
{"event": "task_complete", "fold": 0, "completed": 332, "total": 403, "format_errors": 0, "decisions": {"supported": 317, "other_or_general": 15}, "elapsed_seconds": 516.8843219280243}
{"event": "task_complete", "fold": 0, "completed": 333, "total": 403, "format_errors": 0, "decisions": {"supported": 318, "other_or_general": 15}, "elapsed_seconds": 518.6612796783447}
{"event": "task_complete", "fold": 0, "completed": 334, "total": 403, "format_errors": 0, "decisions": {"supported": 318, "other_or_general": 16}, "elapsed_seconds": 520.2372255325317}
{"event": "task_complete", "fold": 0, "completed": 335, "total": 403, "format_errors": 0, "decisions": {"supported": 319, "other_or_general": 16}, "elapsed_seconds": 521.5877070426941}
{"event": "task_complete", "fold": 0, "completed": 336, "total": 403, "format_errors": 0, "decisions": {"supported": 320, "other_or_general": 16}, "elapsed_seconds": 522.9378736019135}
{"event": "task_complete", "fold": 0, "completed": 337, "total": 403, "format_errors": 0, "decisions": {"supported": 321, "other_or_general": 16}, "elapsed_seconds": 524.4865086078644}
{"event": "task_complete", "fold": 0, "completed": 338, "total": 403, "format_errors": 0, "decisions": {"supported": 322, "other_or_general": 16}, "elapsed_seconds": 526.030088186264}
{"event": "task_complete", "fold": 0, "completed": 339, "total": 403, "format_errors": 0, "decisions": {"supported": 323, "other_or_general": 16}, "elapsed_seconds": 528.0330185890198}
{"event": "task_complete", "fold": 0, "completed": 340, "total": 403, "format_errors": 0, "decisions": {"supported": 323, "other_or_general": 17}, "elapsed_seconds": 529.7607870101929}
{"event": "task_complete", "fold": 0, "completed": 341, "total": 403, "format_errors": 0, "decisions": {"supported": 324, "other_or_general": 17}, "elapsed_seconds": 531.5124144554138}
{"event": "task_complete", "fold": 0, "completed": 342, "total": 403, "format_errors": 0, "decisions": {"supported": 325, "other_or_general": 17}, "elapsed_seconds": 533.0595955848694}
{"event": "task_complete", "fold": 0, "completed": 343, "total": 403, "format_errors": 0, "decisions": {"supported": 326, "other_or_general": 17}, "elapsed_seconds": 534.2729592323303}
{"event": "task_complete", "fold": 0, "completed": 344, "total": 403, "format_errors": 0, "decisions": {"supported": 327, "other_or_general": 17}, "elapsed_seconds": 536.3943424224854}
{"event": "task_complete", "fold": 0, "completed": 345, "total": 403, "format_errors": 0, "decisions": {"supported": 328, "other_or_general": 17}, "elapsed_seconds": 538.1508595943451}
{"event": "task_complete", "fold": 0, "completed": 346, "total": 403, "format_errors": 0, "decisions": {"supported": 329, "other_or_general": 17}, "elapsed_seconds": 539.5395741462708}
{"event": "task_complete", "fold": 0, "completed": 347, "total": 403, "format_errors": 0, "decisions": {"supported": 330, "other_or_general": 17}, "elapsed_seconds": 540.7925019264221}
{"event": "task_complete", "fold": 0, "completed": 348, "total": 403, "format_errors": 0, "decisions": {"supported": 331, "other_or_general": 17}, "elapsed_seconds": 542.4529051780701}
{"event": "task_complete", "fold": 0, "completed": 349, "total": 403, "format_errors": 0, "decisions": {"supported": 332, "other_or_general": 17}, "elapsed_seconds": 543.569130897522}
{"event": "task_complete", "fold": 0, "completed": 350, "total": 403, "format_errors": 0, "decisions": {"supported": 333, "other_or_general": 17}, "elapsed_seconds": 545.2170693874359}
{"event": "task_complete", "fold": 0, "completed": 351, "total": 403, "format_errors": 0, "decisions": {"supported": 334, "other_or_general": 17}, "elapsed_seconds": 546.7491419315338}
{"event": "task_complete", "fold": 0, "completed": 352, "total": 403, "format_errors": 0, "decisions": {"supported": 335, "other_or_general": 17}, "elapsed_seconds": 547.9869818687439}
{"event": "task_complete", "fold": 0, "completed": 353, "total": 403, "format_errors": 0, "decisions": {"supported": 336, "other_or_general": 17}, "elapsed_seconds": 549.5409774780273}
{"event": "task_complete", "fold": 0, "completed": 354, "total": 403, "format_errors": 0, "decisions": {"supported": 337, "other_or_general": 17}, "elapsed_seconds": 551.4059779644012}
{"event": "task_complete", "fold": 0, "completed": 355, "total": 403, "format_errors": 0, "decisions": {"supported": 338, "other_or_general": 17}, "elapsed_seconds": 553.0617296695709}
{"event": "task_complete", "fold": 0, "completed": 356, "total": 403, "format_errors": 0, "decisions": {"supported": 339, "other_or_general": 17}, "elapsed_seconds": 554.6345043182373}
{"event": "task_complete", "fold": 0, "completed": 357, "total": 403, "format_errors": 0, "decisions": {"supported": 340, "other_or_general": 17}, "elapsed_seconds": 555.9460225105286}
{"event": "task_complete", "fold": 0, "completed": 358, "total": 403, "format_errors": 0, "decisions": {"supported": 341, "other_or_general": 17}, "elapsed_seconds": 557.5623950958252}
{"event": "task_complete", "fold": 0, "completed": 359, "total": 403, "format_errors": 0, "decisions": {"supported": 342, "other_or_general": 17}, "elapsed_seconds": 559.3103041648865}
{"event": "task_complete", "fold": 0, "completed": 360, "total": 403, "format_errors": 0, "decisions": {"supported": 343, "other_or_general": 17}, "elapsed_seconds": 560.928676366806}
{"event": "task_complete", "fold": 0, "completed": 361, "total": 403, "format_errors": 0, "decisions": {"supported": 344, "other_or_general": 17}, "elapsed_seconds": 562.1778659820557}
{"event": "task_complete", "fold": 0, "completed": 362, "total": 403, "format_errors": 0, "decisions": {"supported": 345, "other_or_general": 17}, "elapsed_seconds": 563.5071587562561}
{"event": "task_complete", "fold": 0, "completed": 363, "total": 403, "format_errors": 0, "decisions": {"supported": 345, "other_or_general": 18}, "elapsed_seconds": 565.2068464756012}
{"event": "task_complete", "fold": 0, "completed": 364, "total": 403, "format_errors": 0, "decisions": {"supported": 346, "other_or_general": 18}, "elapsed_seconds": 566.595668554306}
{"event": "task_complete", "fold": 0, "completed": 365, "total": 403, "format_errors": 0, "decisions": {"supported": 347, "other_or_general": 18}, "elapsed_seconds": 568.0979332923889}
{"event": "task_complete", "fold": 0, "completed": 366, "total": 403, "format_errors": 0, "decisions": {"supported": 348, "other_or_general": 18}, "elapsed_seconds": 569.3813948631287}
{"event": "task_complete", "fold": 0, "completed": 367, "total": 403, "format_errors": 0, "decisions": {"supported": 349, "other_or_general": 18}, "elapsed_seconds": 570.7273263931274}
{"event": "task_complete", "fold": 0, "completed": 368, "total": 403, "format_errors": 0, "decisions": {"supported": 350, "other_or_general": 18}, "elapsed_seconds": 571.9081373214722}
{"event": "task_complete", "fold": 0, "completed": 369, "total": 403, "format_errors": 0, "decisions": {"supported": 351, "other_or_general": 18}, "elapsed_seconds": 573.4218783378601}
{"event": "task_complete", "fold": 0, "completed": 370, "total": 403, "format_errors": 0, "decisions": {"supported": 352, "other_or_general": 18}, "elapsed_seconds": 575.1472890377045}
{"event": "task_complete", "fold": 0, "completed": 371, "total": 403, "format_errors": 0, "decisions": {"supported": 353, "other_or_general": 18}, "elapsed_seconds": 576.5093352794647}
{"event": "task_complete", "fold": 0, "completed": 372, "total": 403, "format_errors": 0, "decisions": {"supported": 354, "other_or_general": 18}, "elapsed_seconds": 577.7830049991608}
{"event": "task_complete", "fold": 0, "completed": 373, "total": 403, "format_errors": 0, "decisions": {"supported": 355, "other_or_general": 18}, "elapsed_seconds": 579.2907404899597}
{"event": "task_complete", "fold": 0, "completed": 374, "total": 403, "format_errors": 0, "decisions": {"supported": 356, "other_or_general": 18}, "elapsed_seconds": 580.7168607711792}
{"event": "task_complete", "fold": 0, "completed": 375, "total": 403, "format_errors": 0, "decisions": {"supported": 357, "other_or_general": 18}, "elapsed_seconds": 582.1682481765747}
{"event": "task_complete", "fold": 0, "completed": 376, "total": 403, "format_errors": 0, "decisions": {"supported": 358, "other_or_general": 18}, "elapsed_seconds": 583.1677048206329}
{"event": "task_complete", "fold": 0, "completed": 377, "total": 403, "format_errors": 0, "decisions": {"supported": 359, "other_or_general": 18}, "elapsed_seconds": 584.8673732280731}
{"event": "task_complete", "fold": 0, "completed": 378, "total": 403, "format_errors": 0, "decisions": {"supported": 360, "other_or_general": 18}, "elapsed_seconds": 586.4979395866394}
{"event": "task_complete", "fold": 0, "completed": 379, "total": 403, "format_errors": 0, "decisions": {"supported": 361, "other_or_general": 18}, "elapsed_seconds": 588.3098981380463}
{"event": "task_complete", "fold": 0, "completed": 380, "total": 403, "format_errors": 0, "decisions": {"supported": 362, "other_or_general": 18}, "elapsed_seconds": 590.2301223278046}
{"event": "task_complete", "fold": 0, "completed": 381, "total": 403, "format_errors": 0, "decisions": {"supported": 363, "other_or_general": 18}, "elapsed_seconds": 591.8482823371887}
{"event": "task_complete", "fold": 0, "completed": 382, "total": 403, "format_errors": 0, "decisions": {"supported": 364, "other_or_general": 18}, "elapsed_seconds": 593.856632232666}
{"event": "task_complete", "fold": 0, "completed": 383, "total": 403, "format_errors": 0, "decisions": {"supported": 365, "other_or_general": 18}, "elapsed_seconds": 595.9887065887451}
{"event": "task_complete", "fold": 0, "completed": 384, "total": 403, "format_errors": 0, "decisions": {"supported": 366, "other_or_general": 18}, "elapsed_seconds": 597.6128232479095}
{"event": "task_complete", "fold": 0, "completed": 385, "total": 403, "format_errors": 0, "decisions": {"supported": 367, "other_or_general": 18}, "elapsed_seconds": 599.1028876304626}
{"event": "task_complete", "fold": 0, "completed": 386, "total": 403, "format_errors": 0, "decisions": {"supported": 368, "other_or_general": 18}, "elapsed_seconds": 600.6827917098999}
{"event": "task_complete", "fold": 0, "completed": 387, "total": 403, "format_errors": 0, "decisions": {"supported": 369, "other_or_general": 18}, "elapsed_seconds": 602.0057849884033}
{"event": "task_complete", "fold": 0, "completed": 388, "total": 403, "format_errors": 0, "decisions": {"supported": 370, "other_or_general": 18}, "elapsed_seconds": 603.1730315685272}
{"event": "task_complete", "fold": 0, "completed": 389, "total": 403, "format_errors": 0, "decisions": {"supported": 371, "other_or_general": 18}, "elapsed_seconds": 604.6384310722351}
{"event": "task_complete", "fold": 0, "completed": 390, "total": 403, "format_errors": 0, "decisions": {"supported": 372, "other_or_general": 18}, "elapsed_seconds": 605.8200495243073}
{"event": "task_complete", "fold": 0, "completed": 391, "total": 403, "format_errors": 0, "decisions": {"supported": 372, "other_or_general": 19}, "elapsed_seconds": 607.1152908802032}
{"event": "task_complete", "fold": 0, "completed": 392, "total": 403, "format_errors": 0, "decisions": {"supported": 372, "other_or_general": 20}, "elapsed_seconds": 608.3654131889343}
{"event": "task_complete", "fold": 0, "completed": 393, "total": 403, "format_errors": 0, "decisions": {"supported": 372, "other_or_general": 21}, "elapsed_seconds": 610.2713656425476}
{"event": "task_complete", "fold": 0, "completed": 394, "total": 403, "format_errors": 0, "decisions": {"supported": 373, "other_or_general": 21}, "elapsed_seconds": 611.5828719139099}
{"event": "task_complete", "fold": 0, "completed": 395, "total": 403, "format_errors": 0, "decisions": {"supported": 374, "other_or_general": 21}, "elapsed_seconds": 613.121503829956}
{"event": "task_complete", "fold": 0, "completed": 396, "total": 403, "format_errors": 0, "decisions": {"supported": 375, "other_or_general": 21}, "elapsed_seconds": 614.5832960605621}
{"event": "task_complete", "fold": 0, "completed": 397, "total": 403, "format_errors": 0, "decisions": {"supported": 376, "other_or_general": 21}, "elapsed_seconds": 615.9043757915497}
{"event": "task_complete", "fold": 0, "completed": 398, "total": 403, "format_errors": 0, "decisions": {"supported": 376, "other_or_general": 22}, "elapsed_seconds": 618.3834218978882}
{"event": "task_complete", "fold": 0, "completed": 399, "total": 403, "format_errors": 0, "decisions": {"supported": 377, "other_or_general": 22}, "elapsed_seconds": 619.7443103790283}
{"event": "task_complete", "fold": 0, "completed": 400, "total": 403, "format_errors": 0, "decisions": {"supported": 378, "other_or_general": 22}, "elapsed_seconds": 621.2530856132507}
{"event": "task_complete", "fold": 0, "completed": 401, "total": 403, "format_errors": 0, "decisions": {"supported": 379, "other_or_general": 22}, "elapsed_seconds": 623.0857617855072}
{"event": "task_complete", "fold": 0, "completed": 402, "total": 403, "format_errors": 0, "decisions": {"supported": 380, "other_or_general": 22}, "elapsed_seconds": 624.4769954681396}
{"event": "task_complete", "fold": 0, "completed": 403, "total": 403, "format_errors": 0, "decisions": {"supported": 381, "other_or_general": 22}, "elapsed_seconds": 625.995325088501}
{"event": "completed", "fold": 0, "validation_document_ids": ["10553122", "11203018", "11871647", "11906559", "11919040", "12059664", "12126309", "12640707", "12652105", "12846941", "2866573", "3563609", "4607013", "4899602", "5415817", "5763540"], "upstream_training_document_ids": ["10313222", "10789033", "11196099", "11221135", "11235872", "11765409", "11826603", "11986149", "12017973", "12078887", "12110755", "12110769", "12118522", "12147048", "12250201", "12334843", "12386172", "12405443", "12444410", "12455887", "12628480", "12646972", "12733031", "12779223", "12798528", "12811285", "12891056", "2964533", "4644339", "4678370", "5023785", "5368377", "5422868", "5425407", "5452357", "5473715", "5537416", "5538066", "5562981", "5574094", "5575846", "5693559", "5773845", "5789735", "5793168", "5866036", "5959423", "5970456", "6036836", "6048891", "6049015", "6057141", "6059678", "6063015", "6096008", "6134758", "6151044", "6219255", "6220403", "6332535", "6338757", "6390251", "6491447", "9327653"], "llm_training_document_ids": [], "demonstration_document_ids": [], "plan_sha256": "63fd0f0c06ddade7bf355bb49f120a9f88a863842f56ff2da8bf912a8dd04eb2", "baseline_exact_replay": true, "answers_removed_before_prompting": true, "task_count": 403, "tasks_sha256": "a77bec5cfbd078d5114280c7ab12aec775482de67a1f4f8e4575ebc8c178304d", "all_occurrences_selected": 322, "max_input_tokens": 1780, "complete_evidence_count": 322, "dropped_fragments": 0, "hard_nonthinking": true, "protocol": "finite_json_source_references", "maximum_grammar_tokens": 16, "allowed_completion_counts": {"3": 19, "4": 31, "5": 46, "6": 64, "7": 85, "8": 109}, "status": "completed", "decisions_sha256": "e9cd8479918b5f848d0108aa482f7471eef8dd92653510c2bc22b1b43d7a1227", "format_success_rate": 1.0, "format_errors": 0, "elapsed_seconds": 626.030296087265, "physical_gpu": "2", "peak_allocated_gib": 16.417583465576172, "generated_tokens": 5400, "generation_seconds": 614.6661021709442, "decisions": {"supported": 381, "other_or_general": 22}}
