{"event": "prompts_prepared", "fold": 1, "validation_document_ids": ["10313222", "11221135", "11826603", "12078887", "12628480", "12779223", "5023785", "5368377", "5425407", "5693559", "5789735", "5866036", "6049015", "6096008", "6220403", "9327653"], "upstream_training_document_ids": ["10553122", "10789033", "11196099", "11203018", "11235872", "11765409", "11871647", "11906559", "11919040", "11986149", "12017973", "12059664", "12110755", "12110769", "12118522", "12126309", "12147048", "12250201", "12334843", "12386172", "12405443", "12444410", "12455887", "12640707", "12646972", "12652105", "12733031", "12798528", "12811285", "12846941", "12891056", "2866573", "2964533", "3563609", "4607013", "4644339", "4678370", "4899602", "5415817", "5422868", "5452357", "5473715", "5537416", "5538066", "5562981", "5574094", "5575846", "5763540", "5773845", "5793168", "5959423", "5970456", "6036836", "6048891", "6057141", "6059678", "6063015", "6134758", "6151044", "6219255", "6332535", "6338757", "6390251", "6491447"], "llm_training_document_ids": [], "demonstration_document_ids": [], "plan_sha256": "63fd0f0c06ddade7bf355bb49f120a9f88a863842f56ff2da8bf912a8dd04eb2", "baseline_exact_replay": true, "answers_removed_before_prompting": true, "task_count": 297, "tasks_sha256": "469ce76ad8c811954b05fd7741f5ada6f1cdda6f8112245309555b96f96ec4e9", "all_occurrences_selected": 221, "max_input_tokens": 1931, "complete_evidence_count": 221, "dropped_fragments": 0, "hard_nonthinking": true, "protocol": "finite_json_source_references", "maximum_grammar_tokens": 16, "allowed_completion_counts": {"3": 19, "4": 31, "5": 46, "6": 64, "7": 85, "8": 109}}
Loading checkpoint shards:   0%|          | 0/5 [00:00<?, ?it/s]Loading checkpoint shards:  20%|██        | 1/5 [00:01<00:04,  1.08s/it]Loading checkpoint shards:  40%|████      | 2/5 [00:01<00:02,  1.08it/s]Loading checkpoint shards:  60%|██████    | 3/5 [00:02<00:01,  1.17it/s]Loading checkpoint shards:  80%|████████  | 4/5 [00:03<00:00,  1.31it/s]Loading checkpoint shards: 100%|██████████| 5/5 [00:03<00:00,  1.77it/s]Loading checkpoint shards: 100%|██████████| 5/5 [00:03<00:00,  1.43it/s]
{"event": "task_complete", "fold": 1, "completed": 1, "total": 297, "format_errors": 0, "decisions": {"supported": 1}, "elapsed_seconds": 7.908331871032715}
{"event": "task_complete", "fold": 1, "completed": 2, "total": 297, "format_errors": 0, "decisions": {"supported": 2}, "elapsed_seconds": 8.854308843612671}
{"event": "task_complete", "fold": 1, "completed": 3, "total": 297, "format_errors": 0, "decisions": {"supported": 3}, "elapsed_seconds": 9.79974365234375}
{"event": "task_complete", "fold": 1, "completed": 4, "total": 297, "format_errors": 0, "decisions": {"supported": 4}, "elapsed_seconds": 10.740220069885254}
{"event": "task_complete", "fold": 1, "completed": 5, "total": 297, "format_errors": 0, "decisions": {"supported": 5}, "elapsed_seconds": 11.682307958602905}
{"event": "task_complete", "fold": 1, "completed": 6, "total": 297, "format_errors": 0, "decisions": {"supported": 6}, "elapsed_seconds": 12.590479612350464}
{"event": "task_complete", "fold": 1, "completed": 7, "total": 297, "format_errors": 0, "decisions": {"supported": 7}, "elapsed_seconds": 13.67272663116455}
{"event": "task_complete", "fold": 1, "completed": 8, "total": 297, "format_errors": 0, "decisions": {"supported": 8}, "elapsed_seconds": 14.586782217025757}
{"event": "task_complete", "fold": 1, "completed": 9, "total": 297, "format_errors": 0, "decisions": {"supported": 9}, "elapsed_seconds": 15.683621644973755}
{"event": "task_complete", "fold": 1, "completed": 10, "total": 297, "format_errors": 0, "decisions": {"supported": 10}, "elapsed_seconds": 16.624889135360718}
{"event": "task_complete", "fold": 1, "completed": 11, "total": 297, "format_errors": 0, "decisions": {"supported": 11}, "elapsed_seconds": 17.84419274330139}
{"event": "task_complete", "fold": 1, "completed": 12, "total": 297, "format_errors": 0, "decisions": {"supported": 11, "other_or_general": 1}, "elapsed_seconds": 19.138740062713623}
{"event": "task_complete", "fold": 1, "completed": 13, "total": 297, "format_errors": 0, "decisions": {"supported": 11, "other_or_general": 2}, "elapsed_seconds": 20.533796787261963}
{"event": "task_complete", "fold": 1, "completed": 14, "total": 297, "format_errors": 0, "decisions": {"supported": 11, "other_or_general": 3}, "elapsed_seconds": 21.892690181732178}
{"event": "task_complete", "fold": 1, "completed": 15, "total": 297, "format_errors": 0, "decisions": {"supported": 12, "other_or_general": 3}, "elapsed_seconds": 23.195209503173828}
{"event": "task_complete", "fold": 1, "completed": 16, "total": 297, "format_errors": 0, "decisions": {"supported": 13, "other_or_general": 3}, "elapsed_seconds": 24.281095027923584}
{"event": "task_complete", "fold": 1, "completed": 17, "total": 297, "format_errors": 0, "decisions": {"supported": 14, "other_or_general": 3}, "elapsed_seconds": 25.510729789733887}
{"event": "task_complete", "fold": 1, "completed": 18, "total": 297, "format_errors": 0, "decisions": {"supported": 15, "other_or_general": 3}, "elapsed_seconds": 26.928091049194336}
{"event": "task_complete", "fold": 1, "completed": 19, "total": 297, "format_errors": 0, "decisions": {"supported": 16, "other_or_general": 3}, "elapsed_seconds": 28.23426914215088}
{"event": "task_complete", "fold": 1, "completed": 20, "total": 297, "format_errors": 0, "decisions": {"supported": 17, "other_or_general": 3}, "elapsed_seconds": 29.303151845932007}
{"event": "task_complete", "fold": 1, "completed": 21, "total": 297, "format_errors": 0, "decisions": {"supported": 18, "other_or_general": 3}, "elapsed_seconds": 30.3587384223938}
{"event": "task_complete", "fold": 1, "completed": 22, "total": 297, "format_errors": 0, "decisions": {"supported": 19, "other_or_general": 3}, "elapsed_seconds": 31.434380769729614}
{"event": "task_complete", "fold": 1, "completed": 23, "total": 297, "format_errors": 0, "decisions": {"supported": 20, "other_or_general": 3}, "elapsed_seconds": 32.92697048187256}
{"event": "task_complete", "fold": 1, "completed": 24, "total": 297, "format_errors": 0, "decisions": {"supported": 21, "other_or_general": 3}, "elapsed_seconds": 34.10258889198303}
{"event": "task_complete", "fold": 1, "completed": 25, "total": 297, "format_errors": 0, "decisions": {"supported": 22, "other_or_general": 3}, "elapsed_seconds": 35.504271507263184}
{"event": "task_complete", "fold": 1, "completed": 26, "total": 297, "format_errors": 0, "decisions": {"supported": 23, "other_or_general": 3}, "elapsed_seconds": 36.94142174720764}
{"event": "task_complete", "fold": 1, "completed": 27, "total": 297, "format_errors": 0, "decisions": {"supported": 24, "other_or_general": 3}, "elapsed_seconds": 38.14652228355408}
{"event": "task_complete", "fold": 1, "completed": 28, "total": 297, "format_errors": 0, "decisions": {"supported": 25, "other_or_general": 3}, "elapsed_seconds": 39.35712742805481}
{"event": "task_complete", "fold": 1, "completed": 29, "total": 297, "format_errors": 0, "decisions": {"supported": 26, "other_or_general": 3}, "elapsed_seconds": 40.56098127365112}
{"event": "task_complete", "fold": 1, "completed": 30, "total": 297, "format_errors": 0, "decisions": {"supported": 26, "other_or_general": 4}, "elapsed_seconds": 41.88902282714844}
{"event": "task_complete", "fold": 1, "completed": 31, "total": 297, "format_errors": 0, "decisions": {"supported": 27, "other_or_general": 4}, "elapsed_seconds": 42.9839506149292}
{"event": "task_complete", "fold": 1, "completed": 32, "total": 297, "format_errors": 0, "decisions": {"supported": 28, "other_or_general": 4}, "elapsed_seconds": 44.41827988624573}
{"event": "task_complete", "fold": 1, "completed": 33, "total": 297, "format_errors": 0, "decisions": {"supported": 29, "other_or_general": 4}, "elapsed_seconds": 45.913947105407715}
{"event": "task_complete", "fold": 1, "completed": 34, "total": 297, "format_errors": 0, "decisions": {"supported": 30, "other_or_general": 4}, "elapsed_seconds": 47.24992108345032}
{"event": "task_complete", "fold": 1, "completed": 35, "total": 297, "format_errors": 0, "decisions": {"supported": 31, "other_or_general": 4}, "elapsed_seconds": 48.588093757629395}
{"event": "task_complete", "fold": 1, "completed": 36, "total": 297, "format_errors": 0, "decisions": {"supported": 32, "other_or_general": 4}, "elapsed_seconds": 50.0320930480957}
{"event": "task_complete", "fold": 1, "completed": 37, "total": 297, "format_errors": 0, "decisions": {"supported": 33, "other_or_general": 4}, "elapsed_seconds": 51.42705678939819}
{"event": "task_complete", "fold": 1, "completed": 38, "total": 297, "format_errors": 0, "decisions": {"supported": 34, "other_or_general": 4}, "elapsed_seconds": 52.530035734176636}
{"event": "task_complete", "fold": 1, "completed": 39, "total": 297, "format_errors": 0, "decisions": {"supported": 35, "other_or_general": 4}, "elapsed_seconds": 53.900341749191284}
{"event": "task_complete", "fold": 1, "completed": 40, "total": 297, "format_errors": 0, "decisions": {"supported": 36, "other_or_general": 4}, "elapsed_seconds": 54.9827299118042}
{"event": "task_complete", "fold": 1, "completed": 41, "total": 297, "format_errors": 0, "decisions": {"supported": 37, "other_or_general": 4}, "elapsed_seconds": 56.07108950614929}
{"event": "task_complete", "fold": 1, "completed": 42, "total": 297, "format_errors": 0, "decisions": {"supported": 37, "other_or_general": 5}, "elapsed_seconds": 57.524659156799316}
{"event": "task_complete", "fold": 1, "completed": 43, "total": 297, "format_errors": 0, "decisions": {"supported": 37, "other_or_general": 6}, "elapsed_seconds": 58.97401022911072}
{"event": "task_complete", "fold": 1, "completed": 44, "total": 297, "format_errors": 0, "decisions": {"supported": 37, "other_or_general": 7}, "elapsed_seconds": 60.072386026382446}
{"event": "task_complete", "fold": 1, "completed": 45, "total": 297, "format_errors": 0, "decisions": {"supported": 37, "other_or_general": 8}, "elapsed_seconds": 61.50483202934265}
{"event": "task_complete", "fold": 1, "completed": 46, "total": 297, "format_errors": 0, "decisions": {"supported": 38, "other_or_general": 8}, "elapsed_seconds": 62.88721680641174}
{"event": "task_complete", "fold": 1, "completed": 47, "total": 297, "format_errors": 0, "decisions": {"supported": 38, "other_or_general": 9}, "elapsed_seconds": 64.11902713775635}
{"event": "task_complete", "fold": 1, "completed": 48, "total": 297, "format_errors": 0, "decisions": {"supported": 39, "other_or_general": 9}, "elapsed_seconds": 65.22412252426147}
{"event": "task_complete", "fold": 1, "completed": 49, "total": 297, "format_errors": 0, "decisions": {"supported": 40, "other_or_general": 9}, "elapsed_seconds": 66.33581805229187}
{"event": "task_complete", "fold": 1, "completed": 50, "total": 297, "format_errors": 0, "decisions": {"supported": 41, "other_or_general": 9}, "elapsed_seconds": 67.63699078559875}
{"event": "task_complete", "fold": 1, "completed": 51, "total": 297, "format_errors": 0, "decisions": {"supported": 42, "other_or_general": 9}, "elapsed_seconds": 68.99079012870789}
{"event": "task_complete", "fold": 1, "completed": 52, "total": 297, "format_errors": 0, "decisions": {"supported": 43, "other_or_general": 9}, "elapsed_seconds": 70.27303266525269}
{"event": "task_complete", "fold": 1, "completed": 53, "total": 297, "format_errors": 0, "decisions": {"supported": 44, "other_or_general": 9}, "elapsed_seconds": 71.49661707878113}
{"event": "task_complete", "fold": 1, "completed": 54, "total": 297, "format_errors": 0, "decisions": {"supported": 45, "other_or_general": 9}, "elapsed_seconds": 72.53959965705872}
{"event": "task_complete", "fold": 1, "completed": 55, "total": 297, "format_errors": 0, "decisions": {"supported": 46, "other_or_general": 9}, "elapsed_seconds": 73.822265625}
{"event": "task_complete", "fold": 1, "completed": 56, "total": 297, "format_errors": 0, "decisions": {"supported": 47, "other_or_general": 9}, "elapsed_seconds": 74.86565470695496}
{"event": "task_complete", "fold": 1, "completed": 57, "total": 297, "format_errors": 0, "decisions": {"supported": 48, "other_or_general": 9}, "elapsed_seconds": 75.91123795509338}
{"event": "task_complete", "fold": 1, "completed": 58, "total": 297, "format_errors": 0, "decisions": {"supported": 49, "other_or_general": 9}, "elapsed_seconds": 77.17796874046326}
{"event": "task_complete", "fold": 1, "completed": 59, "total": 297, "format_errors": 0, "decisions": {"supported": 50, "other_or_general": 9}, "elapsed_seconds": 78.21723127365112}
{"event": "task_complete", "fold": 1, "completed": 60, "total": 297, "format_errors": 0, "decisions": {"supported": 51, "other_or_general": 9}, "elapsed_seconds": 79.58005595207214}
{"event": "task_complete", "fold": 1, "completed": 61, "total": 297, "format_errors": 0, "decisions": {"supported": 52, "other_or_general": 9}, "elapsed_seconds": 80.79153966903687}
{"event": "task_complete", "fold": 1, "completed": 62, "total": 297, "format_errors": 0, "decisions": {"supported": 53, "other_or_general": 9}, "elapsed_seconds": 81.85798287391663}
{"event": "task_complete", "fold": 1, "completed": 63, "total": 297, "format_errors": 0, "decisions": {"supported": 54, "other_or_general": 9}, "elapsed_seconds": 83.09668159484863}
{"event": "task_complete", "fold": 1, "completed": 64, "total": 297, "format_errors": 0, "decisions": {"supported": 55, "other_or_general": 9}, "elapsed_seconds": 84.28434205055237}
{"event": "task_complete", "fold": 1, "completed": 65, "total": 297, "format_errors": 0, "decisions": {"supported": 56, "other_or_general": 9}, "elapsed_seconds": 85.60321569442749}
{"event": "task_complete", "fold": 1, "completed": 66, "total": 297, "format_errors": 0, "decisions": {"supported": 57, "other_or_general": 9}, "elapsed_seconds": 86.78937077522278}
{"event": "task_complete", "fold": 1, "completed": 67, "total": 297, "format_errors": 0, "decisions": {"supported": 58, "other_or_general": 9}, "elapsed_seconds": 87.85842251777649}
{"event": "task_complete", "fold": 1, "completed": 68, "total": 297, "format_errors": 0, "decisions": {"supported": 59, "other_or_general": 9}, "elapsed_seconds": 89.22132515907288}
{"event": "task_complete", "fold": 1, "completed": 69, "total": 297, "format_errors": 0, "decisions": {"supported": 60, "other_or_general": 9}, "elapsed_seconds": 90.51469945907593}
{"event": "task_complete", "fold": 1, "completed": 70, "total": 297, "format_errors": 0, "decisions": {"supported": 61, "other_or_general": 9}, "elapsed_seconds": 91.74873566627502}
{"event": "task_complete", "fold": 1, "completed": 71, "total": 297, "format_errors": 0, "decisions": {"supported": 61, "other_or_general": 10}, "elapsed_seconds": 92.9256329536438}
{"event": "task_complete", "fold": 1, "completed": 72, "total": 297, "format_errors": 0, "decisions": {"supported": 62, "other_or_general": 10}, "elapsed_seconds": 94.29666996002197}
{"event": "task_complete", "fold": 1, "completed": 73, "total": 297, "format_errors": 0, "decisions": {"supported": 63, "other_or_general": 10}, "elapsed_seconds": 95.33566975593567}
{"event": "task_complete", "fold": 1, "completed": 74, "total": 297, "format_errors": 0, "decisions": {"supported": 63, "other_or_general": 11}, "elapsed_seconds": 96.4982647895813}
{"event": "task_complete", "fold": 1, "completed": 75, "total": 297, "format_errors": 0, "decisions": {"supported": 63, "other_or_general": 12}, "elapsed_seconds": 97.73268461227417}
{"event": "task_complete", "fold": 1, "completed": 76, "total": 297, "format_errors": 0, "decisions": {"supported": 64, "other_or_general": 12}, "elapsed_seconds": 98.69907569885254}
{"event": "task_complete", "fold": 1, "completed": 77, "total": 297, "format_errors": 0, "decisions": {"supported": 65, "other_or_general": 12}, "elapsed_seconds": 100.06832551956177}
{"event": "task_complete", "fold": 1, "completed": 78, "total": 297, "format_errors": 0, "decisions": {"supported": 65, "other_or_general": 13}, "elapsed_seconds": 101.57576394081116}
{"event": "task_complete", "fold": 1, "completed": 79, "total": 297, "format_errors": 0, "decisions": {"supported": 66, "other_or_general": 13}, "elapsed_seconds": 102.81611037254333}
{"event": "task_complete", "fold": 1, "completed": 80, "total": 297, "format_errors": 0, "decisions": {"supported": 67, "other_or_general": 13}, "elapsed_seconds": 104.06421613693237}
{"event": "task_complete", "fold": 1, "completed": 81, "total": 297, "format_errors": 0, "decisions": {"supported": 68, "other_or_general": 13}, "elapsed_seconds": 105.3241696357727}
{"event": "task_complete", "fold": 1, "completed": 82, "total": 297, "format_errors": 0, "decisions": {"supported": 69, "other_or_general": 13}, "elapsed_seconds": 106.68173289299011}
{"event": "task_complete", "fold": 1, "completed": 83, "total": 297, "format_errors": 0, "decisions": {"supported": 70, "other_or_general": 13}, "elapsed_seconds": 107.89643287658691}
{"event": "task_complete", "fold": 1, "completed": 84, "total": 297, "format_errors": 0, "decisions": {"supported": 70, "other_or_general": 14}, "elapsed_seconds": 109.2476453781128}
{"event": "task_complete", "fold": 1, "completed": 85, "total": 297, "format_errors": 0, "decisions": {"supported": 70, "other_or_general": 15}, "elapsed_seconds": 110.37058019638062}
{"event": "task_complete", "fold": 1, "completed": 86, "total": 297, "format_errors": 0, "decisions": {"supported": 71, "other_or_general": 15}, "elapsed_seconds": 111.57624316215515}
{"event": "task_complete", "fold": 1, "completed": 87, "total": 297, "format_errors": 0, "decisions": {"supported": 71, "other_or_general": 16}, "elapsed_seconds": 112.9051079750061}
{"event": "task_complete", "fold": 1, "completed": 88, "total": 297, "format_errors": 0, "decisions": {"supported": 72, "other_or_general": 16}, "elapsed_seconds": 113.97589588165283}
{"event": "task_complete", "fold": 1, "completed": 89, "total": 297, "format_errors": 0, "decisions": {"supported": 72, "other_or_general": 17}, "elapsed_seconds": 115.16902756690979}
{"event": "task_complete", "fold": 1, "completed": 90, "total": 297, "format_errors": 0, "decisions": {"supported": 73, "other_or_general": 17}, "elapsed_seconds": 116.25211191177368}
{"event": "task_complete", "fold": 1, "completed": 91, "total": 297, "format_errors": 0, "decisions": {"supported": 73, "other_or_general": 18}, "elapsed_seconds": 117.63798236846924}
{"event": "task_complete", "fold": 1, "completed": 92, "total": 297, "format_errors": 0, "decisions": {"supported": 74, "other_or_general": 18}, "elapsed_seconds": 118.71962141990662}
{"event": "task_complete", "fold": 1, "completed": 93, "total": 297, "format_errors": 0, "decisions": {"supported": 74, "other_or_general": 19}, "elapsed_seconds": 120.18895053863525}
{"event": "task_complete", "fold": 1, "completed": 94, "total": 297, "format_errors": 0, "decisions": {"supported": 75, "other_or_general": 19}, "elapsed_seconds": 121.27326321601868}
{"event": "task_complete", "fold": 1, "completed": 95, "total": 297, "format_errors": 0, "decisions": {"supported": 75, "other_or_general": 20}, "elapsed_seconds": 122.83473539352417}
{"event": "task_complete", "fold": 1, "completed": 96, "total": 297, "format_errors": 0, "decisions": {"supported": 75, "other_or_general": 21}, "elapsed_seconds": 124.36699938774109}
{"event": "task_complete", "fold": 1, "completed": 97, "total": 297, "format_errors": 0, "decisions": {"supported": 76, "other_or_general": 21}, "elapsed_seconds": 125.34700083732605}
{"event": "task_complete", "fold": 1, "completed": 98, "total": 297, "format_errors": 0, "decisions": {"supported": 77, "other_or_general": 21}, "elapsed_seconds": 126.32699775695801}
{"event": "task_complete", "fold": 1, "completed": 99, "total": 297, "format_errors": 0, "decisions": {"supported": 77, "other_or_general": 22}, "elapsed_seconds": 127.39123344421387}
{"event": "task_complete", "fold": 1, "completed": 100, "total": 297, "format_errors": 0, "decisions": {"supported": 77, "other_or_general": 23}, "elapsed_seconds": 128.566969871521}
{"event": "task_complete", "fold": 1, "completed": 101, "total": 297, "format_errors": 0, "decisions": {"supported": 77, "other_or_general": 24}, "elapsed_seconds": 129.7479441165924}
{"event": "task_complete", "fold": 1, "completed": 102, "total": 297, "format_errors": 0, "decisions": {"supported": 78, "other_or_general": 24}, "elapsed_seconds": 131.0196430683136}
{"event": "task_complete", "fold": 1, "completed": 103, "total": 297, "format_errors": 0, "decisions": {"supported": 79, "other_or_general": 24}, "elapsed_seconds": 132.34593534469604}
{"event": "task_complete", "fold": 1, "completed": 104, "total": 297, "format_errors": 0, "decisions": {"supported": 80, "other_or_general": 24}, "elapsed_seconds": 133.41762351989746}
{"event": "task_complete", "fold": 1, "completed": 105, "total": 297, "format_errors": 0, "decisions": {"supported": 81, "other_or_general": 24}, "elapsed_seconds": 134.59983468055725}
{"event": "task_complete", "fold": 1, "completed": 106, "total": 297, "format_errors": 0, "decisions": {"supported": 82, "other_or_general": 24}, "elapsed_seconds": 135.89223980903625}
{"event": "task_complete", "fold": 1, "completed": 107, "total": 297, "format_errors": 0, "decisions": {"supported": 83, "other_or_general": 24}, "elapsed_seconds": 136.9987404346466}
{"event": "task_complete", "fold": 1, "completed": 108, "total": 297, "format_errors": 0, "decisions": {"supported": 84, "other_or_general": 24}, "elapsed_seconds": 138.0859830379486}
{"event": "task_complete", "fold": 1, "completed": 109, "total": 297, "format_errors": 0, "decisions": {"supported": 84, "other_or_general": 25}, "elapsed_seconds": 139.558030128479}
{"event": "task_complete", "fold": 1, "completed": 110, "total": 297, "format_errors": 0, "decisions": {"supported": 85, "other_or_general": 25}, "elapsed_seconds": 140.85879015922546}
{"event": "task_complete", "fold": 1, "completed": 111, "total": 297, "format_errors": 0, "decisions": {"supported": 85, "other_or_general": 26}, "elapsed_seconds": 141.94815921783447}
{"event": "task_complete", "fold": 1, "completed": 112, "total": 297, "format_errors": 0, "decisions": {"supported": 85, "other_or_general": 27}, "elapsed_seconds": 143.0465750694275}
{"event": "task_complete", "fold": 1, "completed": 113, "total": 297, "format_errors": 0, "decisions": {"supported": 85, "other_or_general": 28}, "elapsed_seconds": 144.12818694114685}
{"event": "task_complete", "fold": 1, "completed": 114, "total": 297, "format_errors": 0, "decisions": {"supported": 86, "other_or_general": 28}, "elapsed_seconds": 145.32393765449524}
{"event": "task_complete", "fold": 1, "completed": 115, "total": 297, "format_errors": 0, "decisions": {"supported": 87, "other_or_general": 28}, "elapsed_seconds": 146.50848245620728}
{"event": "task_complete", "fold": 1, "completed": 116, "total": 297, "format_errors": 0, "decisions": {"supported": 88, "other_or_general": 28}, "elapsed_seconds": 147.70015668869019}
{"event": "task_complete", "fold": 1, "completed": 117, "total": 297, "format_errors": 0, "decisions": {"supported": 89, "other_or_general": 28}, "elapsed_seconds": 148.7927839756012}
{"event": "task_complete", "fold": 1, "completed": 118, "total": 297, "format_errors": 0, "decisions": {"supported": 90, "other_or_general": 28}, "elapsed_seconds": 149.8507959842682}
{"event": "task_complete", "fold": 1, "completed": 119, "total": 297, "format_errors": 0, "decisions": {"supported": 91, "other_or_general": 28}, "elapsed_seconds": 150.91504311561584}
{"event": "task_complete", "fold": 1, "completed": 120, "total": 297, "format_errors": 0, "decisions": {"supported": 92, "other_or_general": 28}, "elapsed_seconds": 151.81214547157288}
{"event": "task_complete", "fold": 1, "completed": 121, "total": 297, "format_errors": 0, "decisions": {"supported": 93, "other_or_general": 28}, "elapsed_seconds": 152.70892930030823}
{"event": "task_complete", "fold": 1, "completed": 122, "total": 297, "format_errors": 0, "decisions": {"supported": 94, "other_or_general": 28}, "elapsed_seconds": 153.60334992408752}
{"event": "task_complete", "fold": 1, "completed": 123, "total": 297, "format_errors": 0, "decisions": {"supported": 95, "other_or_general": 28}, "elapsed_seconds": 154.50016927719116}
{"event": "task_complete", "fold": 1, "completed": 124, "total": 297, "format_errors": 0, "decisions": {"supported": 96, "other_or_general": 28}, "elapsed_seconds": 155.5559539794922}
{"event": "task_complete", "fold": 1, "completed": 125, "total": 297, "format_errors": 0, "decisions": {"supported": 97, "other_or_general": 28}, "elapsed_seconds": 156.8753674030304}
{"event": "task_complete", "fold": 1, "completed": 126, "total": 297, "format_errors": 0, "decisions": {"supported": 98, "other_or_general": 28}, "elapsed_seconds": 158.0907645225525}
{"event": "task_complete", "fold": 1, "completed": 127, "total": 297, "format_errors": 0, "decisions": {"supported": 99, "other_or_general": 28}, "elapsed_seconds": 159.38642716407776}
{"event": "task_complete", "fold": 1, "completed": 128, "total": 297, "format_errors": 0, "decisions": {"supported": 100, "other_or_general": 28}, "elapsed_seconds": 160.75777316093445}
{"event": "task_complete", "fold": 1, "completed": 129, "total": 297, "format_errors": 0, "decisions": {"supported": 101, "other_or_general": 28}, "elapsed_seconds": 161.84423995018005}
{"event": "task_complete", "fold": 1, "completed": 130, "total": 297, "format_errors": 0, "decisions": {"supported": 102, "other_or_general": 28}, "elapsed_seconds": 163.01524448394775}
{"event": "task_complete", "fold": 1, "completed": 131, "total": 297, "format_errors": 0, "decisions": {"supported": 103, "other_or_general": 28}, "elapsed_seconds": 164.29399394989014}
{"event": "task_complete", "fold": 1, "completed": 132, "total": 297, "format_errors": 0, "decisions": {"supported": 104, "other_or_general": 28}, "elapsed_seconds": 165.47562217712402}
{"event": "task_complete", "fold": 1, "completed": 133, "total": 297, "format_errors": 0, "decisions": {"supported": 105, "other_or_general": 28}, "elapsed_seconds": 166.52756476402283}
{"event": "task_complete", "fold": 1, "completed": 134, "total": 297, "format_errors": 0, "decisions": {"supported": 106, "other_or_general": 28}, "elapsed_seconds": 167.57763528823853}
{"event": "task_complete", "fold": 1, "completed": 135, "total": 297, "format_errors": 0, "decisions": {"supported": 107, "other_or_general": 28}, "elapsed_seconds": 168.6406283378601}
{"event": "task_complete", "fold": 1, "completed": 136, "total": 297, "format_errors": 0, "decisions": {"supported": 108, "other_or_general": 28}, "elapsed_seconds": 170.08294486999512}
{"event": "task_complete", "fold": 1, "completed": 137, "total": 297, "format_errors": 0, "decisions": {"supported": 109, "other_or_general": 28}, "elapsed_seconds": 171.53802633285522}
{"event": "task_complete", "fold": 1, "completed": 138, "total": 297, "format_errors": 0, "decisions": {"supported": 110, "other_or_general": 28}, "elapsed_seconds": 172.97096920013428}
{"event": "task_complete", "fold": 1, "completed": 139, "total": 297, "format_errors": 0, "decisions": {"supported": 111, "other_or_general": 28}, "elapsed_seconds": 174.37967801094055}
{"event": "task_complete", "fold": 1, "completed": 140, "total": 297, "format_errors": 0, "decisions": {"supported": 112, "other_or_general": 28}, "elapsed_seconds": 175.66636395454407}
{"event": "task_complete", "fold": 1, "completed": 141, "total": 297, "format_errors": 0, "decisions": {"supported": 112, "other_or_general": 29}, "elapsed_seconds": 177.11286664009094}
{"event": "task_complete", "fold": 1, "completed": 142, "total": 297, "format_errors": 0, "decisions": {"supported": 113, "other_or_general": 29}, "elapsed_seconds": 178.37005472183228}
{"event": "task_complete", "fold": 1, "completed": 143, "total": 297, "format_errors": 0, "decisions": {"supported": 114, "other_or_general": 29}, "elapsed_seconds": 179.8635275363922}
{"event": "task_complete", "fold": 1, "completed": 144, "total": 297, "format_errors": 0, "decisions": {"supported": 115, "other_or_general": 29}, "elapsed_seconds": 181.3051745891571}
{"event": "task_complete", "fold": 1, "completed": 145, "total": 297, "format_errors": 0, "decisions": {"supported": 116, "other_or_general": 29}, "elapsed_seconds": 182.58402276039124}
{"event": "task_complete", "fold": 1, "completed": 146, "total": 297, "format_errors": 0, "decisions": {"supported": 117, "other_or_general": 29}, "elapsed_seconds": 183.87092876434326}
{"event": "task_complete", "fold": 1, "completed": 147, "total": 297, "format_errors": 0, "decisions": {"supported": 118, "other_or_general": 29}, "elapsed_seconds": 185.1960301399231}
{"event": "task_complete", "fold": 1, "completed": 148, "total": 297, "format_errors": 0, "decisions": {"supported": 119, "other_or_general": 29}, "elapsed_seconds": 186.51944136619568}
{"event": "task_complete", "fold": 1, "completed": 149, "total": 297, "format_errors": 0, "decisions": {"supported": 120, "other_or_general": 29}, "elapsed_seconds": 187.9115333557129}
{"event": "task_complete", "fold": 1, "completed": 150, "total": 297, "format_errors": 0, "decisions": {"supported": 120, "other_or_general": 30}, "elapsed_seconds": 189.5878882408142}
{"event": "task_complete", "fold": 1, "completed": 151, "total": 297, "format_errors": 0, "decisions": {"supported": 121, "other_or_general": 30}, "elapsed_seconds": 191.01461482048035}
{"event": "task_complete", "fold": 1, "completed": 152, "total": 297, "format_errors": 0, "decisions": {"supported": 121, "other_or_general": 31}, "elapsed_seconds": 192.5979254245758}
{"event": "task_complete", "fold": 1, "completed": 153, "total": 297, "format_errors": 0, "decisions": {"supported": 121, "other_or_general": 32}, "elapsed_seconds": 193.9327793121338}
{"event": "task_complete", "fold": 1, "completed": 154, "total": 297, "format_errors": 0, "decisions": {"supported": 122, "other_or_general": 32}, "elapsed_seconds": 195.212482213974}
{"event": "task_complete", "fold": 1, "completed": 155, "total": 297, "format_errors": 0, "decisions": {"supported": 123, "other_or_general": 32}, "elapsed_seconds": 196.57026171684265}
{"event": "task_complete", "fold": 1, "completed": 156, "total": 297, "format_errors": 0, "decisions": {"supported": 124, "other_or_general": 32}, "elapsed_seconds": 197.79142498970032}
{"event": "task_complete", "fold": 1, "completed": 157, "total": 297, "format_errors": 0, "decisions": {"supported": 125, "other_or_general": 32}, "elapsed_seconds": 198.95648050308228}
{"event": "task_complete", "fold": 1, "completed": 158, "total": 297, "format_errors": 0, "decisions": {"supported": 126, "other_or_general": 32}, "elapsed_seconds": 200.11927890777588}
{"event": "task_complete", "fold": 1, "completed": 159, "total": 297, "format_errors": 0, "decisions": {"supported": 127, "other_or_general": 32}, "elapsed_seconds": 201.35026717185974}
{"event": "task_complete", "fold": 1, "completed": 160, "total": 297, "format_errors": 0, "decisions": {"supported": 128, "other_or_general": 32}, "elapsed_seconds": 202.6100652217865}
{"event": "task_complete", "fold": 1, "completed": 161, "total": 297, "format_errors": 0, "decisions": {"supported": 129, "other_or_general": 32}, "elapsed_seconds": 203.8834137916565}
{"event": "task_complete", "fold": 1, "completed": 162, "total": 297, "format_errors": 0, "decisions": {"supported": 130, "other_or_general": 32}, "elapsed_seconds": 205.1555004119873}
{"event": "task_complete", "fold": 1, "completed": 163, "total": 297, "format_errors": 0, "decisions": {"supported": 131, "other_or_general": 32}, "elapsed_seconds": 206.3412799835205}
{"event": "task_complete", "fold": 1, "completed": 164, "total": 297, "format_errors": 0, "decisions": {"supported": 132, "other_or_general": 32}, "elapsed_seconds": 207.50494194030762}
{"event": "task_complete", "fold": 1, "completed": 165, "total": 297, "format_errors": 0, "decisions": {"supported": 133, "other_or_general": 32}, "elapsed_seconds": 208.67631196975708}
{"event": "task_complete", "fold": 1, "completed": 166, "total": 297, "format_errors": 0, "decisions": {"supported": 134, "other_or_general": 32}, "elapsed_seconds": 209.76890444755554}
{"event": "task_complete", "fold": 1, "completed": 167, "total": 297, "format_errors": 0, "decisions": {"supported": 135, "other_or_general": 32}, "elapsed_seconds": 211.08366894721985}
{"event": "task_complete", "fold": 1, "completed": 168, "total": 297, "format_errors": 0, "decisions": {"supported": 136, "other_or_general": 32}, "elapsed_seconds": 212.17090106010437}
{"event": "task_complete", "fold": 1, "completed": 169, "total": 297, "format_errors": 0, "decisions": {"supported": 137, "other_or_general": 32}, "elapsed_seconds": 213.32965350151062}
{"event": "task_complete", "fold": 1, "completed": 170, "total": 297, "format_errors": 0, "decisions": {"supported": 138, "other_or_general": 32}, "elapsed_seconds": 214.29194259643555}
{"event": "task_complete", "fold": 1, "completed": 171, "total": 297, "format_errors": 0, "decisions": {"supported": 139, "other_or_general": 32}, "elapsed_seconds": 215.38872599601746}
{"event": "task_complete", "fold": 1, "completed": 172, "total": 297, "format_errors": 0, "decisions": {"supported": 139, "other_or_general": 33}, "elapsed_seconds": 216.6127691268921}
{"event": "task_complete", "fold": 1, "completed": 173, "total": 297, "format_errors": 0, "decisions": {"supported": 140, "other_or_general": 33}, "elapsed_seconds": 217.70583319664001}
{"event": "task_complete", "fold": 1, "completed": 174, "total": 297, "format_errors": 0, "decisions": {"supported": 141, "other_or_general": 33}, "elapsed_seconds": 219.0178701877594}
{"event": "task_complete", "fold": 1, "completed": 175, "total": 297, "format_errors": 0, "decisions": {"supported": 142, "other_or_general": 33}, "elapsed_seconds": 220.24412536621094}
{"event": "task_complete", "fold": 1, "completed": 176, "total": 297, "format_errors": 0, "decisions": {"supported": 143, "other_or_general": 33}, "elapsed_seconds": 221.3983838558197}
{"event": "task_complete", "fold": 1, "completed": 177, "total": 297, "format_errors": 0, "decisions": {"supported": 144, "other_or_general": 33}, "elapsed_seconds": 222.6982660293579}
{"event": "task_complete", "fold": 1, "completed": 178, "total": 297, "format_errors": 0, "decisions": {"supported": 145, "other_or_general": 33}, "elapsed_seconds": 223.9829306602478}
{"event": "task_complete", "fold": 1, "completed": 179, "total": 297, "format_errors": 0, "decisions": {"supported": 146, "other_or_general": 33}, "elapsed_seconds": 225.25384855270386}
{"event": "task_complete", "fold": 1, "completed": 180, "total": 297, "format_errors": 0, "decisions": {"supported": 147, "other_or_general": 33}, "elapsed_seconds": 226.45283460617065}
{"event": "task_complete", "fold": 1, "completed": 181, "total": 297, "format_errors": 0, "decisions": {"supported": 148, "other_or_general": 33}, "elapsed_seconds": 227.7468376159668}
{"event": "task_complete", "fold": 1, "completed": 182, "total": 297, "format_errors": 0, "decisions": {"supported": 149, "other_or_general": 33}, "elapsed_seconds": 228.95296502113342}
{"event": "task_complete", "fold": 1, "completed": 183, "total": 297, "format_errors": 0, "decisions": {"supported": 150, "other_or_general": 33}, "elapsed_seconds": 230.1650516986847}
{"event": "task_complete", "fold": 1, "completed": 184, "total": 297, "format_errors": 0, "decisions": {"supported": 151, "other_or_general": 33}, "elapsed_seconds": 231.51339602470398}
{"event": "task_complete", "fold": 1, "completed": 185, "total": 297, "format_errors": 0, "decisions": {"supported": 152, "other_or_general": 33}, "elapsed_seconds": 232.5957953929901}
{"event": "task_complete", "fold": 1, "completed": 186, "total": 297, "format_errors": 0, "decisions": {"supported": 153, "other_or_general": 33}, "elapsed_seconds": 233.67611527442932}
{"event": "task_complete", "fold": 1, "completed": 187, "total": 297, "format_errors": 0, "decisions": {"supported": 154, "other_or_general": 33}, "elapsed_seconds": 234.75441074371338}
{"event": "task_complete", "fold": 1, "completed": 188, "total": 297, "format_errors": 0, "decisions": {"supported": 155, "other_or_general": 33}, "elapsed_seconds": 235.6749300956726}
{"event": "task_complete", "fold": 1, "completed": 189, "total": 297, "format_errors": 0, "decisions": {"supported": 156, "other_or_general": 33}, "elapsed_seconds": 236.76598596572876}
{"event": "task_complete", "fold": 1, "completed": 190, "total": 297, "format_errors": 0, "decisions": {"supported": 157, "other_or_general": 33}, "elapsed_seconds": 237.8215527534485}
{"event": "task_complete", "fold": 1, "completed": 191, "total": 297, "format_errors": 0, "decisions": {"supported": 158, "other_or_general": 33}, "elapsed_seconds": 238.75444555282593}
{"event": "task_complete", "fold": 1, "completed": 192, "total": 297, "format_errors": 0, "decisions": {"supported": 159, "other_or_general": 33}, "elapsed_seconds": 239.702810049057}
{"event": "task_complete", "fold": 1, "completed": 193, "total": 297, "format_errors": 0, "decisions": {"supported": 159, "other_or_general": 34}, "elapsed_seconds": 241.01677227020264}
{"event": "task_complete", "fold": 1, "completed": 194, "total": 297, "format_errors": 0, "decisions": {"supported": 160, "other_or_general": 34}, "elapsed_seconds": 241.96075129508972}
{"event": "task_complete", "fold": 1, "completed": 195, "total": 297, "format_errors": 0, "decisions": {"supported": 161, "other_or_general": 34}, "elapsed_seconds": 242.90391421318054}
{"event": "task_complete", "fold": 1, "completed": 196, "total": 297, "format_errors": 0, "decisions": {"supported": 162, "other_or_general": 34}, "elapsed_seconds": 243.83928608894348}
{"event": "task_complete", "fold": 1, "completed": 197, "total": 297, "format_errors": 0, "decisions": {"supported": 163, "other_or_general": 34}, "elapsed_seconds": 245.01155519485474}
{"event": "task_complete", "fold": 1, "completed": 198, "total": 297, "format_errors": 0, "decisions": {"supported": 164, "other_or_general": 34}, "elapsed_seconds": 245.9818675518036}
{"event": "task_complete", "fold": 1, "completed": 199, "total": 297, "format_errors": 0, "decisions": {"supported": 165, "other_or_general": 34}, "elapsed_seconds": 246.9501030445099}
{"event": "task_complete", "fold": 1, "completed": 200, "total": 297, "format_errors": 0, "decisions": {"supported": 166, "other_or_general": 34}, "elapsed_seconds": 247.91533064842224}
{"event": "task_complete", "fold": 1, "completed": 201, "total": 297, "format_errors": 0, "decisions": {"supported": 167, "other_or_general": 34}, "elapsed_seconds": 248.88134598731995}
{"event": "task_complete", "fold": 1, "completed": 202, "total": 297, "format_errors": 0, "decisions": {"supported": 168, "other_or_general": 34}, "elapsed_seconds": 249.82589745521545}
{"event": "task_complete", "fold": 1, "completed": 203, "total": 297, "format_errors": 0, "decisions": {"supported": 169, "other_or_general": 34}, "elapsed_seconds": 251.1271357536316}
{"event": "task_complete", "fold": 1, "completed": 204, "total": 297, "format_errors": 0, "decisions": {"supported": 170, "other_or_general": 34}, "elapsed_seconds": 252.4054296016693}
{"event": "task_complete", "fold": 1, "completed": 205, "total": 297, "format_errors": 0, "decisions": {"supported": 171, "other_or_general": 34}, "elapsed_seconds": 253.6197476387024}
{"event": "task_complete", "fold": 1, "completed": 206, "total": 297, "format_errors": 0, "decisions": {"supported": 171, "other_or_general": 35}, "elapsed_seconds": 254.6509654521942}
{"event": "task_complete", "fold": 1, "completed": 207, "total": 297, "format_errors": 0, "decisions": {"supported": 172, "other_or_general": 35}, "elapsed_seconds": 255.74321365356445}
{"event": "task_complete", "fold": 1, "completed": 208, "total": 297, "format_errors": 0, "decisions": {"supported": 173, "other_or_general": 35}, "elapsed_seconds": 256.91558265686035}
{"event": "task_complete", "fold": 1, "completed": 209, "total": 297, "format_errors": 0, "decisions": {"supported": 174, "other_or_general": 35}, "elapsed_seconds": 258.18909430503845}
{"event": "task_complete", "fold": 1, "completed": 210, "total": 297, "format_errors": 0, "decisions": {"supported": 175, "other_or_general": 35}, "elapsed_seconds": 259.4573543071747}
{"event": "task_complete", "fold": 1, "completed": 211, "total": 297, "format_errors": 0, "decisions": {"supported": 176, "other_or_general": 35}, "elapsed_seconds": 260.6905930042267}
{"event": "task_complete", "fold": 1, "completed": 212, "total": 297, "format_errors": 0, "decisions": {"supported": 177, "other_or_general": 35}, "elapsed_seconds": 261.9870455265045}
{"event": "task_complete", "fold": 1, "completed": 213, "total": 297, "format_errors": 0, "decisions": {"supported": 177, "other_or_general": 36}, "elapsed_seconds": 263.13519263267517}
{"event": "task_complete", "fold": 1, "completed": 214, "total": 297, "format_errors": 0, "decisions": {"supported": 178, "other_or_general": 36}, "elapsed_seconds": 264.203088760376}
{"event": "task_complete", "fold": 1, "completed": 215, "total": 297, "format_errors": 0, "decisions": {"supported": 179, "other_or_general": 36}, "elapsed_seconds": 265.41670775413513}
{"event": "task_complete", "fold": 1, "completed": 216, "total": 297, "format_errors": 0, "decisions": {"supported": 180, "other_or_general": 36}, "elapsed_seconds": 266.6267817020416}
{"event": "task_complete", "fold": 1, "completed": 217, "total": 297, "format_errors": 0, "decisions": {"supported": 181, "other_or_general": 36}, "elapsed_seconds": 267.96221828460693}
{"event": "task_complete", "fold": 1, "completed": 218, "total": 297, "format_errors": 0, "decisions": {"supported": 181, "other_or_general": 37}, "elapsed_seconds": 269.38635301589966}
{"event": "task_complete", "fold": 1, "completed": 219, "total": 297, "format_errors": 0, "decisions": {"supported": 182, "other_or_general": 37}, "elapsed_seconds": 270.5833225250244}
{"event": "task_complete", "fold": 1, "completed": 220, "total": 297, "format_errors": 0, "decisions": {"supported": 183, "other_or_general": 37}, "elapsed_seconds": 271.8567876815796}
{"event": "task_complete", "fold": 1, "completed": 221, "total": 297, "format_errors": 0, "decisions": {"supported": 184, "other_or_general": 37}, "elapsed_seconds": 273.17207431793213}
{"event": "task_complete", "fold": 1, "completed": 222, "total": 297, "format_errors": 0, "decisions": {"supported": 185, "other_or_general": 37}, "elapsed_seconds": 274.45621490478516}
{"event": "task_complete", "fold": 1, "completed": 223, "total": 297, "format_errors": 0, "decisions": {"supported": 186, "other_or_general": 37}, "elapsed_seconds": 275.7979621887207}
{"event": "task_complete", "fold": 1, "completed": 224, "total": 297, "format_errors": 0, "decisions": {"supported": 187, "other_or_general": 37}, "elapsed_seconds": 277.0134708881378}
{"event": "task_complete", "fold": 1, "completed": 225, "total": 297, "format_errors": 0, "decisions": {"supported": 188, "other_or_general": 37}, "elapsed_seconds": 278.22993659973145}
{"event": "task_complete", "fold": 1, "completed": 226, "total": 297, "format_errors": 0, "decisions": {"supported": 189, "other_or_general": 37}, "elapsed_seconds": 279.3202226161957}
{"event": "task_complete", "fold": 1, "completed": 227, "total": 297, "format_errors": 0, "decisions": {"supported": 190, "other_or_general": 37}, "elapsed_seconds": 280.55478620529175}
{"event": "task_complete", "fold": 1, "completed": 228, "total": 297, "format_errors": 0, "decisions": {"supported": 190, "other_or_general": 38}, "elapsed_seconds": 281.7715904712677}
{"event": "task_complete", "fold": 1, "completed": 229, "total": 297, "format_errors": 0, "decisions": {"supported": 191, "other_or_general": 38}, "elapsed_seconds": 282.7311050891876}
{"event": "task_complete", "fold": 1, "completed": 230, "total": 297, "format_errors": 0, "decisions": {"supported": 192, "other_or_general": 38}, "elapsed_seconds": 283.7015063762665}
{"event": "task_complete", "fold": 1, "completed": 231, "total": 297, "format_errors": 0, "decisions": {"supported": 193, "other_or_general": 38}, "elapsed_seconds": 284.64710903167725}
{"event": "task_complete", "fold": 1, "completed": 232, "total": 297, "format_errors": 0, "decisions": {"supported": 194, "other_or_general": 38}, "elapsed_seconds": 285.5746886730194}
{"event": "task_complete", "fold": 1, "completed": 233, "total": 297, "format_errors": 0, "decisions": {"supported": 195, "other_or_general": 38}, "elapsed_seconds": 286.7752175331116}
{"event": "task_complete", "fold": 1, "completed": 234, "total": 297, "format_errors": 0, "decisions": {"supported": 196, "other_or_general": 38}, "elapsed_seconds": 288.04894280433655}
{"event": "task_complete", "fold": 1, "completed": 235, "total": 297, "format_errors": 0, "decisions": {"supported": 196, "other_or_general": 39}, "elapsed_seconds": 289.1139500141144}
{"event": "task_complete", "fold": 1, "completed": 236, "total": 297, "format_errors": 0, "decisions": {"supported": 197, "other_or_general": 39}, "elapsed_seconds": 290.1482632160187}
{"event": "task_complete", "fold": 1, "completed": 237, "total": 297, "format_errors": 0, "decisions": {"supported": 197, "other_or_general": 40}, "elapsed_seconds": 291.2103703022003}
{"event": "task_complete", "fold": 1, "completed": 238, "total": 297, "format_errors": 0, "decisions": {"supported": 198, "other_or_general": 40}, "elapsed_seconds": 292.67136001586914}
{"event": "task_complete", "fold": 1, "completed": 239, "total": 297, "format_errors": 0, "decisions": {"supported": 199, "other_or_general": 40}, "elapsed_seconds": 293.99782729148865}
{"event": "task_complete", "fold": 1, "completed": 240, "total": 297, "format_errors": 0, "decisions": {"supported": 200, "other_or_general": 40}, "elapsed_seconds": 295.4377715587616}
{"event": "task_complete", "fold": 1, "completed": 241, "total": 297, "format_errors": 0, "decisions": {"supported": 201, "other_or_general": 40}, "elapsed_seconds": 296.768705368042}
{"event": "task_complete", "fold": 1, "completed": 242, "total": 297, "format_errors": 0, "decisions": {"supported": 202, "other_or_general": 40}, "elapsed_seconds": 298.17211294174194}
{"event": "task_complete", "fold": 1, "completed": 243, "total": 297, "format_errors": 0, "decisions": {"supported": 203, "other_or_general": 40}, "elapsed_seconds": 299.13659834861755}
{"event": "task_complete", "fold": 1, "completed": 244, "total": 297, "format_errors": 0, "decisions": {"supported": 204, "other_or_general": 40}, "elapsed_seconds": 300.31833577156067}
{"event": "task_complete", "fold": 1, "completed": 245, "total": 297, "format_errors": 0, "decisions": {"supported": 205, "other_or_general": 40}, "elapsed_seconds": 301.3802661895752}
{"event": "task_complete", "fold": 1, "completed": 246, "total": 297, "format_errors": 0, "decisions": {"supported": 206, "other_or_general": 40}, "elapsed_seconds": 302.457421541214}
{"event": "task_complete", "fold": 1, "completed": 247, "total": 297, "format_errors": 0, "decisions": {"supported": 207, "other_or_general": 40}, "elapsed_seconds": 303.7704348564148}
{"event": "task_complete", "fold": 1, "completed": 248, "total": 297, "format_errors": 0, "decisions": {"supported": 207, "other_or_general": 41}, "elapsed_seconds": 304.97274899482727}
{"event": "task_complete", "fold": 1, "completed": 249, "total": 297, "format_errors": 0, "decisions": {"supported": 208, "other_or_general": 41}, "elapsed_seconds": 306.23879647254944}
{"event": "task_complete", "fold": 1, "completed": 250, "total": 297, "format_errors": 0, "decisions": {"supported": 209, "other_or_general": 41}, "elapsed_seconds": 307.45280742645264}
{"event": "task_complete", "fold": 1, "completed": 251, "total": 297, "format_errors": 0, "decisions": {"supported": 210, "other_or_general": 41}, "elapsed_seconds": 308.7373380661011}
{"event": "task_complete", "fold": 1, "completed": 252, "total": 297, "format_errors": 0, "decisions": {"supported": 211, "other_or_general": 41}, "elapsed_seconds": 310.0730793476105}
{"event": "task_complete", "fold": 1, "completed": 253, "total": 297, "format_errors": 0, "decisions": {"supported": 212, "other_or_general": 41}, "elapsed_seconds": 311.24943017959595}
{"event": "task_complete", "fold": 1, "completed": 254, "total": 297, "format_errors": 0, "decisions": {"supported": 213, "other_or_general": 41}, "elapsed_seconds": 312.44615173339844}
{"event": "task_complete", "fold": 1, "completed": 255, "total": 297, "format_errors": 0, "decisions": {"supported": 214, "other_or_general": 41}, "elapsed_seconds": 313.50761008262634}
{"event": "task_complete", "fold": 1, "completed": 256, "total": 297, "format_errors": 0, "decisions": {"supported": 215, "other_or_general": 41}, "elapsed_seconds": 314.56774616241455}
{"event": "task_complete", "fold": 1, "completed": 257, "total": 297, "format_errors": 0, "decisions": {"supported": 216, "other_or_general": 41}, "elapsed_seconds": 315.65619921684265}
{"event": "task_complete", "fold": 1, "completed": 258, "total": 297, "format_errors": 0, "decisions": {"supported": 217, "other_or_general": 41}, "elapsed_seconds": 316.81544160842896}
{"event": "task_complete", "fold": 1, "completed": 259, "total": 297, "format_errors": 0, "decisions": {"supported": 218, "other_or_general": 41}, "elapsed_seconds": 317.8906466960907}
{"event": "task_complete", "fold": 1, "completed": 260, "total": 297, "format_errors": 0, "decisions": {"supported": 219, "other_or_general": 41}, "elapsed_seconds": 318.97610092163086}
{"event": "task_complete", "fold": 1, "completed": 261, "total": 297, "format_errors": 0, "decisions": {"supported": 220, "other_or_general": 41}, "elapsed_seconds": 320.0773289203644}
{"event": "task_complete", "fold": 1, "completed": 262, "total": 297, "format_errors": 0, "decisions": {"supported": 220, "other_or_general": 42}, "elapsed_seconds": 321.2687304019928}
{"event": "task_complete", "fold": 1, "completed": 263, "total": 297, "format_errors": 0, "decisions": {"supported": 220, "other_or_general": 43}, "elapsed_seconds": 322.4472932815552}
{"event": "task_complete", "fold": 1, "completed": 264, "total": 297, "format_errors": 0, "decisions": {"supported": 221, "other_or_general": 43}, "elapsed_seconds": 323.4140577316284}
{"event": "task_complete", "fold": 1, "completed": 265, "total": 297, "format_errors": 0, "decisions": {"supported": 221, "other_or_general": 44}, "elapsed_seconds": 324.8728940486908}
{"event": "task_complete", "fold": 1, "completed": 266, "total": 297, "format_errors": 0, "decisions": {"supported": 222, "other_or_general": 44}, "elapsed_seconds": 325.8371856212616}
{"event": "task_complete", "fold": 1, "completed": 267, "total": 297, "format_errors": 0, "decisions": {"supported": 222, "other_or_general": 45}, "elapsed_seconds": 327.2285716533661}
{"event": "task_complete", "fold": 1, "completed": 268, "total": 297, "format_errors": 0, "decisions": {"supported": 222, "other_or_general": 46}, "elapsed_seconds": 328.62212777137756}
{"event": "task_complete", "fold": 1, "completed": 269, "total": 297, "format_errors": 0, "decisions": {"supported": 222, "other_or_general": 47}, "elapsed_seconds": 330.03403878211975}
{"event": "task_complete", "fold": 1, "completed": 270, "total": 297, "format_errors": 0, "decisions": {"supported": 223, "other_or_general": 47}, "elapsed_seconds": 331.37303352355957}
{"event": "task_complete", "fold": 1, "completed": 271, "total": 297, "format_errors": 0, "decisions": {"supported": 223, "other_or_general": 48}, "elapsed_seconds": 332.4457802772522}
{"event": "task_complete", "fold": 1, "completed": 272, "total": 297, "format_errors": 0, "decisions": {"supported": 223, "other_or_general": 49}, "elapsed_seconds": 333.6476037502289}
{"event": "task_complete", "fold": 1, "completed": 273, "total": 297, "format_errors": 0, "decisions": {"supported": 224, "other_or_general": 49}, "elapsed_seconds": 334.9242808818817}
{"event": "task_complete", "fold": 1, "completed": 274, "total": 297, "format_errors": 0, "decisions": {"supported": 225, "other_or_general": 49}, "elapsed_seconds": 335.89279294013977}
{"event": "task_complete", "fold": 1, "completed": 275, "total": 297, "format_errors": 0, "decisions": {"supported": 226, "other_or_general": 49}, "elapsed_seconds": 336.868337392807}
{"event": "task_complete", "fold": 1, "completed": 276, "total": 297, "format_errors": 0, "decisions": {"supported": 226, "other_or_general": 50}, "elapsed_seconds": 338.0984296798706}
{"event": "task_complete", "fold": 1, "completed": 277, "total": 297, "format_errors": 0, "decisions": {"supported": 227, "other_or_general": 50}, "elapsed_seconds": 339.06405305862427}
{"event": "task_complete", "fold": 1, "completed": 278, "total": 297, "format_errors": 0, "decisions": {"supported": 228, "other_or_general": 50}, "elapsed_seconds": 340.0382797718048}
{"event": "task_complete", "fold": 1, "completed": 279, "total": 297, "format_errors": 0, "decisions": {"supported": 229, "other_or_general": 50}, "elapsed_seconds": 341.3724181652069}
{"event": "task_complete", "fold": 1, "completed": 280, "total": 297, "format_errors": 0, "decisions": {"supported": 229, "other_or_general": 51}, "elapsed_seconds": 342.6944086551666}
{"event": "task_complete", "fold": 1, "completed": 281, "total": 297, "format_errors": 0, "decisions": {"supported": 230, "other_or_general": 51}, "elapsed_seconds": 343.6590745449066}
{"event": "task_complete", "fold": 1, "completed": 282, "total": 297, "format_errors": 0, "decisions": {"supported": 231, "other_or_general": 51}, "elapsed_seconds": 344.6219356060028}
{"event": "task_complete", "fold": 1, "completed": 283, "total": 297, "format_errors": 0, "decisions": {"supported": 232, "other_or_general": 51}, "elapsed_seconds": 345.59566044807434}
{"event": "task_complete", "fold": 1, "completed": 284, "total": 297, "format_errors": 0, "decisions": {"supported": 232, "other_or_general": 52}, "elapsed_seconds": 346.92146015167236}
{"event": "task_complete", "fold": 1, "completed": 285, "total": 297, "format_errors": 0, "decisions": {"supported": 233, "other_or_general": 52}, "elapsed_seconds": 347.86277651786804}
{"event": "task_complete", "fold": 1, "completed": 286, "total": 297, "format_errors": 0, "decisions": {"supported": 233, "other_or_general": 53}, "elapsed_seconds": 349.06823801994324}
{"event": "task_complete", "fold": 1, "completed": 287, "total": 297, "format_errors": 0, "decisions": {"supported": 233, "other_or_general": 54}, "elapsed_seconds": 350.26843214035034}
{"event": "task_complete", "fold": 1, "completed": 288, "total": 297, "format_errors": 0, "decisions": {"supported": 233, "other_or_general": 55}, "elapsed_seconds": 351.48036909103394}
{"event": "task_complete", "fold": 1, "completed": 289, "total": 297, "format_errors": 0, "decisions": {"supported": 233, "other_or_general": 56}, "elapsed_seconds": 352.5675084590912}
{"event": "task_complete", "fold": 1, "completed": 290, "total": 297, "format_errors": 0, "decisions": {"supported": 233, "other_or_general": 57}, "elapsed_seconds": 353.8496961593628}
{"event": "task_complete", "fold": 1, "completed": 291, "total": 297, "format_errors": 0, "decisions": {"supported": 234, "other_or_general": 57}, "elapsed_seconds": 355.06378698349}
{"event": "task_complete", "fold": 1, "completed": 292, "total": 297, "format_errors": 0, "decisions": {"supported": 235, "other_or_general": 57}, "elapsed_seconds": 356.2582368850708}
{"event": "task_complete", "fold": 1, "completed": 293, "total": 297, "format_errors": 0, "decisions": {"supported": 236, "other_or_general": 57}, "elapsed_seconds": 357.3478059768677}
{"event": "task_complete", "fold": 1, "completed": 294, "total": 297, "format_errors": 0, "decisions": {"supported": 237, "other_or_general": 57}, "elapsed_seconds": 358.4325501918793}
{"event": "task_complete", "fold": 1, "completed": 295, "total": 297, "format_errors": 0, "decisions": {"supported": 238, "other_or_general": 57}, "elapsed_seconds": 359.40898299217224}
{"event": "task_complete", "fold": 1, "completed": 296, "total": 297, "format_errors": 0, "decisions": {"supported": 239, "other_or_general": 57}, "elapsed_seconds": 360.3819930553436}
{"event": "task_complete", "fold": 1, "completed": 297, "total": 297, "format_errors": 0, "decisions": {"supported": 240, "other_or_general": 57}, "elapsed_seconds": 361.6696734428406}
{"event": "completed", "fold": 1, "validation_document_ids": ["10313222", "11221135", "11826603", "12078887", "12628480", "12779223", "5023785", "5368377", "5425407", "5693559", "5789735", "5866036", "6049015", "6096008", "6220403", "9327653"], "upstream_training_document_ids": ["10553122", "10789033", "11196099", "11203018", "11235872", "11765409", "11871647", "11906559", "11919040", "11986149", "12017973", "12059664", "12110755", "12110769", "12118522", "12126309", "12147048", "12250201", "12334843", "12386172", "12405443", "12444410", "12455887", "12640707", "12646972", "12652105", "12733031", "12798528", "12811285", "12846941", "12891056", "2866573", "2964533", "3563609", "4607013", "4644339", "4678370", "4899602", "5415817", "5422868", "5452357", "5473715", "5537416", "5538066", "5562981", "5574094", "5575846", "5763540", "5773845", "5793168", "5959423", "5970456", "6036836", "6048891", "6057141", "6059678", "6063015", "6134758", "6151044", "6219255", "6332535", "6338757", "6390251", "6491447"], "llm_training_document_ids": [], "demonstration_document_ids": [], "plan_sha256": "63fd0f0c06ddade7bf355bb49f120a9f88a863842f56ff2da8bf912a8dd04eb2", "baseline_exact_replay": true, "answers_removed_before_prompting": true, "task_count": 297, "tasks_sha256": "469ce76ad8c811954b05fd7741f5ada6f1cdda6f8112245309555b96f96ec4e9", "all_occurrences_selected": 221, "max_input_tokens": 1931, "complete_evidence_count": 221, "dropped_fragments": 0, "hard_nonthinking": true, "protocol": "finite_json_source_references", "maximum_grammar_tokens": 16, "allowed_completion_counts": {"3": 19, "4": 31, "5": 46, "6": 64, "7": 85, "8": 109}, "status": "completed", "decisions_sha256": "4f8e622814b5f7c98e7e736b7754d0bfe5094dec525e7c474deb9ca3f7fe157f", "format_success_rate": 1.0, "format_errors": 0, "elapsed_seconds": 361.6955313682556, "physical_gpu": "0", "peak_allocated_gib": 16.51679039001465, "generated_tokens": 4098, "generation_seconds": 353.92824602127075, "decisions": {"supported": 240, "other_or_general": 57}}
