{"phase": "preparing", "pid": 2041676, "plan_sha256": "e9449586e4f7f11eaf84d5c0ffd39351b90ef862a71c217942e586a84f6c231b", "elapsed_seconds": 0.001070261001586914}
You're using a BertTokenizerFast tokenizer. Please note that with a fast tokenizer, using the `__call__` method is faster than using a method to encode the text followed by a call to the `pad` method to get a padded encoding.
{"phase": "inference", "pid": 2041676, "plan_sha256": "e9449586e4f7f11eaf84d5c0ffd39351b90ef862a71c217942e586a84f6c231b", "elapsed_seconds": 28.938779592514038, "member": "seed_20260929_fold0", "completed": 600, "total": 7122}
{"phase": "inference", "pid": 2041676, "plan_sha256": "e9449586e4f7f11eaf84d5c0ffd39351b90ef862a71c217942e586a84f6c231b", "elapsed_seconds": 30.286174535751343, "member": "seed_20260929_fold0", "completed": 1200, "total": 7122}
{"phase": "inference", "pid": 2041676, "plan_sha256": "e9449586e4f7f11eaf84d5c0ffd39351b90ef862a71c217942e586a84f6c231b", "elapsed_seconds": 31.665405750274658, "member": "seed_20260929_fold0", "completed": 1800, "total": 7122}
{"phase": "inference", "pid": 2041676, "plan_sha256": "e9449586e4f7f11eaf84d5c0ffd39351b90ef862a71c217942e586a84f6c231b", "elapsed_seconds": 33.179767370224, "member": "seed_20260929_fold0", "completed": 2400, "total": 7122}
{"phase": "inference", "pid": 2041676, "plan_sha256": "e9449586e4f7f11eaf84d5c0ffd39351b90ef862a71c217942e586a84f6c231b", "elapsed_seconds": 34.74410271644592, "member": "seed_20260929_fold0", "completed": 3000, "total": 7122}
{"phase": "inference", "pid": 2041676, "plan_sha256": "e9449586e4f7f11eaf84d5c0ffd39351b90ef862a71c217942e586a84f6c231b", "elapsed_seconds": 36.41987633705139, "member": "seed_20260929_fold0", "completed": 3600, "total": 7122}
{"phase": "inference", "pid": 2041676, "plan_sha256": "e9449586e4f7f11eaf84d5c0ffd39351b90ef862a71c217942e586a84f6c231b", "elapsed_seconds": 38.05758261680603, "member": "seed_20260929_fold0", "completed": 4200, "total": 7122}
{"phase": "inference", "pid": 2041676, "plan_sha256": "e9449586e4f7f11eaf84d5c0ffd39351b90ef862a71c217942e586a84f6c231b", "elapsed_seconds": 39.90663719177246, "member": "seed_20260929_fold0", "completed": 4800, "total": 7122}
{"phase": "inference", "pid": 2041676, "plan_sha256": "e9449586e4f7f11eaf84d5c0ffd39351b90ef862a71c217942e586a84f6c231b", "elapsed_seconds": 41.78524470329285, "member": "seed_20260929_fold0", "completed": 5400, "total": 7122}
{"phase": "inference", "pid": 2041676, "plan_sha256": "e9449586e4f7f11eaf84d5c0ffd39351b90ef862a71c217942e586a84f6c231b", "elapsed_seconds": 43.61994528770447, "member": "seed_20260929_fold0", "completed": 6000, "total": 7122}
{"phase": "inference", "pid": 2041676, "plan_sha256": "e9449586e4f7f11eaf84d5c0ffd39351b90ef862a71c217942e586a84f6c231b", "elapsed_seconds": 45.593822956085205, "member": "seed_20260929_fold0", "completed": 6600, "total": 7122}
{"phase": "member_completed", "pid": 2041676, "plan_sha256": "e9449586e4f7f11eaf84d5c0ffd39351b90ef862a71c217942e586a84f6c231b", "elapsed_seconds": 47.33153510093689, "member": "seed_20260929_fold0", "completed_members": 1, "total_members": 15, "pairs": 7122}
{"phase": "inference", "pid": 2041676, "plan_sha256": "e9449586e4f7f11eaf84d5c0ffd39351b90ef862a71c217942e586a84f6c231b", "elapsed_seconds": 51.51054525375366, "member": "seed_20260929_fold1", "completed": 600, "total": 7122}
{"phase": "inference", "pid": 2041676, "plan_sha256": "e9449586e4f7f11eaf84d5c0ffd39351b90ef862a71c217942e586a84f6c231b", "elapsed_seconds": 53.47019696235657, "member": "seed_20260929_fold1", "completed": 1200, "total": 7122}
{"phase": "inference", "pid": 2041676, "plan_sha256": "e9449586e4f7f11eaf84d5c0ffd39351b90ef862a71c217942e586a84f6c231b", "elapsed_seconds": 55.5479040145874, "member": "seed_20260929_fold1", "completed": 1800, "total": 7122}
{"phase": "inference", "pid": 2041676, "plan_sha256": "e9449586e4f7f11eaf84d5c0ffd39351b90ef862a71c217942e586a84f6c231b", "elapsed_seconds": 57.61741638183594, "member": "seed_20260929_fold1", "completed": 2400, "total": 7122}
{"phase": "inference", "pid": 2041676, "plan_sha256": "e9449586e4f7f11eaf84d5c0ffd39351b90ef862a71c217942e586a84f6c231b", "elapsed_seconds": 59.54569149017334, "member": "seed_20260929_fold1", "completed": 3000, "total": 7122}
{"phase": "inference", "pid": 2041676, "plan_sha256": "e9449586e4f7f11eaf84d5c0ffd39351b90ef862a71c217942e586a84f6c231b", "elapsed_seconds": 61.631943225860596, "member": "seed_20260929_fold1", "completed": 3600, "total": 7122}
{"phase": "inference", "pid": 2041676, "plan_sha256": "e9449586e4f7f11eaf84d5c0ffd39351b90ef862a71c217942e586a84f6c231b", "elapsed_seconds": 63.48054361343384, "member": "seed_20260929_fold1", "completed": 4200, "total": 7122}
{"phase": "inference", "pid": 2041676, "plan_sha256": "e9449586e4f7f11eaf84d5c0ffd39351b90ef862a71c217942e586a84f6c231b", "elapsed_seconds": 65.35971999168396, "member": "seed_20260929_fold1", "completed": 4800, "total": 7122}
{"phase": "inference", "pid": 2041676, "plan_sha256": "e9449586e4f7f11eaf84d5c0ffd39351b90ef862a71c217942e586a84f6c231b", "elapsed_seconds": 67.36692643165588, "member": "seed_20260929_fold1", "completed": 5400, "total": 7122}
{"phase": "inference", "pid": 2041676, "plan_sha256": "e9449586e4f7f11eaf84d5c0ffd39351b90ef862a71c217942e586a84f6c231b", "elapsed_seconds": 69.40130758285522, "member": "seed_20260929_fold1", "completed": 6000, "total": 7122}
{"phase": "inference", "pid": 2041676, "plan_sha256": "e9449586e4f7f11eaf84d5c0ffd39351b90ef862a71c217942e586a84f6c231b", "elapsed_seconds": 71.48718690872192, "member": "seed_20260929_fold1", "completed": 6600, "total": 7122}
{"phase": "member_completed", "pid": 2041676, "plan_sha256": "e9449586e4f7f11eaf84d5c0ffd39351b90ef862a71c217942e586a84f6c231b", "elapsed_seconds": 73.25746369361877, "member": "seed_20260929_fold1", "completed_members": 2, "total_members": 15, "pairs": 7122}
{"phase": "inference", "pid": 2041676, "plan_sha256": "e9449586e4f7f11eaf84d5c0ffd39351b90ef862a71c217942e586a84f6c231b", "elapsed_seconds": 77.36838746070862, "member": "seed_20260929_fold2", "completed": 600, "total": 7122}
{"phase": "inference", "pid": 2041676, "plan_sha256": "e9449586e4f7f11eaf84d5c0ffd39351b90ef862a71c217942e586a84f6c231b", "elapsed_seconds": 79.55667233467102, "member": "seed_20260929_fold2", "completed": 1200, "total": 7122}
{"phase": "inference", "pid": 2041676, "plan_sha256": "e9449586e4f7f11eaf84d5c0ffd39351b90ef862a71c217942e586a84f6c231b", "elapsed_seconds": 81.57253885269165, "member": "seed_20260929_fold2", "completed": 1800, "total": 7122}
{"phase": "inference", "pid": 2041676, "plan_sha256": "e9449586e4f7f11eaf84d5c0ffd39351b90ef862a71c217942e586a84f6c231b", "elapsed_seconds": 83.59795045852661, "member": "seed_20260929_fold2", "completed": 2400, "total": 7122}
{"phase": "inference", "pid": 2041676, "plan_sha256": "e9449586e4f7f11eaf84d5c0ffd39351b90ef862a71c217942e586a84f6c231b", "elapsed_seconds": 85.5064811706543, "member": "seed_20260929_fold2", "completed": 3000, "total": 7122}
{"phase": "inference", "pid": 2041676, "plan_sha256": "e9449586e4f7f11eaf84d5c0ffd39351b90ef862a71c217942e586a84f6c231b", "elapsed_seconds": 87.57577610015869, "member": "seed_20260929_fold2", "completed": 3600, "total": 7122}
{"phase": "inference", "pid": 2041676, "plan_sha256": "e9449586e4f7f11eaf84d5c0ffd39351b90ef862a71c217942e586a84f6c231b", "elapsed_seconds": 89.47319555282593, "member": "seed_20260929_fold2", "completed": 4200, "total": 7122}
{"phase": "inference", "pid": 2041676, "plan_sha256": "e9449586e4f7f11eaf84d5c0ffd39351b90ef862a71c217942e586a84f6c231b", "elapsed_seconds": 91.6758553981781, "member": "seed_20260929_fold2", "completed": 4800, "total": 7122}
{"phase": "inference", "pid": 2041676, "plan_sha256": "e9449586e4f7f11eaf84d5c0ffd39351b90ef862a71c217942e586a84f6c231b", "elapsed_seconds": 94.0265622138977, "member": "seed_20260929_fold2", "completed": 5400, "total": 7122}
{"phase": "inference", "pid": 2041676, "plan_sha256": "e9449586e4f7f11eaf84d5c0ffd39351b90ef862a71c217942e586a84f6c231b", "elapsed_seconds": 96.35017395019531, "member": "seed_20260929_fold2", "completed": 6000, "total": 7122}
{"phase": "inference", "pid": 2041676, "plan_sha256": "e9449586e4f7f11eaf84d5c0ffd39351b90ef862a71c217942e586a84f6c231b", "elapsed_seconds": 98.49036717414856, "member": "seed_20260929_fold2", "completed": 6600, "total": 7122}
{"phase": "member_completed", "pid": 2041676, "plan_sha256": "e9449586e4f7f11eaf84d5c0ffd39351b90ef862a71c217942e586a84f6c231b", "elapsed_seconds": 100.3059778213501, "member": "seed_20260929_fold2", "completed_members": 3, "total_members": 15, "pairs": 7122}
{"phase": "inference", "pid": 2041676, "plan_sha256": "e9449586e4f7f11eaf84d5c0ffd39351b90ef862a71c217942e586a84f6c231b", "elapsed_seconds": 104.36330223083496, "member": "seed_20260929_fold3", "completed": 600, "total": 7122}
{"phase": "inference", "pid": 2041676, "plan_sha256": "e9449586e4f7f11eaf84d5c0ffd39351b90ef862a71c217942e586a84f6c231b", "elapsed_seconds": 106.81163215637207, "member": "seed_20260929_fold3", "completed": 1200, "total": 7122}
{"phase": "inference", "pid": 2041676, "plan_sha256": "e9449586e4f7f11eaf84d5c0ffd39351b90ef862a71c217942e586a84f6c231b", "elapsed_seconds": 108.9024920463562, "member": "seed_20260929_fold3", "completed": 1800, "total": 7122}
{"phase": "inference", "pid": 2041676, "plan_sha256": "e9449586e4f7f11eaf84d5c0ffd39351b90ef862a71c217942e586a84f6c231b", "elapsed_seconds": 111.19488739967346, "member": "seed_20260929_fold3", "completed": 2400, "total": 7122}
{"phase": "inference", "pid": 2041676, "plan_sha256": "e9449586e4f7f11eaf84d5c0ffd39351b90ef862a71c217942e586a84f6c231b", "elapsed_seconds": 113.2263412475586, "member": "seed_20260929_fold3", "completed": 3000, "total": 7122}
{"phase": "inference", "pid": 2041676, "plan_sha256": "e9449586e4f7f11eaf84d5c0ffd39351b90ef862a71c217942e586a84f6c231b", "elapsed_seconds": 115.39709615707397, "member": "seed_20260929_fold3", "completed": 3600, "total": 7122}
{"phase": "inference", "pid": 2041676, "plan_sha256": "e9449586e4f7f11eaf84d5c0ffd39351b90ef862a71c217942e586a84f6c231b", "elapsed_seconds": 117.43444919586182, "member": "seed_20260929_fold3", "completed": 4200, "total": 7122}
{"phase": "inference", "pid": 2041676, "plan_sha256": "e9449586e4f7f11eaf84d5c0ffd39351b90ef862a71c217942e586a84f6c231b", "elapsed_seconds": 119.55837535858154, "member": "seed_20260929_fold3", "completed": 4800, "total": 7122}
{"phase": "inference", "pid": 2041676, "plan_sha256": "e9449586e4f7f11eaf84d5c0ffd39351b90ef862a71c217942e586a84f6c231b", "elapsed_seconds": 121.77881383895874, "member": "seed_20260929_fold3", "completed": 5400, "total": 7122}
{"phase": "inference", "pid": 2041676, "plan_sha256": "e9449586e4f7f11eaf84d5c0ffd39351b90ef862a71c217942e586a84f6c231b", "elapsed_seconds": 123.95224142074585, "member": "seed_20260929_fold3", "completed": 6000, "total": 7122}
{"phase": "inference", "pid": 2041676, "plan_sha256": "e9449586e4f7f11eaf84d5c0ffd39351b90ef862a71c217942e586a84f6c231b", "elapsed_seconds": 126.13632917404175, "member": "seed_20260929_fold3", "completed": 6600, "total": 7122}
{"phase": "member_completed", "pid": 2041676, "plan_sha256": "e9449586e4f7f11eaf84d5c0ffd39351b90ef862a71c217942e586a84f6c231b", "elapsed_seconds": 127.97637343406677, "member": "seed_20260929_fold3", "completed_members": 4, "total_members": 15, "pairs": 7122}
{"phase": "inference", "pid": 2041676, "plan_sha256": "e9449586e4f7f11eaf84d5c0ffd39351b90ef862a71c217942e586a84f6c231b", "elapsed_seconds": 132.4346797466278, "member": "seed_20260929_fold4", "completed": 600, "total": 7122}
{"phase": "inference", "pid": 2041676, "plan_sha256": "e9449586e4f7f11eaf84d5c0ffd39351b90ef862a71c217942e586a84f6c231b", "elapsed_seconds": 134.30924773216248, "member": "seed_20260929_fold4", "completed": 1200, "total": 7122}
{"phase": "inference", "pid": 2041676, "plan_sha256": "e9449586e4f7f11eaf84d5c0ffd39351b90ef862a71c217942e586a84f6c231b", "elapsed_seconds": 136.75643229484558, "member": "seed_20260929_fold4", "completed": 1800, "total": 7122}
{"phase": "inference", "pid": 2041676, "plan_sha256": "e9449586e4f7f11eaf84d5c0ffd39351b90ef862a71c217942e586a84f6c231b", "elapsed_seconds": 139.11618733406067, "member": "seed_20260929_fold4", "completed": 2400, "total": 7122}
{"phase": "inference", "pid": 2041676, "plan_sha256": "e9449586e4f7f11eaf84d5c0ffd39351b90ef862a71c217942e586a84f6c231b", "elapsed_seconds": 141.19572114944458, "member": "seed_20260929_fold4", "completed": 3000, "total": 7122}
{"phase": "inference", "pid": 2041676, "plan_sha256": "e9449586e4f7f11eaf84d5c0ffd39351b90ef862a71c217942e586a84f6c231b", "elapsed_seconds": 143.3898606300354, "member": "seed_20260929_fold4", "completed": 3600, "total": 7122}
{"phase": "inference", "pid": 2041676, "plan_sha256": "e9449586e4f7f11eaf84d5c0ffd39351b90ef862a71c217942e586a84f6c231b", "elapsed_seconds": 145.42956519126892, "member": "seed_20260929_fold4", "completed": 4200, "total": 7122}
{"phase": "inference", "pid": 2041676, "plan_sha256": "e9449586e4f7f11eaf84d5c0ffd39351b90ef862a71c217942e586a84f6c231b", "elapsed_seconds": 147.54144668579102, "member": "seed_20260929_fold4", "completed": 4800, "total": 7122}
{"phase": "inference", "pid": 2041676, "plan_sha256": "e9449586e4f7f11eaf84d5c0ffd39351b90ef862a71c217942e586a84f6c231b", "elapsed_seconds": 149.77737259864807, "member": "seed_20260929_fold4", "completed": 5400, "total": 7122}
{"phase": "inference", "pid": 2041676, "plan_sha256": "e9449586e4f7f11eaf84d5c0ffd39351b90ef862a71c217942e586a84f6c231b", "elapsed_seconds": 151.95434594154358, "member": "seed_20260929_fold4", "completed": 6000, "total": 7122}
{"phase": "inference", "pid": 2041676, "plan_sha256": "e9449586e4f7f11eaf84d5c0ffd39351b90ef862a71c217942e586a84f6c231b", "elapsed_seconds": 154.14586520195007, "member": "seed_20260929_fold4", "completed": 6600, "total": 7122}
{"phase": "member_completed", "pid": 2041676, "plan_sha256": "e9449586e4f7f11eaf84d5c0ffd39351b90ef862a71c217942e586a84f6c231b", "elapsed_seconds": 156.01848316192627, "member": "seed_20260929_fold4", "completed_members": 5, "total_members": 15, "pairs": 7122}
{"phase": "inference", "pid": 2041676, "plan_sha256": "e9449586e4f7f11eaf84d5c0ffd39351b90ef862a71c217942e586a84f6c231b", "elapsed_seconds": 160.03858947753906, "member": "seed_20260930_fold0", "completed": 600, "total": 7122}
{"phase": "inference", "pid": 2041676, "plan_sha256": "e9449586e4f7f11eaf84d5c0ffd39351b90ef862a71c217942e586a84f6c231b", "elapsed_seconds": 162.45617055892944, "member": "seed_20260930_fold0", "completed": 1200, "total": 7122}
{"phase": "inference", "pid": 2041676, "plan_sha256": "e9449586e4f7f11eaf84d5c0ffd39351b90ef862a71c217942e586a84f6c231b", "elapsed_seconds": 164.75176286697388, "member": "seed_20260930_fold0", "completed": 1800, "total": 7122}
{"phase": "inference", "pid": 2041676, "plan_sha256": "e9449586e4f7f11eaf84d5c0ffd39351b90ef862a71c217942e586a84f6c231b", "elapsed_seconds": 167.02235770225525, "member": "seed_20260930_fold0", "completed": 2400, "total": 7122}
{"phase": "inference", "pid": 2041676, "plan_sha256": "e9449586e4f7f11eaf84d5c0ffd39351b90ef862a71c217942e586a84f6c231b", "elapsed_seconds": 169.1654191017151, "member": "seed_20260930_fold0", "completed": 3000, "total": 7122}
{"phase": "inference", "pid": 2041676, "plan_sha256": "e9449586e4f7f11eaf84d5c0ffd39351b90ef862a71c217942e586a84f6c231b", "elapsed_seconds": 171.4625768661499, "member": "seed_20260930_fold0", "completed": 3600, "total": 7122}
{"phase": "inference", "pid": 2041676, "plan_sha256": "e9449586e4f7f11eaf84d5c0ffd39351b90ef862a71c217942e586a84f6c231b", "elapsed_seconds": 173.45905780792236, "member": "seed_20260930_fold0", "completed": 4200, "total": 7122}
{"phase": "inference", "pid": 2041676, "plan_sha256": "e9449586e4f7f11eaf84d5c0ffd39351b90ef862a71c217942e586a84f6c231b", "elapsed_seconds": 175.52833223342896, "member": "seed_20260930_fold0", "completed": 4800, "total": 7122}
{"phase": "inference", "pid": 2041676, "plan_sha256": "e9449586e4f7f11eaf84d5c0ffd39351b90ef862a71c217942e586a84f6c231b", "elapsed_seconds": 177.68224430084229, "member": "seed_20260930_fold0", "completed": 5400, "total": 7122}
{"phase": "inference", "pid": 2041676, "plan_sha256": "e9449586e4f7f11eaf84d5c0ffd39351b90ef862a71c217942e586a84f6c231b", "elapsed_seconds": 179.8403298854828, "member": "seed_20260930_fold0", "completed": 6000, "total": 7122}
{"phase": "inference", "pid": 2041676, "plan_sha256": "e9449586e4f7f11eaf84d5c0ffd39351b90ef862a71c217942e586a84f6c231b", "elapsed_seconds": 182.02520418167114, "member": "seed_20260930_fold0", "completed": 6600, "total": 7122}
{"phase": "member_completed", "pid": 2041676, "plan_sha256": "e9449586e4f7f11eaf84d5c0ffd39351b90ef862a71c217942e586a84f6c231b", "elapsed_seconds": 183.8597412109375, "member": "seed_20260930_fold0", "completed_members": 6, "total_members": 15, "pairs": 7122}
{"phase": "inference", "pid": 2041676, "plan_sha256": "e9449586e4f7f11eaf84d5c0ffd39351b90ef862a71c217942e586a84f6c231b", "elapsed_seconds": 187.9486062526703, "member": "seed_20260930_fold1", "completed": 600, "total": 7122}
{"phase": "inference", "pid": 2041676, "plan_sha256": "e9449586e4f7f11eaf84d5c0ffd39351b90ef862a71c217942e586a84f6c231b", "elapsed_seconds": 190.2620997428894, "member": "seed_20260930_fold1", "completed": 1200, "total": 7122}
{"phase": "inference", "pid": 2041676, "plan_sha256": "e9449586e4f7f11eaf84d5c0ffd39351b90ef862a71c217942e586a84f6c231b", "elapsed_seconds": 192.6938602924347, "member": "seed_20260930_fold1", "completed": 1800, "total": 7122}
{"phase": "inference", "pid": 2041676, "plan_sha256": "e9449586e4f7f11eaf84d5c0ffd39351b90ef862a71c217942e586a84f6c231b", "elapsed_seconds": 194.83798146247864, "member": "seed_20260930_fold1", "completed": 2400, "total": 7122}
{"phase": "inference", "pid": 2041676, "plan_sha256": "e9449586e4f7f11eaf84d5c0ffd39351b90ef862a71c217942e586a84f6c231b", "elapsed_seconds": 196.86106181144714, "member": "seed_20260930_fold1", "completed": 3000, "total": 7122}
{"phase": "inference", "pid": 2041676, "plan_sha256": "e9449586e4f7f11eaf84d5c0ffd39351b90ef862a71c217942e586a84f6c231b", "elapsed_seconds": 199.03999376296997, "member": "seed_20260930_fold1", "completed": 3600, "total": 7122}
{"phase": "inference", "pid": 2041676, "plan_sha256": "e9449586e4f7f11eaf84d5c0ffd39351b90ef862a71c217942e586a84f6c231b", "elapsed_seconds": 201.0640218257904, "member": "seed_20260930_fold1", "completed": 4200, "total": 7122}
{"phase": "inference", "pid": 2041676, "plan_sha256": "e9449586e4f7f11eaf84d5c0ffd39351b90ef862a71c217942e586a84f6c231b", "elapsed_seconds": 203.20027112960815, "member": "seed_20260930_fold1", "completed": 4800, "total": 7122}
{"phase": "inference", "pid": 2041676, "plan_sha256": "e9449586e4f7f11eaf84d5c0ffd39351b90ef862a71c217942e586a84f6c231b", "elapsed_seconds": 205.46760964393616, "member": "seed_20260930_fold1", "completed": 5400, "total": 7122}
{"phase": "inference", "pid": 2041676, "plan_sha256": "e9449586e4f7f11eaf84d5c0ffd39351b90ef862a71c217942e586a84f6c231b", "elapsed_seconds": 207.7101001739502, "member": "seed_20260930_fold1", "completed": 6000, "total": 7122}
{"phase": "inference", "pid": 2041676, "plan_sha256": "e9449586e4f7f11eaf84d5c0ffd39351b90ef862a71c217942e586a84f6c231b", "elapsed_seconds": 209.9447557926178, "member": "seed_20260930_fold1", "completed": 6600, "total": 7122}
{"phase": "member_completed", "pid": 2041676, "plan_sha256": "e9449586e4f7f11eaf84d5c0ffd39351b90ef862a71c217942e586a84f6c231b", "elapsed_seconds": 211.8189980983734, "member": "seed_20260930_fold1", "completed_members": 7, "total_members": 15, "pairs": 7122}
{"phase": "inference", "pid": 2041676, "plan_sha256": "e9449586e4f7f11eaf84d5c0ffd39351b90ef862a71c217942e586a84f6c231b", "elapsed_seconds": 216.00199675559998, "member": "seed_20260930_fold2", "completed": 600, "total": 7122}
{"phase": "inference", "pid": 2041676, "plan_sha256": "e9449586e4f7f11eaf84d5c0ffd39351b90ef862a71c217942e586a84f6c231b", "elapsed_seconds": 218.28177952766418, "member": "seed_20260930_fold2", "completed": 1200, "total": 7122}
{"phase": "inference", "pid": 2041676, "plan_sha256": "e9449586e4f7f11eaf84d5c0ffd39351b90ef862a71c217942e586a84f6c231b", "elapsed_seconds": 220.58338236808777, "member": "seed_20260930_fold2", "completed": 1800, "total": 7122}
{"phase": "inference", "pid": 2041676, "plan_sha256": "e9449586e4f7f11eaf84d5c0ffd39351b90ef862a71c217942e586a84f6c231b", "elapsed_seconds": 222.90479516983032, "member": "seed_20260930_fold2", "completed": 2400, "total": 7122}
{"phase": "inference", "pid": 2041676, "plan_sha256": "e9449586e4f7f11eaf84d5c0ffd39351b90ef862a71c217942e586a84f6c231b", "elapsed_seconds": 224.99400091171265, "member": "seed_20260930_fold2", "completed": 3000, "total": 7122}
{"phase": "inference", "pid": 2041676, "plan_sha256": "e9449586e4f7f11eaf84d5c0ffd39351b90ef862a71c217942e586a84f6c231b", "elapsed_seconds": 227.13811588287354, "member": "seed_20260930_fold2", "completed": 3600, "total": 7122}
{"phase": "inference", "pid": 2041676, "plan_sha256": "e9449586e4f7f11eaf84d5c0ffd39351b90ef862a71c217942e586a84f6c231b", "elapsed_seconds": 229.1330165863037, "member": "seed_20260930_fold2", "completed": 4200, "total": 7122}
{"phase": "inference", "pid": 2041676, "plan_sha256": "e9449586e4f7f11eaf84d5c0ffd39351b90ef862a71c217942e586a84f6c231b", "elapsed_seconds": 231.2411596775055, "member": "seed_20260930_fold2", "completed": 4800, "total": 7122}
{"phase": "inference", "pid": 2041676, "plan_sha256": "e9449586e4f7f11eaf84d5c0ffd39351b90ef862a71c217942e586a84f6c231b", "elapsed_seconds": 233.43386101722717, "member": "seed_20260930_fold2", "completed": 5400, "total": 7122}
{"phase": "inference", "pid": 2041676, "plan_sha256": "e9449586e4f7f11eaf84d5c0ffd39351b90ef862a71c217942e586a84f6c231b", "elapsed_seconds": 235.61141347885132, "member": "seed_20260930_fold2", "completed": 6000, "total": 7122}
{"phase": "inference", "pid": 2041676, "plan_sha256": "e9449586e4f7f11eaf84d5c0ffd39351b90ef862a71c217942e586a84f6c231b", "elapsed_seconds": 238.09573245048523, "member": "seed_20260930_fold2", "completed": 6600, "total": 7122}
{"phase": "member_completed", "pid": 2041676, "plan_sha256": "e9449586e4f7f11eaf84d5c0ffd39351b90ef862a71c217942e586a84f6c231b", "elapsed_seconds": 240.06668758392334, "member": "seed_20260930_fold2", "completed_members": 8, "total_members": 15, "pairs": 7122}
{"phase": "inference", "pid": 2041676, "plan_sha256": "e9449586e4f7f11eaf84d5c0ffd39351b90ef862a71c217942e586a84f6c231b", "elapsed_seconds": 244.06231689453125, "member": "seed_20260930_fold3", "completed": 600, "total": 7122}
{"phase": "inference", "pid": 2041676, "plan_sha256": "e9449586e4f7f11eaf84d5c0ffd39351b90ef862a71c217942e586a84f6c231b", "elapsed_seconds": 246.26712322235107, "member": "seed_20260930_fold3", "completed": 1200, "total": 7122}
{"phase": "inference", "pid": 2041676, "plan_sha256": "e9449586e4f7f11eaf84d5c0ffd39351b90ef862a71c217942e586a84f6c231b", "elapsed_seconds": 248.54114389419556, "member": "seed_20260930_fold3", "completed": 1800, "total": 7122}
{"phase": "inference", "pid": 2041676, "plan_sha256": "e9449586e4f7f11eaf84d5c0ffd39351b90ef862a71c217942e586a84f6c231b", "elapsed_seconds": 250.839590549469, "member": "seed_20260930_fold3", "completed": 2400, "total": 7122}
{"phase": "inference", "pid": 2041676, "plan_sha256": "e9449586e4f7f11eaf84d5c0ffd39351b90ef862a71c217942e586a84f6c231b", "elapsed_seconds": 252.98999547958374, "member": "seed_20260930_fold3", "completed": 3000, "total": 7122}
{"phase": "inference", "pid": 2041676, "plan_sha256": "e9449586e4f7f11eaf84d5c0ffd39351b90ef862a71c217942e586a84f6c231b", "elapsed_seconds": 255.28355145454407, "member": "seed_20260930_fold3", "completed": 3600, "total": 7122}
{"phase": "inference", "pid": 2041676, "plan_sha256": "e9449586e4f7f11eaf84d5c0ffd39351b90ef862a71c217942e586a84f6c231b", "elapsed_seconds": 257.32356572151184, "member": "seed_20260930_fold3", "completed": 4200, "total": 7122}
{"phase": "inference", "pid": 2041676, "plan_sha256": "e9449586e4f7f11eaf84d5c0ffd39351b90ef862a71c217942e586a84f6c231b", "elapsed_seconds": 259.37074422836304, "member": "seed_20260930_fold3", "completed": 4800, "total": 7122}
{"phase": "inference", "pid": 2041676, "plan_sha256": "e9449586e4f7f11eaf84d5c0ffd39351b90ef862a71c217942e586a84f6c231b", "elapsed_seconds": 261.6183931827545, "member": "seed_20260930_fold3", "completed": 5400, "total": 7122}
{"phase": "inference", "pid": 2041676, "plan_sha256": "e9449586e4f7f11eaf84d5c0ffd39351b90ef862a71c217942e586a84f6c231b", "elapsed_seconds": 263.843412399292, "member": "seed_20260930_fold3", "completed": 6000, "total": 7122}
{"phase": "inference", "pid": 2041676, "plan_sha256": "e9449586e4f7f11eaf84d5c0ffd39351b90ef862a71c217942e586a84f6c231b", "elapsed_seconds": 266.06407499313354, "member": "seed_20260930_fold3", "completed": 6600, "total": 7122}
{"phase": "member_completed", "pid": 2041676, "plan_sha256": "e9449586e4f7f11eaf84d5c0ffd39351b90ef862a71c217942e586a84f6c231b", "elapsed_seconds": 267.943608045578, "member": "seed_20260930_fold3", "completed_members": 9, "total_members": 15, "pairs": 7122}
{"phase": "inference", "pid": 2041676, "plan_sha256": "e9449586e4f7f11eaf84d5c0ffd39351b90ef862a71c217942e586a84f6c231b", "elapsed_seconds": 272.01512813568115, "member": "seed_20260930_fold4", "completed": 600, "total": 7122}
{"phase": "inference", "pid": 2041676, "plan_sha256": "e9449586e4f7f11eaf84d5c0ffd39351b90ef862a71c217942e586a84f6c231b", "elapsed_seconds": 274.35338163375854, "member": "seed_20260930_fold4", "completed": 1200, "total": 7122}
{"phase": "inference", "pid": 2041676, "plan_sha256": "e9449586e4f7f11eaf84d5c0ffd39351b90ef862a71c217942e586a84f6c231b", "elapsed_seconds": 276.5910496711731, "member": "seed_20260930_fold4", "completed": 1800, "total": 7122}
{"phase": "inference", "pid": 2041676, "plan_sha256": "e9449586e4f7f11eaf84d5c0ffd39351b90ef862a71c217942e586a84f6c231b", "elapsed_seconds": 278.837283372879, "member": "seed_20260930_fold4", "completed": 2400, "total": 7122}
{"phase": "inference", "pid": 2041676, "plan_sha256": "e9449586e4f7f11eaf84d5c0ffd39351b90ef862a71c217942e586a84f6c231b", "elapsed_seconds": 280.93704295158386, "member": "seed_20260930_fold4", "completed": 3000, "total": 7122}
{"phase": "inference", "pid": 2041676, "plan_sha256": "e9449586e4f7f11eaf84d5c0ffd39351b90ef862a71c217942e586a84f6c231b", "elapsed_seconds": 283.1978666782379, "member": "seed_20260930_fold4", "completed": 3600, "total": 7122}
{"phase": "inference", "pid": 2041676, "plan_sha256": "e9449586e4f7f11eaf84d5c0ffd39351b90ef862a71c217942e586a84f6c231b", "elapsed_seconds": 285.32237458229065, "member": "seed_20260930_fold4", "completed": 4200, "total": 7122}
{"phase": "inference", "pid": 2041676, "plan_sha256": "e9449586e4f7f11eaf84d5c0ffd39351b90ef862a71c217942e586a84f6c231b", "elapsed_seconds": 287.5211944580078, "member": "seed_20260930_fold4", "completed": 4800, "total": 7122}
{"phase": "inference", "pid": 2041676, "plan_sha256": "e9449586e4f7f11eaf84d5c0ffd39351b90ef862a71c217942e586a84f6c231b", "elapsed_seconds": 289.8221821784973, "member": "seed_20260930_fold4", "completed": 5400, "total": 7122}
{"phase": "inference", "pid": 2041676, "plan_sha256": "e9449586e4f7f11eaf84d5c0ffd39351b90ef862a71c217942e586a84f6c231b", "elapsed_seconds": 292.1226632595062, "member": "seed_20260930_fold4", "completed": 6000, "total": 7122}
{"phase": "inference", "pid": 2041676, "plan_sha256": "e9449586e4f7f11eaf84d5c0ffd39351b90ef862a71c217942e586a84f6c231b", "elapsed_seconds": 294.3923351764679, "member": "seed_20260930_fold4", "completed": 6600, "total": 7122}
{"phase": "member_completed", "pid": 2041676, "plan_sha256": "e9449586e4f7f11eaf84d5c0ffd39351b90ef862a71c217942e586a84f6c231b", "elapsed_seconds": 296.3268826007843, "member": "seed_20260930_fold4", "completed_members": 10, "total_members": 15, "pairs": 7122}
{"phase": "inference", "pid": 2041676, "plan_sha256": "e9449586e4f7f11eaf84d5c0ffd39351b90ef862a71c217942e586a84f6c231b", "elapsed_seconds": 300.30669260025024, "member": "seed_20261001_fold0", "completed": 600, "total": 7122}
{"phase": "inference", "pid": 2041676, "plan_sha256": "e9449586e4f7f11eaf84d5c0ffd39351b90ef862a71c217942e586a84f6c231b", "elapsed_seconds": 302.4954023361206, "member": "seed_20261001_fold0", "completed": 1200, "total": 7122}
{"phase": "inference", "pid": 2041676, "plan_sha256": "e9449586e4f7f11eaf84d5c0ffd39351b90ef862a71c217942e586a84f6c231b", "elapsed_seconds": 304.7263648509979, "member": "seed_20261001_fold0", "completed": 1800, "total": 7122}
{"phase": "inference", "pid": 2041676, "plan_sha256": "e9449586e4f7f11eaf84d5c0ffd39351b90ef862a71c217942e586a84f6c231b", "elapsed_seconds": 306.94256496429443, "member": "seed_20261001_fold0", "completed": 2400, "total": 7122}
{"phase": "inference", "pid": 2041676, "plan_sha256": "e9449586e4f7f11eaf84d5c0ffd39351b90ef862a71c217942e586a84f6c231b", "elapsed_seconds": 309.0311632156372, "member": "seed_20261001_fold0", "completed": 3000, "total": 7122}
{"phase": "inference", "pid": 2041676, "plan_sha256": "e9449586e4f7f11eaf84d5c0ffd39351b90ef862a71c217942e586a84f6c231b", "elapsed_seconds": 311.28142404556274, "member": "seed_20261001_fold0", "completed": 3600, "total": 7122}
{"phase": "inference", "pid": 2041676, "plan_sha256": "e9449586e4f7f11eaf84d5c0ffd39351b90ef862a71c217942e586a84f6c231b", "elapsed_seconds": 313.39417910575867, "member": "seed_20261001_fold0", "completed": 4200, "total": 7122}
{"phase": "inference", "pid": 2041676, "plan_sha256": "e9449586e4f7f11eaf84d5c0ffd39351b90ef862a71c217942e586a84f6c231b", "elapsed_seconds": 315.5782287120819, "member": "seed_20261001_fold0", "completed": 4800, "total": 7122}
{"phase": "inference", "pid": 2041676, "plan_sha256": "e9449586e4f7f11eaf84d5c0ffd39351b90ef862a71c217942e586a84f6c231b", "elapsed_seconds": 317.88117933273315, "member": "seed_20261001_fold0", "completed": 5400, "total": 7122}
{"phase": "inference", "pid": 2041676, "plan_sha256": "e9449586e4f7f11eaf84d5c0ffd39351b90ef862a71c217942e586a84f6c231b", "elapsed_seconds": 320.1487350463867, "member": "seed_20261001_fold0", "completed": 6000, "total": 7122}
{"phase": "inference", "pid": 2041676, "plan_sha256": "e9449586e4f7f11eaf84d5c0ffd39351b90ef862a71c217942e586a84f6c231b", "elapsed_seconds": 322.4002101421356, "member": "seed_20261001_fold0", "completed": 6600, "total": 7122}
{"phase": "member_completed", "pid": 2041676, "plan_sha256": "e9449586e4f7f11eaf84d5c0ffd39351b90ef862a71c217942e586a84f6c231b", "elapsed_seconds": 324.3227345943451, "member": "seed_20261001_fold0", "completed_members": 11, "total_members": 15, "pairs": 7122}
{"phase": "inference", "pid": 2041676, "plan_sha256": "e9449586e4f7f11eaf84d5c0ffd39351b90ef862a71c217942e586a84f6c231b", "elapsed_seconds": 328.4381744861603, "member": "seed_20261001_fold1", "completed": 600, "total": 7122}
{"phase": "inference", "pid": 2041676, "plan_sha256": "e9449586e4f7f11eaf84d5c0ffd39351b90ef862a71c217942e586a84f6c231b", "elapsed_seconds": 330.685090303421, "member": "seed_20261001_fold1", "completed": 1200, "total": 7122}
{"phase": "inference", "pid": 2041676, "plan_sha256": "e9449586e4f7f11eaf84d5c0ffd39351b90ef862a71c217942e586a84f6c231b", "elapsed_seconds": 332.9772789478302, "member": "seed_20261001_fold1", "completed": 1800, "total": 7122}
{"phase": "inference", "pid": 2041676, "plan_sha256": "e9449586e4f7f11eaf84d5c0ffd39351b90ef862a71c217942e586a84f6c231b", "elapsed_seconds": 335.2611527442932, "member": "seed_20261001_fold1", "completed": 2400, "total": 7122}
{"phase": "inference", "pid": 2041676, "plan_sha256": "e9449586e4f7f11eaf84d5c0ffd39351b90ef862a71c217942e586a84f6c231b", "elapsed_seconds": 337.41097140312195, "member": "seed_20261001_fold1", "completed": 3000, "total": 7122}
{"phase": "inference", "pid": 2041676, "plan_sha256": "e9449586e4f7f11eaf84d5c0ffd39351b90ef862a71c217942e586a84f6c231b", "elapsed_seconds": 339.5489637851715, "member": "seed_20261001_fold1", "completed": 3600, "total": 7122}
{"phase": "inference", "pid": 2041676, "plan_sha256": "e9449586e4f7f11eaf84d5c0ffd39351b90ef862a71c217942e586a84f6c231b", "elapsed_seconds": 341.5465896129608, "member": "seed_20261001_fold1", "completed": 4200, "total": 7122}
{"phase": "inference", "pid": 2041676, "plan_sha256": "e9449586e4f7f11eaf84d5c0ffd39351b90ef862a71c217942e586a84f6c231b", "elapsed_seconds": 343.6321551799774, "member": "seed_20261001_fold1", "completed": 4800, "total": 7122}
{"phase": "inference", "pid": 2041676, "plan_sha256": "e9449586e4f7f11eaf84d5c0ffd39351b90ef862a71c217942e586a84f6c231b", "elapsed_seconds": 345.8005704879761, "member": "seed_20261001_fold1", "completed": 5400, "total": 7122}
{"phase": "inference", "pid": 2041676, "plan_sha256": "e9449586e4f7f11eaf84d5c0ffd39351b90ef862a71c217942e586a84f6c231b", "elapsed_seconds": 348.09018540382385, "member": "seed_20261001_fold1", "completed": 6000, "total": 7122}
{"phase": "inference", "pid": 2041676, "plan_sha256": "e9449586e4f7f11eaf84d5c0ffd39351b90ef862a71c217942e586a84f6c231b", "elapsed_seconds": 350.40989923477173, "member": "seed_20261001_fold1", "completed": 6600, "total": 7122}
{"phase": "member_completed", "pid": 2041676, "plan_sha256": "e9449586e4f7f11eaf84d5c0ffd39351b90ef862a71c217942e586a84f6c231b", "elapsed_seconds": 352.400030374527, "member": "seed_20261001_fold1", "completed_members": 12, "total_members": 15, "pairs": 7122}
{"phase": "inference", "pid": 2041676, "plan_sha256": "e9449586e4f7f11eaf84d5c0ffd39351b90ef862a71c217942e586a84f6c231b", "elapsed_seconds": 356.44176030158997, "member": "seed_20261001_fold2", "completed": 600, "total": 7122}
{"phase": "inference", "pid": 2041676, "plan_sha256": "e9449586e4f7f11eaf84d5c0ffd39351b90ef862a71c217942e586a84f6c231b", "elapsed_seconds": 358.7272992134094, "member": "seed_20261001_fold2", "completed": 1200, "total": 7122}
{"phase": "inference", "pid": 2041676, "plan_sha256": "e9449586e4f7f11eaf84d5c0ffd39351b90ef862a71c217942e586a84f6c231b", "elapsed_seconds": 360.8977825641632, "member": "seed_20261001_fold2", "completed": 1800, "total": 7122}
{"phase": "inference", "pid": 2041676, "plan_sha256": "e9449586e4f7f11eaf84d5c0ffd39351b90ef862a71c217942e586a84f6c231b", "elapsed_seconds": 363.1031241416931, "member": "seed_20261001_fold2", "completed": 2400, "total": 7122}
{"phase": "inference", "pid": 2041676, "plan_sha256": "e9449586e4f7f11eaf84d5c0ffd39351b90ef862a71c217942e586a84f6c231b", "elapsed_seconds": 365.2665822505951, "member": "seed_20261001_fold2", "completed": 3000, "total": 7122}
{"phase": "inference", "pid": 2041676, "plan_sha256": "e9449586e4f7f11eaf84d5c0ffd39351b90ef862a71c217942e586a84f6c231b", "elapsed_seconds": 367.59883213043213, "member": "seed_20261001_fold2", "completed": 3600, "total": 7122}
{"phase": "inference", "pid": 2041676, "plan_sha256": "e9449586e4f7f11eaf84d5c0ffd39351b90ef862a71c217942e586a84f6c231b", "elapsed_seconds": 369.73432207107544, "member": "seed_20261001_fold2", "completed": 4200, "total": 7122}
{"phase": "inference", "pid": 2041676, "plan_sha256": "e9449586e4f7f11eaf84d5c0ffd39351b90ef862a71c217942e586a84f6c231b", "elapsed_seconds": 371.9693958759308, "member": "seed_20261001_fold2", "completed": 4800, "total": 7122}
{"phase": "inference", "pid": 2041676, "plan_sha256": "e9449586e4f7f11eaf84d5c0ffd39351b90ef862a71c217942e586a84f6c231b", "elapsed_seconds": 374.33317947387695, "member": "seed_20261001_fold2", "completed": 5400, "total": 7122}
{"phase": "inference", "pid": 2041676, "plan_sha256": "e9449586e4f7f11eaf84d5c0ffd39351b90ef862a71c217942e586a84f6c231b", "elapsed_seconds": 376.689644575119, "member": "seed_20261001_fold2", "completed": 6000, "total": 7122}
{"phase": "inference", "pid": 2041676, "plan_sha256": "e9449586e4f7f11eaf84d5c0ffd39351b90ef862a71c217942e586a84f6c231b", "elapsed_seconds": 379.00852489471436, "member": "seed_20261001_fold2", "completed": 6600, "total": 7122}
{"phase": "member_completed", "pid": 2041676, "plan_sha256": "e9449586e4f7f11eaf84d5c0ffd39351b90ef862a71c217942e586a84f6c231b", "elapsed_seconds": 380.9823236465454, "member": "seed_20261001_fold2", "completed_members": 13, "total_members": 15, "pairs": 7122}
{"phase": "inference", "pid": 2041676, "plan_sha256": "e9449586e4f7f11eaf84d5c0ffd39351b90ef862a71c217942e586a84f6c231b", "elapsed_seconds": 385.166766166687, "member": "seed_20261001_fold3", "completed": 600, "total": 7122}
{"phase": "inference", "pid": 2041676, "plan_sha256": "e9449586e4f7f11eaf84d5c0ffd39351b90ef862a71c217942e586a84f6c231b", "elapsed_seconds": 387.41426253318787, "member": "seed_20261001_fold3", "completed": 1200, "total": 7122}
{"phase": "inference", "pid": 2041676, "plan_sha256": "e9449586e4f7f11eaf84d5c0ffd39351b90ef862a71c217942e586a84f6c231b", "elapsed_seconds": 389.70494651794434, "member": "seed_20261001_fold3", "completed": 1800, "total": 7122}
{"phase": "inference", "pid": 2041676, "plan_sha256": "e9449586e4f7f11eaf84d5c0ffd39351b90ef862a71c217942e586a84f6c231b", "elapsed_seconds": 391.95556116104126, "member": "seed_20261001_fold3", "completed": 2400, "total": 7122}
{"phase": "inference", "pid": 2041676, "plan_sha256": "e9449586e4f7f11eaf84d5c0ffd39351b90ef862a71c217942e586a84f6c231b", "elapsed_seconds": 393.9426121711731, "member": "seed_20261001_fold3", "completed": 3000, "total": 7122}
{"phase": "inference", "pid": 2041676, "plan_sha256": "e9449586e4f7f11eaf84d5c0ffd39351b90ef862a71c217942e586a84f6c231b", "elapsed_seconds": 396.0797333717346, "member": "seed_20261001_fold3", "completed": 3600, "total": 7122}
{"phase": "inference", "pid": 2041676, "plan_sha256": "e9449586e4f7f11eaf84d5c0ffd39351b90ef862a71c217942e586a84f6c231b", "elapsed_seconds": 398.0921893119812, "member": "seed_20261001_fold3", "completed": 4200, "total": 7122}
{"phase": "inference", "pid": 2041676, "plan_sha256": "e9449586e4f7f11eaf84d5c0ffd39351b90ef862a71c217942e586a84f6c231b", "elapsed_seconds": 400.16469979286194, "member": "seed_20261001_fold3", "completed": 4800, "total": 7122}
{"phase": "inference", "pid": 2041676, "plan_sha256": "e9449586e4f7f11eaf84d5c0ffd39351b90ef862a71c217942e586a84f6c231b", "elapsed_seconds": 402.5445976257324, "member": "seed_20261001_fold3", "completed": 5400, "total": 7122}
{"phase": "inference", "pid": 2041676, "plan_sha256": "e9449586e4f7f11eaf84d5c0ffd39351b90ef862a71c217942e586a84f6c231b", "elapsed_seconds": 404.6703054904938, "member": "seed_20261001_fold3", "completed": 6000, "total": 7122}
{"phase": "inference", "pid": 2041676, "plan_sha256": "e9449586e4f7f11eaf84d5c0ffd39351b90ef862a71c217942e586a84f6c231b", "elapsed_seconds": 406.97411823272705, "member": "seed_20261001_fold3", "completed": 6600, "total": 7122}
{"phase": "member_completed", "pid": 2041676, "plan_sha256": "e9449586e4f7f11eaf84d5c0ffd39351b90ef862a71c217942e586a84f6c231b", "elapsed_seconds": 408.99677300453186, "member": "seed_20261001_fold3", "completed_members": 14, "total_members": 15, "pairs": 7122}
{"phase": "inference", "pid": 2041676, "plan_sha256": "e9449586e4f7f11eaf84d5c0ffd39351b90ef862a71c217942e586a84f6c231b", "elapsed_seconds": 413.158301115036, "member": "seed_20261001_fold4", "completed": 600, "total": 7122}
{"phase": "inference", "pid": 2041676, "plan_sha256": "e9449586e4f7f11eaf84d5c0ffd39351b90ef862a71c217942e586a84f6c231b", "elapsed_seconds": 415.2815217971802, "member": "seed_20261001_fold4", "completed": 1200, "total": 7122}
{"phase": "inference", "pid": 2041676, "plan_sha256": "e9449586e4f7f11eaf84d5c0ffd39351b90ef862a71c217942e586a84f6c231b", "elapsed_seconds": 417.42511105537415, "member": "seed_20261001_fold4", "completed": 1800, "total": 7122}
{"phase": "inference", "pid": 2041676, "plan_sha256": "e9449586e4f7f11eaf84d5c0ffd39351b90ef862a71c217942e586a84f6c231b", "elapsed_seconds": 419.56235361099243, "member": "seed_20261001_fold4", "completed": 2400, "total": 7122}
{"phase": "inference", "pid": 2041676, "plan_sha256": "e9449586e4f7f11eaf84d5c0ffd39351b90ef862a71c217942e586a84f6c231b", "elapsed_seconds": 421.57580757141113, "member": "seed_20261001_fold4", "completed": 3000, "total": 7122}
{"phase": "inference", "pid": 2041676, "plan_sha256": "e9449586e4f7f11eaf84d5c0ffd39351b90ef862a71c217942e586a84f6c231b", "elapsed_seconds": 423.8973479270935, "member": "seed_20261001_fold4", "completed": 3600, "total": 7122}
{"phase": "inference", "pid": 2041676, "plan_sha256": "e9449586e4f7f11eaf84d5c0ffd39351b90ef862a71c217942e586a84f6c231b", "elapsed_seconds": 425.8727355003357, "member": "seed_20261001_fold4", "completed": 4200, "total": 7122}
{"phase": "inference", "pid": 2041676, "plan_sha256": "e9449586e4f7f11eaf84d5c0ffd39351b90ef862a71c217942e586a84f6c231b", "elapsed_seconds": 428.1913414001465, "member": "seed_20261001_fold4", "completed": 4800, "total": 7122}
{"phase": "inference", "pid": 2041676, "plan_sha256": "e9449586e4f7f11eaf84d5c0ffd39351b90ef862a71c217942e586a84f6c231b", "elapsed_seconds": 430.58011746406555, "member": "seed_20261001_fold4", "completed": 5400, "total": 7122}
{"phase": "inference", "pid": 2041676, "plan_sha256": "e9449586e4f7f11eaf84d5c0ffd39351b90ef862a71c217942e586a84f6c231b", "elapsed_seconds": 432.9315450191498, "member": "seed_20261001_fold4", "completed": 6000, "total": 7122}
{"phase": "inference", "pid": 2041676, "plan_sha256": "e9449586e4f7f11eaf84d5c0ffd39351b90ef862a71c217942e586a84f6c231b", "elapsed_seconds": 435.28302025794983, "member": "seed_20261001_fold4", "completed": 6600, "total": 7122}
{"phase": "member_completed", "pid": 2041676, "plan_sha256": "e9449586e4f7f11eaf84d5c0ffd39351b90ef862a71c217942e586a84f6c231b", "elapsed_seconds": 437.230064868927, "member": "seed_20261001_fold4", "completed_members": 15, "total_members": 15, "pairs": 7122}
{"phase": "completed", "pid": 2041676, "plan_sha256": "e9449586e4f7f11eaf84d5c0ffd39351b90ef862a71c217942e586a84f6c231b", "elapsed_seconds": 437.36641359329224, "output": "submissions/patientphex_b_joint.jsonl", "sha256": "7ad32cfddfc783cbb40a105fbee2bb433ddf2b6120b56a8a7861a107475d5a0c"}
