{"event": "prompts_prepared", "fold": 4, "validation_document_ids": ["11196099", "12110769", "12250201", "12455887", "12646972", "12798528", "5452357", "5537416", "5562981", "5793168", "5970456", "6036836", "6057141", "6332535", "6338757", "6390251"], "upstream_training_document_ids": ["10313222", "10553122", "10789033", "11203018", "11221135", "11235872", "11765409", "11826603", "11871647", "11906559", "11919040", "11986149", "12017973", "12059664", "12078887", "12110755", "12118522", "12126309", "12147048", "12334843", "12386172", "12405443", "12444410", "12628480", "12640707", "12652105", "12733031", "12779223", "12811285", "12846941", "12891056", "2866573", "2964533", "3563609", "4607013", "4644339", "4678370", "4899602", "5023785", "5368377", "5415817", "5422868", "5425407", "5473715", "5538066", "5574094", "5575846", "5693559", "5763540", "5773845", "5789735", "5866036", "5959423", "6048891", "6049015", "6059678", "6063015", "6096008", "6134758", "6151044", "6219255", "6220403", "6491447", "9327653"], "llm_training_document_ids": [], "demonstration_document_ids": [], "answers_removed_before_prompting": true, "baseline_exact_replay": true, "plan_sha256": "7072109360d9b7e9e20b61a0589e6b216ad6e71973e1a6a222cb71adc7d87b9f", "task_count": 454, "tasks_sha256": "bc5c172e0cde60c9764ba5ac134c5b295f2b7d622890be82ba33c0dbc5098bf7", "acronym_tasks": 69, "tasks_with_document_definitions": 58, "max_input_tokens": 933, "maximum_grammar_tokens": 16, "protocol_module": "patientphex.llm_concept_review", "source_truncation": false, "hard_nonthinking": true}
Loading checkpoint shards:   0%|          | 0/5 [00:00<?, ?it/s]Loading checkpoint shards:  20%|██        | 1/5 [00:01<00:04,  1.03s/it]Loading checkpoint shards:  40%|████      | 2/5 [00:01<00:02,  1.13it/s]Loading checkpoint shards:  60%|██████    | 3/5 [00:02<00:01,  1.20it/s]Loading checkpoint shards:  80%|████████  | 4/5 [00:03<00:00,  1.35it/s]Loading checkpoint shards: 100%|██████████| 5/5 [00:03<00:00,  1.81it/s]Loading checkpoint shards: 100%|██████████| 5/5 [00:03<00:00,  1.47it/s]
{"event": "task_complete", "fold": 4, "completed": 1, "total": 454, "format_errors": 0, "decisions": {"supported": 1}, "elapsed_seconds": 7.158607482910156}
{"event": "task_complete", "fold": 4, "completed": 2, "total": 454, "format_errors": 0, "decisions": {"supported": 2}, "elapsed_seconds": 8.012923002243042}
{"event": "task_complete", "fold": 4, "completed": 3, "total": 454, "format_errors": 0, "decisions": {"supported": 3}, "elapsed_seconds": 8.864521503448486}
{"event": "task_complete", "fold": 4, "completed": 4, "total": 454, "format_errors": 0, "decisions": {"supported": 4}, "elapsed_seconds": 9.715402841567993}
{"event": "task_complete", "fold": 4, "completed": 5, "total": 454, "format_errors": 0, "decisions": {"supported": 5}, "elapsed_seconds": 10.558853149414062}
{"event": "task_complete", "fold": 4, "completed": 6, "total": 454, "format_errors": 0, "decisions": {"supported": 6}, "elapsed_seconds": 11.40441632270813}
{"event": "task_complete", "fold": 4, "completed": 7, "total": 454, "format_errors": 0, "decisions": {"supported": 7}, "elapsed_seconds": 12.256990909576416}
{"event": "task_complete", "fold": 4, "completed": 8, "total": 454, "format_errors": 0, "decisions": {"supported": 8}, "elapsed_seconds": 13.114149570465088}
{"event": "task_complete", "fold": 4, "completed": 9, "total": 454, "format_errors": 0, "decisions": {"supported": 9}, "elapsed_seconds": 14.013263463973999}
{"event": "task_complete", "fold": 4, "completed": 10, "total": 454, "format_errors": 0, "decisions": {"supported": 10}, "elapsed_seconds": 14.86233115196228}
{"event": "task_complete", "fold": 4, "completed": 11, "total": 454, "format_errors": 0, "decisions": {"supported": 11}, "elapsed_seconds": 15.716502666473389}
{"event": "task_complete", "fold": 4, "completed": 12, "total": 454, "format_errors": 0, "decisions": {"supported": 12}, "elapsed_seconds": 16.577072620391846}
{"event": "task_complete", "fold": 4, "completed": 13, "total": 454, "format_errors": 0, "decisions": {"supported": 13}, "elapsed_seconds": 17.61479687690735}
{"event": "task_complete", "fold": 4, "completed": 14, "total": 454, "format_errors": 0, "decisions": {"supported": 14}, "elapsed_seconds": 18.470376014709473}
{"event": "task_complete", "fold": 4, "completed": 15, "total": 454, "format_errors": 0, "decisions": {"supported": 15}, "elapsed_seconds": 19.385977268218994}
{"event": "task_complete", "fold": 4, "completed": 16, "total": 454, "format_errors": 0, "decisions": {"supported": 16}, "elapsed_seconds": 20.297054767608643}
{"event": "task_complete", "fold": 4, "completed": 17, "total": 454, "format_errors": 0, "decisions": {"supported": 17}, "elapsed_seconds": 21.20298480987549}
{"event": "task_complete", "fold": 4, "completed": 18, "total": 454, "format_errors": 0, "decisions": {"supported": 18}, "elapsed_seconds": 22.09575319290161}
{"event": "task_complete", "fold": 4, "completed": 19, "total": 454, "format_errors": 0, "decisions": {"supported": 19}, "elapsed_seconds": 23.080936908721924}
{"event": "task_complete", "fold": 4, "completed": 20, "total": 454, "format_errors": 0, "decisions": {"supported": 20}, "elapsed_seconds": 23.931174993515015}
{"event": "task_complete", "fold": 4, "completed": 21, "total": 454, "format_errors": 0, "decisions": {"supported": 21}, "elapsed_seconds": 24.795348167419434}
{"event": "task_complete", "fold": 4, "completed": 22, "total": 454, "format_errors": 0, "decisions": {"supported": 22}, "elapsed_seconds": 25.639772176742554}
{"event": "task_complete", "fold": 4, "completed": 23, "total": 454, "format_errors": 0, "decisions": {"supported": 23}, "elapsed_seconds": 26.5455265045166}
{"event": "task_complete", "fold": 4, "completed": 24, "total": 454, "format_errors": 0, "decisions": {"supported": 24}, "elapsed_seconds": 27.447155952453613}
{"event": "task_complete", "fold": 4, "completed": 25, "total": 454, "format_errors": 0, "decisions": {"supported": 25}, "elapsed_seconds": 28.348527908325195}
{"event": "task_complete", "fold": 4, "completed": 26, "total": 454, "format_errors": 0, "decisions": {"supported": 26}, "elapsed_seconds": 29.215129852294922}
{"event": "task_complete", "fold": 4, "completed": 27, "total": 454, "format_errors": 0, "decisions": {"supported": 27}, "elapsed_seconds": 30.067002534866333}
{"event": "task_complete", "fold": 4, "completed": 28, "total": 454, "format_errors": 0, "decisions": {"supported": 28}, "elapsed_seconds": 30.91071653366089}
{"event": "task_complete", "fold": 4, "completed": 29, "total": 454, "format_errors": 0, "decisions": {"supported": 29}, "elapsed_seconds": 31.768563985824585}
{"event": "task_complete", "fold": 4, "completed": 30, "total": 454, "format_errors": 0, "decisions": {"supported": 30}, "elapsed_seconds": 32.80072498321533}
{"event": "task_complete", "fold": 4, "completed": 31, "total": 454, "format_errors": 0, "decisions": {"supported": 31}, "elapsed_seconds": 33.8262505531311}
{"event": "task_complete", "fold": 4, "completed": 32, "total": 454, "format_errors": 0, "decisions": {"supported": 31, "other_or_general": 1}, "elapsed_seconds": 34.803839683532715}
{"event": "task_complete", "fold": 4, "completed": 33, "total": 454, "format_errors": 0, "decisions": {"supported": 32, "other_or_general": 1}, "elapsed_seconds": 35.72247648239136}
{"event": "task_complete", "fold": 4, "completed": 34, "total": 454, "format_errors": 0, "decisions": {"supported": 33, "other_or_general": 1}, "elapsed_seconds": 36.63861322402954}
{"event": "task_complete", "fold": 4, "completed": 35, "total": 454, "format_errors": 0, "decisions": {"supported": 34, "other_or_general": 1}, "elapsed_seconds": 37.55473041534424}
{"event": "task_complete", "fold": 4, "completed": 36, "total": 454, "format_errors": 0, "decisions": {"supported": 35, "other_or_general": 1}, "elapsed_seconds": 38.477869510650635}
{"event": "task_complete", "fold": 4, "completed": 37, "total": 454, "format_errors": 0, "decisions": {"supported": 36, "other_or_general": 1}, "elapsed_seconds": 39.39265537261963}
{"event": "task_complete", "fold": 4, "completed": 38, "total": 454, "format_errors": 0, "decisions": {"supported": 37, "other_or_general": 1}, "elapsed_seconds": 40.29940152168274}
{"event": "task_complete", "fold": 4, "completed": 39, "total": 454, "format_errors": 0, "decisions": {"supported": 38, "other_or_general": 1}, "elapsed_seconds": 41.19933080673218}
{"event": "task_complete", "fold": 4, "completed": 40, "total": 454, "format_errors": 0, "decisions": {"supported": 39, "other_or_general": 1}, "elapsed_seconds": 42.04247212409973}
{"event": "task_complete", "fold": 4, "completed": 41, "total": 454, "format_errors": 0, "decisions": {"supported": 40, "other_or_general": 1}, "elapsed_seconds": 42.90085005760193}
{"event": "task_complete", "fold": 4, "completed": 42, "total": 454, "format_errors": 0, "decisions": {"supported": 41, "other_or_general": 1}, "elapsed_seconds": 43.93527173995972}
{"event": "task_complete", "fold": 4, "completed": 43, "total": 454, "format_errors": 0, "decisions": {"supported": 42, "other_or_general": 1}, "elapsed_seconds": 44.7792603969574}
{"event": "task_complete", "fold": 4, "completed": 44, "total": 454, "format_errors": 0, "decisions": {"supported": 43, "other_or_general": 1}, "elapsed_seconds": 45.642751693725586}
{"event": "task_complete", "fold": 4, "completed": 45, "total": 454, "format_errors": 0, "decisions": {"supported": 44, "other_or_general": 1}, "elapsed_seconds": 46.49973154067993}
{"event": "task_complete", "fold": 4, "completed": 46, "total": 454, "format_errors": 0, "decisions": {"supported": 45, "other_or_general": 1}, "elapsed_seconds": 47.56173324584961}
{"event": "task_complete", "fold": 4, "completed": 47, "total": 454, "format_errors": 0, "decisions": {"supported": 46, "other_or_general": 1}, "elapsed_seconds": 48.63325572013855}
{"event": "task_complete", "fold": 4, "completed": 48, "total": 454, "format_errors": 0, "decisions": {"supported": 47, "other_or_general": 1}, "elapsed_seconds": 49.53534269332886}
{"event": "task_complete", "fold": 4, "completed": 49, "total": 454, "format_errors": 0, "decisions": {"supported": 48, "other_or_general": 1}, "elapsed_seconds": 50.404606342315674}
{"event": "task_complete", "fold": 4, "completed": 50, "total": 454, "format_errors": 0, "decisions": {"supported": 48, "other_or_general": 2}, "elapsed_seconds": 51.375110387802124}
{"event": "task_complete", "fold": 4, "completed": 51, "total": 454, "format_errors": 0, "decisions": {"supported": 49, "other_or_general": 2}, "elapsed_seconds": 52.237608432769775}
{"event": "task_complete", "fold": 4, "completed": 52, "total": 454, "format_errors": 0, "decisions": {"supported": 50, "other_or_general": 2}, "elapsed_seconds": 53.14884972572327}
{"event": "task_complete", "fold": 4, "completed": 53, "total": 454, "format_errors": 0, "decisions": {"supported": 51, "other_or_general": 2}, "elapsed_seconds": 54.05430483818054}
{"event": "task_complete", "fold": 4, "completed": 54, "total": 454, "format_errors": 0, "decisions": {"supported": 52, "other_or_general": 2}, "elapsed_seconds": 54.96041393280029}
{"event": "task_complete", "fold": 4, "completed": 55, "total": 454, "format_errors": 0, "decisions": {"supported": 53, "other_or_general": 2}, "elapsed_seconds": 55.868369579315186}
{"event": "task_complete", "fold": 4, "completed": 56, "total": 454, "format_errors": 0, "decisions": {"supported": 54, "other_or_general": 2}, "elapsed_seconds": 56.719054222106934}
{"event": "task_complete", "fold": 4, "completed": 57, "total": 454, "format_errors": 0, "decisions": {"supported": 55, "other_or_general": 2}, "elapsed_seconds": 57.63121509552002}
{"event": "task_complete", "fold": 4, "completed": 58, "total": 454, "format_errors": 0, "decisions": {"supported": 56, "other_or_general": 2}, "elapsed_seconds": 58.544618129730225}
{"event": "task_complete", "fold": 4, "completed": 59, "total": 454, "format_errors": 0, "decisions": {"supported": 57, "other_or_general": 2}, "elapsed_seconds": 59.459258794784546}
{"event": "task_complete", "fold": 4, "completed": 60, "total": 454, "format_errors": 0, "decisions": {"supported": 58, "other_or_general": 2}, "elapsed_seconds": 60.32095456123352}
{"event": "task_complete", "fold": 4, "completed": 61, "total": 454, "format_errors": 0, "decisions": {"supported": 59, "other_or_general": 2}, "elapsed_seconds": 61.1869580745697}
{"event": "task_complete", "fold": 4, "completed": 62, "total": 454, "format_errors": 0, "decisions": {"supported": 60, "other_or_general": 2}, "elapsed_seconds": 62.04556179046631}
{"event": "task_complete", "fold": 4, "completed": 63, "total": 454, "format_errors": 0, "decisions": {"supported": 61, "other_or_general": 2}, "elapsed_seconds": 62.898693561553955}
{"event": "task_complete", "fold": 4, "completed": 64, "total": 454, "format_errors": 0, "decisions": {"supported": 62, "other_or_general": 2}, "elapsed_seconds": 63.74472665786743}
{"event": "task_complete", "fold": 4, "completed": 65, "total": 454, "format_errors": 0, "decisions": {"supported": 63, "other_or_general": 2}, "elapsed_seconds": 64.65298104286194}
{"event": "task_complete", "fold": 4, "completed": 66, "total": 454, "format_errors": 0, "decisions": {"supported": 64, "other_or_general": 2}, "elapsed_seconds": 65.55250716209412}
{"event": "task_complete", "fold": 4, "completed": 67, "total": 454, "format_errors": 0, "decisions": {"supported": 65, "other_or_general": 2}, "elapsed_seconds": 66.45556664466858}
{"event": "task_complete", "fold": 4, "completed": 68, "total": 454, "format_errors": 0, "decisions": {"supported": 66, "other_or_general": 2}, "elapsed_seconds": 67.3649582862854}
{"event": "task_complete", "fold": 4, "completed": 69, "total": 454, "format_errors": 0, "decisions": {"supported": 67, "other_or_general": 2}, "elapsed_seconds": 68.26593589782715}
{"event": "task_complete", "fold": 4, "completed": 70, "total": 454, "format_errors": 0, "decisions": {"supported": 67, "other_or_general": 3}, "elapsed_seconds": 69.24035692214966}
{"event": "task_complete", "fold": 4, "completed": 71, "total": 454, "format_errors": 0, "decisions": {"supported": 68, "other_or_general": 3}, "elapsed_seconds": 70.14170145988464}
{"event": "task_complete", "fold": 4, "completed": 72, "total": 454, "format_errors": 0, "decisions": {"supported": 69, "other_or_general": 3}, "elapsed_seconds": 70.99994206428528}
{"event": "task_complete", "fold": 4, "completed": 73, "total": 454, "format_errors": 0, "decisions": {"supported": 70, "other_or_general": 3}, "elapsed_seconds": 71.85488843917847}
{"event": "task_complete", "fold": 4, "completed": 74, "total": 454, "format_errors": 0, "decisions": {"supported": 71, "other_or_general": 3}, "elapsed_seconds": 72.71249866485596}
{"event": "task_complete", "fold": 4, "completed": 75, "total": 454, "format_errors": 0, "decisions": {"supported": 72, "other_or_general": 3}, "elapsed_seconds": 73.62269854545593}
{"event": "task_complete", "fold": 4, "completed": 76, "total": 454, "format_errors": 0, "decisions": {"supported": 73, "other_or_general": 3}, "elapsed_seconds": 74.53246569633484}
{"event": "task_complete", "fold": 4, "completed": 77, "total": 454, "format_errors": 0, "decisions": {"supported": 73, "other_or_general": 4}, "elapsed_seconds": 75.51927900314331}
{"event": "task_complete", "fold": 4, "completed": 78, "total": 454, "format_errors": 0, "decisions": {"supported": 74, "other_or_general": 4}, "elapsed_seconds": 76.37332367897034}
{"event": "task_complete", "fold": 4, "completed": 79, "total": 454, "format_errors": 0, "decisions": {"supported": 74, "other_or_general": 5}, "elapsed_seconds": 77.34006762504578}
{"event": "task_complete", "fold": 4, "completed": 80, "total": 454, "format_errors": 0, "decisions": {"supported": 75, "other_or_general": 5}, "elapsed_seconds": 78.19080400466919}
{"event": "task_complete", "fold": 4, "completed": 81, "total": 454, "format_errors": 0, "decisions": {"supported": 75, "other_or_general": 6}, "elapsed_seconds": 79.17533302307129}
{"event": "task_complete", "fold": 4, "completed": 82, "total": 454, "format_errors": 0, "decisions": {"supported": 76, "other_or_general": 6}, "elapsed_seconds": 80.0878119468689}
{"event": "task_complete", "fold": 4, "completed": 83, "total": 454, "format_errors": 0, "decisions": {"supported": 77, "other_or_general": 6}, "elapsed_seconds": 80.99639225006104}
{"event": "task_complete", "fold": 4, "completed": 84, "total": 454, "format_errors": 0, "decisions": {"supported": 78, "other_or_general": 6}, "elapsed_seconds": 81.92785668373108}
{"event": "task_complete", "fold": 4, "completed": 85, "total": 454, "format_errors": 0, "decisions": {"supported": 79, "other_or_general": 6}, "elapsed_seconds": 82.84215927124023}
{"event": "task_complete", "fold": 4, "completed": 86, "total": 454, "format_errors": 0, "decisions": {"supported": 80, "other_or_general": 6}, "elapsed_seconds": 83.74889063835144}
{"event": "task_complete", "fold": 4, "completed": 87, "total": 454, "format_errors": 0, "decisions": {"supported": 81, "other_or_general": 6}, "elapsed_seconds": 84.60696601867676}
{"event": "task_complete", "fold": 4, "completed": 88, "total": 454, "format_errors": 0, "decisions": {"supported": 81, "other_or_general": 7}, "elapsed_seconds": 85.58213996887207}
{"event": "task_complete", "fold": 4, "completed": 89, "total": 454, "format_errors": 0, "decisions": {"supported": 81, "other_or_general": 8}, "elapsed_seconds": 86.57453441619873}
{"event": "task_complete", "fold": 4, "completed": 90, "total": 454, "format_errors": 0, "decisions": {"supported": 82, "other_or_general": 8}, "elapsed_seconds": 87.44584822654724}
{"event": "task_complete", "fold": 4, "completed": 91, "total": 454, "format_errors": 0, "decisions": {"supported": 82, "other_or_general": 9}, "elapsed_seconds": 88.41644477844238}
{"event": "task_complete", "fold": 4, "completed": 92, "total": 454, "format_errors": 0, "decisions": {"supported": 83, "other_or_general": 9}, "elapsed_seconds": 89.26670861244202}
{"event": "task_complete", "fold": 4, "completed": 93, "total": 454, "format_errors": 0, "decisions": {"supported": 84, "other_or_general": 9}, "elapsed_seconds": 90.12530016899109}
{"event": "task_complete", "fold": 4, "completed": 94, "total": 454, "format_errors": 0, "decisions": {"supported": 85, "other_or_general": 9}, "elapsed_seconds": 90.97691822052002}
{"event": "task_complete", "fold": 4, "completed": 95, "total": 454, "format_errors": 0, "decisions": {"supported": 86, "other_or_general": 9}, "elapsed_seconds": 91.83214139938354}
{"event": "task_complete", "fold": 4, "completed": 96, "total": 454, "format_errors": 0, "decisions": {"supported": 87, "other_or_general": 9}, "elapsed_seconds": 92.68837094306946}
{"event": "task_complete", "fold": 4, "completed": 97, "total": 454, "format_errors": 0, "decisions": {"supported": 88, "other_or_general": 9}, "elapsed_seconds": 93.55317378044128}
{"event": "task_complete", "fold": 4, "completed": 98, "total": 454, "format_errors": 0, "decisions": {"supported": 89, "other_or_general": 9}, "elapsed_seconds": 94.41819548606873}
{"event": "task_complete", "fold": 4, "completed": 99, "total": 454, "format_errors": 0, "decisions": {"supported": 90, "other_or_general": 9}, "elapsed_seconds": 95.27863144874573}
{"event": "task_complete", "fold": 4, "completed": 100, "total": 454, "format_errors": 0, "decisions": {"supported": 91, "other_or_general": 9}, "elapsed_seconds": 96.13080978393555}
{"event": "task_complete", "fold": 4, "completed": 101, "total": 454, "format_errors": 0, "decisions": {"supported": 92, "other_or_general": 9}, "elapsed_seconds": 97.21392345428467}
{"event": "task_complete", "fold": 4, "completed": 102, "total": 454, "format_errors": 0, "decisions": {"supported": 93, "other_or_general": 9}, "elapsed_seconds": 98.29610776901245}
{"event": "task_complete", "fold": 4, "completed": 103, "total": 454, "format_errors": 0, "decisions": {"supported": 94, "other_or_general": 9}, "elapsed_seconds": 99.3878960609436}
{"event": "task_complete", "fold": 4, "completed": 104, "total": 454, "format_errors": 0, "decisions": {"supported": 95, "other_or_general": 9}, "elapsed_seconds": 100.24334168434143}
{"event": "task_complete", "fold": 4, "completed": 105, "total": 454, "format_errors": 0, "decisions": {"supported": 96, "other_or_general": 9}, "elapsed_seconds": 101.09567141532898}
{"event": "task_complete", "fold": 4, "completed": 106, "total": 454, "format_errors": 0, "decisions": {"supported": 96, "other_or_general": 10}, "elapsed_seconds": 102.09004020690918}
{"event": "task_complete", "fold": 4, "completed": 107, "total": 454, "format_errors": 0, "decisions": {"supported": 97, "other_or_general": 10}, "elapsed_seconds": 102.95940732955933}
{"event": "task_complete", "fold": 4, "completed": 108, "total": 454, "format_errors": 0, "decisions": {"supported": 98, "other_or_general": 10}, "elapsed_seconds": 103.8235731124878}
{"event": "task_complete", "fold": 4, "completed": 109, "total": 454, "format_errors": 0, "decisions": {"supported": 99, "other_or_general": 10}, "elapsed_seconds": 104.68333625793457}
{"event": "task_complete", "fold": 4, "completed": 110, "total": 454, "format_errors": 0, "decisions": {"supported": 99, "other_or_general": 11}, "elapsed_seconds": 105.70648169517517}
{"event": "task_complete", "fold": 4, "completed": 111, "total": 454, "format_errors": 0, "decisions": {"supported": 100, "other_or_general": 11}, "elapsed_seconds": 106.55954957008362}
{"event": "task_complete", "fold": 4, "completed": 112, "total": 454, "format_errors": 0, "decisions": {"supported": 101, "other_or_general": 11}, "elapsed_seconds": 107.41716170310974}
{"event": "task_complete", "fold": 4, "completed": 113, "total": 454, "format_errors": 0, "decisions": {"supported": 102, "other_or_general": 11}, "elapsed_seconds": 108.50500750541687}
{"event": "task_complete", "fold": 4, "completed": 114, "total": 454, "format_errors": 0, "decisions": {"supported": 102, "other_or_general": 12}, "elapsed_seconds": 109.49783492088318}
{"event": "task_complete", "fold": 4, "completed": 115, "total": 454, "format_errors": 0, "decisions": {"supported": 102, "other_or_general": 13}, "elapsed_seconds": 110.48077249526978}
{"event": "task_complete", "fold": 4, "completed": 116, "total": 454, "format_errors": 0, "decisions": {"supported": 103, "other_or_general": 13}, "elapsed_seconds": 111.31686496734619}
{"event": "task_complete", "fold": 4, "completed": 117, "total": 454, "format_errors": 0, "decisions": {"supported": 104, "other_or_general": 13}, "elapsed_seconds": 112.16607880592346}
{"event": "task_complete", "fold": 4, "completed": 118, "total": 454, "format_errors": 0, "decisions": {"supported": 104, "other_or_general": 14}, "elapsed_seconds": 113.13834476470947}
{"event": "task_complete", "fold": 4, "completed": 119, "total": 454, "format_errors": 0, "decisions": {"supported": 105, "other_or_general": 14}, "elapsed_seconds": 113.99743390083313}
{"event": "task_complete", "fold": 4, "completed": 120, "total": 454, "format_errors": 0, "decisions": {"supported": 106, "other_or_general": 14}, "elapsed_seconds": 114.85899448394775}
{"event": "task_complete", "fold": 4, "completed": 121, "total": 454, "format_errors": 0, "decisions": {"supported": 107, "other_or_general": 14}, "elapsed_seconds": 115.72286677360535}
{"event": "task_complete", "fold": 4, "completed": 122, "total": 454, "format_errors": 0, "decisions": {"supported": 108, "other_or_general": 14}, "elapsed_seconds": 116.58528089523315}
{"event": "task_complete", "fold": 4, "completed": 123, "total": 454, "format_errors": 0, "decisions": {"supported": 109, "other_or_general": 14}, "elapsed_seconds": 117.43274688720703}
{"event": "task_complete", "fold": 4, "completed": 124, "total": 454, "format_errors": 0, "decisions": {"supported": 110, "other_or_general": 14}, "elapsed_seconds": 118.27989530563354}
{"event": "task_complete", "fold": 4, "completed": 125, "total": 454, "format_errors": 0, "decisions": {"supported": 111, "other_or_general": 14}, "elapsed_seconds": 119.13066482543945}
{"event": "task_complete", "fold": 4, "completed": 126, "total": 454, "format_errors": 0, "decisions": {"supported": 112, "other_or_general": 14}, "elapsed_seconds": 120.03513789176941}
{"event": "task_complete", "fold": 4, "completed": 127, "total": 454, "format_errors": 0, "decisions": {"supported": 113, "other_or_general": 14}, "elapsed_seconds": 120.90375542640686}
{"event": "task_complete", "fold": 4, "completed": 128, "total": 454, "format_errors": 0, "decisions": {"supported": 114, "other_or_general": 14}, "elapsed_seconds": 121.7656683921814}
{"event": "task_complete", "fold": 4, "completed": 129, "total": 454, "format_errors": 0, "decisions": {"supported": 115, "other_or_general": 14}, "elapsed_seconds": 122.62736988067627}
{"event": "task_complete", "fold": 4, "completed": 130, "total": 454, "format_errors": 0, "decisions": {"supported": 116, "other_or_general": 14}, "elapsed_seconds": 123.4822723865509}
{"event": "task_complete", "fold": 4, "completed": 131, "total": 454, "format_errors": 0, "decisions": {"supported": 117, "other_or_general": 14}, "elapsed_seconds": 124.33800411224365}
{"event": "task_complete", "fold": 4, "completed": 132, "total": 454, "format_errors": 0, "decisions": {"supported": 118, "other_or_general": 14}, "elapsed_seconds": 125.18552851676941}
{"event": "task_complete", "fold": 4, "completed": 133, "total": 454, "format_errors": 0, "decisions": {"supported": 119, "other_or_general": 14}, "elapsed_seconds": 126.03522777557373}
{"event": "task_complete", "fold": 4, "completed": 134, "total": 454, "format_errors": 0, "decisions": {"supported": 119, "other_or_general": 15}, "elapsed_seconds": 127.02214622497559}
{"event": "task_complete", "fold": 4, "completed": 135, "total": 454, "format_errors": 0, "decisions": {"supported": 120, "other_or_general": 15}, "elapsed_seconds": 127.8877363204956}
{"event": "task_complete", "fold": 4, "completed": 136, "total": 454, "format_errors": 0, "decisions": {"supported": 121, "other_or_general": 15}, "elapsed_seconds": 128.7586727142334}
{"event": "task_complete", "fold": 4, "completed": 137, "total": 454, "format_errors": 0, "decisions": {"supported": 122, "other_or_general": 15}, "elapsed_seconds": 129.66209435462952}
{"event": "task_complete", "fold": 4, "completed": 138, "total": 454, "format_errors": 0, "decisions": {"supported": 123, "other_or_general": 15}, "elapsed_seconds": 130.51824975013733}
{"event": "task_complete", "fold": 4, "completed": 139, "total": 454, "format_errors": 0, "decisions": {"supported": 124, "other_or_general": 15}, "elapsed_seconds": 131.38249444961548}
{"event": "task_complete", "fold": 4, "completed": 140, "total": 454, "format_errors": 0, "decisions": {"supported": 125, "other_or_general": 15}, "elapsed_seconds": 132.2315571308136}
{"event": "task_complete", "fold": 4, "completed": 141, "total": 454, "format_errors": 0, "decisions": {"supported": 126, "other_or_general": 15}, "elapsed_seconds": 133.08418321609497}
{"event": "task_complete", "fold": 4, "completed": 142, "total": 454, "format_errors": 0, "decisions": {"supported": 127, "other_or_general": 15}, "elapsed_seconds": 133.94401502609253}
{"event": "task_complete", "fold": 4, "completed": 143, "total": 454, "format_errors": 0, "decisions": {"supported": 128, "other_or_general": 15}, "elapsed_seconds": 134.80803418159485}
{"event": "task_complete", "fold": 4, "completed": 144, "total": 454, "format_errors": 0, "decisions": {"supported": 129, "other_or_general": 15}, "elapsed_seconds": 135.66746735572815}
{"event": "task_complete", "fold": 4, "completed": 145, "total": 454, "format_errors": 0, "decisions": {"supported": 130, "other_or_general": 15}, "elapsed_seconds": 136.5238492488861}
{"event": "task_complete", "fold": 4, "completed": 146, "total": 454, "format_errors": 0, "decisions": {"supported": 130, "other_or_general": 16}, "elapsed_seconds": 137.55461049079895}
{"event": "task_complete", "fold": 4, "completed": 147, "total": 454, "format_errors": 0, "decisions": {"supported": 130, "other_or_general": 17}, "elapsed_seconds": 138.53829312324524}
{"event": "task_complete", "fold": 4, "completed": 148, "total": 454, "format_errors": 0, "decisions": {"supported": 130, "other_or_general": 18}, "elapsed_seconds": 139.5706503391266}
{"event": "task_complete", "fold": 4, "completed": 149, "total": 454, "format_errors": 0, "decisions": {"supported": 131, "other_or_general": 18}, "elapsed_seconds": 140.42646765708923}
{"event": "task_complete", "fold": 4, "completed": 150, "total": 454, "format_errors": 0, "decisions": {"supported": 132, "other_or_general": 18}, "elapsed_seconds": 141.2812361717224}
{"event": "task_complete", "fold": 4, "completed": 151, "total": 454, "format_errors": 0, "decisions": {"supported": 133, "other_or_general": 18}, "elapsed_seconds": 142.12829613685608}
{"event": "task_complete", "fold": 4, "completed": 152, "total": 454, "format_errors": 0, "decisions": {"supported": 134, "other_or_general": 18}, "elapsed_seconds": 142.97863268852234}
{"event": "task_complete", "fold": 4, "completed": 153, "total": 454, "format_errors": 0, "decisions": {"supported": 135, "other_or_general": 18}, "elapsed_seconds": 143.8243465423584}
{"event": "task_complete", "fold": 4, "completed": 154, "total": 454, "format_errors": 0, "decisions": {"supported": 136, "other_or_general": 18}, "elapsed_seconds": 144.68021607398987}
{"event": "task_complete", "fold": 4, "completed": 155, "total": 454, "format_errors": 0, "decisions": {"supported": 137, "other_or_general": 18}, "elapsed_seconds": 145.53024816513062}
{"event": "task_complete", "fold": 4, "completed": 156, "total": 454, "format_errors": 0, "decisions": {"supported": 138, "other_or_general": 18}, "elapsed_seconds": 146.38044118881226}
{"event": "task_complete", "fold": 4, "completed": 157, "total": 454, "format_errors": 0, "decisions": {"supported": 139, "other_or_general": 18}, "elapsed_seconds": 147.2243778705597}
{"event": "task_complete", "fold": 4, "completed": 158, "total": 454, "format_errors": 0, "decisions": {"supported": 140, "other_or_general": 18}, "elapsed_seconds": 148.07248330116272}
{"event": "task_complete", "fold": 4, "completed": 159, "total": 454, "format_errors": 0, "decisions": {"supported": 140, "other_or_general": 19}, "elapsed_seconds": 149.05502557754517}
{"event": "task_complete", "fold": 4, "completed": 160, "total": 454, "format_errors": 0, "decisions": {"supported": 141, "other_or_general": 19}, "elapsed_seconds": 149.90924739837646}
{"event": "task_complete", "fold": 4, "completed": 161, "total": 454, "format_errors": 0, "decisions": {"supported": 142, "other_or_general": 19}, "elapsed_seconds": 150.76250386238098}
{"event": "task_complete", "fold": 4, "completed": 162, "total": 454, "format_errors": 0, "decisions": {"supported": 143, "other_or_general": 19}, "elapsed_seconds": 151.60698437690735}
{"event": "task_complete", "fold": 4, "completed": 163, "total": 454, "format_errors": 0, "decisions": {"supported": 144, "other_or_general": 19}, "elapsed_seconds": 152.46077394485474}
{"event": "task_complete", "fold": 4, "completed": 164, "total": 454, "format_errors": 0, "decisions": {"supported": 145, "other_or_general": 19}, "elapsed_seconds": 153.31048488616943}
{"event": "task_complete", "fold": 4, "completed": 165, "total": 454, "format_errors": 0, "decisions": {"supported": 145, "other_or_general": 20}, "elapsed_seconds": 154.2886700630188}
{"event": "task_complete", "fold": 4, "completed": 166, "total": 454, "format_errors": 0, "decisions": {"supported": 146, "other_or_general": 20}, "elapsed_seconds": 155.13623809814453}
{"event": "task_complete", "fold": 4, "completed": 167, "total": 454, "format_errors": 0, "decisions": {"supported": 147, "other_or_general": 20}, "elapsed_seconds": 155.98674535751343}
{"event": "task_complete", "fold": 4, "completed": 168, "total": 454, "format_errors": 0, "decisions": {"supported": 148, "other_or_general": 20}, "elapsed_seconds": 156.8398072719574}
{"event": "task_complete", "fold": 4, "completed": 169, "total": 454, "format_errors": 0, "decisions": {"supported": 148, "other_or_general": 21}, "elapsed_seconds": 157.81740021705627}
{"event": "task_complete", "fold": 4, "completed": 170, "total": 454, "format_errors": 0, "decisions": {"supported": 149, "other_or_general": 21}, "elapsed_seconds": 158.66394066810608}
{"event": "task_complete", "fold": 4, "completed": 171, "total": 454, "format_errors": 0, "decisions": {"supported": 150, "other_or_general": 21}, "elapsed_seconds": 159.505441904068}
{"event": "task_complete", "fold": 4, "completed": 172, "total": 454, "format_errors": 0, "decisions": {"supported": 150, "other_or_general": 22}, "elapsed_seconds": 160.46519303321838}
{"event": "task_complete", "fold": 4, "completed": 173, "total": 454, "format_errors": 0, "decisions": {"supported": 151, "other_or_general": 22}, "elapsed_seconds": 161.31262111663818}
{"event": "task_complete", "fold": 4, "completed": 174, "total": 454, "format_errors": 0, "decisions": {"supported": 152, "other_or_general": 22}, "elapsed_seconds": 162.16401553153992}
{"event": "task_complete", "fold": 4, "completed": 175, "total": 454, "format_errors": 0, "decisions": {"supported": 153, "other_or_general": 22}, "elapsed_seconds": 163.0132350921631}
{"event": "task_complete", "fold": 4, "completed": 176, "total": 454, "format_errors": 0, "decisions": {"supported": 153, "other_or_general": 23}, "elapsed_seconds": 163.99177432060242}
{"event": "task_complete", "fold": 4, "completed": 177, "total": 454, "format_errors": 0, "decisions": {"supported": 154, "other_or_general": 23}, "elapsed_seconds": 164.8405361175537}
{"event": "task_complete", "fold": 4, "completed": 178, "total": 454, "format_errors": 0, "decisions": {"supported": 155, "other_or_general": 23}, "elapsed_seconds": 165.68768167495728}
{"event": "task_complete", "fold": 4, "completed": 179, "total": 454, "format_errors": 0, "decisions": {"supported": 155, "other_or_general": 24}, "elapsed_seconds": 166.66121697425842}
{"event": "task_complete", "fold": 4, "completed": 180, "total": 454, "format_errors": 0, "decisions": {"supported": 156, "other_or_general": 24}, "elapsed_seconds": 167.51290249824524}
{"event": "task_complete", "fold": 4, "completed": 181, "total": 454, "format_errors": 0, "decisions": {"supported": 157, "other_or_general": 24}, "elapsed_seconds": 168.35718297958374}
{"event": "task_complete", "fold": 4, "completed": 182, "total": 454, "format_errors": 0, "decisions": {"supported": 158, "other_or_general": 24}, "elapsed_seconds": 169.2060091495514}
{"event": "task_complete", "fold": 4, "completed": 183, "total": 454, "format_errors": 0, "decisions": {"supported": 159, "other_or_general": 24}, "elapsed_seconds": 170.06514430046082}
{"event": "task_complete", "fold": 4, "completed": 184, "total": 454, "format_errors": 0, "decisions": {"supported": 160, "other_or_general": 24}, "elapsed_seconds": 170.911358833313}
{"event": "task_complete", "fold": 4, "completed": 185, "total": 454, "format_errors": 0, "decisions": {"supported": 160, "other_or_general": 25}, "elapsed_seconds": 171.8741614818573}
{"event": "task_complete", "fold": 4, "completed": 186, "total": 454, "format_errors": 0, "decisions": {"supported": 161, "other_or_general": 25}, "elapsed_seconds": 172.7257604598999}
{"event": "task_complete", "fold": 4, "completed": 187, "total": 454, "format_errors": 0, "decisions": {"supported": 162, "other_or_general": 25}, "elapsed_seconds": 173.5781009197235}
{"event": "task_complete", "fold": 4, "completed": 188, "total": 454, "format_errors": 0, "decisions": {"supported": 163, "other_or_general": 25}, "elapsed_seconds": 174.4434530735016}
{"event": "task_complete", "fold": 4, "completed": 189, "total": 454, "format_errors": 0, "decisions": {"supported": 164, "other_or_general": 25}, "elapsed_seconds": 175.30376935005188}
{"event": "task_complete", "fold": 4, "completed": 190, "total": 454, "format_errors": 0, "decisions": {"supported": 165, "other_or_general": 25}, "elapsed_seconds": 176.14601850509644}
{"event": "task_complete", "fold": 4, "completed": 191, "total": 454, "format_errors": 0, "decisions": {"supported": 166, "other_or_general": 25}, "elapsed_seconds": 176.98921179771423}
{"event": "task_complete", "fold": 4, "completed": 192, "total": 454, "format_errors": 0, "decisions": {"supported": 167, "other_or_general": 25}, "elapsed_seconds": 177.83099269866943}
{"event": "task_complete", "fold": 4, "completed": 193, "total": 454, "format_errors": 0, "decisions": {"supported": 168, "other_or_general": 25}, "elapsed_seconds": 178.68049693107605}
{"event": "task_complete", "fold": 4, "completed": 194, "total": 454, "format_errors": 0, "decisions": {"supported": 169, "other_or_general": 25}, "elapsed_seconds": 179.52871561050415}
{"event": "task_complete", "fold": 4, "completed": 195, "total": 454, "format_errors": 0, "decisions": {"supported": 170, "other_or_general": 25}, "elapsed_seconds": 180.37411618232727}
{"event": "task_complete", "fold": 4, "completed": 196, "total": 454, "format_errors": 0, "decisions": {"supported": 171, "other_or_general": 25}, "elapsed_seconds": 181.2783305644989}
{"event": "task_complete", "fold": 4, "completed": 197, "total": 454, "format_errors": 0, "decisions": {"supported": 172, "other_or_general": 25}, "elapsed_seconds": 182.13877415657043}
{"event": "task_complete", "fold": 4, "completed": 198, "total": 454, "format_errors": 0, "decisions": {"supported": 172, "other_or_general": 26}, "elapsed_seconds": 183.1176941394806}
{"event": "task_complete", "fold": 4, "completed": 199, "total": 454, "format_errors": 0, "decisions": {"supported": 173, "other_or_general": 26}, "elapsed_seconds": 183.97589755058289}
{"event": "task_complete", "fold": 4, "completed": 200, "total": 454, "format_errors": 0, "decisions": {"supported": 174, "other_or_general": 26}, "elapsed_seconds": 184.82714104652405}
{"event": "task_complete", "fold": 4, "completed": 201, "total": 454, "format_errors": 0, "decisions": {"supported": 175, "other_or_general": 26}, "elapsed_seconds": 185.67787837982178}
{"event": "task_complete", "fold": 4, "completed": 202, "total": 454, "format_errors": 0, "decisions": {"supported": 176, "other_or_general": 26}, "elapsed_seconds": 186.5395791530609}
{"event": "task_complete", "fold": 4, "completed": 203, "total": 454, "format_errors": 0, "decisions": {"supported": 177, "other_or_general": 26}, "elapsed_seconds": 187.3914828300476}
{"event": "task_complete", "fold": 4, "completed": 204, "total": 454, "format_errors": 0, "decisions": {"supported": 178, "other_or_general": 26}, "elapsed_seconds": 188.23670148849487}
{"event": "task_complete", "fold": 4, "completed": 205, "total": 454, "format_errors": 0, "decisions": {"supported": 179, "other_or_general": 26}, "elapsed_seconds": 189.09434580802917}
{"event": "task_complete", "fold": 4, "completed": 206, "total": 454, "format_errors": 0, "decisions": {"supported": 180, "other_or_general": 26}, "elapsed_seconds": 189.9461784362793}
{"event": "task_complete", "fold": 4, "completed": 207, "total": 454, "format_errors": 0, "decisions": {"supported": 181, "other_or_general": 26}, "elapsed_seconds": 190.80480647087097}
{"event": "task_complete", "fold": 4, "completed": 208, "total": 454, "format_errors": 0, "decisions": {"supported": 181, "other_or_general": 27}, "elapsed_seconds": 191.7808609008789}
{"event": "task_complete", "fold": 4, "completed": 209, "total": 454, "format_errors": 0, "decisions": {"supported": 182, "other_or_general": 27}, "elapsed_seconds": 192.635107755661}
{"event": "task_complete", "fold": 4, "completed": 210, "total": 454, "format_errors": 0, "decisions": {"supported": 183, "other_or_general": 27}, "elapsed_seconds": 193.4803581237793}
{"event": "task_complete", "fold": 4, "completed": 211, "total": 454, "format_errors": 0, "decisions": {"supported": 184, "other_or_general": 27}, "elapsed_seconds": 194.33143043518066}
{"event": "task_complete", "fold": 4, "completed": 212, "total": 454, "format_errors": 0, "decisions": {"supported": 185, "other_or_general": 27}, "elapsed_seconds": 195.39683842658997}
{"event": "task_complete", "fold": 4, "completed": 213, "total": 454, "format_errors": 0, "decisions": {"supported": 186, "other_or_general": 27}, "elapsed_seconds": 196.2672700881958}
{"event": "task_complete", "fold": 4, "completed": 214, "total": 454, "format_errors": 0, "decisions": {"supported": 187, "other_or_general": 27}, "elapsed_seconds": 197.12694430351257}
{"event": "task_complete", "fold": 4, "completed": 215, "total": 454, "format_errors": 0, "decisions": {"supported": 188, "other_or_general": 27}, "elapsed_seconds": 197.97541403770447}
{"event": "task_complete", "fold": 4, "completed": 216, "total": 454, "format_errors": 0, "decisions": {"supported": 189, "other_or_general": 27}, "elapsed_seconds": 198.82374453544617}
{"event": "task_complete", "fold": 4, "completed": 217, "total": 454, "format_errors": 0, "decisions": {"supported": 190, "other_or_general": 27}, "elapsed_seconds": 199.67968034744263}
{"event": "task_complete", "fold": 4, "completed": 218, "total": 454, "format_errors": 0, "decisions": {"supported": 191, "other_or_general": 27}, "elapsed_seconds": 200.53656363487244}
{"event": "task_complete", "fold": 4, "completed": 219, "total": 454, "format_errors": 0, "decisions": {"supported": 192, "other_or_general": 27}, "elapsed_seconds": 201.37602519989014}
{"event": "task_complete", "fold": 4, "completed": 220, "total": 454, "format_errors": 0, "decisions": {"supported": 192, "other_or_general": 28}, "elapsed_seconds": 202.35141944885254}
{"event": "task_complete", "fold": 4, "completed": 221, "total": 454, "format_errors": 0, "decisions": {"supported": 192, "other_or_general": 29}, "elapsed_seconds": 203.33038067817688}
{"event": "task_complete", "fold": 4, "completed": 222, "total": 454, "format_errors": 0, "decisions": {"supported": 192, "other_or_general": 30}, "elapsed_seconds": 204.31172394752502}
{"event": "task_complete", "fold": 4, "completed": 223, "total": 454, "format_errors": 0, "decisions": {"supported": 192, "other_or_general": 31}, "elapsed_seconds": 205.2995412349701}
{"event": "task_complete", "fold": 4, "completed": 224, "total": 454, "format_errors": 0, "decisions": {"supported": 193, "other_or_general": 31}, "elapsed_seconds": 206.14490509033203}
{"event": "task_complete", "fold": 4, "completed": 225, "total": 454, "format_errors": 0, "decisions": {"supported": 194, "other_or_general": 31}, "elapsed_seconds": 206.99760580062866}
{"event": "task_complete", "fold": 4, "completed": 226, "total": 454, "format_errors": 0, "decisions": {"supported": 194, "other_or_general": 32}, "elapsed_seconds": 207.97434163093567}
{"event": "task_complete", "fold": 4, "completed": 227, "total": 454, "format_errors": 0, "decisions": {"supported": 195, "other_or_general": 32}, "elapsed_seconds": 208.82648348808289}
{"event": "task_complete", "fold": 4, "completed": 228, "total": 454, "format_errors": 0, "decisions": {"supported": 195, "other_or_general": 33}, "elapsed_seconds": 209.800222158432}
{"event": "task_complete", "fold": 4, "completed": 229, "total": 454, "format_errors": 0, "decisions": {"supported": 196, "other_or_general": 33}, "elapsed_seconds": 210.6616997718811}
{"event": "task_complete", "fold": 4, "completed": 230, "total": 454, "format_errors": 0, "decisions": {"supported": 197, "other_or_general": 33}, "elapsed_seconds": 211.51026797294617}
{"event": "task_complete", "fold": 4, "completed": 231, "total": 454, "format_errors": 0, "decisions": {"supported": 198, "other_or_general": 33}, "elapsed_seconds": 212.36362624168396}
{"event": "task_complete", "fold": 4, "completed": 232, "total": 454, "format_errors": 0, "decisions": {"supported": 199, "other_or_general": 33}, "elapsed_seconds": 213.21228432655334}
{"event": "task_complete", "fold": 4, "completed": 233, "total": 454, "format_errors": 0, "decisions": {"supported": 200, "other_or_general": 33}, "elapsed_seconds": 214.06697273254395}
{"event": "task_complete", "fold": 4, "completed": 234, "total": 454, "format_errors": 0, "decisions": {"supported": 200, "other_or_general": 34}, "elapsed_seconds": 215.05665564537048}
{"event": "task_complete", "fold": 4, "completed": 235, "total": 454, "format_errors": 0, "decisions": {"supported": 201, "other_or_general": 34}, "elapsed_seconds": 215.95228219032288}
{"event": "task_complete", "fold": 4, "completed": 236, "total": 454, "format_errors": 0, "decisions": {"supported": 202, "other_or_general": 34}, "elapsed_seconds": 216.81321120262146}
{"event": "task_complete", "fold": 4, "completed": 237, "total": 454, "format_errors": 0, "decisions": {"supported": 203, "other_or_general": 34}, "elapsed_seconds": 217.6712577342987}
{"event": "task_complete", "fold": 4, "completed": 238, "total": 454, "format_errors": 0, "decisions": {"supported": 204, "other_or_general": 34}, "elapsed_seconds": 218.52693510055542}
{"event": "task_complete", "fold": 4, "completed": 239, "total": 454, "format_errors": 0, "decisions": {"supported": 204, "other_or_general": 35}, "elapsed_seconds": 219.510639667511}
{"event": "task_complete", "fold": 4, "completed": 240, "total": 454, "format_errors": 0, "decisions": {"supported": 204, "other_or_general": 36}, "elapsed_seconds": 220.4902834892273}
{"event": "task_complete", "fold": 4, "completed": 241, "total": 454, "format_errors": 0, "decisions": {"supported": 205, "other_or_general": 36}, "elapsed_seconds": 221.346426486969}
{"event": "task_complete", "fold": 4, "completed": 242, "total": 454, "format_errors": 0, "decisions": {"supported": 206, "other_or_general": 36}, "elapsed_seconds": 222.20730924606323}
{"event": "task_complete", "fold": 4, "completed": 243, "total": 454, "format_errors": 0, "decisions": {"supported": 207, "other_or_general": 36}, "elapsed_seconds": 223.07305932044983}
{"event": "task_complete", "fold": 4, "completed": 244, "total": 454, "format_errors": 0, "decisions": {"supported": 208, "other_or_general": 36}, "elapsed_seconds": 223.93332147598267}
{"event": "task_complete", "fold": 4, "completed": 245, "total": 454, "format_errors": 0, "decisions": {"supported": 208, "other_or_general": 37}, "elapsed_seconds": 225.1387917995453}
{"event": "task_complete", "fold": 4, "completed": 246, "total": 454, "format_errors": 0, "decisions": {"supported": 209, "other_or_general": 37}, "elapsed_seconds": 226.03999376296997}
{"event": "task_complete", "fold": 4, "completed": 247, "total": 454, "format_errors": 0, "decisions": {"supported": 210, "other_or_general": 37}, "elapsed_seconds": 226.8850109577179}
{"event": "task_complete", "fold": 4, "completed": 248, "total": 454, "format_errors": 0, "decisions": {"supported": 211, "other_or_general": 37}, "elapsed_seconds": 227.72495317459106}
{"event": "task_complete", "fold": 4, "completed": 249, "total": 454, "format_errors": 0, "decisions": {"supported": 211, "other_or_general": 38}, "elapsed_seconds": 228.92917847633362}
{"event": "task_complete", "fold": 4, "completed": 250, "total": 454, "format_errors": 0, "decisions": {"supported": 211, "other_or_general": 39}, "elapsed_seconds": 230.1321623325348}
{"event": "task_complete", "fold": 4, "completed": 251, "total": 454, "format_errors": 0, "decisions": {"supported": 211, "other_or_general": 40}, "elapsed_seconds": 231.33829045295715}
{"event": "task_complete", "fold": 4, "completed": 252, "total": 454, "format_errors": 0, "decisions": {"supported": 211, "other_or_general": 41}, "elapsed_seconds": 232.54249215126038}
{"event": "task_complete", "fold": 4, "completed": 253, "total": 454, "format_errors": 0, "decisions": {"supported": 211, "other_or_general": 42}, "elapsed_seconds": 233.742422580719}
{"event": "task_complete", "fold": 4, "completed": 254, "total": 454, "format_errors": 0, "decisions": {"supported": 211, "other_or_general": 43}, "elapsed_seconds": 234.9403703212738}
{"event": "task_complete", "fold": 4, "completed": 255, "total": 454, "format_errors": 0, "decisions": {"supported": 211, "other_or_general": 44}, "elapsed_seconds": 236.15221667289734}
{"event": "task_complete", "fold": 4, "completed": 256, "total": 454, "format_errors": 0, "decisions": {"supported": 211, "other_or_general": 45}, "elapsed_seconds": 237.35546565055847}
{"event": "task_complete", "fold": 4, "completed": 257, "total": 454, "format_errors": 0, "decisions": {"supported": 211, "other_or_general": 46}, "elapsed_seconds": 238.54767370224}
{"event": "task_complete", "fold": 4, "completed": 258, "total": 454, "format_errors": 0, "decisions": {"supported": 212, "other_or_general": 46}, "elapsed_seconds": 239.39811491966248}
{"event": "task_complete", "fold": 4, "completed": 259, "total": 454, "format_errors": 0, "decisions": {"supported": 213, "other_or_general": 46}, "elapsed_seconds": 240.25949239730835}
{"event": "task_complete", "fold": 4, "completed": 260, "total": 454, "format_errors": 0, "decisions": {"supported": 213, "other_or_general": 47}, "elapsed_seconds": 241.24357795715332}
{"event": "task_complete", "fold": 4, "completed": 261, "total": 454, "format_errors": 0, "decisions": {"supported": 214, "other_or_general": 47}, "elapsed_seconds": 242.09613943099976}
{"event": "task_complete", "fold": 4, "completed": 262, "total": 454, "format_errors": 0, "decisions": {"supported": 215, "other_or_general": 47}, "elapsed_seconds": 242.95050263404846}
{"event": "task_complete", "fold": 4, "completed": 263, "total": 454, "format_errors": 0, "decisions": {"supported": 216, "other_or_general": 47}, "elapsed_seconds": 243.81204295158386}
{"event": "task_complete", "fold": 4, "completed": 264, "total": 454, "format_errors": 0, "decisions": {"supported": 217, "other_or_general": 47}, "elapsed_seconds": 244.67172002792358}
{"event": "task_complete", "fold": 4, "completed": 265, "total": 454, "format_errors": 0, "decisions": {"supported": 218, "other_or_general": 47}, "elapsed_seconds": 245.52787852287292}
{"event": "task_complete", "fold": 4, "completed": 266, "total": 454, "format_errors": 0, "decisions": {"supported": 219, "other_or_general": 47}, "elapsed_seconds": 246.3896815776825}
{"event": "task_complete", "fold": 4, "completed": 267, "total": 454, "format_errors": 0, "decisions": {"supported": 220, "other_or_general": 47}, "elapsed_seconds": 247.2434000968933}
{"event": "task_complete", "fold": 4, "completed": 268, "total": 454, "format_errors": 0, "decisions": {"supported": 220, "other_or_general": 48}, "elapsed_seconds": 248.46995568275452}
{"event": "task_complete", "fold": 4, "completed": 269, "total": 454, "format_errors": 0, "decisions": {"supported": 220, "other_or_general": 49}, "elapsed_seconds": 249.69214248657227}
{"event": "task_complete", "fold": 4, "completed": 270, "total": 454, "format_errors": 0, "decisions": {"supported": 221, "other_or_general": 49}, "elapsed_seconds": 250.52752208709717}
{"event": "task_complete", "fold": 4, "completed": 271, "total": 454, "format_errors": 0, "decisions": {"supported": 222, "other_or_general": 49}, "elapsed_seconds": 251.36979031562805}
{"event": "task_complete", "fold": 4, "completed": 272, "total": 454, "format_errors": 0, "decisions": {"supported": 223, "other_or_general": 49}, "elapsed_seconds": 252.21621298789978}
{"event": "task_complete", "fold": 4, "completed": 273, "total": 454, "format_errors": 0, "decisions": {"supported": 224, "other_or_general": 49}, "elapsed_seconds": 253.0701925754547}
{"event": "task_complete", "fold": 4, "completed": 274, "total": 454, "format_errors": 0, "decisions": {"supported": 225, "other_or_general": 49}, "elapsed_seconds": 253.92991828918457}
{"event": "task_complete", "fold": 4, "completed": 275, "total": 454, "format_errors": 0, "decisions": {"supported": 226, "other_or_general": 49}, "elapsed_seconds": 254.77493739128113}
{"event": "task_complete", "fold": 4, "completed": 276, "total": 454, "format_errors": 0, "decisions": {"supported": 227, "other_or_general": 49}, "elapsed_seconds": 255.62416219711304}
{"event": "task_complete", "fold": 4, "completed": 277, "total": 454, "format_errors": 0, "decisions": {"supported": 228, "other_or_general": 49}, "elapsed_seconds": 256.48370027542114}
{"event": "task_complete", "fold": 4, "completed": 278, "total": 454, "format_errors": 0, "decisions": {"supported": 229, "other_or_general": 49}, "elapsed_seconds": 257.3406021595001}
{"event": "task_complete", "fold": 4, "completed": 279, "total": 454, "format_errors": 0, "decisions": {"supported": 230, "other_or_general": 49}, "elapsed_seconds": 258.1849248409271}
{"event": "task_complete", "fold": 4, "completed": 280, "total": 454, "format_errors": 0, "decisions": {"supported": 231, "other_or_general": 49}, "elapsed_seconds": 259.03405261039734}
{"event": "task_complete", "fold": 4, "completed": 281, "total": 454, "format_errors": 0, "decisions": {"supported": 232, "other_or_general": 49}, "elapsed_seconds": 259.8850486278534}
{"event": "task_complete", "fold": 4, "completed": 282, "total": 454, "format_errors": 0, "decisions": {"supported": 233, "other_or_general": 49}, "elapsed_seconds": 260.73273253440857}
{"event": "task_complete", "fold": 4, "completed": 283, "total": 454, "format_errors": 0, "decisions": {"supported": 233, "other_or_general": 50}, "elapsed_seconds": 261.7145881652832}
{"event": "task_complete", "fold": 4, "completed": 284, "total": 454, "format_errors": 0, "decisions": {"supported": 234, "other_or_general": 50}, "elapsed_seconds": 262.5684585571289}
{"event": "task_complete", "fold": 4, "completed": 285, "total": 454, "format_errors": 0, "decisions": {"supported": 235, "other_or_general": 50}, "elapsed_seconds": 263.4293723106384}
{"event": "task_complete", "fold": 4, "completed": 286, "total": 454, "format_errors": 0, "decisions": {"supported": 236, "other_or_general": 50}, "elapsed_seconds": 264.46910285949707}
{"event": "task_complete", "fold": 4, "completed": 287, "total": 454, "format_errors": 0, "decisions": {"supported": 237, "other_or_general": 50}, "elapsed_seconds": 265.3153259754181}
{"event": "task_complete", "fold": 4, "completed": 288, "total": 454, "format_errors": 0, "decisions": {"supported": 238, "other_or_general": 50}, "elapsed_seconds": 266.1696536540985}
{"event": "task_complete", "fold": 4, "completed": 289, "total": 454, "format_errors": 0, "decisions": {"supported": 239, "other_or_general": 50}, "elapsed_seconds": 267.0335645675659}
{"event": "task_complete", "fold": 4, "completed": 290, "total": 454, "format_errors": 0, "decisions": {"supported": 240, "other_or_general": 50}, "elapsed_seconds": 267.8832767009735}
{"event": "task_complete", "fold": 4, "completed": 291, "total": 454, "format_errors": 0, "decisions": {"supported": 241, "other_or_general": 50}, "elapsed_seconds": 268.72629737854004}
{"event": "task_complete", "fold": 4, "completed": 292, "total": 454, "format_errors": 0, "decisions": {"supported": 242, "other_or_general": 50}, "elapsed_seconds": 269.58298683166504}
{"event": "task_complete", "fold": 4, "completed": 293, "total": 454, "format_errors": 0, "decisions": {"supported": 243, "other_or_general": 50}, "elapsed_seconds": 270.4350776672363}
{"event": "task_complete", "fold": 4, "completed": 294, "total": 454, "format_errors": 0, "decisions": {"supported": 244, "other_or_general": 50}, "elapsed_seconds": 271.2918472290039}
{"event": "task_complete", "fold": 4, "completed": 295, "total": 454, "format_errors": 0, "decisions": {"supported": 245, "other_or_general": 50}, "elapsed_seconds": 272.1513617038727}
{"event": "task_complete", "fold": 4, "completed": 296, "total": 454, "format_errors": 0, "decisions": {"supported": 246, "other_or_general": 50}, "elapsed_seconds": 272.99964714050293}
{"event": "task_complete", "fold": 4, "completed": 297, "total": 454, "format_errors": 0, "decisions": {"supported": 247, "other_or_general": 50}, "elapsed_seconds": 273.8473856449127}
{"event": "task_complete", "fold": 4, "completed": 298, "total": 454, "format_errors": 0, "decisions": {"supported": 248, "other_or_general": 50}, "elapsed_seconds": 274.68864369392395}
{"event": "task_complete", "fold": 4, "completed": 299, "total": 454, "format_errors": 0, "decisions": {"supported": 248, "other_or_general": 51}, "elapsed_seconds": 275.65575647354126}
{"event": "task_complete", "fold": 4, "completed": 300, "total": 454, "format_errors": 0, "decisions": {"supported": 249, "other_or_general": 51}, "elapsed_seconds": 276.5156624317169}
{"event": "task_complete", "fold": 4, "completed": 301, "total": 454, "format_errors": 0, "decisions": {"supported": 249, "other_or_general": 52}, "elapsed_seconds": 277.49235582351685}
{"event": "task_complete", "fold": 4, "completed": 302, "total": 454, "format_errors": 0, "decisions": {"supported": 250, "other_or_general": 52}, "elapsed_seconds": 278.3970386981964}
{"event": "task_complete", "fold": 4, "completed": 303, "total": 454, "format_errors": 0, "decisions": {"supported": 251, "other_or_general": 52}, "elapsed_seconds": 279.2449576854706}
{"event": "task_complete", "fold": 4, "completed": 304, "total": 454, "format_errors": 0, "decisions": {"supported": 252, "other_or_general": 52}, "elapsed_seconds": 280.0904219150543}
{"event": "task_complete", "fold": 4, "completed": 305, "total": 454, "format_errors": 0, "decisions": {"supported": 253, "other_or_general": 52}, "elapsed_seconds": 280.9315993785858}
{"event": "task_complete", "fold": 4, "completed": 306, "total": 454, "format_errors": 0, "decisions": {"supported": 254, "other_or_general": 52}, "elapsed_seconds": 281.77920842170715}
{"event": "task_complete", "fold": 4, "completed": 307, "total": 454, "format_errors": 0, "decisions": {"supported": 255, "other_or_general": 52}, "elapsed_seconds": 282.61540126800537}
{"event": "task_complete", "fold": 4, "completed": 308, "total": 454, "format_errors": 0, "decisions": {"supported": 255, "other_or_general": 53}, "elapsed_seconds": 283.59474062919617}
{"event": "task_complete", "fold": 4, "completed": 309, "total": 454, "format_errors": 0, "decisions": {"supported": 256, "other_or_general": 53}, "elapsed_seconds": 284.44496726989746}
{"event": "task_complete", "fold": 4, "completed": 310, "total": 454, "format_errors": 0, "decisions": {"supported": 257, "other_or_general": 53}, "elapsed_seconds": 285.30650067329407}
{"event": "task_complete", "fold": 4, "completed": 311, "total": 454, "format_errors": 0, "decisions": {"supported": 258, "other_or_general": 53}, "elapsed_seconds": 286.1608123779297}
{"event": "task_complete", "fold": 4, "completed": 312, "total": 454, "format_errors": 0, "decisions": {"supported": 259, "other_or_general": 53}, "elapsed_seconds": 287.0152425765991}
{"event": "task_complete", "fold": 4, "completed": 313, "total": 454, "format_errors": 0, "decisions": {"supported": 260, "other_or_general": 53}, "elapsed_seconds": 287.8705475330353}
{"event": "task_complete", "fold": 4, "completed": 314, "total": 454, "format_errors": 0, "decisions": {"supported": 261, "other_or_general": 53}, "elapsed_seconds": 288.77447152137756}
{"event": "task_complete", "fold": 4, "completed": 315, "total": 454, "format_errors": 0, "decisions": {"supported": 261, "other_or_general": 54}, "elapsed_seconds": 289.76770973205566}
{"event": "task_complete", "fold": 4, "completed": 316, "total": 454, "format_errors": 0, "decisions": {"supported": 261, "other_or_general": 55}, "elapsed_seconds": 290.7939898967743}
{"event": "task_complete", "fold": 4, "completed": 317, "total": 454, "format_errors": 0, "decisions": {"supported": 261, "other_or_general": 56}, "elapsed_seconds": 291.76332235336304}
{"event": "task_complete", "fold": 4, "completed": 318, "total": 454, "format_errors": 0, "decisions": {"supported": 262, "other_or_general": 56}, "elapsed_seconds": 292.62096667289734}
{"event": "task_complete", "fold": 4, "completed": 319, "total": 454, "format_errors": 0, "decisions": {"supported": 263, "other_or_general": 56}, "elapsed_seconds": 293.4734306335449}
{"event": "task_complete", "fold": 4, "completed": 320, "total": 454, "format_errors": 0, "decisions": {"supported": 264, "other_or_general": 56}, "elapsed_seconds": 294.3354916572571}
{"event": "task_complete", "fold": 4, "completed": 321, "total": 454, "format_errors": 0, "decisions": {"supported": 265, "other_or_general": 56}, "elapsed_seconds": 295.18796706199646}
{"event": "task_complete", "fold": 4, "completed": 322, "total": 454, "format_errors": 0, "decisions": {"supported": 266, "other_or_general": 56}, "elapsed_seconds": 296.03696870803833}
{"event": "task_complete", "fold": 4, "completed": 323, "total": 454, "format_errors": 0, "decisions": {"supported": 267, "other_or_general": 56}, "elapsed_seconds": 296.8985261917114}
{"event": "task_complete", "fold": 4, "completed": 324, "total": 454, "format_errors": 0, "decisions": {"supported": 268, "other_or_general": 56}, "elapsed_seconds": 297.7498505115509}
{"event": "task_complete", "fold": 4, "completed": 325, "total": 454, "format_errors": 0, "decisions": {"supported": 269, "other_or_general": 56}, "elapsed_seconds": 298.58838057518005}
{"event": "task_complete", "fold": 4, "completed": 326, "total": 454, "format_errors": 0, "decisions": {"supported": 270, "other_or_general": 56}, "elapsed_seconds": 299.43324875831604}
{"event": "task_complete", "fold": 4, "completed": 327, "total": 454, "format_errors": 0, "decisions": {"supported": 271, "other_or_general": 56}, "elapsed_seconds": 300.27995228767395}
{"event": "task_complete", "fold": 4, "completed": 328, "total": 454, "format_errors": 0, "decisions": {"supported": 272, "other_or_general": 56}, "elapsed_seconds": 301.1419792175293}
{"event": "task_complete", "fold": 4, "completed": 329, "total": 454, "format_errors": 0, "decisions": {"supported": 273, "other_or_general": 56}, "elapsed_seconds": 301.9896750450134}
{"event": "task_complete", "fold": 4, "completed": 330, "total": 454, "format_errors": 0, "decisions": {"supported": 274, "other_or_general": 56}, "elapsed_seconds": 302.83604621887207}
{"event": "task_complete", "fold": 4, "completed": 331, "total": 454, "format_errors": 0, "decisions": {"supported": 275, "other_or_general": 56}, "elapsed_seconds": 303.68227982521057}
{"event": "task_complete", "fold": 4, "completed": 332, "total": 454, "format_errors": 0, "decisions": {"supported": 276, "other_or_general": 56}, "elapsed_seconds": 304.5363314151764}
{"event": "task_complete", "fold": 4, "completed": 333, "total": 454, "format_errors": 0, "decisions": {"supported": 277, "other_or_general": 56}, "elapsed_seconds": 305.38337755203247}
{"event": "task_complete", "fold": 4, "completed": 334, "total": 454, "format_errors": 0, "decisions": {"supported": 278, "other_or_general": 56}, "elapsed_seconds": 306.2425045967102}
{"event": "task_complete", "fold": 4, "completed": 335, "total": 454, "format_errors": 0, "decisions": {"supported": 279, "other_or_general": 56}, "elapsed_seconds": 307.1025092601776}
{"event": "task_complete", "fold": 4, "completed": 336, "total": 454, "format_errors": 0, "decisions": {"supported": 280, "other_or_general": 56}, "elapsed_seconds": 307.9549980163574}
{"event": "task_complete", "fold": 4, "completed": 337, "total": 454, "format_errors": 0, "decisions": {"supported": 281, "other_or_general": 56}, "elapsed_seconds": 308.8096535205841}
{"event": "task_complete", "fold": 4, "completed": 338, "total": 454, "format_errors": 0, "decisions": {"supported": 282, "other_or_general": 56}, "elapsed_seconds": 309.6663815975189}
{"event": "task_complete", "fold": 4, "completed": 339, "total": 454, "format_errors": 0, "decisions": {"supported": 283, "other_or_general": 56}, "elapsed_seconds": 310.51881074905396}
{"event": "task_complete", "fold": 4, "completed": 340, "total": 454, "format_errors": 0, "decisions": {"supported": 284, "other_or_general": 56}, "elapsed_seconds": 311.379150390625}
{"event": "task_complete", "fold": 4, "completed": 341, "total": 454, "format_errors": 0, "decisions": {"supported": 285, "other_or_general": 56}, "elapsed_seconds": 312.24884033203125}
{"event": "task_complete", "fold": 4, "completed": 342, "total": 454, "format_errors": 0, "decisions": {"supported": 286, "other_or_general": 56}, "elapsed_seconds": 313.1029267311096}
{"event": "task_complete", "fold": 4, "completed": 343, "total": 454, "format_errors": 0, "decisions": {"supported": 287, "other_or_general": 56}, "elapsed_seconds": 313.9590699672699}
{"event": "task_complete", "fold": 4, "completed": 344, "total": 454, "format_errors": 0, "decisions": {"supported": 288, "other_or_general": 56}, "elapsed_seconds": 314.81925225257874}
{"event": "task_complete", "fold": 4, "completed": 345, "total": 454, "format_errors": 0, "decisions": {"supported": 289, "other_or_general": 56}, "elapsed_seconds": 315.67486667633057}
{"event": "task_complete", "fold": 4, "completed": 346, "total": 454, "format_errors": 0, "decisions": {"supported": 290, "other_or_general": 56}, "elapsed_seconds": 316.5310125350952}
{"event": "task_complete", "fold": 4, "completed": 347, "total": 454, "format_errors": 0, "decisions": {"supported": 291, "other_or_general": 56}, "elapsed_seconds": 317.389851808548}
{"event": "task_complete", "fold": 4, "completed": 348, "total": 454, "format_errors": 0, "decisions": {"supported": 292, "other_or_general": 56}, "elapsed_seconds": 318.23469734191895}
{"event": "task_complete", "fold": 4, "completed": 349, "total": 454, "format_errors": 0, "decisions": {"supported": 293, "other_or_general": 56}, "elapsed_seconds": 319.08315348625183}
{"event": "task_complete", "fold": 4, "completed": 350, "total": 454, "format_errors": 0, "decisions": {"supported": 294, "other_or_general": 56}, "elapsed_seconds": 319.9274971485138}
{"event": "task_complete", "fold": 4, "completed": 351, "total": 454, "format_errors": 0, "decisions": {"supported": 295, "other_or_general": 56}, "elapsed_seconds": 320.7755160331726}
{"event": "task_complete", "fold": 4, "completed": 352, "total": 454, "format_errors": 0, "decisions": {"supported": 296, "other_or_general": 56}, "elapsed_seconds": 321.61886191368103}
{"event": "task_complete", "fold": 4, "completed": 353, "total": 454, "format_errors": 0, "decisions": {"supported": 297, "other_or_general": 56}, "elapsed_seconds": 322.47240829467773}
{"event": "task_complete", "fold": 4, "completed": 354, "total": 454, "format_errors": 0, "decisions": {"supported": 298, "other_or_general": 56}, "elapsed_seconds": 323.3202443122864}
{"event": "task_complete", "fold": 4, "completed": 355, "total": 454, "format_errors": 0, "decisions": {"supported": 299, "other_or_general": 56}, "elapsed_seconds": 324.17288303375244}
{"event": "task_complete", "fold": 4, "completed": 356, "total": 454, "format_errors": 0, "decisions": {"supported": 300, "other_or_general": 56}, "elapsed_seconds": 325.03249502182007}
{"event": "task_complete", "fold": 4, "completed": 357, "total": 454, "format_errors": 0, "decisions": {"supported": 300, "other_or_general": 57}, "elapsed_seconds": 326.02157163619995}
{"event": "task_complete", "fold": 4, "completed": 358, "total": 454, "format_errors": 0, "decisions": {"supported": 300, "other_or_general": 58}, "elapsed_seconds": 327.0042653083801}
{"event": "task_complete", "fold": 4, "completed": 359, "total": 454, "format_errors": 0, "decisions": {"supported": 300, "other_or_general": 59}, "elapsed_seconds": 327.9830412864685}
{"event": "task_complete", "fold": 4, "completed": 360, "total": 454, "format_errors": 0, "decisions": {"supported": 301, "other_or_general": 59}, "elapsed_seconds": 328.82722306251526}
{"event": "task_complete", "fold": 4, "completed": 361, "total": 454, "format_errors": 0, "decisions": {"supported": 302, "other_or_general": 59}, "elapsed_seconds": 329.67102551460266}
{"event": "task_complete", "fold": 4, "completed": 362, "total": 454, "format_errors": 0, "decisions": {"supported": 303, "other_or_general": 59}, "elapsed_seconds": 330.51512932777405}
{"event": "task_complete", "fold": 4, "completed": 363, "total": 454, "format_errors": 0, "decisions": {"supported": 303, "other_or_general": 60}, "elapsed_seconds": 331.5012354850769}
{"event": "task_complete", "fold": 4, "completed": 364, "total": 454, "format_errors": 0, "decisions": {"supported": 304, "other_or_general": 60}, "elapsed_seconds": 332.35265040397644}
{"event": "task_complete", "fold": 4, "completed": 365, "total": 454, "format_errors": 0, "decisions": {"supported": 305, "other_or_general": 60}, "elapsed_seconds": 333.20717310905457}
{"event": "task_complete", "fold": 4, "completed": 366, "total": 454, "format_errors": 0, "decisions": {"supported": 306, "other_or_general": 60}, "elapsed_seconds": 334.0584452152252}
{"event": "task_complete", "fold": 4, "completed": 367, "total": 454, "format_errors": 0, "decisions": {"supported": 307, "other_or_general": 60}, "elapsed_seconds": 334.91328597068787}
{"event": "task_complete", "fold": 4, "completed": 368, "total": 454, "format_errors": 0, "decisions": {"supported": 308, "other_or_general": 60}, "elapsed_seconds": 335.7662570476532}
{"event": "task_complete", "fold": 4, "completed": 369, "total": 454, "format_errors": 0, "decisions": {"supported": 309, "other_or_general": 60}, "elapsed_seconds": 336.6215693950653}
{"event": "task_complete", "fold": 4, "completed": 370, "total": 454, "format_errors": 0, "decisions": {"supported": 310, "other_or_general": 60}, "elapsed_seconds": 337.47690629959106}
{"event": "task_complete", "fold": 4, "completed": 371, "total": 454, "format_errors": 0, "decisions": {"supported": 311, "other_or_general": 60}, "elapsed_seconds": 338.3364324569702}
{"event": "task_complete", "fold": 4, "completed": 372, "total": 454, "format_errors": 0, "decisions": {"supported": 312, "other_or_general": 60}, "elapsed_seconds": 339.1952269077301}
{"event": "task_complete", "fold": 4, "completed": 373, "total": 454, "format_errors": 0, "decisions": {"supported": 313, "other_or_general": 60}, "elapsed_seconds": 340.05877113342285}
{"event": "task_complete", "fold": 4, "completed": 374, "total": 454, "format_errors": 0, "decisions": {"supported": 314, "other_or_general": 60}, "elapsed_seconds": 341.096067905426}
{"event": "task_complete", "fold": 4, "completed": 375, "total": 454, "format_errors": 0, "decisions": {"supported": 314, "other_or_general": 61}, "elapsed_seconds": 342.12047719955444}
{"event": "task_complete", "fold": 4, "completed": 376, "total": 454, "format_errors": 0, "decisions": {"supported": 314, "other_or_general": 62}, "elapsed_seconds": 343.14822149276733}
{"event": "task_complete", "fold": 4, "completed": 377, "total": 454, "format_errors": 0, "decisions": {"supported": 315, "other_or_general": 62}, "elapsed_seconds": 344.0534734725952}
{"event": "task_complete", "fold": 4, "completed": 378, "total": 454, "format_errors": 0, "decisions": {"supported": 316, "other_or_general": 62}, "elapsed_seconds": 344.9183247089386}
{"event": "task_complete", "fold": 4, "completed": 379, "total": 454, "format_errors": 0, "decisions": {"supported": 317, "other_or_general": 62}, "elapsed_seconds": 345.782488822937}
{"event": "task_complete", "fold": 4, "completed": 380, "total": 454, "format_errors": 0, "decisions": {"supported": 317, "other_or_general": 63}, "elapsed_seconds": 346.76398730278015}
{"event": "task_complete", "fold": 4, "completed": 381, "total": 454, "format_errors": 0, "decisions": {"supported": 318, "other_or_general": 63}, "elapsed_seconds": 347.6751854419708}
{"event": "task_complete", "fold": 4, "completed": 382, "total": 454, "format_errors": 0, "decisions": {"supported": 319, "other_or_general": 63}, "elapsed_seconds": 348.58061265945435}
{"event": "task_complete", "fold": 4, "completed": 383, "total": 454, "format_errors": 0, "decisions": {"supported": 320, "other_or_general": 63}, "elapsed_seconds": 349.4871485233307}
{"event": "task_complete", "fold": 4, "completed": 384, "total": 454, "format_errors": 0, "decisions": {"supported": 320, "other_or_general": 64}, "elapsed_seconds": 350.4705665111542}
{"event": "task_complete", "fold": 4, "completed": 385, "total": 454, "format_errors": 0, "decisions": {"supported": 321, "other_or_general": 64}, "elapsed_seconds": 351.33558201789856}
{"event": "task_complete", "fold": 4, "completed": 386, "total": 454, "format_errors": 0, "decisions": {"supported": 322, "other_or_general": 64}, "elapsed_seconds": 352.1876337528229}
{"event": "task_complete", "fold": 4, "completed": 387, "total": 454, "format_errors": 0, "decisions": {"supported": 323, "other_or_general": 64}, "elapsed_seconds": 353.09190368652344}
{"event": "task_complete", "fold": 4, "completed": 388, "total": 454, "format_errors": 0, "decisions": {"supported": 324, "other_or_general": 64}, "elapsed_seconds": 353.94843769073486}
{"event": "task_complete", "fold": 4, "completed": 389, "total": 454, "format_errors": 0, "decisions": {"supported": 325, "other_or_general": 64}, "elapsed_seconds": 354.7990143299103}
{"event": "task_complete", "fold": 4, "completed": 390, "total": 454, "format_errors": 0, "decisions": {"supported": 326, "other_or_general": 64}, "elapsed_seconds": 355.6551058292389}
{"event": "task_complete", "fold": 4, "completed": 391, "total": 454, "format_errors": 0, "decisions": {"supported": 327, "other_or_general": 64}, "elapsed_seconds": 356.5201346874237}
{"event": "task_complete", "fold": 4, "completed": 392, "total": 454, "format_errors": 0, "decisions": {"supported": 328, "other_or_general": 64}, "elapsed_seconds": 357.37688398361206}
{"event": "task_complete", "fold": 4, "completed": 393, "total": 454, "format_errors": 0, "decisions": {"supported": 329, "other_or_general": 64}, "elapsed_seconds": 358.2291626930237}
{"event": "task_complete", "fold": 4, "completed": 394, "total": 454, "format_errors": 0, "decisions": {"supported": 330, "other_or_general": 64}, "elapsed_seconds": 359.07095313072205}
{"event": "task_complete", "fold": 4, "completed": 395, "total": 454, "format_errors": 0, "decisions": {"supported": 331, "other_or_general": 64}, "elapsed_seconds": 359.9168028831482}
{"event": "task_complete", "fold": 4, "completed": 396, "total": 454, "format_errors": 0, "decisions": {"supported": 332, "other_or_general": 64}, "elapsed_seconds": 360.7627658843994}
{"event": "task_complete", "fold": 4, "completed": 397, "total": 454, "format_errors": 0, "decisions": {"supported": 333, "other_or_general": 64}, "elapsed_seconds": 361.6047077178955}
{"event": "task_complete", "fold": 4, "completed": 398, "total": 454, "format_errors": 0, "decisions": {"supported": 334, "other_or_general": 64}, "elapsed_seconds": 362.46153497695923}
{"event": "task_complete", "fold": 4, "completed": 399, "total": 454, "format_errors": 0, "decisions": {"supported": 335, "other_or_general": 64}, "elapsed_seconds": 363.3116228580475}
{"event": "task_complete", "fold": 4, "completed": 400, "total": 454, "format_errors": 0, "decisions": {"supported": 336, "other_or_general": 64}, "elapsed_seconds": 364.18148612976074}
{"event": "task_complete", "fold": 4, "completed": 401, "total": 454, "format_errors": 0, "decisions": {"supported": 337, "other_or_general": 64}, "elapsed_seconds": 365.0374433994293}
{"event": "task_complete", "fold": 4, "completed": 402, "total": 454, "format_errors": 0, "decisions": {"supported": 338, "other_or_general": 64}, "elapsed_seconds": 365.9160237312317}
{"event": "task_complete", "fold": 4, "completed": 403, "total": 454, "format_errors": 0, "decisions": {"supported": 339, "other_or_general": 64}, "elapsed_seconds": 366.77072286605835}
{"event": "task_complete", "fold": 4, "completed": 404, "total": 454, "format_errors": 0, "decisions": {"supported": 340, "other_or_general": 64}, "elapsed_seconds": 367.62815594673157}
{"event": "task_complete", "fold": 4, "completed": 405, "total": 454, "format_errors": 0, "decisions": {"supported": 341, "other_or_general": 64}, "elapsed_seconds": 368.4902250766754}
{"event": "task_complete", "fold": 4, "completed": 406, "total": 454, "format_errors": 0, "decisions": {"supported": 342, "other_or_general": 64}, "elapsed_seconds": 369.3638696670532}
{"event": "task_complete", "fold": 4, "completed": 407, "total": 454, "format_errors": 0, "decisions": {"supported": 343, "other_or_general": 64}, "elapsed_seconds": 370.2136273384094}
{"event": "task_complete", "fold": 4, "completed": 408, "total": 454, "format_errors": 0, "decisions": {"supported": 344, "other_or_general": 64}, "elapsed_seconds": 371.0601267814636}
{"event": "task_complete", "fold": 4, "completed": 409, "total": 454, "format_errors": 0, "decisions": {"supported": 345, "other_or_general": 64}, "elapsed_seconds": 371.91496872901917}
{"event": "task_complete", "fold": 4, "completed": 410, "total": 454, "format_errors": 0, "decisions": {"supported": 346, "other_or_general": 64}, "elapsed_seconds": 372.77172589302063}
{"event": "task_complete", "fold": 4, "completed": 411, "total": 454, "format_errors": 0, "decisions": {"supported": 347, "other_or_general": 64}, "elapsed_seconds": 373.6168370246887}
{"event": "task_complete", "fold": 4, "completed": 412, "total": 454, "format_errors": 0, "decisions": {"supported": 348, "other_or_general": 64}, "elapsed_seconds": 374.46738266944885}
{"event": "task_complete", "fold": 4, "completed": 413, "total": 454, "format_errors": 0, "decisions": {"supported": 349, "other_or_general": 64}, "elapsed_seconds": 375.3135201931}
{"event": "task_complete", "fold": 4, "completed": 414, "total": 454, "format_errors": 0, "decisions": {"supported": 350, "other_or_general": 64}, "elapsed_seconds": 376.1575298309326}
{"event": "task_complete", "fold": 4, "completed": 415, "total": 454, "format_errors": 0, "decisions": {"supported": 351, "other_or_general": 64}, "elapsed_seconds": 377.0099456310272}
{"event": "task_complete", "fold": 4, "completed": 416, "total": 454, "format_errors": 0, "decisions": {"supported": 351, "other_or_general": 65}, "elapsed_seconds": 377.98460841178894}
{"event": "task_complete", "fold": 4, "completed": 417, "total": 454, "format_errors": 0, "decisions": {"supported": 352, "other_or_general": 65}, "elapsed_seconds": 378.8313658237457}
{"event": "task_complete", "fold": 4, "completed": 418, "total": 454, "format_errors": 0, "decisions": {"supported": 353, "other_or_general": 65}, "elapsed_seconds": 379.6778492927551}
{"event": "task_complete", "fold": 4, "completed": 419, "total": 454, "format_errors": 0, "decisions": {"supported": 354, "other_or_general": 65}, "elapsed_seconds": 380.52376437187195}
{"event": "task_complete", "fold": 4, "completed": 420, "total": 454, "format_errors": 0, "decisions": {"supported": 355, "other_or_general": 65}, "elapsed_seconds": 381.37252974510193}
{"event": "task_complete", "fold": 4, "completed": 421, "total": 454, "format_errors": 0, "decisions": {"supported": 355, "other_or_general": 66}, "elapsed_seconds": 382.35303378105164}
{"event": "task_complete", "fold": 4, "completed": 422, "total": 454, "format_errors": 0, "decisions": {"supported": 356, "other_or_general": 66}, "elapsed_seconds": 383.2018506526947}
{"event": "task_complete", "fold": 4, "completed": 423, "total": 454, "format_errors": 0, "decisions": {"supported": 357, "other_or_general": 66}, "elapsed_seconds": 384.0525588989258}
{"event": "task_complete", "fold": 4, "completed": 424, "total": 454, "format_errors": 0, "decisions": {"supported": 358, "other_or_general": 66}, "elapsed_seconds": 384.9084973335266}
{"event": "task_complete", "fold": 4, "completed": 425, "total": 454, "format_errors": 0, "decisions": {"supported": 359, "other_or_general": 66}, "elapsed_seconds": 385.75820779800415}
{"event": "task_complete", "fold": 4, "completed": 426, "total": 454, "format_errors": 0, "decisions": {"supported": 360, "other_or_general": 66}, "elapsed_seconds": 386.61946630477905}
{"event": "task_complete", "fold": 4, "completed": 427, "total": 454, "format_errors": 0, "decisions": {"supported": 361, "other_or_general": 66}, "elapsed_seconds": 387.47055172920227}
{"event": "task_complete", "fold": 4, "completed": 428, "total": 454, "format_errors": 0, "decisions": {"supported": 362, "other_or_general": 66}, "elapsed_seconds": 388.32239270210266}
{"event": "task_complete", "fold": 4, "completed": 429, "total": 454, "format_errors": 0, "decisions": {"supported": 363, "other_or_general": 66}, "elapsed_seconds": 389.17554116249084}
{"event": "task_complete", "fold": 4, "completed": 430, "total": 454, "format_errors": 0, "decisions": {"supported": 364, "other_or_general": 66}, "elapsed_seconds": 390.0277142524719}
{"event": "task_complete", "fold": 4, "completed": 431, "total": 454, "format_errors": 0, "decisions": {"supported": 365, "other_or_general": 66}, "elapsed_seconds": 390.87939500808716}
{"event": "task_complete", "fold": 4, "completed": 432, "total": 454, "format_errors": 0, "decisions": {"supported": 366, "other_or_general": 66}, "elapsed_seconds": 391.73518228530884}
{"event": "task_complete", "fold": 4, "completed": 433, "total": 454, "format_errors": 0, "decisions": {"supported": 367, "other_or_general": 66}, "elapsed_seconds": 392.5930414199829}
{"event": "task_complete", "fold": 4, "completed": 434, "total": 454, "format_errors": 0, "decisions": {"supported": 368, "other_or_general": 66}, "elapsed_seconds": 393.45637822151184}
{"event": "task_complete", "fold": 4, "completed": 435, "total": 454, "format_errors": 0, "decisions": {"supported": 369, "other_or_general": 66}, "elapsed_seconds": 394.3217203617096}
{"event": "task_complete", "fold": 4, "completed": 436, "total": 454, "format_errors": 0, "decisions": {"supported": 370, "other_or_general": 66}, "elapsed_seconds": 395.1831126213074}
{"event": "task_complete", "fold": 4, "completed": 437, "total": 454, "format_errors": 0, "decisions": {"supported": 371, "other_or_general": 66}, "elapsed_seconds": 396.04814553260803}
{"event": "task_complete", "fold": 4, "completed": 438, "total": 454, "format_errors": 0, "decisions": {"supported": 372, "other_or_general": 66}, "elapsed_seconds": 396.9017241001129}
{"event": "task_complete", "fold": 4, "completed": 439, "total": 454, "format_errors": 0, "decisions": {"supported": 373, "other_or_general": 66}, "elapsed_seconds": 397.7583734989166}
{"event": "task_complete", "fold": 4, "completed": 440, "total": 454, "format_errors": 0, "decisions": {"supported": 374, "other_or_general": 66}, "elapsed_seconds": 398.6121838092804}
{"event": "task_complete", "fold": 4, "completed": 441, "total": 454, "format_errors": 0, "decisions": {"supported": 375, "other_or_general": 66}, "elapsed_seconds": 399.46867179870605}
{"event": "task_complete", "fold": 4, "completed": 442, "total": 454, "format_errors": 0, "decisions": {"supported": 376, "other_or_general": 66}, "elapsed_seconds": 400.3270242214203}
{"event": "task_complete", "fold": 4, "completed": 443, "total": 454, "format_errors": 0, "decisions": {"supported": 377, "other_or_general": 66}, "elapsed_seconds": 401.1720197200775}
{"event": "task_complete", "fold": 4, "completed": 444, "total": 454, "format_errors": 0, "decisions": {"supported": 378, "other_or_general": 66}, "elapsed_seconds": 402.0142834186554}
{"event": "task_complete", "fold": 4, "completed": 445, "total": 454, "format_errors": 0, "decisions": {"supported": 379, "other_or_general": 66}, "elapsed_seconds": 402.85982728004456}
{"event": "task_complete", "fold": 4, "completed": 446, "total": 454, "format_errors": 0, "decisions": {"supported": 380, "other_or_general": 66}, "elapsed_seconds": 403.70398473739624}
{"event": "task_complete", "fold": 4, "completed": 447, "total": 454, "format_errors": 0, "decisions": {"supported": 381, "other_or_general": 66}, "elapsed_seconds": 404.5453464984894}
{"event": "task_complete", "fold": 4, "completed": 448, "total": 454, "format_errors": 0, "decisions": {"supported": 382, "other_or_general": 66}, "elapsed_seconds": 405.3841953277588}
{"event": "task_complete", "fold": 4, "completed": 449, "total": 454, "format_errors": 0, "decisions": {"supported": 382, "other_or_general": 67}, "elapsed_seconds": 406.34969568252563}
{"event": "task_complete", "fold": 4, "completed": 450, "total": 454, "format_errors": 0, "decisions": {"supported": 383, "other_or_general": 67}, "elapsed_seconds": 407.1927981376648}
{"event": "task_complete", "fold": 4, "completed": 451, "total": 454, "format_errors": 0, "decisions": {"supported": 384, "other_or_general": 67}, "elapsed_seconds": 408.03061270713806}
{"event": "task_complete", "fold": 4, "completed": 452, "total": 454, "format_errors": 0, "decisions": {"supported": 385, "other_or_general": 67}, "elapsed_seconds": 408.8724694252014}
{"event": "task_complete", "fold": 4, "completed": 453, "total": 454, "format_errors": 0, "decisions": {"supported": 386, "other_or_general": 67}, "elapsed_seconds": 409.7107653617859}
{"event": "task_complete", "fold": 4, "completed": 454, "total": 454, "format_errors": 0, "decisions": {"supported": 387, "other_or_general": 67}, "elapsed_seconds": 410.55291986465454}
{"event": "completed", "fold": 4, "validation_document_ids": ["11196099", "12110769", "12250201", "12455887", "12646972", "12798528", "5452357", "5537416", "5562981", "5793168", "5970456", "6036836", "6057141", "6332535", "6338757", "6390251"], "upstream_training_document_ids": ["10313222", "10553122", "10789033", "11203018", "11221135", "11235872", "11765409", "11826603", "11871647", "11906559", "11919040", "11986149", "12017973", "12059664", "12078887", "12110755", "12118522", "12126309", "12147048", "12334843", "12386172", "12405443", "12444410", "12628480", "12640707", "12652105", "12733031", "12779223", "12811285", "12846941", "12891056", "2866573", "2964533", "3563609", "4607013", "4644339", "4678370", "4899602", "5023785", "5368377", "5415817", "5422868", "5425407", "5473715", "5538066", "5574094", "5575846", "5693559", "5763540", "5773845", "5789735", "5866036", "5959423", "6048891", "6049015", "6059678", "6063015", "6096008", "6134758", "6151044", "6219255", "6220403", "6491447", "9327653"], "llm_training_document_ids": [], "demonstration_document_ids": [], "answers_removed_before_prompting": true, "baseline_exact_replay": true, "plan_sha256": "7072109360d9b7e9e20b61a0589e6b216ad6e71973e1a6a222cb71adc7d87b9f", "task_count": 454, "tasks_sha256": "bc5c172e0cde60c9764ba5ac134c5b295f2b7d622890be82ba33c0dbc5098bf7", "acronym_tasks": 69, "tasks_with_document_definitions": 58, "max_input_tokens": 933, "maximum_grammar_tokens": 16, "protocol_module": "patientphex.llm_concept_review", "source_truncation": false, "hard_nonthinking": true, "status": "completed", "decisions_sha256": "8eda0452270f06f82d5b91f692b0b91818d46e4bc3d6d23b8e740b502c43a744", "format_success_rate": 1.0, "format_errors": 0, "elapsed_seconds": 410.57073402404785, "physical_gpu": "0", "peak_allocated_gib": 16.417583465576172, "generated_tokens": 5634, "generation_seconds": 403.18447279930115, "decisions": {"supported": 387, "other_or_general": 67}}
