{"event": "prompts_prepared", "fold": 3, "validation_document_ids": ["11235872", "11765409", "11986149", "12017973", "12733031", "12811285", "2964533", "4644339", "4678370", "5538066", "5773845", "6048891", "6059678", "6063015", "6151044", "6219255"], "upstream_training_document_ids": ["10313222", "10553122", "10789033", "11196099", "11203018", "11221135", "11826603", "11871647", "11906559", "11919040", "12059664", "12078887", "12110755", "12110769", "12118522", "12126309", "12147048", "12250201", "12334843", "12386172", "12405443", "12444410", "12455887", "12628480", "12640707", "12646972", "12652105", "12779223", "12798528", "12846941", "12891056", "2866573", "3563609", "4607013", "4899602", "5023785", "5368377", "5415817", "5422868", "5425407", "5452357", "5473715", "5537416", "5562981", "5574094", "5575846", "5693559", "5763540", "5789735", "5793168", "5866036", "5959423", "5970456", "6036836", "6049015", "6057141", "6096008", "6134758", "6220403", "6332535", "6338757", "6390251", "6491447", "9327653"], "llm_training_document_ids": [], "demonstration_document_ids": [], "answers_removed_before_prompting": true, "baseline_exact_replay": true, "plan_sha256": "7072109360d9b7e9e20b61a0589e6b216ad6e71973e1a6a222cb71adc7d87b9f", "task_count": 391, "tasks_sha256": "736d6cd38bf0554c6b0359ce3d4e669d171ed75dc2f915bb109ecaf03d64fe77", "acronym_tasks": 73, "tasks_with_document_definitions": 70, "max_input_tokens": 806, "maximum_grammar_tokens": 16, "protocol_module": "patientphex.llm_concept_review", "source_truncation": false, "hard_nonthinking": true}
Loading checkpoint shards:   0%|          | 0/5 [00:00<?, ?it/s]Loading checkpoint shards:  20%|██        | 1/5 [00:01<00:04,  1.05s/it]Loading checkpoint shards:  40%|████      | 2/5 [00:01<00:02,  1.08it/s]Loading checkpoint shards:  60%|██████    | 3/5 [00:02<00:01,  1.14it/s]Loading checkpoint shards:  80%|████████  | 4/5 [00:03<00:00,  1.28it/s]Loading checkpoint shards: 100%|██████████| 5/5 [00:03<00:00,  1.71it/s]Loading checkpoint shards: 100%|██████████| 5/5 [00:03<00:00,  1.40it/s]
{"event": "task_complete", "fold": 3, "completed": 1, "total": 391, "format_errors": 0, "decisions": {"supported": 1}, "elapsed_seconds": 7.38994574546814}
{"event": "task_complete", "fold": 3, "completed": 2, "total": 391, "format_errors": 0, "decisions": {"supported": 1, "other_or_general": 1}, "elapsed_seconds": 8.419352054595947}
{"event": "task_complete", "fold": 3, "completed": 3, "total": 391, "format_errors": 0, "decisions": {"supported": 2, "other_or_general": 1}, "elapsed_seconds": 9.374407768249512}
{"event": "task_complete", "fold": 3, "completed": 4, "total": 391, "format_errors": 0, "decisions": {"supported": 3, "other_or_general": 1}, "elapsed_seconds": 10.284966945648193}
{"event": "task_complete", "fold": 3, "completed": 5, "total": 391, "format_errors": 0, "decisions": {"supported": 4, "other_or_general": 1}, "elapsed_seconds": 11.3690505027771}
{"event": "task_complete", "fold": 3, "completed": 6, "total": 391, "format_errors": 0, "decisions": {"supported": 5, "other_or_general": 1}, "elapsed_seconds": 12.271470069885254}
{"event": "task_complete", "fold": 3, "completed": 7, "total": 391, "format_errors": 0, "decisions": {"supported": 6, "other_or_general": 1}, "elapsed_seconds": 13.16702151298523}
{"event": "task_complete", "fold": 3, "completed": 8, "total": 391, "format_errors": 0, "decisions": {"supported": 7, "other_or_general": 1}, "elapsed_seconds": 14.057687044143677}
{"event": "task_complete", "fold": 3, "completed": 9, "total": 391, "format_errors": 0, "decisions": {"supported": 8, "other_or_general": 1}, "elapsed_seconds": 14.945691347122192}
{"event": "task_complete", "fold": 3, "completed": 10, "total": 391, "format_errors": 0, "decisions": {"supported": 9, "other_or_general": 1}, "elapsed_seconds": 15.850835084915161}
{"event": "task_complete", "fold": 3, "completed": 11, "total": 391, "format_errors": 0, "decisions": {"supported": 10, "other_or_general": 1}, "elapsed_seconds": 16.740334272384644}
{"event": "task_complete", "fold": 3, "completed": 12, "total": 391, "format_errors": 0, "decisions": {"supported": 11, "other_or_general": 1}, "elapsed_seconds": 17.648168563842773}
{"event": "task_complete", "fold": 3, "completed": 13, "total": 391, "format_errors": 0, "decisions": {"supported": 12, "other_or_general": 1}, "elapsed_seconds": 18.538381099700928}
{"event": "task_complete", "fold": 3, "completed": 14, "total": 391, "format_errors": 0, "decisions": {"supported": 13, "other_or_general": 1}, "elapsed_seconds": 19.431395769119263}
{"event": "task_complete", "fold": 3, "completed": 15, "total": 391, "format_errors": 0, "decisions": {"supported": 14, "other_or_general": 1}, "elapsed_seconds": 20.342377424240112}
{"event": "task_complete", "fold": 3, "completed": 16, "total": 391, "format_errors": 0, "decisions": {"supported": 15, "other_or_general": 1}, "elapsed_seconds": 21.429592609405518}
{"event": "task_complete", "fold": 3, "completed": 17, "total": 391, "format_errors": 0, "decisions": {"supported": 16, "other_or_general": 1}, "elapsed_seconds": 22.341641426086426}
{"event": "task_complete", "fold": 3, "completed": 18, "total": 391, "format_errors": 0, "decisions": {"supported": 17, "other_or_general": 1}, "elapsed_seconds": 23.246037006378174}
{"event": "task_complete", "fold": 3, "completed": 19, "total": 391, "format_errors": 0, "decisions": {"supported": 18, "other_or_general": 1}, "elapsed_seconds": 24.196937084197998}
{"event": "task_complete", "fold": 3, "completed": 20, "total": 391, "format_errors": 0, "decisions": {"supported": 19, "other_or_general": 1}, "elapsed_seconds": 25.104259729385376}
{"event": "task_complete", "fold": 3, "completed": 21, "total": 391, "format_errors": 0, "decisions": {"supported": 20, "other_or_general": 1}, "elapsed_seconds": 26.04736828804016}
{"event": "task_complete", "fold": 3, "completed": 22, "total": 391, "format_errors": 0, "decisions": {"supported": 21, "other_or_general": 1}, "elapsed_seconds": 27.027398109436035}
{"event": "task_complete", "fold": 3, "completed": 23, "total": 391, "format_errors": 0, "decisions": {"supported": 22, "other_or_general": 1}, "elapsed_seconds": 27.927452087402344}
{"event": "task_complete", "fold": 3, "completed": 24, "total": 391, "format_errors": 0, "decisions": {"supported": 23, "other_or_general": 1}, "elapsed_seconds": 28.888559579849243}
{"event": "task_complete", "fold": 3, "completed": 25, "total": 391, "format_errors": 0, "decisions": {"supported": 24, "other_or_general": 1}, "elapsed_seconds": 29.78852391242981}
{"event": "task_complete", "fold": 3, "completed": 26, "total": 391, "format_errors": 0, "decisions": {"supported": 25, "other_or_general": 1}, "elapsed_seconds": 30.73905301094055}
{"event": "task_complete", "fold": 3, "completed": 27, "total": 391, "format_errors": 0, "decisions": {"supported": 26, "other_or_general": 1}, "elapsed_seconds": 31.636256456375122}
{"event": "task_complete", "fold": 3, "completed": 28, "total": 391, "format_errors": 0, "decisions": {"supported": 27, "other_or_general": 1}, "elapsed_seconds": 32.58829951286316}
{"event": "task_complete", "fold": 3, "completed": 29, "total": 391, "format_errors": 0, "decisions": {"supported": 28, "other_or_general": 1}, "elapsed_seconds": 33.48941397666931}
{"event": "task_complete", "fold": 3, "completed": 30, "total": 391, "format_errors": 0, "decisions": {"supported": 29, "other_or_general": 1}, "elapsed_seconds": 34.38654279708862}
{"event": "task_complete", "fold": 3, "completed": 31, "total": 391, "format_errors": 0, "decisions": {"supported": 30, "other_or_general": 1}, "elapsed_seconds": 35.27952861785889}
{"event": "task_complete", "fold": 3, "completed": 32, "total": 391, "format_errors": 0, "decisions": {"supported": 31, "other_or_general": 1}, "elapsed_seconds": 36.36602997779846}
{"event": "task_complete", "fold": 3, "completed": 33, "total": 391, "format_errors": 0, "decisions": {"supported": 32, "other_or_general": 1}, "elapsed_seconds": 37.44937205314636}
{"event": "task_complete", "fold": 3, "completed": 34, "total": 391, "format_errors": 0, "decisions": {"supported": 33, "other_or_general": 1}, "elapsed_seconds": 38.39186406135559}
{"event": "task_complete", "fold": 3, "completed": 35, "total": 391, "format_errors": 0, "decisions": {"supported": 34, "other_or_general": 1}, "elapsed_seconds": 39.376930236816406}
{"event": "task_complete", "fold": 3, "completed": 36, "total": 391, "format_errors": 0, "decisions": {"supported": 35, "other_or_general": 1}, "elapsed_seconds": 40.36268067359924}
{"event": "task_complete", "fold": 3, "completed": 37, "total": 391, "format_errors": 0, "decisions": {"supported": 36, "other_or_general": 1}, "elapsed_seconds": 41.316264152526855}
{"event": "task_complete", "fold": 3, "completed": 38, "total": 391, "format_errors": 0, "decisions": {"supported": 37, "other_or_general": 1}, "elapsed_seconds": 42.26864528656006}
{"event": "task_complete", "fold": 3, "completed": 39, "total": 391, "format_errors": 0, "decisions": {"supported": 38, "other_or_general": 1}, "elapsed_seconds": 43.35572862625122}
{"event": "task_complete", "fold": 3, "completed": 40, "total": 391, "format_errors": 0, "decisions": {"supported": 39, "other_or_general": 1}, "elapsed_seconds": 44.45115828514099}
{"event": "task_complete", "fold": 3, "completed": 41, "total": 391, "format_errors": 0, "decisions": {"supported": 40, "other_or_general": 1}, "elapsed_seconds": 45.40842151641846}
{"event": "task_complete", "fold": 3, "completed": 42, "total": 391, "format_errors": 0, "decisions": {"supported": 41, "other_or_general": 1}, "elapsed_seconds": 46.50069570541382}
{"event": "task_complete", "fold": 3, "completed": 43, "total": 391, "format_errors": 0, "decisions": {"supported": 42, "other_or_general": 1}, "elapsed_seconds": 47.402642011642456}
{"event": "task_complete", "fold": 3, "completed": 44, "total": 391, "format_errors": 0, "decisions": {"supported": 43, "other_or_general": 1}, "elapsed_seconds": 48.30372762680054}
{"event": "task_complete", "fold": 3, "completed": 45, "total": 391, "format_errors": 0, "decisions": {"supported": 44, "other_or_general": 1}, "elapsed_seconds": 49.25936937332153}
{"event": "task_complete", "fold": 3, "completed": 46, "total": 391, "format_errors": 0, "decisions": {"supported": 45, "other_or_general": 1}, "elapsed_seconds": 50.30639147758484}
{"event": "task_complete", "fold": 3, "completed": 47, "total": 391, "format_errors": 0, "decisions": {"supported": 46, "other_or_general": 1}, "elapsed_seconds": 51.19273281097412}
{"event": "task_complete", "fold": 3, "completed": 48, "total": 391, "format_errors": 0, "decisions": {"supported": 47, "other_or_general": 1}, "elapsed_seconds": 52.09708118438721}
{"event": "task_complete", "fold": 3, "completed": 49, "total": 391, "format_errors": 0, "decisions": {"supported": 48, "other_or_general": 1}, "elapsed_seconds": 53.176106691360474}
{"event": "task_complete", "fold": 3, "completed": 50, "total": 391, "format_errors": 0, "decisions": {"supported": 49, "other_or_general": 1}, "elapsed_seconds": 54.2481849193573}
{"event": "task_complete", "fold": 3, "completed": 51, "total": 391, "format_errors": 0, "decisions": {"supported": 50, "other_or_general": 1}, "elapsed_seconds": 55.3310444355011}
{"event": "task_complete", "fold": 3, "completed": 52, "total": 391, "format_errors": 0, "decisions": {"supported": 51, "other_or_general": 1}, "elapsed_seconds": 56.42696523666382}
{"event": "task_complete", "fold": 3, "completed": 53, "total": 391, "format_errors": 0, "decisions": {"supported": 52, "other_or_general": 1}, "elapsed_seconds": 57.51416873931885}
{"event": "task_complete", "fold": 3, "completed": 54, "total": 391, "format_errors": 0, "decisions": {"supported": 53, "other_or_general": 1}, "elapsed_seconds": 58.49900460243225}
{"event": "task_complete", "fold": 3, "completed": 55, "total": 391, "format_errors": 0, "decisions": {"supported": 54, "other_or_general": 1}, "elapsed_seconds": 59.57797288894653}
{"event": "task_complete", "fold": 3, "completed": 56, "total": 391, "format_errors": 0, "decisions": {"supported": 55, "other_or_general": 1}, "elapsed_seconds": 60.65931010246277}
{"event": "task_complete", "fold": 3, "completed": 57, "total": 391, "format_errors": 0, "decisions": {"supported": 56, "other_or_general": 1}, "elapsed_seconds": 61.553592681884766}
{"event": "task_complete", "fold": 3, "completed": 58, "total": 391, "format_errors": 0, "decisions": {"supported": 57, "other_or_general": 1}, "elapsed_seconds": 62.636303663253784}
{"event": "task_complete", "fold": 3, "completed": 59, "total": 391, "format_errors": 0, "decisions": {"supported": 58, "other_or_general": 1}, "elapsed_seconds": 63.722259759902954}
{"event": "task_complete", "fold": 3, "completed": 60, "total": 391, "format_errors": 0, "decisions": {"supported": 59, "other_or_general": 1}, "elapsed_seconds": 64.81355214118958}
{"event": "task_complete", "fold": 3, "completed": 61, "total": 391, "format_errors": 0, "decisions": {"supported": 60, "other_or_general": 1}, "elapsed_seconds": 65.71158123016357}
{"event": "task_complete", "fold": 3, "completed": 62, "total": 391, "format_errors": 0, "decisions": {"supported": 61, "other_or_general": 1}, "elapsed_seconds": 66.69566416740417}
{"event": "task_complete", "fold": 3, "completed": 63, "total": 391, "format_errors": 0, "decisions": {"supported": 62, "other_or_general": 1}, "elapsed_seconds": 67.68118834495544}
{"event": "task_complete", "fold": 3, "completed": 64, "total": 391, "format_errors": 0, "decisions": {"supported": 63, "other_or_general": 1}, "elapsed_seconds": 68.5806200504303}
{"event": "task_complete", "fold": 3, "completed": 65, "total": 391, "format_errors": 0, "decisions": {"supported": 64, "other_or_general": 1}, "elapsed_seconds": 69.56430292129517}
{"event": "task_complete", "fold": 3, "completed": 66, "total": 391, "format_errors": 0, "decisions": {"supported": 64, "other_or_general": 2}, "elapsed_seconds": 70.5967755317688}
{"event": "task_complete", "fold": 3, "completed": 67, "total": 391, "format_errors": 0, "decisions": {"supported": 65, "other_or_general": 2}, "elapsed_seconds": 71.49474835395813}
{"event": "task_complete", "fold": 3, "completed": 68, "total": 391, "format_errors": 0, "decisions": {"supported": 66, "other_or_general": 2}, "elapsed_seconds": 72.58203029632568}
{"event": "task_complete", "fold": 3, "completed": 69, "total": 391, "format_errors": 0, "decisions": {"supported": 67, "other_or_general": 2}, "elapsed_seconds": 73.53313636779785}
{"event": "task_complete", "fold": 3, "completed": 70, "total": 391, "format_errors": 0, "decisions": {"supported": 68, "other_or_general": 2}, "elapsed_seconds": 74.48804593086243}
{"event": "task_complete", "fold": 3, "completed": 71, "total": 391, "format_errors": 0, "decisions": {"supported": 69, "other_or_general": 2}, "elapsed_seconds": 75.44374561309814}
{"event": "task_complete", "fold": 3, "completed": 72, "total": 391, "format_errors": 0, "decisions": {"supported": 70, "other_or_general": 2}, "elapsed_seconds": 76.5265564918518}
{"event": "task_complete", "fold": 3, "completed": 73, "total": 391, "format_errors": 0, "decisions": {"supported": 71, "other_or_general": 2}, "elapsed_seconds": 77.61546778678894}
{"event": "task_complete", "fold": 3, "completed": 74, "total": 391, "format_errors": 0, "decisions": {"supported": 72, "other_or_general": 2}, "elapsed_seconds": 78.5014181137085}
{"event": "task_complete", "fold": 3, "completed": 75, "total": 391, "format_errors": 0, "decisions": {"supported": 73, "other_or_general": 2}, "elapsed_seconds": 79.59955406188965}
{"event": "task_complete", "fold": 3, "completed": 76, "total": 391, "format_errors": 0, "decisions": {"supported": 74, "other_or_general": 2}, "elapsed_seconds": 80.51569938659668}
{"event": "task_complete", "fold": 3, "completed": 77, "total": 391, "format_errors": 0, "decisions": {"supported": 75, "other_or_general": 2}, "elapsed_seconds": 81.39575052261353}
{"event": "task_complete", "fold": 3, "completed": 78, "total": 391, "format_errors": 0, "decisions": {"supported": 76, "other_or_general": 2}, "elapsed_seconds": 82.3002278804779}
{"event": "task_complete", "fold": 3, "completed": 79, "total": 391, "format_errors": 0, "decisions": {"supported": 77, "other_or_general": 2}, "elapsed_seconds": 83.19874382019043}
{"event": "task_complete", "fold": 3, "completed": 80, "total": 391, "format_errors": 0, "decisions": {"supported": 78, "other_or_general": 2}, "elapsed_seconds": 84.10305380821228}
{"event": "task_complete", "fold": 3, "completed": 81, "total": 391, "format_errors": 0, "decisions": {"supported": 79, "other_or_general": 2}, "elapsed_seconds": 85.01532483100891}
{"event": "task_complete", "fold": 3, "completed": 82, "total": 391, "format_errors": 0, "decisions": {"supported": 80, "other_or_general": 2}, "elapsed_seconds": 85.91619896888733}
{"event": "task_complete", "fold": 3, "completed": 83, "total": 391, "format_errors": 0, "decisions": {"supported": 81, "other_or_general": 2}, "elapsed_seconds": 86.82327127456665}
{"event": "task_complete", "fold": 3, "completed": 84, "total": 391, "format_errors": 0, "decisions": {"supported": 82, "other_or_general": 2}, "elapsed_seconds": 87.72592997550964}
{"event": "task_complete", "fold": 3, "completed": 85, "total": 391, "format_errors": 0, "decisions": {"supported": 83, "other_or_general": 2}, "elapsed_seconds": 88.61548948287964}
{"event": "task_complete", "fold": 3, "completed": 86, "total": 391, "format_errors": 0, "decisions": {"supported": 84, "other_or_general": 2}, "elapsed_seconds": 89.52503705024719}
{"event": "task_complete", "fold": 3, "completed": 87, "total": 391, "format_errors": 0, "decisions": {"supported": 85, "other_or_general": 2}, "elapsed_seconds": 90.48001170158386}
{"event": "task_complete", "fold": 3, "completed": 88, "total": 391, "format_errors": 0, "decisions": {"supported": 86, "other_or_general": 2}, "elapsed_seconds": 91.43310141563416}
{"event": "task_complete", "fold": 3, "completed": 89, "total": 391, "format_errors": 0, "decisions": {"supported": 87, "other_or_general": 2}, "elapsed_seconds": 92.33955383300781}
{"event": "task_complete", "fold": 3, "completed": 90, "total": 391, "format_errors": 0, "decisions": {"supported": 88, "other_or_general": 2}, "elapsed_seconds": 93.25028538703918}
{"event": "task_complete", "fold": 3, "completed": 91, "total": 391, "format_errors": 0, "decisions": {"supported": 89, "other_or_general": 2}, "elapsed_seconds": 94.15747618675232}
{"event": "task_complete", "fold": 3, "completed": 92, "total": 391, "format_errors": 0, "decisions": {"supported": 89, "other_or_general": 3}, "elapsed_seconds": 95.19566559791565}
{"event": "task_complete", "fold": 3, "completed": 93, "total": 391, "format_errors": 0, "decisions": {"supported": 90, "other_or_general": 3}, "elapsed_seconds": 96.0958902835846}
{"event": "task_complete", "fold": 3, "completed": 94, "total": 391, "format_errors": 0, "decisions": {"supported": 90, "other_or_general": 4}, "elapsed_seconds": 97.13447618484497}
{"event": "task_complete", "fold": 3, "completed": 95, "total": 391, "format_errors": 0, "decisions": {"supported": 91, "other_or_general": 4}, "elapsed_seconds": 98.035409450531}
{"event": "task_complete", "fold": 3, "completed": 96, "total": 391, "format_errors": 0, "decisions": {"supported": 92, "other_or_general": 4}, "elapsed_seconds": 98.95199131965637}
{"event": "task_complete", "fold": 3, "completed": 97, "total": 391, "format_errors": 0, "decisions": {"supported": 93, "other_or_general": 4}, "elapsed_seconds": 99.85379433631897}
{"event": "task_complete", "fold": 3, "completed": 98, "total": 391, "format_errors": 0, "decisions": {"supported": 94, "other_or_general": 4}, "elapsed_seconds": 100.75915622711182}
{"event": "task_complete", "fold": 3, "completed": 99, "total": 391, "format_errors": 0, "decisions": {"supported": 95, "other_or_general": 4}, "elapsed_seconds": 101.66282725334167}
{"event": "task_complete", "fold": 3, "completed": 100, "total": 391, "format_errors": 0, "decisions": {"supported": 96, "other_or_general": 4}, "elapsed_seconds": 102.56767296791077}
{"event": "task_complete", "fold": 3, "completed": 101, "total": 391, "format_errors": 0, "decisions": {"supported": 97, "other_or_general": 4}, "elapsed_seconds": 103.45974779129028}
{"event": "task_complete", "fold": 3, "completed": 102, "total": 391, "format_errors": 0, "decisions": {"supported": 98, "other_or_general": 4}, "elapsed_seconds": 104.35534954071045}
{"event": "task_complete", "fold": 3, "completed": 103, "total": 391, "format_errors": 0, "decisions": {"supported": 99, "other_or_general": 4}, "elapsed_seconds": 105.25536370277405}
{"event": "task_complete", "fold": 3, "completed": 104, "total": 391, "format_errors": 0, "decisions": {"supported": 100, "other_or_general": 4}, "elapsed_seconds": 106.1539192199707}
{"event": "task_complete", "fold": 3, "completed": 105, "total": 391, "format_errors": 0, "decisions": {"supported": 101, "other_or_general": 4}, "elapsed_seconds": 107.18529033660889}
{"event": "task_complete", "fold": 3, "completed": 106, "total": 391, "format_errors": 0, "decisions": {"supported": 102, "other_or_general": 4}, "elapsed_seconds": 108.06877946853638}
{"event": "task_complete", "fold": 3, "completed": 107, "total": 391, "format_errors": 0, "decisions": {"supported": 103, "other_or_general": 4}, "elapsed_seconds": 108.96935653686523}
{"event": "task_complete", "fold": 3, "completed": 108, "total": 391, "format_errors": 0, "decisions": {"supported": 104, "other_or_general": 4}, "elapsed_seconds": 110.05123472213745}
{"event": "task_complete", "fold": 3, "completed": 109, "total": 391, "format_errors": 0, "decisions": {"supported": 105, "other_or_general": 4}, "elapsed_seconds": 110.96321249008179}
{"event": "task_complete", "fold": 3, "completed": 110, "total": 391, "format_errors": 0, "decisions": {"supported": 106, "other_or_general": 4}, "elapsed_seconds": 111.87470197677612}
{"event": "task_complete", "fold": 3, "completed": 111, "total": 391, "format_errors": 0, "decisions": {"supported": 107, "other_or_general": 4}, "elapsed_seconds": 112.95839047431946}
{"event": "task_complete", "fold": 3, "completed": 112, "total": 391, "format_errors": 0, "decisions": {"supported": 108, "other_or_general": 4}, "elapsed_seconds": 113.90845203399658}
{"event": "task_complete", "fold": 3, "completed": 113, "total": 391, "format_errors": 0, "decisions": {"supported": 109, "other_or_general": 4}, "elapsed_seconds": 114.81450963020325}
{"event": "task_complete", "fold": 3, "completed": 114, "total": 391, "format_errors": 0, "decisions": {"supported": 110, "other_or_general": 4}, "elapsed_seconds": 115.90596675872803}
{"event": "task_complete", "fold": 3, "completed": 115, "total": 391, "format_errors": 0, "decisions": {"supported": 111, "other_or_general": 4}, "elapsed_seconds": 116.79608011245728}
{"event": "task_complete", "fold": 3, "completed": 116, "total": 391, "format_errors": 0, "decisions": {"supported": 111, "other_or_general": 5}, "elapsed_seconds": 117.8747808933258}
{"event": "task_complete", "fold": 3, "completed": 117, "total": 391, "format_errors": 0, "decisions": {"supported": 112, "other_or_general": 5}, "elapsed_seconds": 118.99186491966248}
{"event": "task_complete", "fold": 3, "completed": 118, "total": 391, "format_errors": 0, "decisions": {"supported": 113, "other_or_general": 5}, "elapsed_seconds": 119.8936402797699}
{"event": "task_complete", "fold": 3, "completed": 119, "total": 391, "format_errors": 0, "decisions": {"supported": 114, "other_or_general": 5}, "elapsed_seconds": 120.85343337059021}
{"event": "task_complete", "fold": 3, "completed": 120, "total": 391, "format_errors": 0, "decisions": {"supported": 115, "other_or_general": 5}, "elapsed_seconds": 121.83118438720703}
{"event": "task_complete", "fold": 3, "completed": 121, "total": 391, "format_errors": 0, "decisions": {"supported": 116, "other_or_general": 5}, "elapsed_seconds": 122.74130487442017}
{"event": "task_complete", "fold": 3, "completed": 122, "total": 391, "format_errors": 0, "decisions": {"supported": 117, "other_or_general": 5}, "elapsed_seconds": 123.65176296234131}
{"event": "task_complete", "fold": 3, "completed": 123, "total": 391, "format_errors": 0, "decisions": {"supported": 118, "other_or_general": 5}, "elapsed_seconds": 124.52904105186462}
{"event": "task_complete", "fold": 3, "completed": 124, "total": 391, "format_errors": 0, "decisions": {"supported": 119, "other_or_general": 5}, "elapsed_seconds": 125.6174898147583}
{"event": "task_complete", "fold": 3, "completed": 125, "total": 391, "format_errors": 0, "decisions": {"supported": 120, "other_or_general": 5}, "elapsed_seconds": 126.57912421226501}
{"event": "task_complete", "fold": 3, "completed": 126, "total": 391, "format_errors": 0, "decisions": {"supported": 121, "other_or_general": 5}, "elapsed_seconds": 127.47886943817139}
{"event": "task_complete", "fold": 3, "completed": 127, "total": 391, "format_errors": 0, "decisions": {"supported": 122, "other_or_general": 5}, "elapsed_seconds": 128.3700294494629}
{"event": "task_complete", "fold": 3, "completed": 128, "total": 391, "format_errors": 0, "decisions": {"supported": 123, "other_or_general": 5}, "elapsed_seconds": 129.45046758651733}
{"event": "task_complete", "fold": 3, "completed": 129, "total": 391, "format_errors": 0, "decisions": {"supported": 124, "other_or_general": 5}, "elapsed_seconds": 130.34266543388367}
{"event": "task_complete", "fold": 3, "completed": 130, "total": 391, "format_errors": 0, "decisions": {"supported": 125, "other_or_general": 5}, "elapsed_seconds": 131.43885374069214}
{"event": "task_complete", "fold": 3, "completed": 131, "total": 391, "format_errors": 0, "decisions": {"supported": 126, "other_or_general": 5}, "elapsed_seconds": 132.33288598060608}
{"event": "task_complete", "fold": 3, "completed": 132, "total": 391, "format_errors": 0, "decisions": {"supported": 127, "other_or_general": 5}, "elapsed_seconds": 133.24056458473206}
{"event": "task_complete", "fold": 3, "completed": 133, "total": 391, "format_errors": 0, "decisions": {"supported": 128, "other_or_general": 5}, "elapsed_seconds": 134.19286847114563}
{"event": "task_complete", "fold": 3, "completed": 134, "total": 391, "format_errors": 0, "decisions": {"supported": 129, "other_or_general": 5}, "elapsed_seconds": 135.09069228172302}
{"event": "task_complete", "fold": 3, "completed": 135, "total": 391, "format_errors": 0, "decisions": {"supported": 130, "other_or_general": 5}, "elapsed_seconds": 136.03898191452026}
{"event": "task_complete", "fold": 3, "completed": 136, "total": 391, "format_errors": 0, "decisions": {"supported": 131, "other_or_general": 5}, "elapsed_seconds": 136.98015832901}
{"event": "task_complete", "fold": 3, "completed": 137, "total": 391, "format_errors": 0, "decisions": {"supported": 132, "other_or_general": 5}, "elapsed_seconds": 137.86743474006653}
{"event": "task_complete", "fold": 3, "completed": 138, "total": 391, "format_errors": 0, "decisions": {"supported": 133, "other_or_general": 5}, "elapsed_seconds": 138.76330614089966}
{"event": "task_complete", "fold": 3, "completed": 139, "total": 391, "format_errors": 0, "decisions": {"supported": 134, "other_or_general": 5}, "elapsed_seconds": 139.65898942947388}
{"event": "task_complete", "fold": 3, "completed": 140, "total": 391, "format_errors": 0, "decisions": {"supported": 135, "other_or_general": 5}, "elapsed_seconds": 140.54976224899292}
{"event": "task_complete", "fold": 3, "completed": 141, "total": 391, "format_errors": 0, "decisions": {"supported": 136, "other_or_general": 5}, "elapsed_seconds": 141.49124097824097}
{"event": "task_complete", "fold": 3, "completed": 142, "total": 391, "format_errors": 0, "decisions": {"supported": 137, "other_or_general": 5}, "elapsed_seconds": 142.45008635520935}
{"event": "task_complete", "fold": 3, "completed": 143, "total": 391, "format_errors": 0, "decisions": {"supported": 138, "other_or_general": 5}, "elapsed_seconds": 143.34207844734192}
{"event": "task_complete", "fold": 3, "completed": 144, "total": 391, "format_errors": 0, "decisions": {"supported": 138, "other_or_general": 6}, "elapsed_seconds": 144.35762739181519}
{"event": "task_complete", "fold": 3, "completed": 145, "total": 391, "format_errors": 0, "decisions": {"supported": 138, "other_or_general": 7}, "elapsed_seconds": 145.37990760803223}
{"event": "task_complete", "fold": 3, "completed": 146, "total": 391, "format_errors": 0, "decisions": {"supported": 139, "other_or_general": 7}, "elapsed_seconds": 146.28565335273743}
{"event": "task_complete", "fold": 3, "completed": 147, "total": 391, "format_errors": 0, "decisions": {"supported": 139, "other_or_general": 8}, "elapsed_seconds": 147.37871527671814}
{"event": "task_complete", "fold": 3, "completed": 148, "total": 391, "format_errors": 0, "decisions": {"supported": 139, "other_or_general": 9}, "elapsed_seconds": 148.41031408309937}
{"event": "task_complete", "fold": 3, "completed": 149, "total": 391, "format_errors": 0, "decisions": {"supported": 140, "other_or_general": 9}, "elapsed_seconds": 149.30545163154602}
{"event": "task_complete", "fold": 3, "completed": 150, "total": 391, "format_errors": 0, "decisions": {"supported": 141, "other_or_general": 9}, "elapsed_seconds": 150.21132826805115}
{"event": "task_complete", "fold": 3, "completed": 151, "total": 391, "format_errors": 0, "decisions": {"supported": 142, "other_or_general": 9}, "elapsed_seconds": 151.10997486114502}
{"event": "task_complete", "fold": 3, "completed": 152, "total": 391, "format_errors": 0, "decisions": {"supported": 143, "other_or_general": 9}, "elapsed_seconds": 152.0135657787323}
{"event": "task_complete", "fold": 3, "completed": 153, "total": 391, "format_errors": 0, "decisions": {"supported": 144, "other_or_general": 9}, "elapsed_seconds": 152.9111931324005}
{"event": "task_complete", "fold": 3, "completed": 154, "total": 391, "format_errors": 0, "decisions": {"supported": 145, "other_or_general": 9}, "elapsed_seconds": 153.80570030212402}
{"event": "task_complete", "fold": 3, "completed": 155, "total": 391, "format_errors": 0, "decisions": {"supported": 145, "other_or_general": 10}, "elapsed_seconds": 154.83979439735413}
{"event": "task_complete", "fold": 3, "completed": 156, "total": 391, "format_errors": 0, "decisions": {"supported": 146, "other_or_general": 10}, "elapsed_seconds": 155.73408222198486}
{"event": "task_complete", "fold": 3, "completed": 157, "total": 391, "format_errors": 0, "decisions": {"supported": 147, "other_or_general": 10}, "elapsed_seconds": 156.63021421432495}
{"event": "task_complete", "fold": 3, "completed": 158, "total": 391, "format_errors": 0, "decisions": {"supported": 148, "other_or_general": 10}, "elapsed_seconds": 157.5247619152069}
{"event": "task_complete", "fold": 3, "completed": 159, "total": 391, "format_errors": 0, "decisions": {"supported": 149, "other_or_general": 10}, "elapsed_seconds": 158.41607785224915}
{"event": "task_complete", "fold": 3, "completed": 160, "total": 391, "format_errors": 0, "decisions": {"supported": 150, "other_or_general": 10}, "elapsed_seconds": 159.30038213729858}
{"event": "task_complete", "fold": 3, "completed": 161, "total": 391, "format_errors": 0, "decisions": {"supported": 151, "other_or_general": 10}, "elapsed_seconds": 160.19831824302673}
{"event": "task_complete", "fold": 3, "completed": 162, "total": 391, "format_errors": 0, "decisions": {"supported": 152, "other_or_general": 10}, "elapsed_seconds": 161.08415842056274}
{"event": "task_complete", "fold": 3, "completed": 163, "total": 391, "format_errors": 0, "decisions": {"supported": 152, "other_or_general": 11}, "elapsed_seconds": 162.10425400733948}
{"event": "task_complete", "fold": 3, "completed": 164, "total": 391, "format_errors": 0, "decisions": {"supported": 152, "other_or_general": 12}, "elapsed_seconds": 163.13074588775635}
{"event": "task_complete", "fold": 3, "completed": 165, "total": 391, "format_errors": 0, "decisions": {"supported": 152, "other_or_general": 13}, "elapsed_seconds": 164.1660852432251}
{"event": "task_complete", "fold": 3, "completed": 166, "total": 391, "format_errors": 0, "decisions": {"supported": 153, "other_or_general": 13}, "elapsed_seconds": 165.0450587272644}
{"event": "task_complete", "fold": 3, "completed": 167, "total": 391, "format_errors": 0, "decisions": {"supported": 154, "other_or_general": 13}, "elapsed_seconds": 165.93591690063477}
{"event": "task_complete", "fold": 3, "completed": 168, "total": 391, "format_errors": 0, "decisions": {"supported": 155, "other_or_general": 13}, "elapsed_seconds": 166.8370325565338}
{"event": "task_complete", "fold": 3, "completed": 169, "total": 391, "format_errors": 0, "decisions": {"supported": 156, "other_or_general": 13}, "elapsed_seconds": 167.73068189620972}
{"event": "task_complete", "fold": 3, "completed": 170, "total": 391, "format_errors": 0, "decisions": {"supported": 157, "other_or_general": 13}, "elapsed_seconds": 168.62756943702698}
{"event": "task_complete", "fold": 3, "completed": 171, "total": 391, "format_errors": 0, "decisions": {"supported": 158, "other_or_general": 13}, "elapsed_seconds": 169.53325057029724}
{"event": "task_complete", "fold": 3, "completed": 172, "total": 391, "format_errors": 0, "decisions": {"supported": 159, "other_or_general": 13}, "elapsed_seconds": 170.4311010837555}
{"event": "task_complete", "fold": 3, "completed": 173, "total": 391, "format_errors": 0, "decisions": {"supported": 160, "other_or_general": 13}, "elapsed_seconds": 171.32022881507874}
{"event": "task_complete", "fold": 3, "completed": 174, "total": 391, "format_errors": 0, "decisions": {"supported": 161, "other_or_general": 13}, "elapsed_seconds": 172.21342825889587}
{"event": "task_complete", "fold": 3, "completed": 175, "total": 391, "format_errors": 0, "decisions": {"supported": 162, "other_or_general": 13}, "elapsed_seconds": 173.11179757118225}
{"event": "task_complete", "fold": 3, "completed": 176, "total": 391, "format_errors": 0, "decisions": {"supported": 163, "other_or_general": 13}, "elapsed_seconds": 173.9985568523407}
{"event": "task_complete", "fold": 3, "completed": 177, "total": 391, "format_errors": 0, "decisions": {"supported": 164, "other_or_general": 13}, "elapsed_seconds": 174.89015531539917}
{"event": "task_complete", "fold": 3, "completed": 178, "total": 391, "format_errors": 0, "decisions": {"supported": 165, "other_or_general": 13}, "elapsed_seconds": 175.93401765823364}
{"event": "task_complete", "fold": 3, "completed": 179, "total": 391, "format_errors": 0, "decisions": {"supported": 166, "other_or_general": 13}, "elapsed_seconds": 176.822035074234}
{"event": "task_complete", "fold": 3, "completed": 180, "total": 391, "format_errors": 0, "decisions": {"supported": 167, "other_or_general": 13}, "elapsed_seconds": 177.7126383781433}
{"event": "task_complete", "fold": 3, "completed": 181, "total": 391, "format_errors": 0, "decisions": {"supported": 168, "other_or_general": 13}, "elapsed_seconds": 178.60366940498352}
{"event": "task_complete", "fold": 3, "completed": 182, "total": 391, "format_errors": 0, "decisions": {"supported": 169, "other_or_general": 13}, "elapsed_seconds": 179.4927806854248}
{"event": "task_complete", "fold": 3, "completed": 183, "total": 391, "format_errors": 0, "decisions": {"supported": 170, "other_or_general": 13}, "elapsed_seconds": 180.39795851707458}
{"event": "task_complete", "fold": 3, "completed": 184, "total": 391, "format_errors": 0, "decisions": {"supported": 171, "other_or_general": 13}, "elapsed_seconds": 181.3044617176056}
{"event": "task_complete", "fold": 3, "completed": 185, "total": 391, "format_errors": 0, "decisions": {"supported": 172, "other_or_general": 13}, "elapsed_seconds": 182.19554567337036}
{"event": "task_complete", "fold": 3, "completed": 186, "total": 391, "format_errors": 0, "decisions": {"supported": 173, "other_or_general": 13}, "elapsed_seconds": 183.0820186138153}
{"event": "task_complete", "fold": 3, "completed": 187, "total": 391, "format_errors": 0, "decisions": {"supported": 174, "other_or_general": 13}, "elapsed_seconds": 184.10975861549377}
{"event": "task_complete", "fold": 3, "completed": 188, "total": 391, "format_errors": 0, "decisions": {"supported": 175, "other_or_general": 13}, "elapsed_seconds": 185.14986968040466}
{"event": "task_complete", "fold": 3, "completed": 189, "total": 391, "format_errors": 0, "decisions": {"supported": 176, "other_or_general": 13}, "elapsed_seconds": 186.04275035858154}
{"event": "task_complete", "fold": 3, "completed": 190, "total": 391, "format_errors": 0, "decisions": {"supported": 177, "other_or_general": 13}, "elapsed_seconds": 186.93297672271729}
{"event": "task_complete", "fold": 3, "completed": 191, "total": 391, "format_errors": 0, "decisions": {"supported": 178, "other_or_general": 13}, "elapsed_seconds": 187.8264708518982}
{"event": "task_complete", "fold": 3, "completed": 192, "total": 391, "format_errors": 0, "decisions": {"supported": 179, "other_or_general": 13}, "elapsed_seconds": 188.7195417881012}
{"event": "task_complete", "fold": 3, "completed": 193, "total": 391, "format_errors": 0, "decisions": {"supported": 180, "other_or_general": 13}, "elapsed_seconds": 189.61735844612122}
{"event": "task_complete", "fold": 3, "completed": 194, "total": 391, "format_errors": 0, "decisions": {"supported": 181, "other_or_general": 13}, "elapsed_seconds": 190.50930523872375}
{"event": "task_complete", "fold": 3, "completed": 195, "total": 391, "format_errors": 0, "decisions": {"supported": 182, "other_or_general": 13}, "elapsed_seconds": 191.39627885818481}
{"event": "task_complete", "fold": 3, "completed": 196, "total": 391, "format_errors": 0, "decisions": {"supported": 183, "other_or_general": 13}, "elapsed_seconds": 192.2870545387268}
{"event": "task_complete", "fold": 3, "completed": 197, "total": 391, "format_errors": 0, "decisions": {"supported": 184, "other_or_general": 13}, "elapsed_seconds": 193.19286251068115}
{"event": "task_complete", "fold": 3, "completed": 198, "total": 391, "format_errors": 0, "decisions": {"supported": 185, "other_or_general": 13}, "elapsed_seconds": 194.10944819450378}
{"event": "task_complete", "fold": 3, "completed": 199, "total": 391, "format_errors": 0, "decisions": {"supported": 186, "other_or_general": 13}, "elapsed_seconds": 195.00626516342163}
{"event": "task_complete", "fold": 3, "completed": 200, "total": 391, "format_errors": 0, "decisions": {"supported": 187, "other_or_general": 13}, "elapsed_seconds": 195.94731211662292}
{"event": "task_complete", "fold": 3, "completed": 201, "total": 391, "format_errors": 0, "decisions": {"supported": 188, "other_or_general": 13}, "elapsed_seconds": 196.84356260299683}
{"event": "task_complete", "fold": 3, "completed": 202, "total": 391, "format_errors": 0, "decisions": {"supported": 189, "other_or_general": 13}, "elapsed_seconds": 197.73570823669434}
{"event": "task_complete", "fold": 3, "completed": 203, "total": 391, "format_errors": 0, "decisions": {"supported": 190, "other_or_general": 13}, "elapsed_seconds": 198.63314771652222}
{"event": "task_complete", "fold": 3, "completed": 204, "total": 391, "format_errors": 0, "decisions": {"supported": 191, "other_or_general": 13}, "elapsed_seconds": 199.52835845947266}
{"event": "task_complete", "fold": 3, "completed": 205, "total": 391, "format_errors": 0, "decisions": {"supported": 192, "other_or_general": 13}, "elapsed_seconds": 200.42172122001648}
{"event": "task_complete", "fold": 3, "completed": 206, "total": 391, "format_errors": 0, "decisions": {"supported": 193, "other_or_general": 13}, "elapsed_seconds": 201.31555652618408}
{"event": "task_complete", "fold": 3, "completed": 207, "total": 391, "format_errors": 0, "decisions": {"supported": 194, "other_or_general": 13}, "elapsed_seconds": 202.22096705436707}
{"event": "task_complete", "fold": 3, "completed": 208, "total": 391, "format_errors": 0, "decisions": {"supported": 195, "other_or_general": 13}, "elapsed_seconds": 203.12475848197937}
{"event": "task_complete", "fold": 3, "completed": 209, "total": 391, "format_errors": 0, "decisions": {"supported": 196, "other_or_general": 13}, "elapsed_seconds": 204.01616263389587}
{"event": "task_complete", "fold": 3, "completed": 210, "total": 391, "format_errors": 0, "decisions": {"supported": 197, "other_or_general": 13}, "elapsed_seconds": 204.93240904808044}
{"event": "task_complete", "fold": 3, "completed": 211, "total": 391, "format_errors": 0, "decisions": {"supported": 198, "other_or_general": 13}, "elapsed_seconds": 205.83730220794678}
{"event": "task_complete", "fold": 3, "completed": 212, "total": 391, "format_errors": 0, "decisions": {"supported": 199, "other_or_general": 13}, "elapsed_seconds": 206.74234819412231}
{"event": "task_complete", "fold": 3, "completed": 213, "total": 391, "format_errors": 0, "decisions": {"supported": 200, "other_or_general": 13}, "elapsed_seconds": 207.64561986923218}
{"event": "task_complete", "fold": 3, "completed": 214, "total": 391, "format_errors": 0, "decisions": {"supported": 200, "other_or_general": 14}, "elapsed_seconds": 208.67431092262268}
{"event": "task_complete", "fold": 3, "completed": 215, "total": 391, "format_errors": 0, "decisions": {"supported": 200, "other_or_general": 15}, "elapsed_seconds": 209.70360851287842}
{"event": "task_complete", "fold": 3, "completed": 216, "total": 391, "format_errors": 0, "decisions": {"supported": 201, "other_or_general": 15}, "elapsed_seconds": 210.61821365356445}
{"event": "task_complete", "fold": 3, "completed": 217, "total": 391, "format_errors": 0, "decisions": {"supported": 202, "other_or_general": 15}, "elapsed_seconds": 211.520446062088}
{"event": "task_complete", "fold": 3, "completed": 218, "total": 391, "format_errors": 0, "decisions": {"supported": 203, "other_or_general": 15}, "elapsed_seconds": 212.42958450317383}
{"event": "task_complete", "fold": 3, "completed": 219, "total": 391, "format_errors": 0, "decisions": {"supported": 204, "other_or_general": 15}, "elapsed_seconds": 213.34333062171936}
{"event": "task_complete", "fold": 3, "completed": 220, "total": 391, "format_errors": 0, "decisions": {"supported": 205, "other_or_general": 15}, "elapsed_seconds": 214.24434423446655}
{"event": "task_complete", "fold": 3, "completed": 221, "total": 391, "format_errors": 0, "decisions": {"supported": 206, "other_or_general": 15}, "elapsed_seconds": 215.13751888275146}
{"event": "task_complete", "fold": 3, "completed": 222, "total": 391, "format_errors": 0, "decisions": {"supported": 207, "other_or_general": 15}, "elapsed_seconds": 216.02347111701965}
{"event": "task_complete", "fold": 3, "completed": 223, "total": 391, "format_errors": 0, "decisions": {"supported": 208, "other_or_general": 15}, "elapsed_seconds": 216.92074251174927}
{"event": "task_complete", "fold": 3, "completed": 224, "total": 391, "format_errors": 0, "decisions": {"supported": 209, "other_or_general": 15}, "elapsed_seconds": 217.8106725215912}
{"event": "task_complete", "fold": 3, "completed": 225, "total": 391, "format_errors": 0, "decisions": {"supported": 210, "other_or_general": 15}, "elapsed_seconds": 218.70877695083618}
{"event": "task_complete", "fold": 3, "completed": 226, "total": 391, "format_errors": 0, "decisions": {"supported": 211, "other_or_general": 15}, "elapsed_seconds": 219.59861516952515}
{"event": "task_complete", "fold": 3, "completed": 227, "total": 391, "format_errors": 0, "decisions": {"supported": 212, "other_or_general": 15}, "elapsed_seconds": 220.50537395477295}
{"event": "task_complete", "fold": 3, "completed": 228, "total": 391, "format_errors": 0, "decisions": {"supported": 213, "other_or_general": 15}, "elapsed_seconds": 221.39396238327026}
{"event": "task_complete", "fold": 3, "completed": 229, "total": 391, "format_errors": 0, "decisions": {"supported": 214, "other_or_general": 15}, "elapsed_seconds": 222.29691743850708}
{"event": "task_complete", "fold": 3, "completed": 230, "total": 391, "format_errors": 0, "decisions": {"supported": 215, "other_or_general": 15}, "elapsed_seconds": 223.1916003227234}
{"event": "task_complete", "fold": 3, "completed": 231, "total": 391, "format_errors": 0, "decisions": {"supported": 216, "other_or_general": 15}, "elapsed_seconds": 224.09222722053528}
{"event": "task_complete", "fold": 3, "completed": 232, "total": 391, "format_errors": 0, "decisions": {"supported": 217, "other_or_general": 15}, "elapsed_seconds": 224.98566818237305}
{"event": "task_complete", "fold": 3, "completed": 233, "total": 391, "format_errors": 0, "decisions": {"supported": 218, "other_or_general": 15}, "elapsed_seconds": 225.88189959526062}
{"event": "task_complete", "fold": 3, "completed": 234, "total": 391, "format_errors": 0, "decisions": {"supported": 219, "other_or_general": 15}, "elapsed_seconds": 226.78379344940186}
{"event": "task_complete", "fold": 3, "completed": 235, "total": 391, "format_errors": 0, "decisions": {"supported": 220, "other_or_general": 15}, "elapsed_seconds": 227.6709542274475}
{"event": "task_complete", "fold": 3, "completed": 236, "total": 391, "format_errors": 0, "decisions": {"supported": 221, "other_or_general": 15}, "elapsed_seconds": 228.56408166885376}
{"event": "task_complete", "fold": 3, "completed": 237, "total": 391, "format_errors": 0, "decisions": {"supported": 222, "other_or_general": 15}, "elapsed_seconds": 229.46178817749023}
{"event": "task_complete", "fold": 3, "completed": 238, "total": 391, "format_errors": 0, "decisions": {"supported": 223, "other_or_general": 15}, "elapsed_seconds": 230.36480498313904}
{"event": "task_complete", "fold": 3, "completed": 239, "total": 391, "format_errors": 0, "decisions": {"supported": 224, "other_or_general": 15}, "elapsed_seconds": 231.2685022354126}
{"event": "task_complete", "fold": 3, "completed": 240, "total": 391, "format_errors": 0, "decisions": {"supported": 225, "other_or_general": 15}, "elapsed_seconds": 232.17138624191284}
{"event": "task_complete", "fold": 3, "completed": 241, "total": 391, "format_errors": 0, "decisions": {"supported": 226, "other_or_general": 15}, "elapsed_seconds": 233.12646865844727}
{"event": "task_complete", "fold": 3, "completed": 242, "total": 391, "format_errors": 0, "decisions": {"supported": 227, "other_or_general": 15}, "elapsed_seconds": 234.0159912109375}
{"event": "task_complete", "fold": 3, "completed": 243, "total": 391, "format_errors": 0, "decisions": {"supported": 228, "other_or_general": 15}, "elapsed_seconds": 234.9042501449585}
{"event": "task_complete", "fold": 3, "completed": 244, "total": 391, "format_errors": 0, "decisions": {"supported": 229, "other_or_general": 15}, "elapsed_seconds": 235.80432391166687}
{"event": "task_complete", "fold": 3, "completed": 245, "total": 391, "format_errors": 0, "decisions": {"supported": 230, "other_or_general": 15}, "elapsed_seconds": 236.69305515289307}
{"event": "task_complete", "fold": 3, "completed": 246, "total": 391, "format_errors": 0, "decisions": {"supported": 231, "other_or_general": 15}, "elapsed_seconds": 237.600830078125}
{"event": "task_complete", "fold": 3, "completed": 247, "total": 391, "format_errors": 0, "decisions": {"supported": 232, "other_or_general": 15}, "elapsed_seconds": 238.4957959651947}
{"event": "task_complete", "fold": 3, "completed": 248, "total": 391, "format_errors": 0, "decisions": {"supported": 233, "other_or_general": 15}, "elapsed_seconds": 239.3897511959076}
{"event": "task_complete", "fold": 3, "completed": 249, "total": 391, "format_errors": 0, "decisions": {"supported": 234, "other_or_general": 15}, "elapsed_seconds": 240.30356192588806}
{"event": "task_complete", "fold": 3, "completed": 250, "total": 391, "format_errors": 0, "decisions": {"supported": 235, "other_or_general": 15}, "elapsed_seconds": 241.21005058288574}
{"event": "task_complete", "fold": 3, "completed": 251, "total": 391, "format_errors": 0, "decisions": {"supported": 236, "other_or_general": 15}, "elapsed_seconds": 242.0970106124878}
{"event": "task_complete", "fold": 3, "completed": 252, "total": 391, "format_errors": 0, "decisions": {"supported": 237, "other_or_general": 15}, "elapsed_seconds": 243.00780534744263}
{"event": "task_complete", "fold": 3, "completed": 253, "total": 391, "format_errors": 0, "decisions": {"supported": 238, "other_or_general": 15}, "elapsed_seconds": 243.91034650802612}
{"event": "task_complete", "fold": 3, "completed": 254, "total": 391, "format_errors": 0, "decisions": {"supported": 239, "other_or_general": 15}, "elapsed_seconds": 244.79396653175354}
{"event": "task_complete", "fold": 3, "completed": 255, "total": 391, "format_errors": 0, "decisions": {"supported": 239, "other_or_general": 16}, "elapsed_seconds": 245.82896256446838}
{"event": "task_complete", "fold": 3, "completed": 256, "total": 391, "format_errors": 0, "decisions": {"supported": 240, "other_or_general": 16}, "elapsed_seconds": 246.72236323356628}
{"event": "task_complete", "fold": 3, "completed": 257, "total": 391, "format_errors": 0, "decisions": {"supported": 241, "other_or_general": 16}, "elapsed_seconds": 247.62073278427124}
{"event": "task_complete", "fold": 3, "completed": 258, "total": 391, "format_errors": 0, "decisions": {"supported": 242, "other_or_general": 16}, "elapsed_seconds": 248.52074766159058}
{"event": "task_complete", "fold": 3, "completed": 259, "total": 391, "format_errors": 0, "decisions": {"supported": 242, "other_or_general": 17}, "elapsed_seconds": 249.55867886543274}
{"event": "task_complete", "fold": 3, "completed": 260, "total": 391, "format_errors": 0, "decisions": {"supported": 243, "other_or_general": 17}, "elapsed_seconds": 250.44403672218323}
{"event": "task_complete", "fold": 3, "completed": 261, "total": 391, "format_errors": 0, "decisions": {"supported": 244, "other_or_general": 17}, "elapsed_seconds": 251.36057090759277}
{"event": "task_complete", "fold": 3, "completed": 262, "total": 391, "format_errors": 0, "decisions": {"supported": 245, "other_or_general": 17}, "elapsed_seconds": 252.2684190273285}
{"event": "task_complete", "fold": 3, "completed": 263, "total": 391, "format_errors": 0, "decisions": {"supported": 246, "other_or_general": 17}, "elapsed_seconds": 253.17115020751953}
{"event": "task_complete", "fold": 3, "completed": 264, "total": 391, "format_errors": 0, "decisions": {"supported": 247, "other_or_general": 17}, "elapsed_seconds": 254.06197452545166}
{"event": "task_complete", "fold": 3, "completed": 265, "total": 391, "format_errors": 0, "decisions": {"supported": 248, "other_or_general": 17}, "elapsed_seconds": 254.9594750404358}
{"event": "task_complete", "fold": 3, "completed": 266, "total": 391, "format_errors": 0, "decisions": {"supported": 249, "other_or_general": 17}, "elapsed_seconds": 255.85806250572205}
{"event": "task_complete", "fold": 3, "completed": 267, "total": 391, "format_errors": 0, "decisions": {"supported": 250, "other_or_general": 17}, "elapsed_seconds": 256.7611906528473}
{"event": "task_complete", "fold": 3, "completed": 268, "total": 391, "format_errors": 0, "decisions": {"supported": 251, "other_or_general": 17}, "elapsed_seconds": 257.6571123600006}
{"event": "task_complete", "fold": 3, "completed": 269, "total": 391, "format_errors": 0, "decisions": {"supported": 252, "other_or_general": 17}, "elapsed_seconds": 258.56273889541626}
{"event": "task_complete", "fold": 3, "completed": 270, "total": 391, "format_errors": 0, "decisions": {"supported": 253, "other_or_general": 17}, "elapsed_seconds": 259.4632477760315}
{"event": "task_complete", "fold": 3, "completed": 271, "total": 391, "format_errors": 0, "decisions": {"supported": 254, "other_or_general": 17}, "elapsed_seconds": 260.3626899719238}
{"event": "task_complete", "fold": 3, "completed": 272, "total": 391, "format_errors": 0, "decisions": {"supported": 255, "other_or_general": 17}, "elapsed_seconds": 261.2661533355713}
{"event": "task_complete", "fold": 3, "completed": 273, "total": 391, "format_errors": 0, "decisions": {"supported": 256, "other_or_general": 17}, "elapsed_seconds": 262.15461921691895}
{"event": "task_complete", "fold": 3, "completed": 274, "total": 391, "format_errors": 0, "decisions": {"supported": 257, "other_or_general": 17}, "elapsed_seconds": 263.0517008304596}
{"event": "task_complete", "fold": 3, "completed": 275, "total": 391, "format_errors": 0, "decisions": {"supported": 258, "other_or_general": 17}, "elapsed_seconds": 263.944091796875}
{"event": "task_complete", "fold": 3, "completed": 276, "total": 391, "format_errors": 0, "decisions": {"supported": 259, "other_or_general": 17}, "elapsed_seconds": 264.8383958339691}
{"event": "task_complete", "fold": 3, "completed": 277, "total": 391, "format_errors": 0, "decisions": {"supported": 260, "other_or_general": 17}, "elapsed_seconds": 265.7439298629761}
{"event": "task_complete", "fold": 3, "completed": 278, "total": 391, "format_errors": 0, "decisions": {"supported": 261, "other_or_general": 17}, "elapsed_seconds": 266.6477448940277}
{"event": "task_complete", "fold": 3, "completed": 279, "total": 391, "format_errors": 0, "decisions": {"supported": 262, "other_or_general": 17}, "elapsed_seconds": 267.56103324890137}
{"event": "task_complete", "fold": 3, "completed": 280, "total": 391, "format_errors": 0, "decisions": {"supported": 262, "other_or_general": 18}, "elapsed_seconds": 268.5994277000427}
{"event": "task_complete", "fold": 3, "completed": 281, "total": 391, "format_errors": 0, "decisions": {"supported": 263, "other_or_general": 18}, "elapsed_seconds": 269.5110411643982}
{"event": "task_complete", "fold": 3, "completed": 282, "total": 391, "format_errors": 0, "decisions": {"supported": 264, "other_or_general": 18}, "elapsed_seconds": 270.4212279319763}
{"event": "task_complete", "fold": 3, "completed": 283, "total": 391, "format_errors": 0, "decisions": {"supported": 265, "other_or_general": 18}, "elapsed_seconds": 271.32458782196045}
{"event": "task_complete", "fold": 3, "completed": 284, "total": 391, "format_errors": 0, "decisions": {"supported": 266, "other_or_general": 18}, "elapsed_seconds": 272.22668981552124}
{"event": "task_complete", "fold": 3, "completed": 285, "total": 391, "format_errors": 0, "decisions": {"supported": 267, "other_or_general": 18}, "elapsed_seconds": 273.1094889640808}
{"event": "task_complete", "fold": 3, "completed": 286, "total": 391, "format_errors": 0, "decisions": {"supported": 268, "other_or_general": 18}, "elapsed_seconds": 274.0038900375366}
{"event": "task_complete", "fold": 3, "completed": 287, "total": 391, "format_errors": 0, "decisions": {"supported": 269, "other_or_general": 18}, "elapsed_seconds": 274.90665435791016}
{"event": "task_complete", "fold": 3, "completed": 288, "total": 391, "format_errors": 0, "decisions": {"supported": 270, "other_or_general": 18}, "elapsed_seconds": 275.80995869636536}
{"event": "task_complete", "fold": 3, "completed": 289, "total": 391, "format_errors": 0, "decisions": {"supported": 271, "other_or_general": 18}, "elapsed_seconds": 276.7059180736542}
{"event": "task_complete", "fold": 3, "completed": 290, "total": 391, "format_errors": 0, "decisions": {"supported": 272, "other_or_general": 18}, "elapsed_seconds": 277.60650539398193}
{"event": "task_complete", "fold": 3, "completed": 291, "total": 391, "format_errors": 0, "decisions": {"supported": 273, "other_or_general": 18}, "elapsed_seconds": 278.4988327026367}
{"event": "task_complete", "fold": 3, "completed": 292, "total": 391, "format_errors": 0, "decisions": {"supported": 274, "other_or_general": 18}, "elapsed_seconds": 279.39707684516907}
{"event": "task_complete", "fold": 3, "completed": 293, "total": 391, "format_errors": 0, "decisions": {"supported": 275, "other_or_general": 18}, "elapsed_seconds": 280.2946605682373}
{"event": "task_complete", "fold": 3, "completed": 294, "total": 391, "format_errors": 0, "decisions": {"supported": 276, "other_or_general": 18}, "elapsed_seconds": 281.1985788345337}
{"event": "task_complete", "fold": 3, "completed": 295, "total": 391, "format_errors": 0, "decisions": {"supported": 277, "other_or_general": 18}, "elapsed_seconds": 282.10037446022034}
{"event": "task_complete", "fold": 3, "completed": 296, "total": 391, "format_errors": 0, "decisions": {"supported": 278, "other_or_general": 18}, "elapsed_seconds": 282.9865517616272}
{"event": "task_complete", "fold": 3, "completed": 297, "total": 391, "format_errors": 0, "decisions": {"supported": 279, "other_or_general": 18}, "elapsed_seconds": 283.8734107017517}
{"event": "task_complete", "fold": 3, "completed": 298, "total": 391, "format_errors": 0, "decisions": {"supported": 280, "other_or_general": 18}, "elapsed_seconds": 284.77519822120667}
{"event": "task_complete", "fold": 3, "completed": 299, "total": 391, "format_errors": 0, "decisions": {"supported": 281, "other_or_general": 18}, "elapsed_seconds": 285.6606996059418}
{"event": "task_complete", "fold": 3, "completed": 300, "total": 391, "format_errors": 0, "decisions": {"supported": 282, "other_or_general": 18}, "elapsed_seconds": 286.5542006492615}
{"event": "task_complete", "fold": 3, "completed": 301, "total": 391, "format_errors": 0, "decisions": {"supported": 283, "other_or_general": 18}, "elapsed_seconds": 287.4576244354248}
{"event": "task_complete", "fold": 3, "completed": 302, "total": 391, "format_errors": 0, "decisions": {"supported": 284, "other_or_general": 18}, "elapsed_seconds": 288.3439061641693}
{"event": "task_complete", "fold": 3, "completed": 303, "total": 391, "format_errors": 0, "decisions": {"supported": 285, "other_or_general": 18}, "elapsed_seconds": 289.2385447025299}
{"event": "task_complete", "fold": 3, "completed": 304, "total": 391, "format_errors": 0, "decisions": {"supported": 286, "other_or_general": 18}, "elapsed_seconds": 290.1360149383545}
{"event": "task_complete", "fold": 3, "completed": 305, "total": 391, "format_errors": 0, "decisions": {"supported": 287, "other_or_general": 18}, "elapsed_seconds": 291.0309398174286}
{"event": "task_complete", "fold": 3, "completed": 306, "total": 391, "format_errors": 0, "decisions": {"supported": 288, "other_or_general": 18}, "elapsed_seconds": 291.9371929168701}
{"event": "task_complete", "fold": 3, "completed": 307, "total": 391, "format_errors": 0, "decisions": {"supported": 289, "other_or_general": 18}, "elapsed_seconds": 292.84961462020874}
{"event": "task_complete", "fold": 3, "completed": 308, "total": 391, "format_errors": 0, "decisions": {"supported": 290, "other_or_general": 18}, "elapsed_seconds": 293.75498056411743}
{"event": "task_complete", "fold": 3, "completed": 309, "total": 391, "format_errors": 0, "decisions": {"supported": 291, "other_or_general": 18}, "elapsed_seconds": 294.6628541946411}
{"event": "task_complete", "fold": 3, "completed": 310, "total": 391, "format_errors": 0, "decisions": {"supported": 292, "other_or_general": 18}, "elapsed_seconds": 295.55878806114197}
{"event": "task_complete", "fold": 3, "completed": 311, "total": 391, "format_errors": 0, "decisions": {"supported": 293, "other_or_general": 18}, "elapsed_seconds": 296.4549648761749}
{"event": "task_complete", "fold": 3, "completed": 312, "total": 391, "format_errors": 0, "decisions": {"supported": 294, "other_or_general": 18}, "elapsed_seconds": 297.35122084617615}
{"event": "task_complete", "fold": 3, "completed": 313, "total": 391, "format_errors": 0, "decisions": {"supported": 295, "other_or_general": 18}, "elapsed_seconds": 298.2532365322113}
{"event": "task_complete", "fold": 3, "completed": 314, "total": 391, "format_errors": 0, "decisions": {"supported": 296, "other_or_general": 18}, "elapsed_seconds": 299.1526577472687}
{"event": "task_complete", "fold": 3, "completed": 315, "total": 391, "format_errors": 0, "decisions": {"supported": 297, "other_or_general": 18}, "elapsed_seconds": 300.0506966114044}
{"event": "task_complete", "fold": 3, "completed": 316, "total": 391, "format_errors": 0, "decisions": {"supported": 298, "other_or_general": 18}, "elapsed_seconds": 300.94566798210144}
{"event": "task_complete", "fold": 3, "completed": 317, "total": 391, "format_errors": 0, "decisions": {"supported": 299, "other_or_general": 18}, "elapsed_seconds": 301.8495593070984}
{"event": "task_complete", "fold": 3, "completed": 318, "total": 391, "format_errors": 0, "decisions": {"supported": 300, "other_or_general": 18}, "elapsed_seconds": 302.739862203598}
{"event": "task_complete", "fold": 3, "completed": 319, "total": 391, "format_errors": 0, "decisions": {"supported": 301, "other_or_general": 18}, "elapsed_seconds": 303.6361811161041}
{"event": "task_complete", "fold": 3, "completed": 320, "total": 391, "format_errors": 0, "decisions": {"supported": 302, "other_or_general": 18}, "elapsed_seconds": 304.54039692878723}
{"event": "task_complete", "fold": 3, "completed": 321, "total": 391, "format_errors": 0, "decisions": {"supported": 303, "other_or_general": 18}, "elapsed_seconds": 305.4560720920563}
{"event": "task_complete", "fold": 3, "completed": 322, "total": 391, "format_errors": 0, "decisions": {"supported": 304, "other_or_general": 18}, "elapsed_seconds": 306.3604712486267}
{"event": "task_complete", "fold": 3, "completed": 323, "total": 391, "format_errors": 0, "decisions": {"supported": 305, "other_or_general": 18}, "elapsed_seconds": 307.26227355003357}
{"event": "task_complete", "fold": 3, "completed": 324, "total": 391, "format_errors": 0, "decisions": {"supported": 306, "other_or_general": 18}, "elapsed_seconds": 308.14850664138794}
{"event": "task_complete", "fold": 3, "completed": 325, "total": 391, "format_errors": 0, "decisions": {"supported": 307, "other_or_general": 18}, "elapsed_seconds": 309.045437335968}
{"event": "task_complete", "fold": 3, "completed": 326, "total": 391, "format_errors": 0, "decisions": {"supported": 307, "other_or_general": 19}, "elapsed_seconds": 310.0833022594452}
{"event": "task_complete", "fold": 3, "completed": 327, "total": 391, "format_errors": 0, "decisions": {"supported": 308, "other_or_general": 19}, "elapsed_seconds": 310.98948073387146}
{"event": "task_complete", "fold": 3, "completed": 328, "total": 391, "format_errors": 0, "decisions": {"supported": 309, "other_or_general": 19}, "elapsed_seconds": 311.8908317089081}
{"event": "task_complete", "fold": 3, "completed": 329, "total": 391, "format_errors": 0, "decisions": {"supported": 310, "other_or_general": 19}, "elapsed_seconds": 312.79323267936707}
{"event": "task_complete", "fold": 3, "completed": 330, "total": 391, "format_errors": 0, "decisions": {"supported": 311, "other_or_general": 19}, "elapsed_seconds": 313.7453227043152}
{"event": "task_complete", "fold": 3, "completed": 331, "total": 391, "format_errors": 0, "decisions": {"supported": 312, "other_or_general": 19}, "elapsed_seconds": 314.6318304538727}
{"event": "task_complete", "fold": 3, "completed": 332, "total": 391, "format_errors": 0, "decisions": {"supported": 313, "other_or_general": 19}, "elapsed_seconds": 315.5847704410553}
{"event": "task_complete", "fold": 3, "completed": 333, "total": 391, "format_errors": 0, "decisions": {"supported": 314, "other_or_general": 19}, "elapsed_seconds": 316.4924292564392}
{"event": "task_complete", "fold": 3, "completed": 334, "total": 391, "format_errors": 0, "decisions": {"supported": 315, "other_or_general": 19}, "elapsed_seconds": 317.39621758461}
{"event": "task_complete", "fold": 3, "completed": 335, "total": 391, "format_errors": 0, "decisions": {"supported": 316, "other_or_general": 19}, "elapsed_seconds": 318.2984526157379}
{"event": "task_complete", "fold": 3, "completed": 336, "total": 391, "format_errors": 0, "decisions": {"supported": 317, "other_or_general": 19}, "elapsed_seconds": 319.19994139671326}
{"event": "task_complete", "fold": 3, "completed": 337, "total": 391, "format_errors": 0, "decisions": {"supported": 318, "other_or_general": 19}, "elapsed_seconds": 320.1020450592041}
{"event": "task_complete", "fold": 3, "completed": 338, "total": 391, "format_errors": 0, "decisions": {"supported": 319, "other_or_general": 19}, "elapsed_seconds": 320.99627017974854}
{"event": "task_complete", "fold": 3, "completed": 339, "total": 391, "format_errors": 0, "decisions": {"supported": 320, "other_or_general": 19}, "elapsed_seconds": 321.90039110183716}
{"event": "task_complete", "fold": 3, "completed": 340, "total": 391, "format_errors": 0, "decisions": {"supported": 321, "other_or_general": 19}, "elapsed_seconds": 322.80225443840027}
{"event": "task_complete", "fold": 3, "completed": 341, "total": 391, "format_errors": 0, "decisions": {"supported": 321, "other_or_general": 20}, "elapsed_seconds": 323.8401598930359}
{"event": "task_complete", "fold": 3, "completed": 342, "total": 391, "format_errors": 0, "decisions": {"supported": 322, "other_or_general": 20}, "elapsed_seconds": 324.74139761924744}
{"event": "task_complete", "fold": 3, "completed": 343, "total": 391, "format_errors": 0, "decisions": {"supported": 323, "other_or_general": 20}, "elapsed_seconds": 325.6500029563904}
{"event": "task_complete", "fold": 3, "completed": 344, "total": 391, "format_errors": 0, "decisions": {"supported": 324, "other_or_general": 20}, "elapsed_seconds": 326.5458583831787}
{"event": "task_complete", "fold": 3, "completed": 345, "total": 391, "format_errors": 0, "decisions": {"supported": 325, "other_or_general": 20}, "elapsed_seconds": 327.43993282318115}
{"event": "task_complete", "fold": 3, "completed": 346, "total": 391, "format_errors": 0, "decisions": {"supported": 326, "other_or_general": 20}, "elapsed_seconds": 328.38537192344666}
{"event": "task_complete", "fold": 3, "completed": 347, "total": 391, "format_errors": 0, "decisions": {"supported": 327, "other_or_general": 20}, "elapsed_seconds": 329.29326701164246}
{"event": "task_complete", "fold": 3, "completed": 348, "total": 391, "format_errors": 0, "decisions": {"supported": 328, "other_or_general": 20}, "elapsed_seconds": 330.206378698349}
{"event": "task_complete", "fold": 3, "completed": 349, "total": 391, "format_errors": 0, "decisions": {"supported": 329, "other_or_general": 20}, "elapsed_seconds": 331.1190655231476}
{"event": "task_complete", "fold": 3, "completed": 350, "total": 391, "format_errors": 0, "decisions": {"supported": 330, "other_or_general": 20}, "elapsed_seconds": 332.01702666282654}
{"event": "task_complete", "fold": 3, "completed": 351, "total": 391, "format_errors": 0, "decisions": {"supported": 331, "other_or_general": 20}, "elapsed_seconds": 332.92032980918884}
{"event": "task_complete", "fold": 3, "completed": 352, "total": 391, "format_errors": 0, "decisions": {"supported": 332, "other_or_general": 20}, "elapsed_seconds": 333.81839752197266}
{"event": "task_complete", "fold": 3, "completed": 353, "total": 391, "format_errors": 0, "decisions": {"supported": 333, "other_or_general": 20}, "elapsed_seconds": 334.72526574134827}
{"event": "task_complete", "fold": 3, "completed": 354, "total": 391, "format_errors": 0, "decisions": {"supported": 334, "other_or_general": 20}, "elapsed_seconds": 335.615437746048}
{"event": "task_complete", "fold": 3, "completed": 355, "total": 391, "format_errors": 0, "decisions": {"supported": 335, "other_or_general": 20}, "elapsed_seconds": 336.53611183166504}
{"event": "task_complete", "fold": 3, "completed": 356, "total": 391, "format_errors": 0, "decisions": {"supported": 336, "other_or_general": 20}, "elapsed_seconds": 337.4454252719879}
{"event": "task_complete", "fold": 3, "completed": 357, "total": 391, "format_errors": 0, "decisions": {"supported": 337, "other_or_general": 20}, "elapsed_seconds": 338.3600883483887}
{"event": "task_complete", "fold": 3, "completed": 358, "total": 391, "format_errors": 0, "decisions": {"supported": 338, "other_or_general": 20}, "elapsed_seconds": 339.2676022052765}
{"event": "task_complete", "fold": 3, "completed": 359, "total": 391, "format_errors": 0, "decisions": {"supported": 339, "other_or_general": 20}, "elapsed_seconds": 340.1745901107788}
{"event": "task_complete", "fold": 3, "completed": 360, "total": 391, "format_errors": 0, "decisions": {"supported": 340, "other_or_general": 20}, "elapsed_seconds": 341.08410716056824}
{"event": "task_complete", "fold": 3, "completed": 361, "total": 391, "format_errors": 0, "decisions": {"supported": 341, "other_or_general": 20}, "elapsed_seconds": 341.98663425445557}
{"event": "task_complete", "fold": 3, "completed": 362, "total": 391, "format_errors": 0, "decisions": {"supported": 342, "other_or_general": 20}, "elapsed_seconds": 342.88760209083557}
{"event": "task_complete", "fold": 3, "completed": 363, "total": 391, "format_errors": 0, "decisions": {"supported": 343, "other_or_general": 20}, "elapsed_seconds": 343.77783966064453}
{"event": "task_complete", "fold": 3, "completed": 364, "total": 391, "format_errors": 0, "decisions": {"supported": 344, "other_or_general": 20}, "elapsed_seconds": 344.6788432598114}
{"event": "task_complete", "fold": 3, "completed": 365, "total": 391, "format_errors": 0, "decisions": {"supported": 345, "other_or_general": 20}, "elapsed_seconds": 345.58854365348816}
{"event": "task_complete", "fold": 3, "completed": 366, "total": 391, "format_errors": 0, "decisions": {"supported": 345, "other_or_general": 21}, "elapsed_seconds": 346.81564474105835}
{"event": "task_complete", "fold": 3, "completed": 367, "total": 391, "format_errors": 0, "decisions": {"supported": 346, "other_or_general": 21}, "elapsed_seconds": 347.71178674697876}
{"event": "task_complete", "fold": 3, "completed": 368, "total": 391, "format_errors": 0, "decisions": {"supported": 347, "other_or_general": 21}, "elapsed_seconds": 348.60599970817566}
{"event": "task_complete", "fold": 3, "completed": 369, "total": 391, "format_errors": 0, "decisions": {"supported": 348, "other_or_general": 21}, "elapsed_seconds": 349.50189781188965}
{"event": "task_complete", "fold": 3, "completed": 370, "total": 391, "format_errors": 0, "decisions": {"supported": 349, "other_or_general": 21}, "elapsed_seconds": 350.39137506484985}
{"event": "task_complete", "fold": 3, "completed": 371, "total": 391, "format_errors": 0, "decisions": {"supported": 350, "other_or_general": 21}, "elapsed_seconds": 351.29659938812256}
{"event": "task_complete", "fold": 3, "completed": 372, "total": 391, "format_errors": 0, "decisions": {"supported": 351, "other_or_general": 21}, "elapsed_seconds": 352.19574880599976}
{"event": "task_complete", "fold": 3, "completed": 373, "total": 391, "format_errors": 0, "decisions": {"supported": 352, "other_or_general": 21}, "elapsed_seconds": 353.1000506877899}
{"event": "task_complete", "fold": 3, "completed": 374, "total": 391, "format_errors": 0, "decisions": {"supported": 353, "other_or_general": 21}, "elapsed_seconds": 354.1903681755066}
{"event": "task_complete", "fold": 3, "completed": 375, "total": 391, "format_errors": 0, "decisions": {"supported": 354, "other_or_general": 21}, "elapsed_seconds": 355.0947198867798}
{"event": "task_complete", "fold": 3, "completed": 376, "total": 391, "format_errors": 0, "decisions": {"supported": 355, "other_or_general": 21}, "elapsed_seconds": 355.9991385936737}
{"event": "task_complete", "fold": 3, "completed": 377, "total": 391, "format_errors": 0, "decisions": {"supported": 356, "other_or_general": 21}, "elapsed_seconds": 356.90952038764954}
{"event": "task_complete", "fold": 3, "completed": 378, "total": 391, "format_errors": 0, "decisions": {"supported": 357, "other_or_general": 21}, "elapsed_seconds": 357.81273913383484}
{"event": "task_complete", "fold": 3, "completed": 379, "total": 391, "format_errors": 0, "decisions": {"supported": 358, "other_or_general": 21}, "elapsed_seconds": 358.71790313720703}
{"event": "task_complete", "fold": 3, "completed": 380, "total": 391, "format_errors": 0, "decisions": {"supported": 359, "other_or_general": 21}, "elapsed_seconds": 359.61668038368225}
{"event": "task_complete", "fold": 3, "completed": 381, "total": 391, "format_errors": 0, "decisions": {"supported": 360, "other_or_general": 21}, "elapsed_seconds": 360.57358837127686}
{"event": "task_complete", "fold": 3, "completed": 382, "total": 391, "format_errors": 0, "decisions": {"supported": 360, "other_or_general": 22}, "elapsed_seconds": 361.6033899784088}
{"event": "task_complete", "fold": 3, "completed": 383, "total": 391, "format_errors": 0, "decisions": {"supported": 361, "other_or_general": 22}, "elapsed_seconds": 362.5192472934723}
{"event": "task_complete", "fold": 3, "completed": 384, "total": 391, "format_errors": 0, "decisions": {"supported": 362, "other_or_general": 22}, "elapsed_seconds": 363.4282920360565}
{"event": "task_complete", "fold": 3, "completed": 385, "total": 391, "format_errors": 0, "decisions": {"supported": 363, "other_or_general": 22}, "elapsed_seconds": 364.33302330970764}
{"event": "task_complete", "fold": 3, "completed": 386, "total": 391, "format_errors": 0, "decisions": {"supported": 364, "other_or_general": 22}, "elapsed_seconds": 365.4249475002289}
{"event": "task_complete", "fold": 3, "completed": 387, "total": 391, "format_errors": 0, "decisions": {"supported": 365, "other_or_general": 22}, "elapsed_seconds": 366.3316843509674}
{"event": "task_complete", "fold": 3, "completed": 388, "total": 391, "format_errors": 0, "decisions": {"supported": 366, "other_or_general": 22}, "elapsed_seconds": 367.23722100257874}
{"event": "task_complete", "fold": 3, "completed": 389, "total": 391, "format_errors": 0, "decisions": {"supported": 367, "other_or_general": 22}, "elapsed_seconds": 368.1509027481079}
{"event": "task_complete", "fold": 3, "completed": 390, "total": 391, "format_errors": 0, "decisions": {"supported": 368, "other_or_general": 22}, "elapsed_seconds": 369.0559103488922}
{"event": "task_complete", "fold": 3, "completed": 391, "total": 391, "format_errors": 0, "decisions": {"supported": 369, "other_or_general": 22}, "elapsed_seconds": 369.9475886821747}
{"event": "completed", "fold": 3, "validation_document_ids": ["11235872", "11765409", "11986149", "12017973", "12733031", "12811285", "2964533", "4644339", "4678370", "5538066", "5773845", "6048891", "6059678", "6063015", "6151044", "6219255"], "upstream_training_document_ids": ["10313222", "10553122", "10789033", "11196099", "11203018", "11221135", "11826603", "11871647", "11906559", "11919040", "12059664", "12078887", "12110755", "12110769", "12118522", "12126309", "12147048", "12250201", "12334843", "12386172", "12405443", "12444410", "12455887", "12628480", "12640707", "12646972", "12652105", "12779223", "12798528", "12846941", "12891056", "2866573", "3563609", "4607013", "4899602", "5023785", "5368377", "5415817", "5422868", "5425407", "5452357", "5473715", "5537416", "5562981", "5574094", "5575846", "5693559", "5763540", "5789735", "5793168", "5866036", "5959423", "5970456", "6036836", "6049015", "6057141", "6096008", "6134758", "6220403", "6332535", "6338757", "6390251", "6491447", "9327653"], "llm_training_document_ids": [], "demonstration_document_ids": [], "answers_removed_before_prompting": true, "baseline_exact_replay": true, "plan_sha256": "7072109360d9b7e9e20b61a0589e6b216ad6e71973e1a6a222cb71adc7d87b9f", "task_count": 391, "tasks_sha256": "736d6cd38bf0554c6b0359ce3d4e669d171ed75dc2f915bb109ecaf03d64fe77", "acronym_tasks": 73, "tasks_with_document_definitions": 70, "max_input_tokens": 806, "maximum_grammar_tokens": 16, "protocol_module": "patientphex.llm_concept_review", "source_truncation": false, "hard_nonthinking": true, "status": "completed", "decisions_sha256": "9d2bfcabfd9c71d13315132e005b9a8a6c2cdf8c5a145d457344888cbfef16cd", "format_success_rate": 1.0, "format_errors": 0, "elapsed_seconds": 369.9630057811737, "physical_gpu": "0", "peak_allocated_gib": 16.417583465576172, "generated_tokens": 4808, "generation_seconds": 362.5809442996979, "decisions": {"supported": 369, "other_or_general": 22}}
