{"event": "prompts_prepared", "fold": 2, "validation_document_ids": ["10789033", "12110755", "12118522", "12147048", "12334843", "12386172", "12405443", "12444410", "12891056", "5422868", "5473715", "5574094", "5575846", "5959423", "6134758", "6491447"], "upstream_training_document_ids": ["10313222", "10553122", "11196099", "11203018", "11221135", "11235872", "11765409", "11826603", "11871647", "11906559", "11919040", "11986149", "12017973", "12059664", "12078887", "12110769", "12126309", "12250201", "12455887", "12628480", "12640707", "12646972", "12652105", "12733031", "12779223", "12798528", "12811285", "12846941", "2866573", "2964533", "3563609", "4607013", "4644339", "4678370", "4899602", "5023785", "5368377", "5415817", "5425407", "5452357", "5537416", "5538066", "5562981", "5693559", "5763540", "5773845", "5789735", "5793168", "5866036", "5970456", "6036836", "6048891", "6049015", "6057141", "6059678", "6063015", "6096008", "6151044", "6219255", "6220403", "6332535", "6338757", "6390251", "9327653"], "llm_training_document_ids": [], "demonstration_document_ids": [], "answers_removed_before_prompting": true, "baseline_exact_replay": true, "plan_sha256": "7072109360d9b7e9e20b61a0589e6b216ad6e71973e1a6a222cb71adc7d87b9f", "task_count": 487, "tasks_sha256": "2f2cdcff0835e498c8f2356e187fd7dde7b680470e71e9193a4121fcafe0b372", "acronym_tasks": 85, "tasks_with_document_definitions": 81, "max_input_tokens": 843, "maximum_grammar_tokens": 16, "protocol_module": "patientphex.llm_concept_review", "source_truncation": false, "hard_nonthinking": true}
Loading checkpoint shards:   0%|          | 0/5 [00:00<?, ?it/s]Loading checkpoint shards:  20%|██        | 1/5 [00:01<00:06,  1.70s/it]Loading checkpoint shards:  40%|████      | 2/5 [00:03<00:04,  1.54s/it]Loading checkpoint shards:  60%|██████    | 3/5 [00:04<00:02,  1.48s/it]Loading checkpoint shards:  80%|████████  | 4/5 [00:05<00:01,  1.34s/it]Loading checkpoint shards: 100%|██████████| 5/5 [00:06<00:00,  1.01s/it]Loading checkpoint shards: 100%|██████████| 5/5 [00:06<00:00,  1.22s/it]
{"event": "task_complete", "fold": 2, "completed": 1, "total": 487, "format_errors": 0, "decisions": {"supported": 1}, "elapsed_seconds": 10.067690134048462}
{"event": "task_complete", "fold": 2, "completed": 2, "total": 487, "format_errors": 0, "decisions": {"supported": 2}, "elapsed_seconds": 10.993557214736938}
{"event": "task_complete", "fold": 2, "completed": 3, "total": 487, "format_errors": 0, "decisions": {"supported": 2, "other_or_general": 1}, "elapsed_seconds": 12.032989025115967}
{"event": "task_complete", "fold": 2, "completed": 4, "total": 487, "format_errors": 0, "decisions": {"supported": 3, "other_or_general": 1}, "elapsed_seconds": 12.931128025054932}
{"event": "task_complete", "fold": 2, "completed": 5, "total": 487, "format_errors": 0, "decisions": {"supported": 4, "other_or_general": 1}, "elapsed_seconds": 13.833994388580322}
{"event": "task_complete", "fold": 2, "completed": 6, "total": 487, "format_errors": 0, "decisions": {"supported": 5, "other_or_general": 1}, "elapsed_seconds": 14.73697304725647}
{"event": "task_complete", "fold": 2, "completed": 7, "total": 487, "format_errors": 0, "decisions": {"supported": 6, "other_or_general": 1}, "elapsed_seconds": 15.635481834411621}
{"event": "task_complete", "fold": 2, "completed": 8, "total": 487, "format_errors": 0, "decisions": {"supported": 7, "other_or_general": 1}, "elapsed_seconds": 16.5414297580719}
{"event": "task_complete", "fold": 2, "completed": 9, "total": 487, "format_errors": 0, "decisions": {"supported": 8, "other_or_general": 1}, "elapsed_seconds": 17.457484006881714}
{"event": "task_complete", "fold": 2, "completed": 10, "total": 487, "format_errors": 0, "decisions": {"supported": 9, "other_or_general": 1}, "elapsed_seconds": 18.37644672393799}
{"event": "task_complete", "fold": 2, "completed": 11, "total": 487, "format_errors": 0, "decisions": {"supported": 9, "other_or_general": 2}, "elapsed_seconds": 19.422187566757202}
{"event": "task_complete", "fold": 2, "completed": 12, "total": 487, "format_errors": 0, "decisions": {"supported": 10, "other_or_general": 2}, "elapsed_seconds": 20.332452535629272}
{"event": "task_complete", "fold": 2, "completed": 13, "total": 487, "format_errors": 0, "decisions": {"supported": 11, "other_or_general": 2}, "elapsed_seconds": 21.240957736968994}
{"event": "task_complete", "fold": 2, "completed": 14, "total": 487, "format_errors": 0, "decisions": {"supported": 12, "other_or_general": 2}, "elapsed_seconds": 22.149497509002686}
{"event": "task_complete", "fold": 2, "completed": 15, "total": 487, "format_errors": 0, "decisions": {"supported": 13, "other_or_general": 2}, "elapsed_seconds": 23.05697011947632}
{"event": "task_complete", "fold": 2, "completed": 16, "total": 487, "format_errors": 0, "decisions": {"supported": 14, "other_or_general": 2}, "elapsed_seconds": 23.96027159690857}
{"event": "task_complete", "fold": 2, "completed": 17, "total": 487, "format_errors": 0, "decisions": {"supported": 15, "other_or_general": 2}, "elapsed_seconds": 24.86043357849121}
{"event": "task_complete", "fold": 2, "completed": 18, "total": 487, "format_errors": 0, "decisions": {"supported": 15, "other_or_general": 3}, "elapsed_seconds": 25.904895305633545}
{"event": "task_complete", "fold": 2, "completed": 19, "total": 487, "format_errors": 0, "decisions": {"supported": 16, "other_or_general": 3}, "elapsed_seconds": 26.816976308822632}
{"event": "task_complete", "fold": 2, "completed": 20, "total": 487, "format_errors": 0, "decisions": {"supported": 17, "other_or_general": 3}, "elapsed_seconds": 27.729793787002563}
{"event": "task_complete", "fold": 2, "completed": 21, "total": 487, "format_errors": 0, "decisions": {"supported": 17, "other_or_general": 4}, "elapsed_seconds": 28.78347873687744}
{"event": "task_complete", "fold": 2, "completed": 22, "total": 487, "format_errors": 0, "decisions": {"supported": 18, "other_or_general": 4}, "elapsed_seconds": 29.677891731262207}
{"event": "task_complete", "fold": 2, "completed": 23, "total": 487, "format_errors": 0, "decisions": {"supported": 19, "other_or_general": 4}, "elapsed_seconds": 30.587918281555176}
{"event": "task_complete", "fold": 2, "completed": 24, "total": 487, "format_errors": 0, "decisions": {"supported": 20, "other_or_general": 4}, "elapsed_seconds": 31.50139355659485}
{"event": "task_complete", "fold": 2, "completed": 25, "total": 487, "format_errors": 0, "decisions": {"supported": 21, "other_or_general": 4}, "elapsed_seconds": 32.422491788864136}
{"event": "task_complete", "fold": 2, "completed": 26, "total": 487, "format_errors": 0, "decisions": {"supported": 22, "other_or_general": 4}, "elapsed_seconds": 33.34450030326843}
{"event": "task_complete", "fold": 2, "completed": 27, "total": 487, "format_errors": 0, "decisions": {"supported": 23, "other_or_general": 4}, "elapsed_seconds": 34.25985288619995}
{"event": "task_complete", "fold": 2, "completed": 28, "total": 487, "format_errors": 0, "decisions": {"supported": 24, "other_or_general": 4}, "elapsed_seconds": 35.17054510116577}
{"event": "task_complete", "fold": 2, "completed": 29, "total": 487, "format_errors": 0, "decisions": {"supported": 24, "other_or_general": 5}, "elapsed_seconds": 36.21531057357788}
{"event": "task_complete", "fold": 2, "completed": 30, "total": 487, "format_errors": 0, "decisions": {"supported": 25, "other_or_general": 5}, "elapsed_seconds": 37.12417960166931}
{"event": "task_complete", "fold": 2, "completed": 31, "total": 487, "format_errors": 0, "decisions": {"supported": 26, "other_or_general": 5}, "elapsed_seconds": 38.04223442077637}
{"event": "task_complete", "fold": 2, "completed": 32, "total": 487, "format_errors": 0, "decisions": {"supported": 27, "other_or_general": 5}, "elapsed_seconds": 38.95563054084778}
{"event": "task_complete", "fold": 2, "completed": 33, "total": 487, "format_errors": 0, "decisions": {"supported": 28, "other_or_general": 5}, "elapsed_seconds": 39.87267470359802}
{"event": "task_complete", "fold": 2, "completed": 34, "total": 487, "format_errors": 0, "decisions": {"supported": 29, "other_or_general": 5}, "elapsed_seconds": 40.77698254585266}
{"event": "task_complete", "fold": 2, "completed": 35, "total": 487, "format_errors": 0, "decisions": {"supported": 30, "other_or_general": 5}, "elapsed_seconds": 41.68338918685913}
{"event": "task_complete", "fold": 2, "completed": 36, "total": 487, "format_errors": 0, "decisions": {"supported": 31, "other_or_general": 5}, "elapsed_seconds": 42.59537386894226}
{"event": "task_complete", "fold": 2, "completed": 37, "total": 487, "format_errors": 0, "decisions": {"supported": 32, "other_or_general": 5}, "elapsed_seconds": 43.520652294158936}
{"event": "task_complete", "fold": 2, "completed": 38, "total": 487, "format_errors": 0, "decisions": {"supported": 33, "other_or_general": 5}, "elapsed_seconds": 44.631181955337524}
{"event": "task_complete", "fold": 2, "completed": 39, "total": 487, "format_errors": 0, "decisions": {"supported": 34, "other_or_general": 5}, "elapsed_seconds": 45.55458998680115}
{"event": "task_complete", "fold": 2, "completed": 40, "total": 487, "format_errors": 0, "decisions": {"supported": 35, "other_or_general": 5}, "elapsed_seconds": 46.52021837234497}
{"event": "task_complete", "fold": 2, "completed": 41, "total": 487, "format_errors": 0, "decisions": {"supported": 36, "other_or_general": 5}, "elapsed_seconds": 47.52545499801636}
{"event": "task_complete", "fold": 2, "completed": 42, "total": 487, "format_errors": 0, "decisions": {"supported": 37, "other_or_general": 5}, "elapsed_seconds": 48.44077491760254}
{"event": "task_complete", "fold": 2, "completed": 43, "total": 487, "format_errors": 0, "decisions": {"supported": 38, "other_or_general": 5}, "elapsed_seconds": 49.563634157180786}
{"event": "task_complete", "fold": 2, "completed": 44, "total": 487, "format_errors": 0, "decisions": {"supported": 39, "other_or_general": 5}, "elapsed_seconds": 50.474146366119385}
{"event": "task_complete", "fold": 2, "completed": 45, "total": 487, "format_errors": 0, "decisions": {"supported": 40, "other_or_general": 5}, "elapsed_seconds": 51.58521389961243}
{"event": "task_complete", "fold": 2, "completed": 46, "total": 487, "format_errors": 0, "decisions": {"supported": 41, "other_or_general": 5}, "elapsed_seconds": 52.500324964523315}
{"event": "task_complete", "fold": 2, "completed": 47, "total": 487, "format_errors": 0, "decisions": {"supported": 42, "other_or_general": 5}, "elapsed_seconds": 53.418445348739624}
{"event": "task_complete", "fold": 2, "completed": 48, "total": 487, "format_errors": 0, "decisions": {"supported": 43, "other_or_general": 5}, "elapsed_seconds": 54.33739972114563}
{"event": "task_complete", "fold": 2, "completed": 49, "total": 487, "format_errors": 0, "decisions": {"supported": 44, "other_or_general": 5}, "elapsed_seconds": 55.258647441864014}
{"event": "task_complete", "fold": 2, "completed": 50, "total": 487, "format_errors": 0, "decisions": {"supported": 45, "other_or_general": 5}, "elapsed_seconds": 56.1729199886322}
{"event": "task_complete", "fold": 2, "completed": 51, "total": 487, "format_errors": 0, "decisions": {"supported": 45, "other_or_general": 6}, "elapsed_seconds": 57.21697640419006}
{"event": "task_complete", "fold": 2, "completed": 52, "total": 487, "format_errors": 0, "decisions": {"supported": 45, "other_or_general": 7}, "elapsed_seconds": 58.327564001083374}
{"event": "task_complete", "fold": 2, "completed": 53, "total": 487, "format_errors": 0, "decisions": {"supported": 46, "other_or_general": 7}, "elapsed_seconds": 59.25735902786255}
{"event": "task_complete", "fold": 2, "completed": 54, "total": 487, "format_errors": 0, "decisions": {"supported": 47, "other_or_general": 7}, "elapsed_seconds": 60.17867469787598}
{"event": "task_complete", "fold": 2, "completed": 55, "total": 487, "format_errors": 0, "decisions": {"supported": 48, "other_or_general": 7}, "elapsed_seconds": 61.286948442459106}
{"event": "task_complete", "fold": 2, "completed": 56, "total": 487, "format_errors": 0, "decisions": {"supported": 49, "other_or_general": 7}, "elapsed_seconds": 62.199706077575684}
{"event": "task_complete", "fold": 2, "completed": 57, "total": 487, "format_errors": 0, "decisions": {"supported": 50, "other_or_general": 7}, "elapsed_seconds": 63.11489295959473}
{"event": "task_complete", "fold": 2, "completed": 58, "total": 487, "format_errors": 0, "decisions": {"supported": 51, "other_or_general": 7}, "elapsed_seconds": 64.22308111190796}
{"event": "task_complete", "fold": 2, "completed": 59, "total": 487, "format_errors": 0, "decisions": {"supported": 52, "other_or_general": 7}, "elapsed_seconds": 65.13915276527405}
{"event": "task_complete", "fold": 2, "completed": 60, "total": 487, "format_errors": 0, "decisions": {"supported": 53, "other_or_general": 7}, "elapsed_seconds": 66.06037068367004}
{"event": "task_complete", "fold": 2, "completed": 61, "total": 487, "format_errors": 0, "decisions": {"supported": 54, "other_or_general": 7}, "elapsed_seconds": 67.00507283210754}
{"event": "task_complete", "fold": 2, "completed": 62, "total": 487, "format_errors": 0, "decisions": {"supported": 55, "other_or_general": 7}, "elapsed_seconds": 67.95163822174072}
{"event": "task_complete", "fold": 2, "completed": 63, "total": 487, "format_errors": 0, "decisions": {"supported": 56, "other_or_general": 7}, "elapsed_seconds": 68.88212180137634}
{"event": "task_complete", "fold": 2, "completed": 64, "total": 487, "format_errors": 0, "decisions": {"supported": 57, "other_or_general": 7}, "elapsed_seconds": 69.80929827690125}
{"event": "task_complete", "fold": 2, "completed": 65, "total": 487, "format_errors": 0, "decisions": {"supported": 57, "other_or_general": 8}, "elapsed_seconds": 70.86712718009949}
{"event": "task_complete", "fold": 2, "completed": 66, "total": 487, "format_errors": 0, "decisions": {"supported": 57, "other_or_general": 9}, "elapsed_seconds": 71.92055869102478}
{"event": "task_complete", "fold": 2, "completed": 67, "total": 487, "format_errors": 0, "decisions": {"supported": 57, "other_or_general": 10}, "elapsed_seconds": 72.98079109191895}
{"event": "task_complete", "fold": 2, "completed": 68, "total": 487, "format_errors": 0, "decisions": {"supported": 58, "other_or_general": 10}, "elapsed_seconds": 73.88805866241455}
{"event": "task_complete", "fold": 2, "completed": 69, "total": 487, "format_errors": 0, "decisions": {"supported": 59, "other_or_general": 10}, "elapsed_seconds": 74.79712915420532}
{"event": "task_complete", "fold": 2, "completed": 70, "total": 487, "format_errors": 0, "decisions": {"supported": 60, "other_or_general": 10}, "elapsed_seconds": 75.6940848827362}
{"event": "task_complete", "fold": 2, "completed": 71, "total": 487, "format_errors": 0, "decisions": {"supported": 61, "other_or_general": 10}, "elapsed_seconds": 76.5924928188324}
{"event": "task_complete", "fold": 2, "completed": 72, "total": 487, "format_errors": 0, "decisions": {"supported": 62, "other_or_general": 10}, "elapsed_seconds": 77.50615501403809}
{"event": "task_complete", "fold": 2, "completed": 73, "total": 487, "format_errors": 0, "decisions": {"supported": 62, "other_or_general": 11}, "elapsed_seconds": 78.55456614494324}
{"event": "task_complete", "fold": 2, "completed": 74, "total": 487, "format_errors": 0, "decisions": {"supported": 62, "other_or_general": 12}, "elapsed_seconds": 79.61635565757751}
{"event": "task_complete", "fold": 2, "completed": 75, "total": 487, "format_errors": 0, "decisions": {"supported": 62, "other_or_general": 13}, "elapsed_seconds": 80.6611738204956}
{"event": "task_complete", "fold": 2, "completed": 76, "total": 487, "format_errors": 0, "decisions": {"supported": 62, "other_or_general": 14}, "elapsed_seconds": 81.84695839881897}
{"event": "task_complete", "fold": 2, "completed": 77, "total": 487, "format_errors": 0, "decisions": {"supported": 63, "other_or_general": 14}, "elapsed_seconds": 82.83298563957214}
{"event": "task_complete", "fold": 2, "completed": 78, "total": 487, "format_errors": 0, "decisions": {"supported": 63, "other_or_general": 15}, "elapsed_seconds": 83.89630842208862}
{"event": "task_complete", "fold": 2, "completed": 79, "total": 487, "format_errors": 0, "decisions": {"supported": 64, "other_or_general": 15}, "elapsed_seconds": 84.81651496887207}
{"event": "task_complete", "fold": 2, "completed": 80, "total": 487, "format_errors": 0, "decisions": {"supported": 65, "other_or_general": 15}, "elapsed_seconds": 85.73765444755554}
{"event": "task_complete", "fold": 2, "completed": 81, "total": 487, "format_errors": 0, "decisions": {"supported": 66, "other_or_general": 15}, "elapsed_seconds": 86.65699863433838}
{"event": "task_complete", "fold": 2, "completed": 82, "total": 487, "format_errors": 0, "decisions": {"supported": 67, "other_or_general": 15}, "elapsed_seconds": 87.57304191589355}
{"event": "task_complete", "fold": 2, "completed": 83, "total": 487, "format_errors": 0, "decisions": {"supported": 68, "other_or_general": 15}, "elapsed_seconds": 88.48756504058838}
{"event": "task_complete", "fold": 2, "completed": 84, "total": 487, "format_errors": 0, "decisions": {"supported": 69, "other_or_general": 15}, "elapsed_seconds": 89.40390801429749}
{"event": "task_complete", "fold": 2, "completed": 85, "total": 487, "format_errors": 0, "decisions": {"supported": 70, "other_or_general": 15}, "elapsed_seconds": 90.33112168312073}
{"event": "task_complete", "fold": 2, "completed": 86, "total": 487, "format_errors": 0, "decisions": {"supported": 70, "other_or_general": 16}, "elapsed_seconds": 91.39139652252197}
{"event": "task_complete", "fold": 2, "completed": 87, "total": 487, "format_errors": 0, "decisions": {"supported": 71, "other_or_general": 16}, "elapsed_seconds": 92.37213587760925}
{"event": "task_complete", "fold": 2, "completed": 88, "total": 487, "format_errors": 0, "decisions": {"supported": 71, "other_or_general": 17}, "elapsed_seconds": 93.44335579872131}
{"event": "task_complete", "fold": 2, "completed": 89, "total": 487, "format_errors": 0, "decisions": {"supported": 72, "other_or_general": 17}, "elapsed_seconds": 94.37493395805359}
{"event": "task_complete", "fold": 2, "completed": 90, "total": 487, "format_errors": 0, "decisions": {"supported": 73, "other_or_general": 17}, "elapsed_seconds": 95.30667495727539}
{"event": "task_complete", "fold": 2, "completed": 91, "total": 487, "format_errors": 0, "decisions": {"supported": 74, "other_or_general": 17}, "elapsed_seconds": 96.56190633773804}
{"event": "task_complete", "fold": 2, "completed": 92, "total": 487, "format_errors": 0, "decisions": {"supported": 75, "other_or_general": 17}, "elapsed_seconds": 97.48224115371704}
{"event": "task_complete", "fold": 2, "completed": 93, "total": 487, "format_errors": 0, "decisions": {"supported": 76, "other_or_general": 17}, "elapsed_seconds": 98.4037516117096}
{"event": "task_complete", "fold": 2, "completed": 94, "total": 487, "format_errors": 0, "decisions": {"supported": 77, "other_or_general": 17}, "elapsed_seconds": 99.57020974159241}
{"event": "task_complete", "fold": 2, "completed": 95, "total": 487, "format_errors": 0, "decisions": {"supported": 78, "other_or_general": 17}, "elapsed_seconds": 100.59252190589905}
{"event": "task_complete", "fold": 2, "completed": 96, "total": 487, "format_errors": 0, "decisions": {"supported": 79, "other_or_general": 17}, "elapsed_seconds": 101.75530195236206}
{"event": "task_complete", "fold": 2, "completed": 97, "total": 487, "format_errors": 0, "decisions": {"supported": 80, "other_or_general": 17}, "elapsed_seconds": 102.84500622749329}
{"event": "task_complete", "fold": 2, "completed": 98, "total": 487, "format_errors": 0, "decisions": {"supported": 81, "other_or_general": 17}, "elapsed_seconds": 103.8873143196106}
{"event": "task_complete", "fold": 2, "completed": 99, "total": 487, "format_errors": 0, "decisions": {"supported": 82, "other_or_general": 17}, "elapsed_seconds": 104.95716881752014}
{"event": "task_complete", "fold": 2, "completed": 100, "total": 487, "format_errors": 0, "decisions": {"supported": 83, "other_or_general": 17}, "elapsed_seconds": 106.12907266616821}
{"event": "task_complete", "fold": 2, "completed": 101, "total": 487, "format_errors": 0, "decisions": {"supported": 84, "other_or_general": 17}, "elapsed_seconds": 107.08205270767212}
{"event": "task_complete", "fold": 2, "completed": 102, "total": 487, "format_errors": 0, "decisions": {"supported": 85, "other_or_general": 17}, "elapsed_seconds": 108.0460774898529}
{"event": "task_complete", "fold": 2, "completed": 103, "total": 487, "format_errors": 0, "decisions": {"supported": 85, "other_or_general": 18}, "elapsed_seconds": 109.15803027153015}
{"event": "task_complete", "fold": 2, "completed": 104, "total": 487, "format_errors": 0, "decisions": {"supported": 86, "other_or_general": 18}, "elapsed_seconds": 110.114914894104}
{"event": "task_complete", "fold": 2, "completed": 105, "total": 487, "format_errors": 0, "decisions": {"supported": 87, "other_or_general": 18}, "elapsed_seconds": 111.07306432723999}
{"event": "task_complete", "fold": 2, "completed": 106, "total": 487, "format_errors": 0, "decisions": {"supported": 88, "other_or_general": 18}, "elapsed_seconds": 112.0322036743164}
{"event": "task_complete", "fold": 2, "completed": 107, "total": 487, "format_errors": 0, "decisions": {"supported": 89, "other_or_general": 18}, "elapsed_seconds": 113.00335240364075}
{"event": "task_complete", "fold": 2, "completed": 108, "total": 487, "format_errors": 0, "decisions": {"supported": 90, "other_or_general": 18}, "elapsed_seconds": 113.96707344055176}
{"event": "task_complete", "fold": 2, "completed": 109, "total": 487, "format_errors": 0, "decisions": {"supported": 91, "other_or_general": 18}, "elapsed_seconds": 114.94369721412659}
{"event": "task_complete", "fold": 2, "completed": 110, "total": 487, "format_errors": 0, "decisions": {"supported": 91, "other_or_general": 19}, "elapsed_seconds": 116.04873323440552}
{"event": "task_complete", "fold": 2, "completed": 111, "total": 487, "format_errors": 0, "decisions": {"supported": 92, "other_or_general": 19}, "elapsed_seconds": 117.01356983184814}
{"event": "task_complete", "fold": 2, "completed": 112, "total": 487, "format_errors": 0, "decisions": {"supported": 93, "other_or_general": 19}, "elapsed_seconds": 117.97021961212158}
{"event": "task_complete", "fold": 2, "completed": 113, "total": 487, "format_errors": 0, "decisions": {"supported": 94, "other_or_general": 19}, "elapsed_seconds": 118.90371370315552}
{"event": "task_complete", "fold": 2, "completed": 114, "total": 487, "format_errors": 0, "decisions": {"supported": 95, "other_or_general": 19}, "elapsed_seconds": 120.01621055603027}
{"event": "task_complete", "fold": 2, "completed": 115, "total": 487, "format_errors": 0, "decisions": {"supported": 96, "other_or_general": 19}, "elapsed_seconds": 121.09068441390991}
{"event": "task_complete", "fold": 2, "completed": 116, "total": 487, "format_errors": 0, "decisions": {"supported": 97, "other_or_general": 19}, "elapsed_seconds": 122.39856815338135}
{"event": "task_complete", "fold": 2, "completed": 117, "total": 487, "format_errors": 0, "decisions": {"supported": 98, "other_or_general": 19}, "elapsed_seconds": 123.36890745162964}
{"event": "task_complete", "fold": 2, "completed": 118, "total": 487, "format_errors": 0, "decisions": {"supported": 99, "other_or_general": 19}, "elapsed_seconds": 124.33294630050659}
{"event": "task_complete", "fold": 2, "completed": 119, "total": 487, "format_errors": 0, "decisions": {"supported": 100, "other_or_general": 19}, "elapsed_seconds": 125.41209983825684}
{"event": "task_complete", "fold": 2, "completed": 120, "total": 487, "format_errors": 0, "decisions": {"supported": 101, "other_or_general": 19}, "elapsed_seconds": 126.57000827789307}
{"event": "task_complete", "fold": 2, "completed": 121, "total": 487, "format_errors": 0, "decisions": {"supported": 102, "other_or_general": 19}, "elapsed_seconds": 127.72357273101807}
{"event": "task_complete", "fold": 2, "completed": 122, "total": 487, "format_errors": 0, "decisions": {"supported": 103, "other_or_general": 19}, "elapsed_seconds": 128.88654255867004}
{"event": "task_complete", "fold": 2, "completed": 123, "total": 487, "format_errors": 0, "decisions": {"supported": 104, "other_or_general": 19}, "elapsed_seconds": 129.98980569839478}
{"event": "task_complete", "fold": 2, "completed": 124, "total": 487, "format_errors": 0, "decisions": {"supported": 105, "other_or_general": 19}, "elapsed_seconds": 131.2402892112732}
{"event": "task_complete", "fold": 2, "completed": 125, "total": 487, "format_errors": 0, "decisions": {"supported": 106, "other_or_general": 19}, "elapsed_seconds": 132.4381775856018}
{"event": "task_complete", "fold": 2, "completed": 126, "total": 487, "format_errors": 0, "decisions": {"supported": 107, "other_or_general": 19}, "elapsed_seconds": 133.42306923866272}
{"event": "task_complete", "fold": 2, "completed": 127, "total": 487, "format_errors": 0, "decisions": {"supported": 108, "other_or_general": 19}, "elapsed_seconds": 134.40209531784058}
{"event": "task_complete", "fold": 2, "completed": 128, "total": 487, "format_errors": 0, "decisions": {"supported": 109, "other_or_general": 19}, "elapsed_seconds": 135.46560788154602}
{"event": "task_complete", "fold": 2, "completed": 129, "total": 487, "format_errors": 0, "decisions": {"supported": 110, "other_or_general": 19}, "elapsed_seconds": 136.44361782073975}
{"event": "task_complete", "fold": 2, "completed": 130, "total": 487, "format_errors": 0, "decisions": {"supported": 110, "other_or_general": 20}, "elapsed_seconds": 137.63757634162903}
{"event": "task_complete", "fold": 2, "completed": 131, "total": 487, "format_errors": 0, "decisions": {"supported": 111, "other_or_general": 20}, "elapsed_seconds": 138.75093507766724}
{"event": "task_complete", "fold": 2, "completed": 132, "total": 487, "format_errors": 0, "decisions": {"supported": 112, "other_or_general": 20}, "elapsed_seconds": 139.82502031326294}
{"event": "task_complete", "fold": 2, "completed": 133, "total": 487, "format_errors": 0, "decisions": {"supported": 113, "other_or_general": 20}, "elapsed_seconds": 141.0696084499359}
{"event": "task_complete", "fold": 2, "completed": 134, "total": 487, "format_errors": 0, "decisions": {"supported": 114, "other_or_general": 20}, "elapsed_seconds": 142.31997275352478}
{"event": "task_complete", "fold": 2, "completed": 135, "total": 487, "format_errors": 0, "decisions": {"supported": 115, "other_or_general": 20}, "elapsed_seconds": 143.41622185707092}
{"event": "task_complete", "fold": 2, "completed": 136, "total": 487, "format_errors": 0, "decisions": {"supported": 116, "other_or_general": 20}, "elapsed_seconds": 144.36302208900452}
{"event": "task_complete", "fold": 2, "completed": 137, "total": 487, "format_errors": 0, "decisions": {"supported": 116, "other_or_general": 21}, "elapsed_seconds": 145.4391531944275}
{"event": "task_complete", "fold": 2, "completed": 138, "total": 487, "format_errors": 0, "decisions": {"supported": 117, "other_or_general": 21}, "elapsed_seconds": 146.59108448028564}
{"event": "task_complete", "fold": 2, "completed": 139, "total": 487, "format_errors": 0, "decisions": {"supported": 118, "other_or_general": 21}, "elapsed_seconds": 147.5233724117279}
{"event": "task_complete", "fold": 2, "completed": 140, "total": 487, "format_errors": 0, "decisions": {"supported": 119, "other_or_general": 21}, "elapsed_seconds": 148.45848846435547}
{"event": "task_complete", "fold": 2, "completed": 141, "total": 487, "format_errors": 0, "decisions": {"supported": 120, "other_or_general": 21}, "elapsed_seconds": 149.40821146965027}
{"event": "task_complete", "fold": 2, "completed": 142, "total": 487, "format_errors": 0, "decisions": {"supported": 121, "other_or_general": 21}, "elapsed_seconds": 150.3638985157013}
{"event": "task_complete", "fold": 2, "completed": 143, "total": 487, "format_errors": 0, "decisions": {"supported": 122, "other_or_general": 21}, "elapsed_seconds": 151.325266122818}
{"event": "task_complete", "fold": 2, "completed": 144, "total": 487, "format_errors": 0, "decisions": {"supported": 123, "other_or_general": 21}, "elapsed_seconds": 152.27351546287537}
{"event": "task_complete", "fold": 2, "completed": 145, "total": 487, "format_errors": 0, "decisions": {"supported": 124, "other_or_general": 21}, "elapsed_seconds": 153.20870327949524}
{"event": "task_complete", "fold": 2, "completed": 146, "total": 487, "format_errors": 0, "decisions": {"supported": 125, "other_or_general": 21}, "elapsed_seconds": 154.1317422389984}
{"event": "task_complete", "fold": 2, "completed": 147, "total": 487, "format_errors": 0, "decisions": {"supported": 126, "other_or_general": 21}, "elapsed_seconds": 155.41170835494995}
{"event": "task_complete", "fold": 2, "completed": 148, "total": 487, "format_errors": 0, "decisions": {"supported": 127, "other_or_general": 21}, "elapsed_seconds": 156.37684965133667}
{"event": "task_complete", "fold": 2, "completed": 149, "total": 487, "format_errors": 0, "decisions": {"supported": 128, "other_or_general": 21}, "elapsed_seconds": 157.37438583374023}
{"event": "task_complete", "fold": 2, "completed": 150, "total": 487, "format_errors": 0, "decisions": {"supported": 129, "other_or_general": 21}, "elapsed_seconds": 158.59659123420715}
{"event": "task_complete", "fold": 2, "completed": 151, "total": 487, "format_errors": 0, "decisions": {"supported": 130, "other_or_general": 21}, "elapsed_seconds": 159.81239247322083}
{"event": "task_complete", "fold": 2, "completed": 152, "total": 487, "format_errors": 0, "decisions": {"supported": 131, "other_or_general": 21}, "elapsed_seconds": 161.01376628875732}
{"event": "task_complete", "fold": 2, "completed": 153, "total": 487, "format_errors": 0, "decisions": {"supported": 131, "other_or_general": 22}, "elapsed_seconds": 162.13815474510193}
{"event": "task_complete", "fold": 2, "completed": 154, "total": 487, "format_errors": 0, "decisions": {"supported": 132, "other_or_general": 22}, "elapsed_seconds": 163.25919795036316}
{"event": "task_complete", "fold": 2, "completed": 155, "total": 487, "format_errors": 0, "decisions": {"supported": 133, "other_or_general": 22}, "elapsed_seconds": 164.2580349445343}
{"event": "task_complete", "fold": 2, "completed": 156, "total": 487, "format_errors": 0, "decisions": {"supported": 134, "other_or_general": 22}, "elapsed_seconds": 165.26227021217346}
{"event": "task_complete", "fold": 2, "completed": 157, "total": 487, "format_errors": 0, "decisions": {"supported": 134, "other_or_general": 23}, "elapsed_seconds": 166.4028341770172}
{"event": "task_complete", "fold": 2, "completed": 158, "total": 487, "format_errors": 0, "decisions": {"supported": 135, "other_or_general": 23}, "elapsed_seconds": 167.3793432712555}
{"event": "task_complete", "fold": 2, "completed": 159, "total": 487, "format_errors": 0, "decisions": {"supported": 136, "other_or_general": 23}, "elapsed_seconds": 168.363627910614}
{"event": "task_complete", "fold": 2, "completed": 160, "total": 487, "format_errors": 0, "decisions": {"supported": 137, "other_or_general": 23}, "elapsed_seconds": 169.3447768688202}
{"event": "task_complete", "fold": 2, "completed": 161, "total": 487, "format_errors": 0, "decisions": {"supported": 138, "other_or_general": 23}, "elapsed_seconds": 170.55502676963806}
{"event": "task_complete", "fold": 2, "completed": 162, "total": 487, "format_errors": 0, "decisions": {"supported": 139, "other_or_general": 23}, "elapsed_seconds": 171.56254410743713}
{"event": "task_complete", "fold": 2, "completed": 163, "total": 487, "format_errors": 0, "decisions": {"supported": 140, "other_or_general": 23}, "elapsed_seconds": 172.5906639099121}
{"event": "task_complete", "fold": 2, "completed": 164, "total": 487, "format_errors": 0, "decisions": {"supported": 141, "other_or_general": 23}, "elapsed_seconds": 173.5739266872406}
{"event": "task_complete", "fold": 2, "completed": 165, "total": 487, "format_errors": 0, "decisions": {"supported": 142, "other_or_general": 23}, "elapsed_seconds": 174.53458380699158}
{"event": "task_complete", "fold": 2, "completed": 166, "total": 487, "format_errors": 0, "decisions": {"supported": 143, "other_or_general": 23}, "elapsed_seconds": 175.516499042511}
{"event": "task_complete", "fold": 2, "completed": 167, "total": 487, "format_errors": 0, "decisions": {"supported": 144, "other_or_general": 23}, "elapsed_seconds": 176.51441168785095}
{"event": "task_complete", "fold": 2, "completed": 168, "total": 487, "format_errors": 0, "decisions": {"supported": 145, "other_or_general": 23}, "elapsed_seconds": 177.73766350746155}
{"event": "task_complete", "fold": 2, "completed": 169, "total": 487, "format_errors": 0, "decisions": {"supported": 146, "other_or_general": 23}, "elapsed_seconds": 178.74680161476135}
{"event": "task_complete", "fold": 2, "completed": 170, "total": 487, "format_errors": 0, "decisions": {"supported": 147, "other_or_general": 23}, "elapsed_seconds": 179.96977710723877}
{"event": "task_complete", "fold": 2, "completed": 171, "total": 487, "format_errors": 0, "decisions": {"supported": 148, "other_or_general": 23}, "elapsed_seconds": 181.20664834976196}
{"event": "task_complete", "fold": 2, "completed": 172, "total": 487, "format_errors": 0, "decisions": {"supported": 149, "other_or_general": 23}, "elapsed_seconds": 182.16614699363708}
{"event": "task_complete", "fold": 2, "completed": 173, "total": 487, "format_errors": 0, "decisions": {"supported": 150, "other_or_general": 23}, "elapsed_seconds": 183.25078678131104}
{"event": "task_complete", "fold": 2, "completed": 174, "total": 487, "format_errors": 0, "decisions": {"supported": 151, "other_or_general": 23}, "elapsed_seconds": 184.2127342224121}
{"event": "task_complete", "fold": 2, "completed": 175, "total": 487, "format_errors": 0, "decisions": {"supported": 152, "other_or_general": 23}, "elapsed_seconds": 185.16218280792236}
{"event": "task_complete", "fold": 2, "completed": 176, "total": 487, "format_errors": 0, "decisions": {"supported": 153, "other_or_general": 23}, "elapsed_seconds": 186.1075565814972}
{"event": "task_complete", "fold": 2, "completed": 177, "total": 487, "format_errors": 0, "decisions": {"supported": 154, "other_or_general": 23}, "elapsed_seconds": 187.2289137840271}
{"event": "task_complete", "fold": 2, "completed": 178, "total": 487, "format_errors": 0, "decisions": {"supported": 155, "other_or_general": 23}, "elapsed_seconds": 188.1820204257965}
{"event": "task_complete", "fold": 2, "completed": 179, "total": 487, "format_errors": 0, "decisions": {"supported": 156, "other_or_general": 23}, "elapsed_seconds": 189.13076949119568}
{"event": "task_complete", "fold": 2, "completed": 180, "total": 487, "format_errors": 0, "decisions": {"supported": 157, "other_or_general": 23}, "elapsed_seconds": 190.26669788360596}
{"event": "task_complete", "fold": 2, "completed": 181, "total": 487, "format_errors": 0, "decisions": {"supported": 157, "other_or_general": 24}, "elapsed_seconds": 191.3668646812439}
{"event": "task_complete", "fold": 2, "completed": 182, "total": 487, "format_errors": 0, "decisions": {"supported": 158, "other_or_general": 24}, "elapsed_seconds": 192.30277109146118}
{"event": "task_complete", "fold": 2, "completed": 183, "total": 487, "format_errors": 0, "decisions": {"supported": 159, "other_or_general": 24}, "elapsed_seconds": 193.81558752059937}
{"event": "task_complete", "fold": 2, "completed": 184, "total": 487, "format_errors": 0, "decisions": {"supported": 160, "other_or_general": 24}, "elapsed_seconds": 194.725079536438}
{"event": "task_complete", "fold": 2, "completed": 185, "total": 487, "format_errors": 0, "decisions": {"supported": 161, "other_or_general": 24}, "elapsed_seconds": 195.7912335395813}
{"event": "task_complete", "fold": 2, "completed": 186, "total": 487, "format_errors": 0, "decisions": {"supported": 162, "other_or_general": 24}, "elapsed_seconds": 197.0859363079071}
{"event": "task_complete", "fold": 2, "completed": 187, "total": 487, "format_errors": 0, "decisions": {"supported": 163, "other_or_general": 24}, "elapsed_seconds": 198.05669474601746}
{"event": "task_complete", "fold": 2, "completed": 188, "total": 487, "format_errors": 0, "decisions": {"supported": 164, "other_or_general": 24}, "elapsed_seconds": 198.97341799736023}
{"event": "task_complete", "fold": 2, "completed": 189, "total": 487, "format_errors": 0, "decisions": {"supported": 165, "other_or_general": 24}, "elapsed_seconds": 199.89705657958984}
{"event": "task_complete", "fold": 2, "completed": 190, "total": 487, "format_errors": 0, "decisions": {"supported": 166, "other_or_general": 24}, "elapsed_seconds": 201.21309161186218}
{"event": "task_complete", "fold": 2, "completed": 191, "total": 487, "format_errors": 0, "decisions": {"supported": 166, "other_or_general": 25}, "elapsed_seconds": 202.39925718307495}
{"event": "task_complete", "fold": 2, "completed": 192, "total": 487, "format_errors": 0, "decisions": {"supported": 167, "other_or_general": 25}, "elapsed_seconds": 203.38133239746094}
{"event": "task_complete", "fold": 2, "completed": 193, "total": 487, "format_errors": 0, "decisions": {"supported": 168, "other_or_general": 25}, "elapsed_seconds": 204.3522069454193}
{"event": "task_complete", "fold": 2, "completed": 194, "total": 487, "format_errors": 0, "decisions": {"supported": 169, "other_or_general": 25}, "elapsed_seconds": 205.35739517211914}
{"event": "task_complete", "fold": 2, "completed": 195, "total": 487, "format_errors": 0, "decisions": {"supported": 170, "other_or_general": 25}, "elapsed_seconds": 206.31540322303772}
{"event": "task_complete", "fold": 2, "completed": 196, "total": 487, "format_errors": 0, "decisions": {"supported": 171, "other_or_general": 25}, "elapsed_seconds": 207.2715289592743}
{"event": "task_complete", "fold": 2, "completed": 197, "total": 487, "format_errors": 0, "decisions": {"supported": 172, "other_or_general": 25}, "elapsed_seconds": 208.22672295570374}
{"event": "task_complete", "fold": 2, "completed": 198, "total": 487, "format_errors": 0, "decisions": {"supported": 173, "other_or_general": 25}, "elapsed_seconds": 209.14995861053467}
{"event": "task_complete", "fold": 2, "completed": 199, "total": 487, "format_errors": 0, "decisions": {"supported": 174, "other_or_general": 25}, "elapsed_seconds": 210.3802649974823}
{"event": "task_complete", "fold": 2, "completed": 200, "total": 487, "format_errors": 0, "decisions": {"supported": 175, "other_or_general": 25}, "elapsed_seconds": 211.40139150619507}
{"event": "task_complete", "fold": 2, "completed": 201, "total": 487, "format_errors": 0, "decisions": {"supported": 176, "other_or_general": 25}, "elapsed_seconds": 212.64122462272644}
{"event": "task_complete", "fold": 2, "completed": 202, "total": 487, "format_errors": 0, "decisions": {"supported": 177, "other_or_general": 25}, "elapsed_seconds": 213.6396448612213}
{"event": "task_complete", "fold": 2, "completed": 203, "total": 487, "format_errors": 0, "decisions": {"supported": 178, "other_or_general": 25}, "elapsed_seconds": 214.64695978164673}
{"event": "task_complete", "fold": 2, "completed": 204, "total": 487, "format_errors": 0, "decisions": {"supported": 179, "other_or_general": 25}, "elapsed_seconds": 215.7325577735901}
{"event": "task_complete", "fold": 2, "completed": 205, "total": 487, "format_errors": 0, "decisions": {"supported": 180, "other_or_general": 25}, "elapsed_seconds": 216.83287835121155}
{"event": "task_complete", "fold": 2, "completed": 206, "total": 487, "format_errors": 0, "decisions": {"supported": 181, "other_or_general": 25}, "elapsed_seconds": 217.8636553287506}
{"event": "task_complete", "fold": 2, "completed": 207, "total": 487, "format_errors": 0, "decisions": {"supported": 182, "other_or_general": 25}, "elapsed_seconds": 218.9732277393341}
{"event": "task_complete", "fold": 2, "completed": 208, "total": 487, "format_errors": 0, "decisions": {"supported": 183, "other_or_general": 25}, "elapsed_seconds": 220.071763753891}
{"event": "task_complete", "fold": 2, "completed": 209, "total": 487, "format_errors": 0, "decisions": {"supported": 184, "other_or_general": 25}, "elapsed_seconds": 221.07146215438843}
{"event": "task_complete", "fold": 2, "completed": 210, "total": 487, "format_errors": 0, "decisions": {"supported": 185, "other_or_general": 25}, "elapsed_seconds": 222.1034712791443}
{"event": "task_complete", "fold": 2, "completed": 211, "total": 487, "format_errors": 0, "decisions": {"supported": 186, "other_or_general": 25}, "elapsed_seconds": 223.0857264995575}
{"event": "task_complete", "fold": 2, "completed": 212, "total": 487, "format_errors": 0, "decisions": {"supported": 187, "other_or_general": 25}, "elapsed_seconds": 224.0924756526947}
{"event": "task_complete", "fold": 2, "completed": 213, "total": 487, "format_errors": 0, "decisions": {"supported": 188, "other_or_general": 25}, "elapsed_seconds": 225.0565164089203}
{"event": "task_complete", "fold": 2, "completed": 214, "total": 487, "format_errors": 0, "decisions": {"supported": 189, "other_or_general": 25}, "elapsed_seconds": 226.0719871520996}
{"event": "task_complete", "fold": 2, "completed": 215, "total": 487, "format_errors": 0, "decisions": {"supported": 190, "other_or_general": 25}, "elapsed_seconds": 227.15444898605347}
{"event": "task_complete", "fold": 2, "completed": 216, "total": 487, "format_errors": 0, "decisions": {"supported": 191, "other_or_general": 25}, "elapsed_seconds": 228.23589205741882}
{"event": "task_complete", "fold": 2, "completed": 217, "total": 487, "format_errors": 0, "decisions": {"supported": 192, "other_or_general": 25}, "elapsed_seconds": 229.24690747261047}
{"event": "task_complete", "fold": 2, "completed": 218, "total": 487, "format_errors": 0, "decisions": {"supported": 193, "other_or_general": 25}, "elapsed_seconds": 230.2597632408142}
{"event": "task_complete", "fold": 2, "completed": 219, "total": 487, "format_errors": 0, "decisions": {"supported": 194, "other_or_general": 25}, "elapsed_seconds": 231.23531866073608}
{"event": "task_complete", "fold": 2, "completed": 220, "total": 487, "format_errors": 0, "decisions": {"supported": 195, "other_or_general": 25}, "elapsed_seconds": 232.1812927722931}
{"event": "task_complete", "fold": 2, "completed": 221, "total": 487, "format_errors": 0, "decisions": {"supported": 196, "other_or_general": 25}, "elapsed_seconds": 233.12179732322693}
{"event": "task_complete", "fold": 2, "completed": 222, "total": 487, "format_errors": 0, "decisions": {"supported": 197, "other_or_general": 25}, "elapsed_seconds": 234.25843381881714}
{"event": "task_complete", "fold": 2, "completed": 223, "total": 487, "format_errors": 0, "decisions": {"supported": 198, "other_or_general": 25}, "elapsed_seconds": 235.37000179290771}
{"event": "task_complete", "fold": 2, "completed": 224, "total": 487, "format_errors": 0, "decisions": {"supported": 199, "other_or_general": 25}, "elapsed_seconds": 236.43150568008423}
{"event": "task_complete", "fold": 2, "completed": 225, "total": 487, "format_errors": 0, "decisions": {"supported": 200, "other_or_general": 25}, "elapsed_seconds": 237.5228087902069}
{"event": "task_complete", "fold": 2, "completed": 226, "total": 487, "format_errors": 0, "decisions": {"supported": 201, "other_or_general": 25}, "elapsed_seconds": 238.4605793952942}
{"event": "task_complete", "fold": 2, "completed": 227, "total": 487, "format_errors": 0, "decisions": {"supported": 202, "other_or_general": 25}, "elapsed_seconds": 239.41924810409546}
{"event": "task_complete", "fold": 2, "completed": 228, "total": 487, "format_errors": 0, "decisions": {"supported": 203, "other_or_general": 25}, "elapsed_seconds": 240.50217151641846}
{"event": "task_complete", "fold": 2, "completed": 229, "total": 487, "format_errors": 0, "decisions": {"supported": 204, "other_or_general": 25}, "elapsed_seconds": 241.57215976715088}
{"event": "task_complete", "fold": 2, "completed": 230, "total": 487, "format_errors": 0, "decisions": {"supported": 205, "other_or_general": 25}, "elapsed_seconds": 242.69245100021362}
{"event": "task_complete", "fold": 2, "completed": 231, "total": 487, "format_errors": 0, "decisions": {"supported": 206, "other_or_general": 25}, "elapsed_seconds": 243.64001154899597}
{"event": "task_complete", "fold": 2, "completed": 232, "total": 487, "format_errors": 0, "decisions": {"supported": 207, "other_or_general": 25}, "elapsed_seconds": 244.7302508354187}
{"event": "task_complete", "fold": 2, "completed": 233, "total": 487, "format_errors": 0, "decisions": {"supported": 208, "other_or_general": 25}, "elapsed_seconds": 245.9984712600708}
{"event": "task_complete", "fold": 2, "completed": 234, "total": 487, "format_errors": 0, "decisions": {"supported": 209, "other_or_general": 25}, "elapsed_seconds": 246.9850254058838}
{"event": "task_complete", "fold": 2, "completed": 235, "total": 487, "format_errors": 0, "decisions": {"supported": 210, "other_or_general": 25}, "elapsed_seconds": 247.9890398979187}
{"event": "task_complete", "fold": 2, "completed": 236, "total": 487, "format_errors": 0, "decisions": {"supported": 211, "other_or_general": 25}, "elapsed_seconds": 248.96091771125793}
{"event": "task_complete", "fold": 2, "completed": 237, "total": 487, "format_errors": 0, "decisions": {"supported": 212, "other_or_general": 25}, "elapsed_seconds": 249.9495599269867}
{"event": "task_complete", "fold": 2, "completed": 238, "total": 487, "format_errors": 0, "decisions": {"supported": 213, "other_or_general": 25}, "elapsed_seconds": 250.94667434692383}
{"event": "task_complete", "fold": 2, "completed": 239, "total": 487, "format_errors": 0, "decisions": {"supported": 214, "other_or_general": 25}, "elapsed_seconds": 251.94651651382446}
{"event": "task_complete", "fold": 2, "completed": 240, "total": 487, "format_errors": 0, "decisions": {"supported": 215, "other_or_general": 25}, "elapsed_seconds": 252.93886590003967}
{"event": "task_complete", "fold": 2, "completed": 241, "total": 487, "format_errors": 0, "decisions": {"supported": 216, "other_or_general": 25}, "elapsed_seconds": 253.92903304100037}
{"event": "task_complete", "fold": 2, "completed": 242, "total": 487, "format_errors": 0, "decisions": {"supported": 217, "other_or_general": 25}, "elapsed_seconds": 254.93377685546875}
{"event": "task_complete", "fold": 2, "completed": 243, "total": 487, "format_errors": 0, "decisions": {"supported": 218, "other_or_general": 25}, "elapsed_seconds": 255.89557933807373}
{"event": "task_complete", "fold": 2, "completed": 244, "total": 487, "format_errors": 0, "decisions": {"supported": 219, "other_or_general": 25}, "elapsed_seconds": 256.8930995464325}
{"event": "task_complete", "fold": 2, "completed": 245, "total": 487, "format_errors": 0, "decisions": {"supported": 220, "other_or_general": 25}, "elapsed_seconds": 257.87735080718994}
{"event": "task_complete", "fold": 2, "completed": 246, "total": 487, "format_errors": 0, "decisions": {"supported": 221, "other_or_general": 25}, "elapsed_seconds": 258.8577513694763}
{"event": "task_complete", "fold": 2, "completed": 247, "total": 487, "format_errors": 0, "decisions": {"supported": 222, "other_or_general": 25}, "elapsed_seconds": 259.86316561698914}
{"event": "task_complete", "fold": 2, "completed": 248, "total": 487, "format_errors": 0, "decisions": {"supported": 223, "other_or_general": 25}, "elapsed_seconds": 260.8696095943451}
{"event": "task_complete", "fold": 2, "completed": 249, "total": 487, "format_errors": 0, "decisions": {"supported": 224, "other_or_general": 25}, "elapsed_seconds": 261.8764486312866}
{"event": "task_complete", "fold": 2, "completed": 250, "total": 487, "format_errors": 0, "decisions": {"supported": 225, "other_or_general": 25}, "elapsed_seconds": 262.8160922527313}
{"event": "task_complete", "fold": 2, "completed": 251, "total": 487, "format_errors": 0, "decisions": {"supported": 226, "other_or_general": 25}, "elapsed_seconds": 264.20274543762207}
{"event": "task_complete", "fold": 2, "completed": 252, "total": 487, "format_errors": 0, "decisions": {"supported": 227, "other_or_general": 25}, "elapsed_seconds": 265.166788816452}
{"event": "task_complete", "fold": 2, "completed": 253, "total": 487, "format_errors": 0, "decisions": {"supported": 228, "other_or_general": 25}, "elapsed_seconds": 266.1288733482361}
{"event": "task_complete", "fold": 2, "completed": 254, "total": 487, "format_errors": 0, "decisions": {"supported": 229, "other_or_general": 25}, "elapsed_seconds": 267.1065719127655}
{"event": "task_complete", "fold": 2, "completed": 255, "total": 487, "format_errors": 0, "decisions": {"supported": 230, "other_or_general": 25}, "elapsed_seconds": 268.1229639053345}
{"event": "task_complete", "fold": 2, "completed": 256, "total": 487, "format_errors": 0, "decisions": {"supported": 231, "other_or_general": 25}, "elapsed_seconds": 269.13305711746216}
{"event": "task_complete", "fold": 2, "completed": 257, "total": 487, "format_errors": 0, "decisions": {"supported": 232, "other_or_general": 25}, "elapsed_seconds": 270.1344048976898}
{"event": "task_complete", "fold": 2, "completed": 258, "total": 487, "format_errors": 0, "decisions": {"supported": 233, "other_or_general": 25}, "elapsed_seconds": 271.36095094680786}
{"event": "task_complete", "fold": 2, "completed": 259, "total": 487, "format_errors": 0, "decisions": {"supported": 234, "other_or_general": 25}, "elapsed_seconds": 272.2940013408661}
{"event": "task_complete", "fold": 2, "completed": 260, "total": 487, "format_errors": 0, "decisions": {"supported": 235, "other_or_general": 25}, "elapsed_seconds": 273.21662068367004}
{"event": "task_complete", "fold": 2, "completed": 261, "total": 487, "format_errors": 0, "decisions": {"supported": 236, "other_or_general": 25}, "elapsed_seconds": 274.1642179489136}
{"event": "task_complete", "fold": 2, "completed": 262, "total": 487, "format_errors": 0, "decisions": {"supported": 237, "other_or_general": 25}, "elapsed_seconds": 275.411253452301}
{"event": "task_complete", "fold": 2, "completed": 263, "total": 487, "format_errors": 0, "decisions": {"supported": 238, "other_or_general": 25}, "elapsed_seconds": 276.5988230705261}
{"event": "task_complete", "fold": 2, "completed": 264, "total": 487, "format_errors": 0, "decisions": {"supported": 239, "other_or_general": 25}, "elapsed_seconds": 278.138471364975}
{"event": "task_complete", "fold": 2, "completed": 265, "total": 487, "format_errors": 0, "decisions": {"supported": 240, "other_or_general": 25}, "elapsed_seconds": 279.1145033836365}
{"event": "task_complete", "fold": 2, "completed": 266, "total": 487, "format_errors": 0, "decisions": {"supported": 241, "other_or_general": 25}, "elapsed_seconds": 280.1531093120575}
{"event": "task_complete", "fold": 2, "completed": 267, "total": 487, "format_errors": 0, "decisions": {"supported": 242, "other_or_general": 25}, "elapsed_seconds": 281.4306380748749}
{"event": "task_complete", "fold": 2, "completed": 268, "total": 487, "format_errors": 0, "decisions": {"supported": 243, "other_or_general": 25}, "elapsed_seconds": 282.54205799102783}
{"event": "task_complete", "fold": 2, "completed": 269, "total": 487, "format_errors": 0, "decisions": {"supported": 244, "other_or_general": 25}, "elapsed_seconds": 283.5704758167267}
{"event": "task_complete", "fold": 2, "completed": 270, "total": 487, "format_errors": 0, "decisions": {"supported": 245, "other_or_general": 25}, "elapsed_seconds": 284.61130690574646}
{"event": "task_complete", "fold": 2, "completed": 271, "total": 487, "format_errors": 0, "decisions": {"supported": 246, "other_or_general": 25}, "elapsed_seconds": 285.7104184627533}
{"event": "task_complete", "fold": 2, "completed": 272, "total": 487, "format_errors": 0, "decisions": {"supported": 247, "other_or_general": 25}, "elapsed_seconds": 286.82624197006226}
{"event": "task_complete", "fold": 2, "completed": 273, "total": 487, "format_errors": 0, "decisions": {"supported": 248, "other_or_general": 25}, "elapsed_seconds": 288.06131529808044}
{"event": "task_complete", "fold": 2, "completed": 274, "total": 487, "format_errors": 0, "decisions": {"supported": 249, "other_or_general": 25}, "elapsed_seconds": 289.07633113861084}
{"event": "task_complete", "fold": 2, "completed": 275, "total": 487, "format_errors": 0, "decisions": {"supported": 250, "other_or_general": 25}, "elapsed_seconds": 290.0931327342987}
{"event": "task_complete", "fold": 2, "completed": 276, "total": 487, "format_errors": 0, "decisions": {"supported": 251, "other_or_general": 25}, "elapsed_seconds": 291.25987553596497}
{"event": "task_complete", "fold": 2, "completed": 277, "total": 487, "format_errors": 0, "decisions": {"supported": 252, "other_or_general": 25}, "elapsed_seconds": 292.4432075023651}
{"event": "task_complete", "fold": 2, "completed": 278, "total": 487, "format_errors": 0, "decisions": {"supported": 253, "other_or_general": 25}, "elapsed_seconds": 293.4531853199005}
{"event": "task_complete", "fold": 2, "completed": 279, "total": 487, "format_errors": 0, "decisions": {"supported": 253, "other_or_general": 26}, "elapsed_seconds": 294.588014125824}
{"event": "task_complete", "fold": 2, "completed": 280, "total": 487, "format_errors": 0, "decisions": {"supported": 254, "other_or_general": 26}, "elapsed_seconds": 295.5827741622925}
{"event": "task_complete", "fold": 2, "completed": 281, "total": 487, "format_errors": 0, "decisions": {"supported": 255, "other_or_general": 26}, "elapsed_seconds": 296.5856394767761}
{"event": "task_complete", "fold": 2, "completed": 282, "total": 487, "format_errors": 0, "decisions": {"supported": 256, "other_or_general": 26}, "elapsed_seconds": 297.58757495880127}
{"event": "task_complete", "fold": 2, "completed": 283, "total": 487, "format_errors": 0, "decisions": {"supported": 257, "other_or_general": 26}, "elapsed_seconds": 298.5865213871002}
{"event": "task_complete", "fold": 2, "completed": 284, "total": 487, "format_errors": 0, "decisions": {"supported": 258, "other_or_general": 26}, "elapsed_seconds": 299.57464838027954}
{"event": "task_complete", "fold": 2, "completed": 285, "total": 487, "format_errors": 0, "decisions": {"supported": 259, "other_or_general": 26}, "elapsed_seconds": 300.5511553287506}
{"event": "task_complete", "fold": 2, "completed": 286, "total": 487, "format_errors": 0, "decisions": {"supported": 259, "other_or_general": 27}, "elapsed_seconds": 301.7146739959717}
{"event": "task_complete", "fold": 2, "completed": 287, "total": 487, "format_errors": 0, "decisions": {"supported": 260, "other_or_general": 27}, "elapsed_seconds": 302.7301535606384}
{"event": "task_complete", "fold": 2, "completed": 288, "total": 487, "format_errors": 0, "decisions": {"supported": 261, "other_or_general": 27}, "elapsed_seconds": 303.82248163223267}
{"event": "task_complete", "fold": 2, "completed": 289, "total": 487, "format_errors": 0, "decisions": {"supported": 262, "other_or_general": 27}, "elapsed_seconds": 304.907564163208}
{"event": "task_complete", "fold": 2, "completed": 290, "total": 487, "format_errors": 0, "decisions": {"supported": 263, "other_or_general": 27}, "elapsed_seconds": 305.94015860557556}
{"event": "task_complete", "fold": 2, "completed": 291, "total": 487, "format_errors": 0, "decisions": {"supported": 264, "other_or_general": 27}, "elapsed_seconds": 306.9451768398285}
{"event": "task_complete", "fold": 2, "completed": 292, "total": 487, "format_errors": 0, "decisions": {"supported": 265, "other_or_general": 27}, "elapsed_seconds": 307.91588973999023}
{"event": "task_complete", "fold": 2, "completed": 293, "total": 487, "format_errors": 0, "decisions": {"supported": 266, "other_or_general": 27}, "elapsed_seconds": 309.07972717285156}
{"event": "task_complete", "fold": 2, "completed": 294, "total": 487, "format_errors": 0, "decisions": {"supported": 267, "other_or_general": 27}, "elapsed_seconds": 310.1976375579834}
{"event": "task_complete", "fold": 2, "completed": 295, "total": 487, "format_errors": 0, "decisions": {"supported": 268, "other_or_general": 27}, "elapsed_seconds": 311.347589969635}
{"event": "task_complete", "fold": 2, "completed": 296, "total": 487, "format_errors": 0, "decisions": {"supported": 269, "other_or_general": 27}, "elapsed_seconds": 312.4027462005615}
{"event": "task_complete", "fold": 2, "completed": 297, "total": 487, "format_errors": 0, "decisions": {"supported": 270, "other_or_general": 27}, "elapsed_seconds": 313.4232060909271}
{"event": "task_complete", "fold": 2, "completed": 298, "total": 487, "format_errors": 0, "decisions": {"supported": 271, "other_or_general": 27}, "elapsed_seconds": 314.69371724128723}
{"event": "task_complete", "fold": 2, "completed": 299, "total": 487, "format_errors": 0, "decisions": {"supported": 272, "other_or_general": 27}, "elapsed_seconds": 315.75252389907837}
{"event": "task_complete", "fold": 2, "completed": 300, "total": 487, "format_errors": 0, "decisions": {"supported": 273, "other_or_general": 27}, "elapsed_seconds": 316.77370023727417}
{"event": "task_complete", "fold": 2, "completed": 301, "total": 487, "format_errors": 0, "decisions": {"supported": 274, "other_or_general": 27}, "elapsed_seconds": 317.75485038757324}
{"event": "task_complete", "fold": 2, "completed": 302, "total": 487, "format_errors": 0, "decisions": {"supported": 275, "other_or_general": 27}, "elapsed_seconds": 318.84701347351074}
{"event": "task_complete", "fold": 2, "completed": 303, "total": 487, "format_errors": 0, "decisions": {"supported": 275, "other_or_general": 28}, "elapsed_seconds": 319.95686888694763}
{"event": "task_complete", "fold": 2, "completed": 304, "total": 487, "format_errors": 0, "decisions": {"supported": 276, "other_or_general": 28}, "elapsed_seconds": 321.30493235588074}
{"event": "task_complete", "fold": 2, "completed": 305, "total": 487, "format_errors": 0, "decisions": {"supported": 277, "other_or_general": 28}, "elapsed_seconds": 322.2753117084503}
{"event": "task_complete", "fold": 2, "completed": 306, "total": 487, "format_errors": 0, "decisions": {"supported": 278, "other_or_general": 28}, "elapsed_seconds": 323.2496190071106}
{"event": "task_complete", "fold": 2, "completed": 307, "total": 487, "format_errors": 0, "decisions": {"supported": 279, "other_or_general": 28}, "elapsed_seconds": 324.80870032310486}
{"event": "task_complete", "fold": 2, "completed": 308, "total": 487, "format_errors": 0, "decisions": {"supported": 280, "other_or_general": 28}, "elapsed_seconds": 325.7084770202637}
{"event": "task_complete", "fold": 2, "completed": 309, "total": 487, "format_errors": 0, "decisions": {"supported": 281, "other_or_general": 28}, "elapsed_seconds": 326.7331733703613}
{"event": "task_complete", "fold": 2, "completed": 310, "total": 487, "format_errors": 0, "decisions": {"supported": 282, "other_or_general": 28}, "elapsed_seconds": 327.84660482406616}
{"event": "task_complete", "fold": 2, "completed": 311, "total": 487, "format_errors": 0, "decisions": {"supported": 283, "other_or_general": 28}, "elapsed_seconds": 328.87705087661743}
{"event": "task_complete", "fold": 2, "completed": 312, "total": 487, "format_errors": 0, "decisions": {"supported": 284, "other_or_general": 28}, "elapsed_seconds": 329.90633058547974}
{"event": "task_complete", "fold": 2, "completed": 313, "total": 487, "format_errors": 0, "decisions": {"supported": 285, "other_or_general": 28}, "elapsed_seconds": 330.9325981140137}
{"event": "task_complete", "fold": 2, "completed": 314, "total": 487, "format_errors": 0, "decisions": {"supported": 286, "other_or_general": 28}, "elapsed_seconds": 331.95873832702637}
{"event": "task_complete", "fold": 2, "completed": 315, "total": 487, "format_errors": 0, "decisions": {"supported": 287, "other_or_general": 28}, "elapsed_seconds": 333.0029397010803}
{"event": "task_complete", "fold": 2, "completed": 316, "total": 487, "format_errors": 0, "decisions": {"supported": 288, "other_or_general": 28}, "elapsed_seconds": 334.0340383052826}
{"event": "task_complete", "fold": 2, "completed": 317, "total": 487, "format_errors": 0, "decisions": {"supported": 289, "other_or_general": 28}, "elapsed_seconds": 335.0449299812317}
{"event": "task_complete", "fold": 2, "completed": 318, "total": 487, "format_errors": 0, "decisions": {"supported": 290, "other_or_general": 28}, "elapsed_seconds": 336.2722055912018}
{"event": "task_complete", "fold": 2, "completed": 319, "total": 487, "format_errors": 0, "decisions": {"supported": 291, "other_or_general": 28}, "elapsed_seconds": 337.2661826610565}
{"event": "task_complete", "fold": 2, "completed": 320, "total": 487, "format_errors": 0, "decisions": {"supported": 292, "other_or_general": 28}, "elapsed_seconds": 338.22763204574585}
{"event": "task_complete", "fold": 2, "completed": 321, "total": 487, "format_errors": 0, "decisions": {"supported": 293, "other_or_general": 28}, "elapsed_seconds": 339.1686758995056}
{"event": "task_complete", "fold": 2, "completed": 322, "total": 487, "format_errors": 0, "decisions": {"supported": 294, "other_or_general": 28}, "elapsed_seconds": 340.07797741889954}
{"event": "task_complete", "fold": 2, "completed": 323, "total": 487, "format_errors": 0, "decisions": {"supported": 295, "other_or_general": 28}, "elapsed_seconds": 341.0389313697815}
{"event": "task_complete", "fold": 2, "completed": 324, "total": 487, "format_errors": 0, "decisions": {"supported": 296, "other_or_general": 28}, "elapsed_seconds": 342.0459249019623}
{"event": "task_complete", "fold": 2, "completed": 325, "total": 487, "format_errors": 0, "decisions": {"supported": 297, "other_or_general": 28}, "elapsed_seconds": 343.0185604095459}
{"event": "task_complete", "fold": 2, "completed": 326, "total": 487, "format_errors": 0, "decisions": {"supported": 298, "other_or_general": 28}, "elapsed_seconds": 344.3124508857727}
{"event": "task_complete", "fold": 2, "completed": 327, "total": 487, "format_errors": 0, "decisions": {"supported": 299, "other_or_general": 28}, "elapsed_seconds": 345.23870277404785}
{"event": "task_complete", "fold": 2, "completed": 328, "total": 487, "format_errors": 0, "decisions": {"supported": 300, "other_or_general": 28}, "elapsed_seconds": 346.65499567985535}
{"event": "task_complete", "fold": 2, "completed": 329, "total": 487, "format_errors": 0, "decisions": {"supported": 301, "other_or_general": 28}, "elapsed_seconds": 347.61956906318665}
{"event": "task_complete", "fold": 2, "completed": 330, "total": 487, "format_errors": 0, "decisions": {"supported": 302, "other_or_general": 28}, "elapsed_seconds": 348.5923466682434}
{"event": "task_complete", "fold": 2, "completed": 331, "total": 487, "format_errors": 0, "decisions": {"supported": 303, "other_or_general": 28}, "elapsed_seconds": 349.533486366272}
{"event": "task_complete", "fold": 2, "completed": 332, "total": 487, "format_errors": 0, "decisions": {"supported": 304, "other_or_general": 28}, "elapsed_seconds": 350.4570174217224}
{"event": "task_complete", "fold": 2, "completed": 333, "total": 487, "format_errors": 0, "decisions": {"supported": 305, "other_or_general": 28}, "elapsed_seconds": 351.85748052597046}
{"event": "task_complete", "fold": 2, "completed": 334, "total": 487, "format_errors": 0, "decisions": {"supported": 306, "other_or_general": 28}, "elapsed_seconds": 352.9566957950592}
{"event": "task_complete", "fold": 2, "completed": 335, "total": 487, "format_errors": 0, "decisions": {"supported": 307, "other_or_general": 28}, "elapsed_seconds": 353.9317409992218}
{"event": "task_complete", "fold": 2, "completed": 336, "total": 487, "format_errors": 0, "decisions": {"supported": 308, "other_or_general": 28}, "elapsed_seconds": 354.9656138420105}
{"event": "task_complete", "fold": 2, "completed": 337, "total": 487, "format_errors": 0, "decisions": {"supported": 309, "other_or_general": 28}, "elapsed_seconds": 356.3210208415985}
{"event": "task_complete", "fold": 2, "completed": 338, "total": 487, "format_errors": 0, "decisions": {"supported": 310, "other_or_general": 28}, "elapsed_seconds": 357.23388385772705}
{"event": "task_complete", "fold": 2, "completed": 339, "total": 487, "format_errors": 0, "decisions": {"supported": 311, "other_or_general": 28}, "elapsed_seconds": 358.3125193119049}
{"event": "task_complete", "fold": 2, "completed": 340, "total": 487, "format_errors": 0, "decisions": {"supported": 312, "other_or_general": 28}, "elapsed_seconds": 359.5475854873657}
{"event": "task_complete", "fold": 2, "completed": 341, "total": 487, "format_errors": 0, "decisions": {"supported": 313, "other_or_general": 28}, "elapsed_seconds": 360.5455992221832}
{"event": "task_complete", "fold": 2, "completed": 342, "total": 487, "format_errors": 0, "decisions": {"supported": 314, "other_or_general": 28}, "elapsed_seconds": 361.5663192272186}
{"event": "task_complete", "fold": 2, "completed": 343, "total": 487, "format_errors": 0, "decisions": {"supported": 314, "other_or_general": 29}, "elapsed_seconds": 362.7486946582794}
{"event": "task_complete", "fold": 2, "completed": 344, "total": 487, "format_errors": 0, "decisions": {"supported": 315, "other_or_general": 29}, "elapsed_seconds": 363.7889943122864}
{"event": "task_complete", "fold": 2, "completed": 345, "total": 487, "format_errors": 0, "decisions": {"supported": 316, "other_or_general": 29}, "elapsed_seconds": 364.9010400772095}
{"event": "task_complete", "fold": 2, "completed": 346, "total": 487, "format_errors": 0, "decisions": {"supported": 317, "other_or_general": 29}, "elapsed_seconds": 365.90886902809143}
{"event": "task_complete", "fold": 2, "completed": 347, "total": 487, "format_errors": 0, "decisions": {"supported": 318, "other_or_general": 29}, "elapsed_seconds": 366.98682951927185}
{"event": "task_complete", "fold": 2, "completed": 348, "total": 487, "format_errors": 0, "decisions": {"supported": 319, "other_or_general": 29}, "elapsed_seconds": 368.0055570602417}
{"event": "task_complete", "fold": 2, "completed": 349, "total": 487, "format_errors": 0, "decisions": {"supported": 320, "other_or_general": 29}, "elapsed_seconds": 369.00280594825745}
{"event": "task_complete", "fold": 2, "completed": 350, "total": 487, "format_errors": 0, "decisions": {"supported": 321, "other_or_general": 29}, "elapsed_seconds": 369.99800848960876}
{"event": "task_complete", "fold": 2, "completed": 351, "total": 487, "format_errors": 0, "decisions": {"supported": 322, "other_or_general": 29}, "elapsed_seconds": 370.96657490730286}
{"event": "task_complete", "fold": 2, "completed": 352, "total": 487, "format_errors": 0, "decisions": {"supported": 323, "other_or_general": 29}, "elapsed_seconds": 371.88997173309326}
{"event": "task_complete", "fold": 2, "completed": 353, "total": 487, "format_errors": 0, "decisions": {"supported": 324, "other_or_general": 29}, "elapsed_seconds": 373.47588777542114}
{"event": "task_complete", "fold": 2, "completed": 354, "total": 487, "format_errors": 0, "decisions": {"supported": 325, "other_or_general": 29}, "elapsed_seconds": 374.38977694511414}
{"event": "task_complete", "fold": 2, "completed": 355, "total": 487, "format_errors": 0, "decisions": {"supported": 326, "other_or_general": 29}, "elapsed_seconds": 375.31475830078125}
{"event": "task_complete", "fold": 2, "completed": 356, "total": 487, "format_errors": 0, "decisions": {"supported": 327, "other_or_general": 29}, "elapsed_seconds": 376.5671124458313}
{"event": "task_complete", "fold": 2, "completed": 357, "total": 487, "format_errors": 0, "decisions": {"supported": 328, "other_or_general": 29}, "elapsed_seconds": 377.595769405365}
{"event": "task_complete", "fold": 2, "completed": 358, "total": 487, "format_errors": 0, "decisions": {"supported": 329, "other_or_general": 29}, "elapsed_seconds": 378.58172941207886}
{"event": "task_complete", "fold": 2, "completed": 359, "total": 487, "format_errors": 0, "decisions": {"supported": 330, "other_or_general": 29}, "elapsed_seconds": 379.5142216682434}
{"event": "task_complete", "fold": 2, "completed": 360, "total": 487, "format_errors": 0, "decisions": {"supported": 331, "other_or_general": 29}, "elapsed_seconds": 380.4233019351959}
{"event": "task_complete", "fold": 2, "completed": 361, "total": 487, "format_errors": 0, "decisions": {"supported": 331, "other_or_general": 30}, "elapsed_seconds": 381.57926630973816}
{"event": "task_complete", "fold": 2, "completed": 362, "total": 487, "format_errors": 0, "decisions": {"supported": 332, "other_or_general": 30}, "elapsed_seconds": 382.9238848686218}
{"event": "task_complete", "fold": 2, "completed": 363, "total": 487, "format_errors": 0, "decisions": {"supported": 333, "other_or_general": 30}, "elapsed_seconds": 383.8443546295166}
{"event": "task_complete", "fold": 2, "completed": 364, "total": 487, "format_errors": 0, "decisions": {"supported": 334, "other_or_general": 30}, "elapsed_seconds": 384.923894405365}
{"event": "task_complete", "fold": 2, "completed": 365, "total": 487, "format_errors": 0, "decisions": {"supported": 335, "other_or_general": 30}, "elapsed_seconds": 386.22137236595154}
{"event": "task_complete", "fold": 2, "completed": 366, "total": 487, "format_errors": 0, "decisions": {"supported": 336, "other_or_general": 30}, "elapsed_seconds": 387.13751554489136}
{"event": "task_complete", "fold": 2, "completed": 367, "total": 487, "format_errors": 0, "decisions": {"supported": 337, "other_or_general": 30}, "elapsed_seconds": 388.17586302757263}
{"event": "task_complete", "fold": 2, "completed": 368, "total": 487, "format_errors": 0, "decisions": {"supported": 338, "other_or_general": 30}, "elapsed_seconds": 389.1700475215912}
{"event": "task_complete", "fold": 2, "completed": 369, "total": 487, "format_errors": 0, "decisions": {"supported": 339, "other_or_general": 30}, "elapsed_seconds": 390.1127209663391}
{"event": "task_complete", "fold": 2, "completed": 370, "total": 487, "format_errors": 0, "decisions": {"supported": 340, "other_or_general": 30}, "elapsed_seconds": 391.47882556915283}
{"event": "task_complete", "fold": 2, "completed": 371, "total": 487, "format_errors": 0, "decisions": {"supported": 341, "other_or_general": 30}, "elapsed_seconds": 392.5257685184479}
{"event": "task_complete", "fold": 2, "completed": 372, "total": 487, "format_errors": 0, "decisions": {"supported": 341, "other_or_general": 31}, "elapsed_seconds": 393.7017378807068}
{"event": "task_complete", "fold": 2, "completed": 373, "total": 487, "format_errors": 0, "decisions": {"supported": 342, "other_or_general": 31}, "elapsed_seconds": 394.710853099823}
{"event": "task_complete", "fold": 2, "completed": 374, "total": 487, "format_errors": 0, "decisions": {"supported": 343, "other_or_general": 31}, "elapsed_seconds": 395.72503662109375}
{"event": "task_complete", "fold": 2, "completed": 375, "total": 487, "format_errors": 0, "decisions": {"supported": 344, "other_or_general": 31}, "elapsed_seconds": 396.74690198898315}
{"event": "task_complete", "fold": 2, "completed": 376, "total": 487, "format_errors": 0, "decisions": {"supported": 345, "other_or_general": 31}, "elapsed_seconds": 397.75028681755066}
{"event": "task_complete", "fold": 2, "completed": 377, "total": 487, "format_errors": 0, "decisions": {"supported": 346, "other_or_general": 31}, "elapsed_seconds": 398.6850564479828}
{"event": "task_complete", "fold": 2, "completed": 378, "total": 487, "format_errors": 0, "decisions": {"supported": 346, "other_or_general": 32}, "elapsed_seconds": 399.76807475090027}
{"event": "task_complete", "fold": 2, "completed": 379, "total": 487, "format_errors": 0, "decisions": {"supported": 347, "other_or_general": 32}, "elapsed_seconds": 401.1226489543915}
{"event": "task_complete", "fold": 2, "completed": 380, "total": 487, "format_errors": 0, "decisions": {"supported": 348, "other_or_general": 32}, "elapsed_seconds": 402.0322005748749}
{"event": "task_complete", "fold": 2, "completed": 381, "total": 487, "format_errors": 0, "decisions": {"supported": 349, "other_or_general": 32}, "elapsed_seconds": 402.9480094909668}
{"event": "task_complete", "fold": 2, "completed": 382, "total": 487, "format_errors": 0, "decisions": {"supported": 350, "other_or_general": 32}, "elapsed_seconds": 404.3910722732544}
{"event": "task_complete", "fold": 2, "completed": 383, "total": 487, "format_errors": 0, "decisions": {"supported": 351, "other_or_general": 32}, "elapsed_seconds": 405.3490791320801}
{"event": "task_complete", "fold": 2, "completed": 384, "total": 487, "format_errors": 0, "decisions": {"supported": 352, "other_or_general": 32}, "elapsed_seconds": 406.31353402137756}
{"event": "task_complete", "fold": 2, "completed": 385, "total": 487, "format_errors": 0, "decisions": {"supported": 353, "other_or_general": 32}, "elapsed_seconds": 407.6978828907013}
{"event": "task_complete", "fold": 2, "completed": 386, "total": 487, "format_errors": 0, "decisions": {"supported": 353, "other_or_general": 33}, "elapsed_seconds": 408.7529535293579}
{"event": "task_complete", "fold": 2, "completed": 387, "total": 487, "format_errors": 0, "decisions": {"supported": 354, "other_or_general": 33}, "elapsed_seconds": 409.75491309165955}
{"event": "task_complete", "fold": 2, "completed": 388, "total": 487, "format_errors": 0, "decisions": {"supported": 354, "other_or_general": 34}, "elapsed_seconds": 411.09472846984863}
{"event": "task_complete", "fold": 2, "completed": 389, "total": 487, "format_errors": 0, "decisions": {"supported": 355, "other_or_general": 34}, "elapsed_seconds": 412.079416513443}
{"event": "task_complete", "fold": 2, "completed": 390, "total": 487, "format_errors": 0, "decisions": {"supported": 356, "other_or_general": 34}, "elapsed_seconds": 413.0161120891571}
{"event": "task_complete", "fold": 2, "completed": 391, "total": 487, "format_errors": 0, "decisions": {"supported": 357, "other_or_general": 34}, "elapsed_seconds": 414.2684955596924}
{"event": "task_complete", "fold": 2, "completed": 392, "total": 487, "format_errors": 0, "decisions": {"supported": 358, "other_or_general": 34}, "elapsed_seconds": 415.24924874305725}
{"event": "task_complete", "fold": 2, "completed": 393, "total": 487, "format_errors": 0, "decisions": {"supported": 359, "other_or_general": 34}, "elapsed_seconds": 416.2127015590668}
{"event": "task_complete", "fold": 2, "completed": 394, "total": 487, "format_errors": 0, "decisions": {"supported": 360, "other_or_general": 34}, "elapsed_seconds": 417.5294406414032}
{"event": "task_complete", "fold": 2, "completed": 395, "total": 487, "format_errors": 0, "decisions": {"supported": 361, "other_or_general": 34}, "elapsed_seconds": 418.6951746940613}
{"event": "task_complete", "fold": 2, "completed": 396, "total": 487, "format_errors": 0, "decisions": {"supported": 362, "other_or_general": 34}, "elapsed_seconds": 419.62067914009094}
{"event": "task_complete", "fold": 2, "completed": 397, "total": 487, "format_errors": 0, "decisions": {"supported": 363, "other_or_general": 34}, "elapsed_seconds": 420.6338007450104}
{"event": "task_complete", "fold": 2, "completed": 398, "total": 487, "format_errors": 0, "decisions": {"supported": 364, "other_or_general": 34}, "elapsed_seconds": 421.6084339618683}
{"event": "task_complete", "fold": 2, "completed": 399, "total": 487, "format_errors": 0, "decisions": {"supported": 365, "other_or_general": 34}, "elapsed_seconds": 422.58641481399536}
{"event": "task_complete", "fold": 2, "completed": 400, "total": 487, "format_errors": 0, "decisions": {"supported": 366, "other_or_general": 34}, "elapsed_seconds": 423.64617371559143}
{"event": "task_complete", "fold": 2, "completed": 401, "total": 487, "format_errors": 0, "decisions": {"supported": 367, "other_or_general": 34}, "elapsed_seconds": 424.8321933746338}
{"event": "task_complete", "fold": 2, "completed": 402, "total": 487, "format_errors": 0, "decisions": {"supported": 367, "other_or_general": 35}, "elapsed_seconds": 426.0392563343048}
{"event": "task_complete", "fold": 2, "completed": 403, "total": 487, "format_errors": 0, "decisions": {"supported": 368, "other_or_general": 35}, "elapsed_seconds": 427.0097076892853}
{"event": "task_complete", "fold": 2, "completed": 404, "total": 487, "format_errors": 0, "decisions": {"supported": 369, "other_or_general": 35}, "elapsed_seconds": 427.96696853637695}
{"event": "task_complete", "fold": 2, "completed": 405, "total": 487, "format_errors": 0, "decisions": {"supported": 370, "other_or_general": 35}, "elapsed_seconds": 428.96582674980164}
{"event": "task_complete", "fold": 2, "completed": 406, "total": 487, "format_errors": 0, "decisions": {"supported": 371, "other_or_general": 35}, "elapsed_seconds": 429.93334555625916}
{"event": "task_complete", "fold": 2, "completed": 407, "total": 487, "format_errors": 0, "decisions": {"supported": 372, "other_or_general": 35}, "elapsed_seconds": 431.3346791267395}
{"event": "task_complete", "fold": 2, "completed": 408, "total": 487, "format_errors": 0, "decisions": {"supported": 373, "other_or_general": 35}, "elapsed_seconds": 432.2581169605255}
{"event": "task_complete", "fold": 2, "completed": 409, "total": 487, "format_errors": 0, "decisions": {"supported": 374, "other_or_general": 35}, "elapsed_seconds": 433.2241349220276}
{"event": "task_complete", "fold": 2, "completed": 410, "total": 487, "format_errors": 0, "decisions": {"supported": 375, "other_or_general": 35}, "elapsed_seconds": 434.76091861724854}
{"event": "task_complete", "fold": 2, "completed": 411, "total": 487, "format_errors": 0, "decisions": {"supported": 376, "other_or_general": 35}, "elapsed_seconds": 435.8325684070587}
{"event": "task_complete", "fold": 2, "completed": 412, "total": 487, "format_errors": 0, "decisions": {"supported": 377, "other_or_general": 35}, "elapsed_seconds": 437.1273190975189}
{"event": "task_complete", "fold": 2, "completed": 413, "total": 487, "format_errors": 0, "decisions": {"supported": 378, "other_or_general": 35}, "elapsed_seconds": 438.13744831085205}
{"event": "task_complete", "fold": 2, "completed": 414, "total": 487, "format_errors": 0, "decisions": {"supported": 379, "other_or_general": 35}, "elapsed_seconds": 439.1320059299469}
{"event": "task_complete", "fold": 2, "completed": 415, "total": 487, "format_errors": 0, "decisions": {"supported": 380, "other_or_general": 35}, "elapsed_seconds": 440.2991099357605}
{"event": "task_complete", "fold": 2, "completed": 416, "total": 487, "format_errors": 0, "decisions": {"supported": 381, "other_or_general": 35}, "elapsed_seconds": 441.4456887245178}
{"event": "task_complete", "fold": 2, "completed": 417, "total": 487, "format_errors": 0, "decisions": {"supported": 382, "other_or_general": 35}, "elapsed_seconds": 442.8318500518799}
{"event": "task_complete", "fold": 2, "completed": 418, "total": 487, "format_errors": 0, "decisions": {"supported": 383, "other_or_general": 35}, "elapsed_seconds": 443.74570417404175}
{"event": "task_complete", "fold": 2, "completed": 419, "total": 487, "format_errors": 0, "decisions": {"supported": 384, "other_or_general": 35}, "elapsed_seconds": 444.7721025943756}
{"event": "task_complete", "fold": 2, "completed": 420, "total": 487, "format_errors": 0, "decisions": {"supported": 385, "other_or_general": 35}, "elapsed_seconds": 445.98617601394653}
{"event": "task_complete", "fold": 2, "completed": 421, "total": 487, "format_errors": 0, "decisions": {"supported": 386, "other_or_general": 35}, "elapsed_seconds": 447.2127740383148}
{"event": "task_complete", "fold": 2, "completed": 422, "total": 487, "format_errors": 0, "decisions": {"supported": 387, "other_or_general": 35}, "elapsed_seconds": 448.1846466064453}
{"event": "task_complete", "fold": 2, "completed": 423, "total": 487, "format_errors": 0, "decisions": {"supported": 388, "other_or_general": 35}, "elapsed_seconds": 449.5118429660797}
{"event": "task_complete", "fold": 2, "completed": 424, "total": 487, "format_errors": 0, "decisions": {"supported": 389, "other_or_general": 35}, "elapsed_seconds": 450.7313530445099}
{"event": "task_complete", "fold": 2, "completed": 425, "total": 487, "format_errors": 0, "decisions": {"supported": 390, "other_or_general": 35}, "elapsed_seconds": 451.64509868621826}
{"event": "task_complete", "fold": 2, "completed": 426, "total": 487, "format_errors": 0, "decisions": {"supported": 391, "other_or_general": 35}, "elapsed_seconds": 452.88105154037476}
{"event": "task_complete", "fold": 2, "completed": 427, "total": 487, "format_errors": 0, "decisions": {"supported": 392, "other_or_general": 35}, "elapsed_seconds": 453.90269565582275}
{"event": "task_complete", "fold": 2, "completed": 428, "total": 487, "format_errors": 0, "decisions": {"supported": 393, "other_or_general": 35}, "elapsed_seconds": 454.9153299331665}
{"event": "task_complete", "fold": 2, "completed": 429, "total": 487, "format_errors": 0, "decisions": {"supported": 394, "other_or_general": 35}, "elapsed_seconds": 455.9222729206085}
{"event": "task_complete", "fold": 2, "completed": 430, "total": 487, "format_errors": 0, "decisions": {"supported": 395, "other_or_general": 35}, "elapsed_seconds": 456.93154311180115}
{"event": "task_complete", "fold": 2, "completed": 431, "total": 487, "format_errors": 0, "decisions": {"supported": 396, "other_or_general": 35}, "elapsed_seconds": 457.9403250217438}
{"event": "task_complete", "fold": 2, "completed": 432, "total": 487, "format_errors": 0, "decisions": {"supported": 397, "other_or_general": 35}, "elapsed_seconds": 458.9385280609131}
{"event": "task_complete", "fold": 2, "completed": 433, "total": 487, "format_errors": 0, "decisions": {"supported": 398, "other_or_general": 35}, "elapsed_seconds": 459.9613344669342}
{"event": "task_complete", "fold": 2, "completed": 434, "total": 487, "format_errors": 0, "decisions": {"supported": 399, "other_or_general": 35}, "elapsed_seconds": 460.9672520160675}
{"event": "task_complete", "fold": 2, "completed": 435, "total": 487, "format_errors": 0, "decisions": {"supported": 400, "other_or_general": 35}, "elapsed_seconds": 461.9682686328888}
{"event": "task_complete", "fold": 2, "completed": 436, "total": 487, "format_errors": 0, "decisions": {"supported": 401, "other_or_general": 35}, "elapsed_seconds": 462.99350452423096}
{"event": "task_complete", "fold": 2, "completed": 437, "total": 487, "format_errors": 0, "decisions": {"supported": 402, "other_or_general": 35}, "elapsed_seconds": 464.0108344554901}
{"event": "task_complete", "fold": 2, "completed": 438, "total": 487, "format_errors": 0, "decisions": {"supported": 403, "other_or_general": 35}, "elapsed_seconds": 464.9581227302551}
{"event": "task_complete", "fold": 2, "completed": 439, "total": 487, "format_errors": 0, "decisions": {"supported": 404, "other_or_general": 35}, "elapsed_seconds": 465.9380888938904}
{"event": "task_complete", "fold": 2, "completed": 440, "total": 487, "format_errors": 0, "decisions": {"supported": 405, "other_or_general": 35}, "elapsed_seconds": 466.88443541526794}
{"event": "task_complete", "fold": 2, "completed": 441, "total": 487, "format_errors": 0, "decisions": {"supported": 406, "other_or_general": 35}, "elapsed_seconds": 467.87359595298767}
{"event": "task_complete", "fold": 2, "completed": 442, "total": 487, "format_errors": 0, "decisions": {"supported": 407, "other_or_general": 35}, "elapsed_seconds": 468.7937605381012}
{"event": "task_complete", "fold": 2, "completed": 443, "total": 487, "format_errors": 0, "decisions": {"supported": 408, "other_or_general": 35}, "elapsed_seconds": 470.0899076461792}
{"event": "task_complete", "fold": 2, "completed": 444, "total": 487, "format_errors": 0, "decisions": {"supported": 409, "other_or_general": 35}, "elapsed_seconds": 471.1347017288208}
{"event": "task_complete", "fold": 2, "completed": 445, "total": 487, "format_errors": 0, "decisions": {"supported": 410, "other_or_general": 35}, "elapsed_seconds": 472.313125371933}
{"event": "task_complete", "fold": 2, "completed": 446, "total": 487, "format_errors": 0, "decisions": {"supported": 411, "other_or_general": 35}, "elapsed_seconds": 473.3936057090759}
{"event": "task_complete", "fold": 2, "completed": 447, "total": 487, "format_errors": 0, "decisions": {"supported": 412, "other_or_general": 35}, "elapsed_seconds": 474.37955260276794}
{"event": "task_complete", "fold": 2, "completed": 448, "total": 487, "format_errors": 0, "decisions": {"supported": 413, "other_or_general": 35}, "elapsed_seconds": 475.55026745796204}
{"event": "task_complete", "fold": 2, "completed": 449, "total": 487, "format_errors": 0, "decisions": {"supported": 414, "other_or_general": 35}, "elapsed_seconds": 476.54381799697876}
{"event": "task_complete", "fold": 2, "completed": 450, "total": 487, "format_errors": 0, "decisions": {"supported": 415, "other_or_general": 35}, "elapsed_seconds": 477.5005142688751}
{"event": "task_complete", "fold": 2, "completed": 451, "total": 487, "format_errors": 0, "decisions": {"supported": 416, "other_or_general": 35}, "elapsed_seconds": 478.4808728694916}
{"event": "task_complete", "fold": 2, "completed": 452, "total": 487, "format_errors": 0, "decisions": {"supported": 417, "other_or_general": 35}, "elapsed_seconds": 479.4941589832306}
{"event": "task_complete", "fold": 2, "completed": 453, "total": 487, "format_errors": 0, "decisions": {"supported": 418, "other_or_general": 35}, "elapsed_seconds": 480.48548221588135}
{"event": "task_complete", "fold": 2, "completed": 454, "total": 487, "format_errors": 0, "decisions": {"supported": 419, "other_or_general": 35}, "elapsed_seconds": 481.90069365501404}
{"event": "task_complete", "fold": 2, "completed": 455, "total": 487, "format_errors": 0, "decisions": {"supported": 420, "other_or_general": 35}, "elapsed_seconds": 482.8648774623871}
{"event": "task_complete", "fold": 2, "completed": 456, "total": 487, "format_errors": 0, "decisions": {"supported": 421, "other_or_general": 35}, "elapsed_seconds": 483.82890462875366}
{"event": "task_complete", "fold": 2, "completed": 457, "total": 487, "format_errors": 0, "decisions": {"supported": 421, "other_or_general": 36}, "elapsed_seconds": 484.90181517601013}
{"event": "task_complete", "fold": 2, "completed": 458, "total": 487, "format_errors": 0, "decisions": {"supported": 422, "other_or_general": 36}, "elapsed_seconds": 486.15587162971497}
{"event": "task_complete", "fold": 2, "completed": 459, "total": 487, "format_errors": 0, "decisions": {"supported": 423, "other_or_general": 36}, "elapsed_seconds": 487.1373620033264}
{"event": "task_complete", "fold": 2, "completed": 460, "total": 487, "format_errors": 0, "decisions": {"supported": 424, "other_or_general": 36}, "elapsed_seconds": 488.16902685165405}
{"event": "task_complete", "fold": 2, "completed": 461, "total": 487, "format_errors": 0, "decisions": {"supported": 425, "other_or_general": 36}, "elapsed_seconds": 489.20903873443604}
{"event": "task_complete", "fold": 2, "completed": 462, "total": 487, "format_errors": 0, "decisions": {"supported": 426, "other_or_general": 36}, "elapsed_seconds": 490.2468273639679}
{"event": "task_complete", "fold": 2, "completed": 463, "total": 487, "format_errors": 0, "decisions": {"supported": 427, "other_or_general": 36}, "elapsed_seconds": 491.2604148387909}
{"event": "task_complete", "fold": 2, "completed": 464, "total": 487, "format_errors": 0, "decisions": {"supported": 428, "other_or_general": 36}, "elapsed_seconds": 492.2714626789093}
{"event": "task_complete", "fold": 2, "completed": 465, "total": 487, "format_errors": 0, "decisions": {"supported": 429, "other_or_general": 36}, "elapsed_seconds": 493.2313086986542}
{"event": "task_complete", "fold": 2, "completed": 466, "total": 487, "format_errors": 0, "decisions": {"supported": 430, "other_or_general": 36}, "elapsed_seconds": 494.60048031806946}
{"event": "task_complete", "fold": 2, "completed": 467, "total": 487, "format_errors": 0, "decisions": {"supported": 431, "other_or_general": 36}, "elapsed_seconds": 495.51837372779846}
{"event": "task_complete", "fold": 2, "completed": 468, "total": 487, "format_errors": 0, "decisions": {"supported": 432, "other_or_general": 36}, "elapsed_seconds": 496.44955229759216}
{"event": "task_complete", "fold": 2, "completed": 469, "total": 487, "format_errors": 0, "decisions": {"supported": 433, "other_or_general": 36}, "elapsed_seconds": 497.79596495628357}
{"event": "task_complete", "fold": 2, "completed": 470, "total": 487, "format_errors": 0, "decisions": {"supported": 434, "other_or_general": 36}, "elapsed_seconds": 498.7102394104004}
{"event": "task_complete", "fold": 2, "completed": 471, "total": 487, "format_errors": 0, "decisions": {"supported": 435, "other_or_general": 36}, "elapsed_seconds": 499.7259979248047}
{"event": "task_complete", "fold": 2, "completed": 472, "total": 487, "format_errors": 0, "decisions": {"supported": 436, "other_or_general": 36}, "elapsed_seconds": 501.00936460494995}
{"event": "task_complete", "fold": 2, "completed": 473, "total": 487, "format_errors": 0, "decisions": {"supported": 437, "other_or_general": 36}, "elapsed_seconds": 502.02322816848755}
{"event": "task_complete", "fold": 2, "completed": 474, "total": 487, "format_errors": 0, "decisions": {"supported": 438, "other_or_general": 36}, "elapsed_seconds": 502.99682569503784}
{"event": "task_complete", "fold": 2, "completed": 475, "total": 487, "format_errors": 0, "decisions": {"supported": 439, "other_or_general": 36}, "elapsed_seconds": 503.9444987773895}
{"event": "task_complete", "fold": 2, "completed": 476, "total": 487, "format_errors": 0, "decisions": {"supported": 440, "other_or_general": 36}, "elapsed_seconds": 504.8730351924896}
{"event": "task_complete", "fold": 2, "completed": 477, "total": 487, "format_errors": 0, "decisions": {"supported": 441, "other_or_general": 36}, "elapsed_seconds": 505.85104179382324}
{"event": "task_complete", "fold": 2, "completed": 478, "total": 487, "format_errors": 0, "decisions": {"supported": 442, "other_or_general": 36}, "elapsed_seconds": 507.15330171585083}
{"event": "task_complete", "fold": 2, "completed": 479, "total": 487, "format_errors": 0, "decisions": {"supported": 443, "other_or_general": 36}, "elapsed_seconds": 508.184720993042}
{"event": "task_complete", "fold": 2, "completed": 480, "total": 487, "format_errors": 0, "decisions": {"supported": 444, "other_or_general": 36}, "elapsed_seconds": 509.1991629600525}
{"event": "task_complete", "fold": 2, "completed": 481, "total": 487, "format_errors": 0, "decisions": {"supported": 444, "other_or_general": 37}, "elapsed_seconds": 510.31626200675964}
{"event": "task_complete", "fold": 2, "completed": 482, "total": 487, "format_errors": 0, "decisions": {"supported": 445, "other_or_general": 37}, "elapsed_seconds": 511.31958532333374}
{"event": "task_complete", "fold": 2, "completed": 483, "total": 487, "format_errors": 0, "decisions": {"supported": 446, "other_or_general": 37}, "elapsed_seconds": 512.3306849002838}
{"event": "task_complete", "fold": 2, "completed": 484, "total": 487, "format_errors": 0, "decisions": {"supported": 447, "other_or_general": 37}, "elapsed_seconds": 513.3743810653687}
{"event": "task_complete", "fold": 2, "completed": 485, "total": 487, "format_errors": 0, "decisions": {"supported": 447, "other_or_general": 38}, "elapsed_seconds": 514.5448610782623}
{"event": "task_complete", "fold": 2, "completed": 486, "total": 487, "format_errors": 0, "decisions": {"supported": 448, "other_or_general": 38}, "elapsed_seconds": 515.5556099414825}
{"event": "task_complete", "fold": 2, "completed": 487, "total": 487, "format_errors": 0, "decisions": {"supported": 449, "other_or_general": 38}, "elapsed_seconds": 516.5967483520508}
{"event": "completed", "fold": 2, "validation_document_ids": ["10789033", "12110755", "12118522", "12147048", "12334843", "12386172", "12405443", "12444410", "12891056", "5422868", "5473715", "5574094", "5575846", "5959423", "6134758", "6491447"], "upstream_training_document_ids": ["10313222", "10553122", "11196099", "11203018", "11221135", "11235872", "11765409", "11826603", "11871647", "11906559", "11919040", "11986149", "12017973", "12059664", "12078887", "12110769", "12126309", "12250201", "12455887", "12628480", "12640707", "12646972", "12652105", "12733031", "12779223", "12798528", "12811285", "12846941", "2866573", "2964533", "3563609", "4607013", "4644339", "4678370", "4899602", "5023785", "5368377", "5415817", "5425407", "5452357", "5537416", "5538066", "5562981", "5693559", "5763540", "5773845", "5789735", "5793168", "5866036", "5970456", "6036836", "6048891", "6049015", "6057141", "6059678", "6063015", "6096008", "6151044", "6219255", "6220403", "6332535", "6338757", "6390251", "9327653"], "llm_training_document_ids": [], "demonstration_document_ids": [], "answers_removed_before_prompting": true, "baseline_exact_replay": true, "plan_sha256": "7072109360d9b7e9e20b61a0589e6b216ad6e71973e1a6a222cb71adc7d87b9f", "task_count": 487, "tasks_sha256": "2f2cdcff0835e498c8f2356e187fd7dde7b680470e71e9193a4121fcafe0b372", "acronym_tasks": 85, "tasks_with_document_definitions": 81, "max_input_tokens": 843, "maximum_grammar_tokens": 16, "protocol_module": "patientphex.llm_concept_review", "source_truncation": false, "hard_nonthinking": true, "status": "completed", "decisions_sha256": "3aed54f10d9baca8f8e3637aae5b4ee13af09099b6489a64097931d9d3bdbc9f", "format_success_rate": 1.0, "format_errors": 0, "elapsed_seconds": 516.6157116889954, "physical_gpu": "2", "peak_allocated_gib": 16.417583465576172, "generated_tokens": 6008, "generation_seconds": 506.223876953125, "decisions": {"supported": 449, "other_or_general": 38}}
