{"event": "prompts_prepared", "fold": 1, "validation_document_ids": ["10313222", "11221135", "11826603", "12078887", "12628480", "12779223", "5023785", "5368377", "5425407", "5693559", "5789735", "5866036", "6049015", "6096008", "6220403", "9327653"], "upstream_training_document_ids": ["10553122", "10789033", "11196099", "11203018", "11235872", "11765409", "11871647", "11906559", "11919040", "11986149", "12017973", "12059664", "12110755", "12110769", "12118522", "12126309", "12147048", "12250201", "12334843", "12386172", "12405443", "12444410", "12455887", "12640707", "12646972", "12652105", "12733031", "12798528", "12811285", "12846941", "12891056", "2866573", "2964533", "3563609", "4607013", "4644339", "4678370", "4899602", "5415817", "5422868", "5452357", "5473715", "5537416", "5538066", "5562981", "5574094", "5575846", "5763540", "5773845", "5793168", "5959423", "5970456", "6036836", "6048891", "6057141", "6059678", "6063015", "6134758", "6151044", "6219255", "6332535", "6338757", "6390251", "6491447"], "llm_training_document_ids": [], "demonstration_document_ids": [], "plan_sha256": "e8fb7094ac71a33d0820b01602d23d66a332389a1b12aad0049394443e29346f", "baseline_exact_replay": true, "answers_removed_before_prompting": true, "task_count": 297, "tasks_sha256": "fd46f8214a0c178a13492b1c0fae07ecbcb6ee93e55926b95a066c8e2eb1ca63", "all_occurrences_selected": 221, "max_input_tokens": 1884, "complete_evidence_count": 221, "dropped_fragments": 0, "all_prompts_within_context": true, "hard_nonthinking": true}
Loading checkpoint shards:   0%|          | 0/5 [00:00<?, ?it/s]Loading checkpoint shards:  20%|██        | 1/5 [00:01<00:04,  1.08s/it]Loading checkpoint shards:  40%|████      | 2/5 [00:01<00:02,  1.07it/s]Loading checkpoint shards:  60%|██████    | 3/5 [00:02<00:01,  1.14it/s]Loading checkpoint shards:  80%|████████  | 4/5 [00:03<00:00,  1.28it/s]Loading checkpoint shards: 100%|██████████| 5/5 [00:03<00:00,  1.72it/s]Loading checkpoint shards: 100%|██████████| 5/5 [00:03<00:00,  1.40it/s]
{"event": "task_complete", "fold": 1, "completed": 1, "total": 297, "format_errors": 0, "decisions": {"supported": 1}, "elapsed_seconds": 12.428044319152832}
{"event": "task_complete", "fold": 1, "completed": 2, "total": 297, "format_errors": 0, "decisions": {"supported": 2}, "elapsed_seconds": 16.054609060287476}
{"event": "task_complete", "fold": 1, "completed": 3, "total": 297, "format_errors": 0, "decisions": {"supported": 3}, "elapsed_seconds": 17.610271215438843}
{"event": "task_complete", "fold": 1, "completed": 4, "total": 297, "format_errors": 0, "decisions": {"supported": 4}, "elapsed_seconds": 20.7790310382843}
{"event": "task_complete", "fold": 1, "completed": 5, "total": 297, "format_errors": 0, "decisions": {"supported": 5}, "elapsed_seconds": 24.636722803115845}
{"event": "task_complete", "fold": 1, "completed": 6, "total": 297, "format_errors": 0, "decisions": {"supported": 6}, "elapsed_seconds": 29.597571849822998}
{"event": "task_complete", "fold": 1, "completed": 7, "total": 297, "format_errors": 0, "decisions": {"supported": 7}, "elapsed_seconds": 37.940996170043945}
{"event": "task_complete", "fold": 1, "completed": 8, "total": 297, "format_errors": 0, "decisions": {"supported": 8}, "elapsed_seconds": 40.89108157157898}
{"event": "task_complete", "fold": 1, "completed": 9, "total": 297, "format_errors": 0, "decisions": {"supported": 9}, "elapsed_seconds": 46.04249572753906}
{"event": "task_complete", "fold": 1, "completed": 10, "total": 297, "format_errors": 0, "decisions": {"supported": 10}, "elapsed_seconds": 48.8656165599823}
{"event": "task_complete", "fold": 1, "completed": 11, "total": 297, "format_errors": 0, "decisions": {"supported": 11}, "elapsed_seconds": 56.784138441085815}
{"event": "task_complete", "fold": 1, "completed": 12, "total": 297, "format_errors": 0, "decisions": {"supported": 11, "other_or_general": 1}, "elapsed_seconds": 62.54366445541382}
{"event": "task_complete", "fold": 1, "completed": 13, "total": 297, "format_errors": 0, "decisions": {"supported": 11, "other_or_general": 2}, "elapsed_seconds": 69.36903834342957}
{"event": "task_complete", "fold": 1, "completed": 14, "total": 297, "format_errors": 0, "decisions": {"supported": 11, "other_or_general": 3}, "elapsed_seconds": 76.09134650230408}
{"event": "task_complete", "fold": 1, "completed": 15, "total": 297, "format_errors": 0, "decisions": {"supported": 12, "other_or_general": 3}, "elapsed_seconds": 81.9649031162262}
{"event": "task_complete", "fold": 1, "completed": 16, "total": 297, "format_errors": 0, "decisions": {"supported": 13, "other_or_general": 3}, "elapsed_seconds": 84.22465705871582}
{"event": "task_complete", "fold": 1, "completed": 17, "total": 297, "format_errors": 0, "decisions": {"supported": 14, "other_or_general": 3}, "elapsed_seconds": 88.76817846298218}
{"event": "task_complete", "fold": 1, "completed": 18, "total": 297, "format_errors": 0, "decisions": {"supported": 15, "other_or_general": 3}, "elapsed_seconds": 95.97618508338928}
{"event": "task_complete", "fold": 1, "completed": 19, "total": 297, "format_errors": 0, "decisions": {"supported": 16, "other_or_general": 3}, "elapsed_seconds": 103.86017680168152}
{"event": "task_complete", "fold": 1, "completed": 20, "total": 297, "format_errors": 0, "decisions": {"supported": 17, "other_or_general": 3}, "elapsed_seconds": 109.50681281089783}
{"event": "task_complete", "fold": 1, "completed": 21, "total": 297, "format_errors": 0, "decisions": {"supported": 18, "other_or_general": 3}, "elapsed_seconds": 115.4952929019928}
{"event": "task_complete", "fold": 1, "completed": 22, "total": 297, "format_errors": 0, "decisions": {"supported": 19, "other_or_general": 3}, "elapsed_seconds": 118.20999073982239}
{"event": "task_complete", "fold": 1, "completed": 23, "total": 297, "format_errors": 0, "decisions": {"supported": 20, "other_or_general": 3}, "elapsed_seconds": 124.22129225730896}
{"event": "task_complete", "fold": 1, "completed": 24, "total": 297, "format_errors": 0, "decisions": {"supported": 21, "other_or_general": 3}, "elapsed_seconds": 129.77544331550598}
{"event": "task_complete", "fold": 1, "completed": 25, "total": 297, "format_errors": 0, "decisions": {"supported": 22, "other_or_general": 3}, "elapsed_seconds": 137.0223743915558}
{"event": "task_complete", "fold": 1, "completed": 26, "total": 297, "format_errors": 0, "decisions": {"supported": 23, "other_or_general": 3}, "elapsed_seconds": 144.11769127845764}
{"event": "task_complete", "fold": 1, "completed": 27, "total": 297, "format_errors": 0, "decisions": {"supported": 24, "other_or_general": 3}, "elapsed_seconds": 150.58884835243225}
{"event": "task_complete", "fold": 1, "completed": 28, "total": 297, "format_errors": 0, "decisions": {"supported": 25, "other_or_general": 3}, "elapsed_seconds": 157.08469223976135}
{"event": "task_complete", "fold": 1, "completed": 29, "total": 297, "format_errors": 0, "decisions": {"supported": 26, "other_or_general": 3}, "elapsed_seconds": 163.6061635017395}
{"event": "task_complete", "fold": 1, "completed": 30, "total": 297, "format_errors": 0, "decisions": {"supported": 26, "other_or_general": 4}, "elapsed_seconds": 169.22181272506714}
{"event": "task_complete", "fold": 1, "completed": 31, "total": 297, "format_errors": 0, "decisions": {"supported": 27, "other_or_general": 4}, "elapsed_seconds": 172.194429397583}
{"event": "task_complete", "fold": 1, "completed": 32, "total": 297, "format_errors": 0, "decisions": {"supported": 28, "other_or_general": 4}, "elapsed_seconds": 185.40447640419006}
{"event": "task_complete", "fold": 1, "completed": 33, "total": 297, "format_errors": 0, "decisions": {"supported": 29, "other_or_general": 4}, "elapsed_seconds": 192.7859718799591}
{"event": "task_complete", "fold": 1, "completed": 34, "total": 297, "format_errors": 0, "decisions": {"supported": 30, "other_or_general": 4}, "elapsed_seconds": 200.7737946510315}
{"event": "task_complete", "fold": 1, "completed": 35, "total": 297, "format_errors": 0, "decisions": {"supported": 31, "other_or_general": 4}, "elapsed_seconds": 206.99799966812134}
{"event": "task_complete", "fold": 1, "completed": 36, "total": 297, "format_errors": 0, "decisions": {"supported": 32, "other_or_general": 4}, "elapsed_seconds": 212.67611694335938}
{"event": "task_complete", "fold": 1, "completed": 37, "total": 297, "format_errors": 0, "decisions": {"supported": 33, "other_or_general": 4}, "elapsed_seconds": 220.33292627334595}
{"event": "task_complete", "fold": 1, "completed": 38, "total": 297, "format_errors": 1, "decisions": {"supported": 33, "other_or_general": 4, "unclear": 1}, "elapsed_seconds": 223.5156548023224}
{"event": "task_complete", "fold": 1, "completed": 39, "total": 297, "format_errors": 1, "decisions": {"supported": 34, "other_or_general": 4, "unclear": 1}, "elapsed_seconds": 228.87909698486328}
{"event": "task_complete", "fold": 1, "completed": 40, "total": 297, "format_errors": 1, "decisions": {"supported": 35, "other_or_general": 4, "unclear": 1}, "elapsed_seconds": 231.78196811676025}
{"event": "task_complete", "fold": 1, "completed": 41, "total": 297, "format_errors": 1, "decisions": {"supported": 36, "other_or_general": 4, "unclear": 1}, "elapsed_seconds": 234.62948155403137}
{"event": "task_complete", "fold": 1, "completed": 42, "total": 297, "format_errors": 1, "decisions": {"supported": 37, "other_or_general": 4, "unclear": 1}, "elapsed_seconds": 241.42244505882263}
{"event": "task_complete", "fold": 1, "completed": 43, "total": 297, "format_errors": 1, "decisions": {"supported": 37, "other_or_general": 5, "unclear": 1}, "elapsed_seconds": 250.42510318756104}
{"event": "task_complete", "fold": 1, "completed": 44, "total": 297, "format_errors": 1, "decisions": {"supported": 37, "other_or_general": 6, "unclear": 1}, "elapsed_seconds": 256.5251681804657}
{"event": "task_complete", "fold": 1, "completed": 45, "total": 297, "format_errors": 2, "decisions": {"supported": 37, "other_or_general": 6, "unclear": 2}, "elapsed_seconds": 266.007399559021}
{"event": "task_complete", "fold": 1, "completed": 46, "total": 297, "format_errors": 3, "decisions": {"supported": 37, "other_or_general": 6, "unclear": 3}, "elapsed_seconds": 272.35578894615173}
{"event": "task_complete", "fold": 1, "completed": 47, "total": 297, "format_errors": 3, "decisions": {"supported": 37, "other_or_general": 7, "unclear": 3}, "elapsed_seconds": 282.8344693183899}
{"event": "task_complete", "fold": 1, "completed": 48, "total": 297, "format_errors": 3, "decisions": {"supported": 38, "other_or_general": 7, "unclear": 3}, "elapsed_seconds": 290.5436339378357}
{"event": "task_complete", "fold": 1, "completed": 49, "total": 297, "format_errors": 3, "decisions": {"supported": 39, "other_or_general": 7, "unclear": 3}, "elapsed_seconds": 292.50947070121765}
{"event": "task_complete", "fold": 1, "completed": 50, "total": 297, "format_errors": 3, "decisions": {"supported": 40, "other_or_general": 7, "unclear": 3}, "elapsed_seconds": 297.6271390914917}
{"event": "task_complete", "fold": 1, "completed": 51, "total": 297, "format_errors": 4, "decisions": {"supported": 40, "other_or_general": 7, "unclear": 4}, "elapsed_seconds": 302.44295597076416}
{"event": "task_complete", "fold": 1, "completed": 52, "total": 297, "format_errors": 4, "decisions": {"supported": 41, "other_or_general": 7, "unclear": 4}, "elapsed_seconds": 312.00795817375183}
{"event": "task_complete", "fold": 1, "completed": 53, "total": 297, "format_errors": 4, "decisions": {"supported": 42, "other_or_general": 7, "unclear": 4}, "elapsed_seconds": 317.17659878730774}
{"event": "task_complete", "fold": 1, "completed": 54, "total": 297, "format_errors": 4, "decisions": {"supported": 43, "other_or_general": 7, "unclear": 4}, "elapsed_seconds": 321.6894483566284}
{"event": "task_complete", "fold": 1, "completed": 55, "total": 297, "format_errors": 4, "decisions": {"supported": 44, "other_or_general": 7, "unclear": 4}, "elapsed_seconds": 331.6576201915741}
{"event": "task_complete", "fold": 1, "completed": 56, "total": 297, "format_errors": 4, "decisions": {"supported": 45, "other_or_general": 7, "unclear": 4}, "elapsed_seconds": 334.31772446632385}
{"event": "task_complete", "fold": 1, "completed": 57, "total": 297, "format_errors": 4, "decisions": {"supported": 46, "other_or_general": 7, "unclear": 4}, "elapsed_seconds": 336.6533553600311}
{"event": "task_complete", "fold": 1, "completed": 58, "total": 297, "format_errors": 5, "decisions": {"supported": 46, "other_or_general": 7, "unclear": 5}, "elapsed_seconds": 338.84059977531433}
{"event": "task_complete", "fold": 1, "completed": 59, "total": 297, "format_errors": 5, "decisions": {"supported": 47, "other_or_general": 7, "unclear": 5}, "elapsed_seconds": 341.84086298942566}
{"event": "task_complete", "fold": 1, "completed": 60, "total": 297, "format_errors": 5, "decisions": {"supported": 48, "other_or_general": 7, "unclear": 5}, "elapsed_seconds": 347.6041934490204}
{"event": "task_complete", "fold": 1, "completed": 61, "total": 297, "format_errors": 5, "decisions": {"supported": 49, "other_or_general": 7, "unclear": 5}, "elapsed_seconds": 353.08930945396423}
{"event": "task_complete", "fold": 1, "completed": 62, "total": 297, "format_errors": 5, "decisions": {"supported": 50, "other_or_general": 7, "unclear": 5}, "elapsed_seconds": 357.7059540748596}
{"event": "task_complete", "fold": 1, "completed": 63, "total": 297, "format_errors": 5, "decisions": {"supported": 51, "other_or_general": 7, "unclear": 5}, "elapsed_seconds": 360.69716930389404}
{"event": "task_complete", "fold": 1, "completed": 64, "total": 297, "format_errors": 5, "decisions": {"supported": 52, "other_or_general": 7, "unclear": 5}, "elapsed_seconds": 364.10647320747375}
{"event": "task_complete", "fold": 1, "completed": 65, "total": 297, "format_errors": 5, "decisions": {"supported": 53, "other_or_general": 7, "unclear": 5}, "elapsed_seconds": 369.15067291259766}
{"event": "task_complete", "fold": 1, "completed": 66, "total": 297, "format_errors": 5, "decisions": {"supported": 54, "other_or_general": 7, "unclear": 5}, "elapsed_seconds": 374.68241238594055}
{"event": "task_complete", "fold": 1, "completed": 67, "total": 297, "format_errors": 5, "decisions": {"supported": 55, "other_or_general": 7, "unclear": 5}, "elapsed_seconds": 381.2142026424408}
{"event": "task_complete", "fold": 1, "completed": 68, "total": 297, "format_errors": 5, "decisions": {"supported": 56, "other_or_general": 7, "unclear": 5}, "elapsed_seconds": 385.3258764743805}
{"event": "task_complete", "fold": 1, "completed": 69, "total": 297, "format_errors": 5, "decisions": {"supported": 57, "other_or_general": 7, "unclear": 5}, "elapsed_seconds": 389.0381021499634}
{"event": "task_complete", "fold": 1, "completed": 70, "total": 297, "format_errors": 5, "decisions": {"supported": 58, "other_or_general": 7, "unclear": 5}, "elapsed_seconds": 405.6932063102722}
{"event": "task_complete", "fold": 1, "completed": 71, "total": 297, "format_errors": 5, "decisions": {"supported": 58, "other_or_general": 8, "unclear": 5}, "elapsed_seconds": 413.0026853084564}
{"event": "task_complete", "fold": 1, "completed": 72, "total": 297, "format_errors": 5, "decisions": {"supported": 59, "other_or_general": 8, "unclear": 5}, "elapsed_seconds": 417.0029044151306}
{"event": "task_complete", "fold": 1, "completed": 73, "total": 297, "format_errors": 5, "decisions": {"supported": 60, "other_or_general": 8, "unclear": 5}, "elapsed_seconds": 419.79719281196594}
{"event": "task_complete", "fold": 1, "completed": 74, "total": 297, "format_errors": 5, "decisions": {"supported": 61, "other_or_general": 8, "unclear": 5}, "elapsed_seconds": 422.5320522785187}
{"event": "task_complete", "fold": 1, "completed": 75, "total": 297, "format_errors": 5, "decisions": {"supported": 62, "other_or_general": 8, "unclear": 5}, "elapsed_seconds": 424.76579189300537}
{"event": "task_complete", "fold": 1, "completed": 76, "total": 297, "format_errors": 5, "decisions": {"supported": 63, "other_or_general": 8, "unclear": 5}, "elapsed_seconds": 427.27228021621704}
{"event": "task_complete", "fold": 1, "completed": 77, "total": 297, "format_errors": 5, "decisions": {"supported": 64, "other_or_general": 8, "unclear": 5}, "elapsed_seconds": 434.3920466899872}
{"event": "task_complete", "fold": 1, "completed": 78, "total": 297, "format_errors": 5, "decisions": {"supported": 65, "other_or_general": 8, "unclear": 5}, "elapsed_seconds": 444.4027826786041}
{"event": "task_complete", "fold": 1, "completed": 79, "total": 297, "format_errors": 5, "decisions": {"supported": 66, "other_or_general": 8, "unclear": 5}, "elapsed_seconds": 456.72444319725037}
{"event": "task_complete", "fold": 1, "completed": 80, "total": 297, "format_errors": 5, "decisions": {"supported": 67, "other_or_general": 8, "unclear": 5}, "elapsed_seconds": 466.72130966186523}
{"event": "task_complete", "fold": 1, "completed": 81, "total": 297, "format_errors": 5, "decisions": {"supported": 68, "other_or_general": 8, "unclear": 5}, "elapsed_seconds": 474.75979018211365}
{"event": "task_complete", "fold": 1, "completed": 82, "total": 297, "format_errors": 5, "decisions": {"supported": 69, "other_or_general": 8, "unclear": 5}, "elapsed_seconds": 480.49179124832153}
{"event": "task_complete", "fold": 1, "completed": 83, "total": 297, "format_errors": 5, "decisions": {"supported": 70, "other_or_general": 8, "unclear": 5}, "elapsed_seconds": 485.9411323070526}
{"event": "task_complete", "fold": 1, "completed": 84, "total": 297, "format_errors": 5, "decisions": {"supported": 71, "other_or_general": 8, "unclear": 5}, "elapsed_seconds": 490.6774082183838}
{"event": "task_complete", "fold": 1, "completed": 85, "total": 297, "format_errors": 5, "decisions": {"supported": 72, "other_or_general": 8, "unclear": 5}, "elapsed_seconds": 494.2596688270569}
{"event": "task_complete", "fold": 1, "completed": 86, "total": 297, "format_errors": 5, "decisions": {"supported": 72, "other_or_general": 9, "unclear": 5}, "elapsed_seconds": 504.0026366710663}
{"event": "task_complete", "fold": 1, "completed": 87, "total": 297, "format_errors": 5, "decisions": {"supported": 73, "other_or_general": 9, "unclear": 5}, "elapsed_seconds": 513.6269822120667}
{"event": "task_complete", "fold": 1, "completed": 88, "total": 297, "format_errors": 5, "decisions": {"supported": 74, "other_or_general": 9, "unclear": 5}, "elapsed_seconds": 523.2664561271667}
{"event": "task_complete", "fold": 1, "completed": 89, "total": 297, "format_errors": 5, "decisions": {"supported": 74, "other_or_general": 10, "unclear": 5}, "elapsed_seconds": 526.5407981872559}
{"event": "task_complete", "fold": 1, "completed": 90, "total": 297, "format_errors": 5, "decisions": {"supported": 75, "other_or_general": 10, "unclear": 5}, "elapsed_seconds": 531.1379590034485}
{"event": "task_complete", "fold": 1, "completed": 91, "total": 297, "format_errors": 5, "decisions": {"supported": 76, "other_or_general": 10, "unclear": 5}, "elapsed_seconds": 540.1573729515076}
{"event": "task_complete", "fold": 1, "completed": 92, "total": 297, "format_errors": 5, "decisions": {"supported": 77, "other_or_general": 10, "unclear": 5}, "elapsed_seconds": 542.6302723884583}
{"event": "task_complete", "fold": 1, "completed": 93, "total": 297, "format_errors": 5, "decisions": {"supported": 78, "other_or_general": 10, "unclear": 5}, "elapsed_seconds": 547.6656939983368}
{"event": "task_complete", "fold": 1, "completed": 94, "total": 297, "format_errors": 5, "decisions": {"supported": 79, "other_or_general": 10, "unclear": 5}, "elapsed_seconds": 554.1914913654327}
{"event": "task_complete", "fold": 1, "completed": 95, "total": 297, "format_errors": 5, "decisions": {"supported": 79, "other_or_general": 11, "unclear": 5}, "elapsed_seconds": 560.5742712020874}
{"event": "task_complete", "fold": 1, "completed": 96, "total": 297, "format_errors": 5, "decisions": {"supported": 80, "other_or_general": 11, "unclear": 5}, "elapsed_seconds": 566.2764256000519}
{"event": "task_complete", "fold": 1, "completed": 97, "total": 297, "format_errors": 5, "decisions": {"supported": 81, "other_or_general": 11, "unclear": 5}, "elapsed_seconds": 569.5130360126495}
{"event": "task_complete", "fold": 1, "completed": 98, "total": 297, "format_errors": 5, "decisions": {"supported": 82, "other_or_general": 11, "unclear": 5}, "elapsed_seconds": 573.2913856506348}
{"event": "task_complete", "fold": 1, "completed": 99, "total": 297, "format_errors": 5, "decisions": {"supported": 83, "other_or_general": 11, "unclear": 5}, "elapsed_seconds": 576.0649969577789}
{"event": "task_complete", "fold": 1, "completed": 100, "total": 297, "format_errors": 5, "decisions": {"supported": 83, "other_or_general": 12, "unclear": 5}, "elapsed_seconds": 579.8021950721741}
{"event": "task_complete", "fold": 1, "completed": 101, "total": 297, "format_errors": 5, "decisions": {"supported": 83, "other_or_general": 13, "unclear": 5}, "elapsed_seconds": 583.5530829429626}
{"event": "task_complete", "fold": 1, "completed": 102, "total": 297, "format_errors": 6, "decisions": {"supported": 83, "other_or_general": 13, "unclear": 6}, "elapsed_seconds": 589.1869640350342}
{"event": "task_complete", "fold": 1, "completed": 103, "total": 297, "format_errors": 6, "decisions": {"supported": 84, "other_or_general": 13, "unclear": 6}, "elapsed_seconds": 593.8848984241486}
已终止
