{"event": "prompts_prepared", "fold": 0, "validation_document_ids": ["10553122", "11203018", "11871647", "11906559", "11919040", "12059664", "12126309", "12640707", "12652105", "12846941", "2866573", "3563609", "4607013", "4899602", "5415817", "5763540"], "upstream_training_document_ids": ["10313222", "10789033", "11196099", "11221135", "11235872", "11765409", "11826603", "11986149", "12017973", "12078887", "12110755", "12110769", "12118522", "12147048", "12250201", "12334843", "12386172", "12405443", "12444410", "12455887", "12628480", "12646972", "12733031", "12779223", "12798528", "12811285", "12891056", "2964533", "4644339", "4678370", "5023785", "5368377", "5422868", "5425407", "5452357", "5473715", "5537416", "5538066", "5562981", "5574094", "5575846", "5693559", "5773845", "5789735", "5793168", "5866036", "5959423", "5970456", "6036836", "6048891", "6049015", "6057141", "6059678", "6063015", "6096008", "6134758", "6151044", "6219255", "6220403", "6332535", "6338757", "6390251", "6491447", "9327653"], "llm_training_document_ids": [], "demonstration_document_ids": [], "plan_sha256": "e8fb7094ac71a33d0820b01602d23d66a332389a1b12aad0049394443e29346f", "baseline_exact_replay": true, "answers_removed_before_prompting": true, "task_count": 403, "tasks_sha256": "7948b46a2eaf1c852363df09360580cd41fb6bb9a4ecf6125412a9354742ee68", "all_occurrences_selected": 322, "max_input_tokens": 1747, "complete_evidence_count": 322, "dropped_fragments": 0, "all_prompts_within_context": true, "hard_nonthinking": true}
Loading checkpoint shards:   0%|          | 0/5 [00:00<?, ?it/s]Loading checkpoint shards:  20%|██        | 1/5 [00:01<00:07,  1.76s/it]Loading checkpoint shards:  40%|████      | 2/5 [00:03<00:04,  1.57s/it]Loading checkpoint shards:  60%|██████    | 3/5 [00:04<00:02,  1.49s/it]Loading checkpoint shards:  80%|████████  | 4/5 [00:05<00:01,  1.35s/it]Loading checkpoint shards: 100%|██████████| 5/5 [00:06<00:00,  1.01s/it]Loading checkpoint shards: 100%|██████████| 5/5 [00:06<00:00,  1.23s/it]
{"event": "task_complete", "fold": 0, "completed": 1, "total": 403, "format_errors": 0, "decisions": {"supported": 1}, "elapsed_seconds": 14.191547632217407}
{"event": "task_complete", "fold": 0, "completed": 2, "total": 403, "format_errors": 0, "decisions": {"supported": 2}, "elapsed_seconds": 17.906096696853638}
{"event": "task_complete", "fold": 0, "completed": 3, "total": 403, "format_errors": 0, "decisions": {"supported": 3}, "elapsed_seconds": 22.183866024017334}
{"event": "task_complete", "fold": 0, "completed": 4, "total": 403, "format_errors": 0, "decisions": {"supported": 4}, "elapsed_seconds": 24.46513867378235}
{"event": "task_complete", "fold": 0, "completed": 5, "total": 403, "format_errors": 0, "decisions": {"supported": 5}, "elapsed_seconds": 31.669673204421997}
{"event": "task_complete", "fold": 0, "completed": 6, "total": 403, "format_errors": 0, "decisions": {"supported": 6}, "elapsed_seconds": 36.90842270851135}
{"event": "task_complete", "fold": 0, "completed": 7, "total": 403, "format_errors": 0, "decisions": {"supported": 7}, "elapsed_seconds": 42.16063666343689}
{"event": "task_complete", "fold": 0, "completed": 8, "total": 403, "format_errors": 0, "decisions": {"supported": 8}, "elapsed_seconds": 46.980727434158325}
{"event": "task_complete", "fold": 0, "completed": 9, "total": 403, "format_errors": 0, "decisions": {"supported": 9}, "elapsed_seconds": 51.73305344581604}
{"event": "task_complete", "fold": 0, "completed": 10, "total": 403, "format_errors": 1, "decisions": {"supported": 9, "unclear": 1}, "elapsed_seconds": 60.95875883102417}
{"event": "task_complete", "fold": 0, "completed": 11, "total": 403, "format_errors": 1, "decisions": {"supported": 10, "unclear": 1}, "elapsed_seconds": 63.15356230735779}
{"event": "task_complete", "fold": 0, "completed": 12, "total": 403, "format_errors": 1, "decisions": {"supported": 11, "unclear": 1}, "elapsed_seconds": 66.91629481315613}
{"event": "task_complete", "fold": 0, "completed": 13, "total": 403, "format_errors": 1, "decisions": {"supported": 12, "unclear": 1}, "elapsed_seconds": 74.28548741340637}
{"event": "task_complete", "fold": 0, "completed": 14, "total": 403, "format_errors": 1, "decisions": {"supported": 13, "unclear": 1}, "elapsed_seconds": 76.81289958953857}
{"event": "task_complete", "fold": 0, "completed": 15, "total": 403, "format_errors": 1, "decisions": {"supported": 14, "unclear": 1}, "elapsed_seconds": 79.40643501281738}
{"event": "task_complete", "fold": 0, "completed": 16, "total": 403, "format_errors": 1, "decisions": {"supported": 15, "unclear": 1}, "elapsed_seconds": 82.00504541397095}
{"event": "task_complete", "fold": 0, "completed": 17, "total": 403, "format_errors": 1, "decisions": {"supported": 16, "unclear": 1}, "elapsed_seconds": 85.17645215988159}
{"event": "task_complete", "fold": 0, "completed": 18, "total": 403, "format_errors": 1, "decisions": {"supported": 17, "unclear": 1}, "elapsed_seconds": 88.1152675151825}
{"event": "task_complete", "fold": 0, "completed": 19, "total": 403, "format_errors": 1, "decisions": {"supported": 18, "unclear": 1}, "elapsed_seconds": 94.83394861221313}
{"event": "task_complete", "fold": 0, "completed": 20, "total": 403, "format_errors": 1, "decisions": {"supported": 19, "unclear": 1}, "elapsed_seconds": 97.7515480518341}
{"event": "task_complete", "fold": 0, "completed": 21, "total": 403, "format_errors": 2, "decisions": {"supported": 19, "unclear": 2}, "elapsed_seconds": 104.56712198257446}
{"event": "task_complete", "fold": 0, "completed": 22, "total": 403, "format_errors": 2, "decisions": {"supported": 20, "unclear": 2}, "elapsed_seconds": 109.64422035217285}
{"event": "task_complete", "fold": 0, "completed": 23, "total": 403, "format_errors": 2, "decisions": {"supported": 20, "unclear": 2, "other_or_general": 1}, "elapsed_seconds": 114.26995706558228}
{"event": "task_complete", "fold": 0, "completed": 24, "total": 403, "format_errors": 2, "decisions": {"supported": 21, "unclear": 2, "other_or_general": 1}, "elapsed_seconds": 121.473788022995}
{"event": "task_complete", "fold": 0, "completed": 25, "total": 403, "format_errors": 2, "decisions": {"supported": 22, "unclear": 2, "other_or_general": 1}, "elapsed_seconds": 127.71759629249573}
{"event": "task_complete", "fold": 0, "completed": 26, "total": 403, "format_errors": 2, "decisions": {"supported": 23, "unclear": 2, "other_or_general": 1}, "elapsed_seconds": 130.13554286956787}
{"event": "task_complete", "fold": 0, "completed": 27, "total": 403, "format_errors": 2, "decisions": {"supported": 24, "unclear": 2, "other_or_general": 1}, "elapsed_seconds": 138.0680742263794}
{"event": "task_complete", "fold": 0, "completed": 28, "total": 403, "format_errors": 2, "decisions": {"supported": 25, "unclear": 2, "other_or_general": 1}, "elapsed_seconds": 149.85307455062866}
{"event": "task_complete", "fold": 0, "completed": 29, "total": 403, "format_errors": 2, "decisions": {"supported": 26, "unclear": 2, "other_or_general": 1}, "elapsed_seconds": 157.96606278419495}
{"event": "task_complete", "fold": 0, "completed": 30, "total": 403, "format_errors": 2, "decisions": {"supported": 27, "unclear": 2, "other_or_general": 1}, "elapsed_seconds": 173.0684108734131}
{"event": "task_complete", "fold": 0, "completed": 31, "total": 403, "format_errors": 2, "decisions": {"supported": 28, "unclear": 2, "other_or_general": 1}, "elapsed_seconds": 178.8313136100769}
{"event": "task_complete", "fold": 0, "completed": 32, "total": 403, "format_errors": 2, "decisions": {"supported": 29, "unclear": 2, "other_or_general": 1}, "elapsed_seconds": 184.52775382995605}
{"event": "task_complete", "fold": 0, "completed": 33, "total": 403, "format_errors": 2, "decisions": {"supported": 30, "unclear": 2, "other_or_general": 1}, "elapsed_seconds": 190.3726224899292}
{"event": "task_complete", "fold": 0, "completed": 34, "total": 403, "format_errors": 2, "decisions": {"supported": 31, "unclear": 2, "other_or_general": 1}, "elapsed_seconds": 195.95049381256104}
{"event": "task_complete", "fold": 0, "completed": 35, "total": 403, "format_errors": 2, "decisions": {"supported": 32, "unclear": 2, "other_or_general": 1}, "elapsed_seconds": 201.64949989318848}
{"event": "task_complete", "fold": 0, "completed": 36, "total": 403, "format_errors": 2, "decisions": {"supported": 33, "unclear": 2, "other_or_general": 1}, "elapsed_seconds": 211.35357022285461}
{"event": "task_complete", "fold": 0, "completed": 37, "total": 403, "format_errors": 2, "decisions": {"supported": 34, "unclear": 2, "other_or_general": 1}, "elapsed_seconds": 221.5590181350708}
{"event": "task_complete", "fold": 0, "completed": 38, "total": 403, "format_errors": 2, "decisions": {"supported": 35, "unclear": 2, "other_or_general": 1}, "elapsed_seconds": 230.0149302482605}
{"event": "task_complete", "fold": 0, "completed": 39, "total": 403, "format_errors": 2, "decisions": {"supported": 36, "unclear": 2, "other_or_general": 1}, "elapsed_seconds": 245.5829677581787}
{"event": "task_complete", "fold": 0, "completed": 40, "total": 403, "format_errors": 2, "decisions": {"supported": 37, "unclear": 2, "other_or_general": 1}, "elapsed_seconds": 255.67844343185425}
{"event": "task_complete", "fold": 0, "completed": 41, "total": 403, "format_errors": 2, "decisions": {"supported": 38, "unclear": 2, "other_or_general": 1}, "elapsed_seconds": 265.41269397735596}
{"event": "task_complete", "fold": 0, "completed": 42, "total": 403, "format_errors": 2, "decisions": {"supported": 39, "unclear": 2, "other_or_general": 1}, "elapsed_seconds": 268.1128330230713}
{"event": "task_complete", "fold": 0, "completed": 43, "total": 403, "format_errors": 2, "decisions": {"supported": 40, "unclear": 2, "other_or_general": 1}, "elapsed_seconds": 270.4007339477539}
{"event": "task_complete", "fold": 0, "completed": 44, "total": 403, "format_errors": 2, "decisions": {"supported": 41, "unclear": 2, "other_or_general": 1}, "elapsed_seconds": 275.4447898864746}
{"event": "task_complete", "fold": 0, "completed": 45, "total": 403, "format_errors": 2, "decisions": {"supported": 42, "unclear": 2, "other_or_general": 1}, "elapsed_seconds": 280.1293864250183}
{"event": "task_complete", "fold": 0, "completed": 46, "total": 403, "format_errors": 2, "decisions": {"supported": 43, "unclear": 2, "other_or_general": 1}, "elapsed_seconds": 284.38744044303894}
{"event": "task_complete", "fold": 0, "completed": 47, "total": 403, "format_errors": 2, "decisions": {"supported": 44, "unclear": 2, "other_or_general": 1}, "elapsed_seconds": 288.3353569507599}
{"event": "task_complete", "fold": 0, "completed": 48, "total": 403, "format_errors": 2, "decisions": {"supported": 45, "unclear": 2, "other_or_general": 1}, "elapsed_seconds": 292.4752173423767}
{"event": "task_complete", "fold": 0, "completed": 49, "total": 403, "format_errors": 2, "decisions": {"supported": 46, "unclear": 2, "other_or_general": 1}, "elapsed_seconds": 296.6547224521637}
{"event": "task_complete", "fold": 0, "completed": 50, "total": 403, "format_errors": 2, "decisions": {"supported": 47, "unclear": 2, "other_or_general": 1}, "elapsed_seconds": 299.88337755203247}
{"event": "task_complete", "fold": 0, "completed": 51, "total": 403, "format_errors": 2, "decisions": {"supported": 48, "unclear": 2, "other_or_general": 1}, "elapsed_seconds": 302.76678109169006}
{"event": "task_complete", "fold": 0, "completed": 52, "total": 403, "format_errors": 2, "decisions": {"supported": 49, "unclear": 2, "other_or_general": 1}, "elapsed_seconds": 305.79978823661804}
{"event": "task_complete", "fold": 0, "completed": 53, "total": 403, "format_errors": 2, "decisions": {"supported": 50, "unclear": 2, "other_or_general": 1}, "elapsed_seconds": 308.7012219429016}
{"event": "task_complete", "fold": 0, "completed": 54, "total": 403, "format_errors": 3, "decisions": {"supported": 50, "unclear": 3, "other_or_general": 1}, "elapsed_seconds": 314.91379284858704}
{"event": "task_complete", "fold": 0, "completed": 55, "total": 403, "format_errors": 3, "decisions": {"supported": 51, "unclear": 3, "other_or_general": 1}, "elapsed_seconds": 321.89875531196594}
{"event": "task_complete", "fold": 0, "completed": 56, "total": 403, "format_errors": 3, "decisions": {"supported": 52, "unclear": 3, "other_or_general": 1}, "elapsed_seconds": 330.1827816963196}
{"event": "task_complete", "fold": 0, "completed": 57, "total": 403, "format_errors": 3, "decisions": {"supported": 53, "unclear": 3, "other_or_general": 1}, "elapsed_seconds": 335.282555103302}
{"event": "task_complete", "fold": 0, "completed": 58, "total": 403, "format_errors": 3, "decisions": {"supported": 54, "unclear": 3, "other_or_general": 1}, "elapsed_seconds": 344.3953306674957}
{"event": "task_complete", "fold": 0, "completed": 59, "total": 403, "format_errors": 3, "decisions": {"supported": 55, "unclear": 3, "other_or_general": 1}, "elapsed_seconds": 354.8887605667114}
{"event": "task_complete", "fold": 0, "completed": 60, "total": 403, "format_errors": 3, "decisions": {"supported": 55, "unclear": 3, "other_or_general": 2}, "elapsed_seconds": 363.9455199241638}
{"event": "task_complete", "fold": 0, "completed": 61, "total": 403, "format_errors": 3, "decisions": {"supported": 56, "unclear": 3, "other_or_general": 2}, "elapsed_seconds": 371.390576839447}
{"event": "task_complete", "fold": 0, "completed": 62, "total": 403, "format_errors": 3, "decisions": {"supported": 57, "unclear": 3, "other_or_general": 2}, "elapsed_seconds": 380.3634030818939}
{"event": "task_complete", "fold": 0, "completed": 63, "total": 403, "format_errors": 3, "decisions": {"supported": 58, "unclear": 3, "other_or_general": 2}, "elapsed_seconds": 390.8448450565338}
{"event": "task_complete", "fold": 0, "completed": 64, "total": 403, "format_errors": 3, "decisions": {"supported": 59, "unclear": 3, "other_or_general": 2}, "elapsed_seconds": 396.52939200401306}
{"event": "task_complete", "fold": 0, "completed": 65, "total": 403, "format_errors": 3, "decisions": {"supported": 60, "unclear": 3, "other_or_general": 2}, "elapsed_seconds": 405.7080202102661}
{"event": "task_complete", "fold": 0, "completed": 66, "total": 403, "format_errors": 3, "decisions": {"supported": 61, "unclear": 3, "other_or_general": 2}, "elapsed_seconds": 408.5429792404175}
{"event": "task_complete", "fold": 0, "completed": 67, "total": 403, "format_errors": 3, "decisions": {"supported": 62, "unclear": 3, "other_or_general": 2}, "elapsed_seconds": 413.13051986694336}
{"event": "task_complete", "fold": 0, "completed": 68, "total": 403, "format_errors": 3, "decisions": {"supported": 63, "unclear": 3, "other_or_general": 2}, "elapsed_seconds": 423.19768166542053}
{"event": "task_complete", "fold": 0, "completed": 69, "total": 403, "format_errors": 3, "decisions": {"supported": 64, "unclear": 3, "other_or_general": 2}, "elapsed_seconds": 427.44989037513733}
{"event": "task_complete", "fold": 0, "completed": 70, "total": 403, "format_errors": 3, "decisions": {"supported": 65, "unclear": 3, "other_or_general": 2}, "elapsed_seconds": 432.01126646995544}
{"event": "task_complete", "fold": 0, "completed": 71, "total": 403, "format_errors": 3, "decisions": {"supported": 66, "unclear": 3, "other_or_general": 2}, "elapsed_seconds": 448.8402581214905}
{"event": "task_complete", "fold": 0, "completed": 72, "total": 403, "format_errors": 3, "decisions": {"supported": 67, "unclear": 3, "other_or_general": 2}, "elapsed_seconds": 452.0890746116638}
{"event": "task_complete", "fold": 0, "completed": 73, "total": 403, "format_errors": 3, "decisions": {"supported": 68, "unclear": 3, "other_or_general": 2}, "elapsed_seconds": 459.2393581867218}
{"event": "task_complete", "fold": 0, "completed": 74, "total": 403, "format_errors": 3, "decisions": {"supported": 69, "unclear": 3, "other_or_general": 2}, "elapsed_seconds": 474.6129207611084}
{"event": "task_complete", "fold": 0, "completed": 75, "total": 403, "format_errors": 3, "decisions": {"supported": 70, "unclear": 3, "other_or_general": 2}, "elapsed_seconds": 477.71957874298096}
{"event": "task_complete", "fold": 0, "completed": 76, "total": 403, "format_errors": 3, "decisions": {"supported": 71, "unclear": 3, "other_or_general": 2}, "elapsed_seconds": 481.71543765068054}
{"event": "task_complete", "fold": 0, "completed": 77, "total": 403, "format_errors": 3, "decisions": {"supported": 72, "unclear": 3, "other_or_general": 2}, "elapsed_seconds": 491.1054141521454}
{"event": "task_complete", "fold": 0, "completed": 78, "total": 403, "format_errors": 3, "decisions": {"supported": 73, "unclear": 3, "other_or_general": 2}, "elapsed_seconds": 494.7079048156738}
{"event": "task_complete", "fold": 0, "completed": 79, "total": 403, "format_errors": 3, "decisions": {"supported": 74, "unclear": 3, "other_or_general": 2}, "elapsed_seconds": 497.5629687309265}
{"event": "task_complete", "fold": 0, "completed": 80, "total": 403, "format_errors": 3, "decisions": {"supported": 75, "unclear": 3, "other_or_general": 2}, "elapsed_seconds": 501.85095143318176}
{"event": "task_complete", "fold": 0, "completed": 81, "total": 403, "format_errors": 3, "decisions": {"supported": 75, "unclear": 3, "other_or_general": 3}, "elapsed_seconds": 505.53652119636536}
{"event": "task_complete", "fold": 0, "completed": 82, "total": 403, "format_errors": 3, "decisions": {"supported": 75, "unclear": 3, "other_or_general": 4}, "elapsed_seconds": 509.1928768157959}
{"event": "task_complete", "fold": 0, "completed": 83, "total": 403, "format_errors": 3, "decisions": {"supported": 76, "unclear": 3, "other_or_general": 4}, "elapsed_seconds": 513.836669921875}
{"event": "task_complete", "fold": 0, "completed": 84, "total": 403, "format_errors": 3, "decisions": {"supported": 77, "unclear": 3, "other_or_general": 4}, "elapsed_seconds": 517.868864774704}
{"event": "task_complete", "fold": 0, "completed": 85, "total": 403, "format_errors": 3, "decisions": {"supported": 78, "unclear": 3, "other_or_general": 4}, "elapsed_seconds": 520.2113530635834}
{"event": "task_complete", "fold": 0, "completed": 86, "total": 403, "format_errors": 3, "decisions": {"supported": 79, "unclear": 3, "other_or_general": 4}, "elapsed_seconds": 530.0750608444214}
{"event": "task_complete", "fold": 0, "completed": 87, "total": 403, "format_errors": 3, "decisions": {"supported": 80, "unclear": 3, "other_or_general": 4}, "elapsed_seconds": 533.9681873321533}
{"event": "task_complete", "fold": 0, "completed": 88, "total": 403, "format_errors": 3, "decisions": {"supported": 81, "unclear": 3, "other_or_general": 4}, "elapsed_seconds": 538.7028520107269}
{"event": "task_complete", "fold": 0, "completed": 89, "total": 403, "format_errors": 3, "decisions": {"supported": 82, "unclear": 3, "other_or_general": 4}, "elapsed_seconds": 544.4111874103546}
{"event": "task_complete", "fold": 0, "completed": 90, "total": 403, "format_errors": 3, "decisions": {"supported": 83, "unclear": 3, "other_or_general": 4}, "elapsed_seconds": 548.5247962474823}
{"event": "task_complete", "fold": 0, "completed": 91, "total": 403, "format_errors": 3, "decisions": {"supported": 84, "unclear": 3, "other_or_general": 4}, "elapsed_seconds": 551.1010503768921}
{"event": "task_complete", "fold": 0, "completed": 92, "total": 403, "format_errors": 3, "decisions": {"supported": 85, "unclear": 3, "other_or_general": 4}, "elapsed_seconds": 556.0441145896912}
{"event": "task_complete", "fold": 0, "completed": 93, "total": 403, "format_errors": 3, "decisions": {"supported": 86, "unclear": 3, "other_or_general": 4}, "elapsed_seconds": 563.5405569076538}
{"event": "task_complete", "fold": 0, "completed": 94, "total": 403, "format_errors": 3, "decisions": {"supported": 87, "unclear": 3, "other_or_general": 4}, "elapsed_seconds": 573.2932775020599}
{"event": "task_complete", "fold": 0, "completed": 95, "total": 403, "format_errors": 3, "decisions": {"supported": 88, "unclear": 3, "other_or_general": 4}, "elapsed_seconds": 580.8736362457275}
{"event": "task_complete", "fold": 0, "completed": 96, "total": 403, "format_errors": 3, "decisions": {"supported": 89, "unclear": 3, "other_or_general": 4}, "elapsed_seconds": 585.6532654762268}
{"event": "task_complete", "fold": 0, "completed": 97, "total": 403, "format_errors": 3, "decisions": {"supported": 90, "unclear": 3, "other_or_general": 4}, "elapsed_seconds": 590.1704971790314}
{"event": "task_complete", "fold": 0, "completed": 98, "total": 403, "format_errors": 3, "decisions": {"supported": 91, "unclear": 3, "other_or_general": 4}, "elapsed_seconds": 592.643949508667}
已终止
