{"event": "start", "time_utc": "2026-09-28T22:02:37.417802+00:00", "elapsed_seconds": 14.885889768600464, "training_pairs": 4402, "validation_pairs": 1546, "planned_steps": 1101, "smoke": false, "physical_gpu": "2"}
You're using a BertTokenizerFast tokenizer. Please note that with a fast tokenizer, using the `__call__` method is faster than using a method to encode the text followed by a call to the `pad` method to get a padded encoding.
{"event": "train_step", "time_utc": "2026-09-28T22:02:37.842193+00:00", "elapsed_seconds": 15.310281038284302, "epoch": 1, "step": 1, "planned_steps": 1101, "loss": 0.39528951048851013, "gradient_norm": 2.620901584625244, "optimizer_step_applied": true, "amp_scale": 1024.0}
{"event": "train_step", "time_utc": "2026-09-28T22:02:37.952431+00:00", "elapsed_seconds": 15.420515298843384, "epoch": 1, "step": 2, "planned_steps": 1101, "loss": 0.6317101716995239, "gradient_norm": 5.32287073135376, "optimizer_step_applied": true, "amp_scale": 1024.0}
{"event": "train_step", "time_utc": "2026-09-28T22:02:38.059609+00:00", "elapsed_seconds": 15.527692317962646, "epoch": 1, "step": 3, "planned_steps": 1101, "loss": 0.6044244766235352, "gradient_norm": 6.376739978790283, "optimizer_step_applied": true, "amp_scale": 1024.0}
{"event": "train_step", "time_utc": "2026-09-28T22:02:38.163743+00:00", "elapsed_seconds": 15.631826639175415, "epoch": 1, "step": 4, "planned_steps": 1101, "loss": 0.5144632458686829, "gradient_norm": 3.1215765476226807, "optimizer_step_applied": true, "amp_scale": 1024.0}
{"event": "train_step", "time_utc": "2026-09-28T22:02:38.267815+00:00", "elapsed_seconds": 15.735897541046143, "epoch": 1, "step": 5, "planned_steps": 1101, "loss": 0.3182290196418762, "gradient_norm": 3.2608354091644287, "optimizer_step_applied": true, "amp_scale": 1024.0}
{"event": "train_step", "time_utc": "2026-09-28T22:02:40.330881+00:00", "elapsed_seconds": 17.7989661693573, "epoch": 1, "step": 25, "planned_steps": 1101, "loss": 0.5944963693618774, "gradient_norm": 3.541045665740967, "optimizer_step_applied": true, "amp_scale": 1024.0}
{"event": "train_step", "time_utc": "2026-09-28T22:02:42.916623+00:00", "elapsed_seconds": 20.384708166122437, "epoch": 1, "step": 50, "planned_steps": 1101, "loss": 0.23963400721549988, "gradient_norm": 3.5448036193847656, "optimizer_step_applied": true, "amp_scale": 1024.0}
{"event": "train_step", "time_utc": "2026-09-28T22:02:45.494491+00:00", "elapsed_seconds": 22.962579250335693, "epoch": 1, "step": 75, "planned_steps": 1101, "loss": 0.1947939395904541, "gradient_norm": 4.846868991851807, "optimizer_step_applied": true, "amp_scale": 1024.0}
{"event": "train_step", "time_utc": "2026-09-28T22:02:48.230774+00:00", "elapsed_seconds": 25.69886064529419, "epoch": 1, "step": 100, "planned_steps": 1101, "loss": 0.31090033054351807, "gradient_norm": 5.64637565612793, "optimizer_step_applied": true, "amp_scale": 1024.0}
{"event": "train_step", "time_utc": "2026-09-28T22:02:50.927325+00:00", "elapsed_seconds": 28.395413398742676, "epoch": 1, "step": 125, "planned_steps": 1101, "loss": 0.13169780373573303, "gradient_norm": 3.731508493423462, "optimizer_step_applied": true, "amp_scale": 1024.0}
{"event": "train_step", "time_utc": "2026-09-28T22:02:53.881018+00:00", "elapsed_seconds": 31.34910798072815, "epoch": 1, "step": 150, "planned_steps": 1101, "loss": 0.12254705280065536, "gradient_norm": 1.9656379222869873, "optimizer_step_applied": true, "amp_scale": 1024.0}
{"event": "train_step", "time_utc": "2026-09-28T22:02:56.848472+00:00", "elapsed_seconds": 34.31656193733215, "epoch": 1, "step": 175, "planned_steps": 1101, "loss": 0.27034223079681396, "gradient_norm": 6.176390647888184, "optimizer_step_applied": true, "amp_scale": 1024.0}
{"event": "train_step", "time_utc": "2026-09-28T22:02:59.668032+00:00", "elapsed_seconds": 37.13612151145935, "epoch": 1, "step": 200, "planned_steps": 1101, "loss": 0.05603887140750885, "gradient_norm": 1.7425047159194946, "optimizer_step_applied": true, "amp_scale": 1024.0}
{"event": "train_step", "time_utc": "2026-09-28T22:03:02.589135+00:00", "elapsed_seconds": 40.05722498893738, "epoch": 1, "step": 225, "planned_steps": 1101, "loss": 0.03687214106321335, "gradient_norm": 1.111374020576477, "optimizer_step_applied": true, "amp_scale": 512.0}
{"event": "train_step", "time_utc": "2026-09-28T22:03:05.612563+00:00", "elapsed_seconds": 43.080652952194214, "epoch": 1, "step": 250, "planned_steps": 1101, "loss": 0.061411838978528976, "gradient_norm": 2.894340753555298, "optimizer_step_applied": true, "amp_scale": 512.0}
{"event": "train_step", "time_utc": "2026-09-28T22:03:08.689319+00:00", "elapsed_seconds": 46.15740656852722, "epoch": 1, "step": 275, "planned_steps": 1101, "loss": 0.20809859037399292, "gradient_norm": 4.238426685333252, "optimizer_step_applied": true, "amp_scale": 512.0}
{"event": "train_step", "time_utc": "2026-09-28T22:03:11.693342+00:00", "elapsed_seconds": 49.16143274307251, "epoch": 1, "step": 300, "planned_steps": 1101, "loss": 0.16023999452590942, "gradient_norm": 5.643617630004883, "optimizer_step_applied": true, "amp_scale": 512.0}
{"event": "train_step", "time_utc": "2026-09-28T22:03:14.797868+00:00", "elapsed_seconds": 52.265957832336426, "epoch": 1, "step": 325, "planned_steps": 1101, "loss": 0.16837351024150848, "gradient_norm": 7.732788562774658, "optimizer_step_applied": true, "amp_scale": 512.0}
{"event": "train_step", "time_utc": "2026-09-28T22:03:17.753710+00:00", "elapsed_seconds": 55.221797943115234, "epoch": 1, "step": 350, "planned_steps": 1101, "loss": 0.2877808213233948, "gradient_norm": 15.52180290222168, "optimizer_step_applied": true, "amp_scale": 512.0}
{"event": "epoch_complete", "time_utc": "2026-09-28T22:03:19.877872+00:00", "elapsed_seconds": 57.34596133232117, "epoch": 1, "mean_loss": 0.304689248572091}
{"event": "train_step", "time_utc": "2026-09-28T22:03:20.881141+00:00", "elapsed_seconds": 58.349231481552124, "epoch": 2, "step": 375, "planned_steps": 1101, "loss": 0.4343777596950531, "gradient_norm": 5.235841751098633, "optimizer_step_applied": true, "amp_scale": 512.0}
{"event": "train_step", "time_utc": "2026-09-28T22:03:23.985983+00:00", "elapsed_seconds": 61.45407152175903, "epoch": 2, "step": 400, "planned_steps": 1101, "loss": 0.10619378089904785, "gradient_norm": 2.9929723739624023, "optimizer_step_applied": true, "amp_scale": 512.0}
{"event": "train_step", "time_utc": "2026-09-28T22:03:27.233416+00:00", "elapsed_seconds": 64.70150446891785, "epoch": 2, "step": 425, "planned_steps": 1101, "loss": 0.221697136759758, "gradient_norm": 6.445507049560547, "optimizer_step_applied": true, "amp_scale": 512.0}
{"event": "train_step", "time_utc": "2026-09-28T22:03:30.553837+00:00", "elapsed_seconds": 68.02192497253418, "epoch": 2, "step": 450, "planned_steps": 1101, "loss": 0.21237538754940033, "gradient_norm": 16.118717193603516, "optimizer_step_applied": true, "amp_scale": 512.0}
{"event": "train_step", "time_utc": "2026-09-28T22:03:34.007452+00:00", "elapsed_seconds": 71.47553968429565, "epoch": 2, "step": 475, "planned_steps": 1101, "loss": 0.09740982949733734, "gradient_norm": 3.694654703140259, "optimizer_step_applied": true, "amp_scale": 512.0}
{"event": "train_step", "time_utc": "2026-09-28T22:03:37.291914+00:00", "elapsed_seconds": 74.76000046730042, "epoch": 2, "step": 500, "planned_steps": 1101, "loss": 0.018030032515525818, "gradient_norm": 0.4472796618938446, "optimizer_step_applied": true, "amp_scale": 512.0}
{"event": "train_step", "time_utc": "2026-09-28T22:03:40.398548+00:00", "elapsed_seconds": 77.8666365146637, "epoch": 2, "step": 525, "planned_steps": 1101, "loss": 0.38973289728164673, "gradient_norm": 29.402292251586914, "optimizer_step_applied": true, "amp_scale": 512.0}
{"event": "train_step", "time_utc": "2026-09-28T22:03:43.771244+00:00", "elapsed_seconds": 81.23933219909668, "epoch": 2, "step": 550, "planned_steps": 1101, "loss": 0.36191749572753906, "gradient_norm": 4.8859429359436035, "optimizer_step_applied": true, "amp_scale": 512.0}
{"event": "train_step", "time_utc": "2026-09-28T22:03:46.746731+00:00", "elapsed_seconds": 84.21481919288635, "epoch": 2, "step": 575, "planned_steps": 1101, "loss": 0.27918022871017456, "gradient_norm": 5.284951686859131, "optimizer_step_applied": true, "amp_scale": 512.0}
{"event": "train_step", "time_utc": "2026-09-28T22:03:50.120827+00:00", "elapsed_seconds": 87.58891367912292, "epoch": 2, "step": 600, "planned_steps": 1101, "loss": 0.09006795287132263, "gradient_norm": 8.323699951171875, "optimizer_step_applied": true, "amp_scale": 512.0}
{"event": "train_step", "time_utc": "2026-09-28T22:03:53.351666+00:00", "elapsed_seconds": 90.819753408432, "epoch": 2, "step": 625, "planned_steps": 1101, "loss": 0.32315129041671753, "gradient_norm": 6.120884895324707, "optimizer_step_applied": true, "amp_scale": 512.0}
{"event": "train_step", "time_utc": "2026-09-28T22:03:56.717477+00:00", "elapsed_seconds": 94.18556499481201, "epoch": 2, "step": 650, "planned_steps": 1101, "loss": 0.03783487528562546, "gradient_norm": 1.5609606504440308, "optimizer_step_applied": true, "amp_scale": 512.0}
{"event": "train_step", "time_utc": "2026-09-28T22:03:59.995849+00:00", "elapsed_seconds": 97.46393847465515, "epoch": 2, "step": 675, "planned_steps": 1101, "loss": 0.4937717914581299, "gradient_norm": 9.876188278198242, "optimizer_step_applied": true, "amp_scale": 512.0}
{"event": "train_step", "time_utc": "2026-09-28T22:04:03.321879+00:00", "elapsed_seconds": 100.7899661064148, "epoch": 2, "step": 700, "planned_steps": 1101, "loss": 0.2515203356742859, "gradient_norm": 9.357819557189941, "optimizer_step_applied": true, "amp_scale": 512.0}
{"event": "train_step", "time_utc": "2026-09-28T22:04:07.109644+00:00", "elapsed_seconds": 104.57773208618164, "epoch": 2, "step": 725, "planned_steps": 1101, "loss": 0.05666195973753929, "gradient_norm": 2.8759684562683105, "optimizer_step_applied": true, "amp_scale": 512.0}
{"event": "epoch_complete", "time_utc": "2026-09-28T22:04:08.374795+00:00", "elapsed_seconds": 105.8428840637207, "epoch": 2, "mean_loss": 0.20945728759786333}
{"event": "train_step", "time_utc": "2026-09-28T22:04:10.585974+00:00", "elapsed_seconds": 108.05406188964844, "epoch": 3, "step": 750, "planned_steps": 1101, "loss": 0.12250613421201706, "gradient_norm": 4.142106056213379, "optimizer_step_applied": true, "amp_scale": 512.0}
{"event": "train_step", "time_utc": "2026-09-28T22:04:14.051638+00:00", "elapsed_seconds": 111.51972436904907, "epoch": 3, "step": 775, "planned_steps": 1101, "loss": 0.17279168963432312, "gradient_norm": 6.939417839050293, "optimizer_step_applied": true, "amp_scale": 512.0}
{"event": "train_step", "time_utc": "2026-09-28T22:04:17.304334+00:00", "elapsed_seconds": 114.77242302894592, "epoch": 3, "step": 800, "planned_steps": 1101, "loss": 0.03148601949214935, "gradient_norm": 2.3304362297058105, "optimizer_step_applied": true, "amp_scale": 512.0}
{"event": "train_step", "time_utc": "2026-09-28T22:04:20.656877+00:00", "elapsed_seconds": 118.12496447563171, "epoch": 3, "step": 825, "planned_steps": 1101, "loss": 0.0188444834202528, "gradient_norm": 2.5708582401275635, "optimizer_step_applied": true, "amp_scale": 512.0}
{"event": "train_step", "time_utc": "2026-09-28T22:04:24.207543+00:00", "elapsed_seconds": 121.67563199996948, "epoch": 3, "step": 850, "planned_steps": 1101, "loss": 0.047851305454969406, "gradient_norm": 6.0540900230407715, "optimizer_step_applied": true, "amp_scale": 512.0}
{"event": "train_step", "time_utc": "2026-09-28T22:04:27.673561+00:00", "elapsed_seconds": 125.14164900779724, "epoch": 3, "step": 875, "planned_steps": 1101, "loss": 0.09313853085041046, "gradient_norm": 19.015064239501953, "optimizer_step_applied": true, "amp_scale": 512.0}
{"event": "train_step", "time_utc": "2026-09-28T22:04:31.089830+00:00", "elapsed_seconds": 128.55791759490967, "epoch": 3, "step": 900, "planned_steps": 1101, "loss": 0.23188617825508118, "gradient_norm": 6.976934909820557, "optimizer_step_applied": true, "amp_scale": 512.0}
{"event": "train_step", "time_utc": "2026-09-28T22:04:34.483827+00:00", "elapsed_seconds": 131.95191502571106, "epoch": 3, "step": 925, "planned_steps": 1101, "loss": 0.11756869405508041, "gradient_norm": 3.4423108100891113, "optimizer_step_applied": true, "amp_scale": 512.0}
{"event": "train_step", "time_utc": "2026-09-28T22:04:38.182769+00:00", "elapsed_seconds": 135.650860786438, "epoch": 3, "step": 950, "planned_steps": 1101, "loss": 0.023835990577936172, "gradient_norm": 1.7554051876068115, "optimizer_step_applied": true, "amp_scale": 512.0}
{"event": "train_step", "time_utc": "2026-09-28T22:04:41.590319+00:00", "elapsed_seconds": 139.05841302871704, "epoch": 3, "step": 975, "planned_steps": 1101, "loss": 0.2829400897026062, "gradient_norm": 16.102807998657227, "optimizer_step_applied": true, "amp_scale": 512.0}
{"event": "train_step", "time_utc": "2026-09-28T22:04:45.021308+00:00", "elapsed_seconds": 142.48939561843872, "epoch": 3, "step": 1000, "planned_steps": 1101, "loss": 0.04371524974703789, "gradient_norm": 6.436283588409424, "optimizer_step_applied": true, "amp_scale": 512.0}
{"event": "train_step", "time_utc": "2026-09-28T22:04:48.920357+00:00", "elapsed_seconds": 146.3884449005127, "epoch": 3, "step": 1025, "planned_steps": 1101, "loss": 0.06936481595039368, "gradient_norm": 8.108060836791992, "optimizer_step_applied": true, "amp_scale": 512.0}
{"event": "train_step", "time_utc": "2026-09-28T22:04:52.718671+00:00", "elapsed_seconds": 150.1867618560791, "epoch": 3, "step": 1050, "planned_steps": 1101, "loss": 0.07876624912023544, "gradient_norm": 9.378350257873535, "optimizer_step_applied": true, "amp_scale": 512.0}
{"event": "train_step", "time_utc": "2026-09-28T22:04:56.342289+00:00", "elapsed_seconds": 153.810378074646, "epoch": 3, "step": 1075, "planned_steps": 1101, "loss": 0.49768373370170593, "gradient_norm": 11.508097648620605, "optimizer_step_applied": true, "amp_scale": 512.0}
{"event": "train_step", "time_utc": "2026-09-28T22:05:00.471724+00:00", "elapsed_seconds": 157.9398114681244, "epoch": 3, "step": 1100, "planned_steps": 1101, "loss": 0.06886028498411179, "gradient_norm": 6.057764053344727, "optimizer_step_applied": true, "amp_scale": 512.0}
{"event": "epoch_complete", "time_utc": "2026-09-28T22:05:00.599786+00:00", "elapsed_seconds": 158.06786966323853, "epoch": 3, "mean_loss": 0.1473095778639781}
{"event": "complete", "time_utc": "2026-09-28T22:05:08.502301+00:00", "elapsed_seconds": 165.97014689445496, "status": "completed", "plan_sha256": "73ea1e95da4783a713ca06824f8590e96bdeb623d668fa6dd51549922cb9c123", "epochs_completed": 3, "optimizer_steps": 1100, "amp_skips": 1, "training_pairs": 4402, "validation_pairs": 1546, "checkpoint_sha256": "9ee8d8246c48181f60b8c9701c2ee67e07e3f743cb45fe63fe51c1f6c6ba4047", "scores_sha256": "0c71c95a7f37fa55d8738ba5353790e9ea4053909531dd138bd0b9d8eeb5fa38", "peak_allocated_gib": 4.496885299682617}
