{"event": "prompts_prepared", "fold": 1, "validation_document_ids": ["10313222", "11221135", "11826603", "12078887", "12628480", "12779223", "5023785", "5368377", "5425407", "5693559", "5789735", "5866036", "6049015", "6096008", "6220403", "9327653"], "upstream_training_document_ids": ["10553122", "10789033", "11196099", "11203018", "11235872", "11765409", "11871647", "11906559", "11919040", "11986149", "12017973", "12059664", "12110755", "12110769", "12118522", "12126309", "12147048", "12250201", "12334843", "12386172", "12405443", "12444410", "12455887", "12640707", "12646972", "12652105", "12733031", "12798528", "12811285", "12846941", "12891056", "2866573", "2964533", "3563609", "4607013", "4644339", "4678370", "4899602", "5415817", "5422868", "5452357", "5473715", "5537416", "5538066", "5562981", "5574094", "5575846", "5763540", "5773845", "5793168", "5959423", "5970456", "6036836", "6048891", "6057141", "6059678", "6063015", "6134758", "6151044", "6219255", "6332535", "6338757", "6390251", "6491447"], "llm_training_document_ids": [], "demonstration_document_ids": [], "plan_sha256": "fa76180ac6dce03f800fb1b919491395dd233d28fe45623f0e7b0d6aa272d7c6", "baseline_exact_replay": true, "answers_removed_before_prompting": true, "task_count": 297, "tasks_sha256": "e7f3193bae48f819dc59ce1cdea74f5af4c87d9336ae86ea1e31766b8acd9123", "all_occurrences_selected": 221, "max_input_tokens": 1931, "complete_evidence_count": 221, "dropped_fragments": 0, "hard_nonthinking": true, "protocol": "source_excerpt_ids"}
Loading checkpoint shards:   0%|          | 0/5 [00:00<?, ?it/s]Loading checkpoint shards:  20%|██        | 1/5 [00:01<00:04,  1.05s/it]Loading checkpoint shards:  40%|████      | 2/5 [00:01<00:02,  1.09it/s]Loading checkpoint shards:  60%|██████    | 3/5 [00:02<00:01,  1.16it/s]Loading checkpoint shards:  80%|████████  | 4/5 [00:03<00:00,  1.30it/s]Loading checkpoint shards: 100%|██████████| 5/5 [00:03<00:00,  1.74it/s]Loading checkpoint shards: 100%|██████████| 5/5 [00:03<00:00,  1.41it/s]
{"event": "task_complete", "fold": 1, "completed": 1, "total": 297, "format_errors": 0, "decisions": {"supported": 1}, "elapsed_seconds": 8.545650005340576}
{"event": "task_complete", "fold": 1, "completed": 2, "total": 297, "format_errors": 0, "decisions": {"supported": 2}, "elapsed_seconds": 10.025325059890747}
{"event": "task_complete", "fold": 1, "completed": 3, "total": 297, "format_errors": 0, "decisions": {"supported": 3}, "elapsed_seconds": 11.501519918441772}
{"event": "task_complete", "fold": 1, "completed": 4, "total": 297, "format_errors": 0, "decisions": {"supported": 4}, "elapsed_seconds": 12.981638431549072}
{"event": "task_complete", "fold": 1, "completed": 5, "total": 297, "format_errors": 0, "decisions": {"supported": 5}, "elapsed_seconds": 14.464033365249634}
{"event": "task_complete", "fold": 1, "completed": 6, "total": 297, "format_errors": 0, "decisions": {"supported": 6}, "elapsed_seconds": 15.914874076843262}
{"event": "task_complete", "fold": 1, "completed": 7, "total": 297, "format_errors": 0, "decisions": {"supported": 7}, "elapsed_seconds": 17.616954803466797}
{"event": "task_complete", "fold": 1, "completed": 8, "total": 297, "format_errors": 0, "decisions": {"supported": 8}, "elapsed_seconds": 19.072859525680542}
{"event": "task_complete", "fold": 1, "completed": 9, "total": 297, "format_errors": 0, "decisions": {"supported": 9}, "elapsed_seconds": 20.580901622772217}
{"event": "task_complete", "fold": 1, "completed": 10, "total": 297, "format_errors": 0, "decisions": {"supported": 10}, "elapsed_seconds": 22.05916118621826}
{"event": "task_complete", "fold": 1, "completed": 11, "total": 297, "format_errors": 1, "decisions": {"supported": 10, "unclear": 1}, "elapsed_seconds": 24.103009462356567}
{"event": "task_complete", "fold": 1, "completed": 12, "total": 297, "format_errors": 1, "decisions": {"supported": 10, "unclear": 1, "other_or_general": 1}, "elapsed_seconds": 26.030035734176636}
{"event": "task_complete", "fold": 1, "completed": 13, "total": 297, "format_errors": 1, "decisions": {"supported": 10, "unclear": 1, "other_or_general": 2}, "elapsed_seconds": 28.05183434486389}
{"event": "task_complete", "fold": 1, "completed": 14, "total": 297, "format_errors": 1, "decisions": {"supported": 10, "unclear": 1, "other_or_general": 3}, "elapsed_seconds": 30.033971071243286}
{"event": "task_complete", "fold": 1, "completed": 15, "total": 297, "format_errors": 1, "decisions": {"supported": 11, "unclear": 1, "other_or_general": 3}, "elapsed_seconds": 31.952309370040894}
{"event": "task_complete", "fold": 1, "completed": 16, "total": 297, "format_errors": 1, "decisions": {"supported": 12, "unclear": 1, "other_or_general": 3}, "elapsed_seconds": 33.45117139816284}
{"event": "task_complete", "fold": 1, "completed": 17, "total": 297, "format_errors": 1, "decisions": {"supported": 13, "unclear": 1, "other_or_general": 3}, "elapsed_seconds": 35.29707050323486}
{"event": "task_complete", "fold": 1, "completed": 18, "total": 297, "format_errors": 1, "decisions": {"supported": 14, "unclear": 1, "other_or_general": 3}, "elapsed_seconds": 37.327136278152466}
{"event": "task_complete", "fold": 1, "completed": 19, "total": 297, "format_errors": 1, "decisions": {"supported": 15, "unclear": 1, "other_or_general": 3}, "elapsed_seconds": 39.04060435295105}
{"event": "task_complete", "fold": 1, "completed": 20, "total": 297, "format_errors": 1, "decisions": {"supported": 16, "unclear": 1, "other_or_general": 3}, "elapsed_seconds": 40.64771842956543}
{"event": "task_complete", "fold": 1, "completed": 21, "total": 297, "format_errors": 1, "decisions": {"supported": 17, "unclear": 1, "other_or_general": 3}, "elapsed_seconds": 42.24518585205078}
{"event": "task_complete", "fold": 1, "completed": 22, "total": 297, "format_errors": 1, "decisions": {"supported": 18, "unclear": 1, "other_or_general": 3}, "elapsed_seconds": 43.8544020652771}
{"event": "task_complete", "fold": 1, "completed": 23, "total": 297, "format_errors": 1, "decisions": {"supported": 19, "unclear": 1, "other_or_general": 3}, "elapsed_seconds": 45.96734571456909}
{"event": "task_complete", "fold": 1, "completed": 24, "total": 297, "format_errors": 1, "decisions": {"supported": 20, "unclear": 1, "other_or_general": 3}, "elapsed_seconds": 47.680543661117554}
{"event": "task_complete", "fold": 1, "completed": 25, "total": 297, "format_errors": 1, "decisions": {"supported": 21, "unclear": 1, "other_or_general": 3}, "elapsed_seconds": 49.70054888725281}
{"event": "task_complete", "fold": 1, "completed": 26, "total": 297, "format_errors": 1, "decisions": {"supported": 22, "unclear": 1, "other_or_general": 3}, "elapsed_seconds": 51.75477981567383}
{"event": "task_complete", "fold": 1, "completed": 27, "total": 297, "format_errors": 1, "decisions": {"supported": 23, "unclear": 1, "other_or_general": 3}, "elapsed_seconds": 53.62515306472778}
{"event": "task_complete", "fold": 1, "completed": 28, "total": 297, "format_errors": 1, "decisions": {"supported": 24, "unclear": 1, "other_or_general": 3}, "elapsed_seconds": 55.43106532096863}
{"event": "task_complete", "fold": 1, "completed": 29, "total": 297, "format_errors": 1, "decisions": {"supported": 25, "unclear": 1, "other_or_general": 3}, "elapsed_seconds": 57.26281714439392}
{"event": "task_complete", "fold": 1, "completed": 30, "total": 297, "format_errors": 1, "decisions": {"supported": 25, "unclear": 1, "other_or_general": 4}, "elapsed_seconds": 59.016170501708984}
{"event": "task_complete", "fold": 1, "completed": 31, "total": 297, "format_errors": 1, "decisions": {"supported": 26, "unclear": 1, "other_or_general": 4}, "elapsed_seconds": 60.65012812614441}
{"event": "task_complete", "fold": 1, "completed": 32, "total": 297, "format_errors": 1, "decisions": {"supported": 27, "unclear": 1, "other_or_general": 4}, "elapsed_seconds": 62.70407748222351}
{"event": "task_complete", "fold": 1, "completed": 33, "total": 297, "format_errors": 1, "decisions": {"supported": 28, "unclear": 1, "other_or_general": 4}, "elapsed_seconds": 64.81816744804382}
{"event": "task_complete", "fold": 1, "completed": 34, "total": 297, "format_errors": 1, "decisions": {"supported": 29, "unclear": 1, "other_or_general": 4}, "elapsed_seconds": 66.77596139907837}
{"event": "task_complete", "fold": 1, "completed": 35, "total": 297, "format_errors": 1, "decisions": {"supported": 30, "unclear": 1, "other_or_general": 4}, "elapsed_seconds": 68.7343099117279}
{"event": "task_complete", "fold": 1, "completed": 36, "total": 297, "format_errors": 1, "decisions": {"supported": 31, "unclear": 1, "other_or_general": 4}, "elapsed_seconds": 70.80101752281189}
{"event": "task_complete", "fold": 1, "completed": 37, "total": 297, "format_errors": 1, "decisions": {"supported": 32, "unclear": 1, "other_or_general": 4}, "elapsed_seconds": 72.83712530136108}
{"event": "task_complete", "fold": 1, "completed": 38, "total": 297, "format_errors": 1, "decisions": {"supported": 33, "unclear": 1, "other_or_general": 4}, "elapsed_seconds": 74.5204541683197}
{"event": "task_complete", "fold": 1, "completed": 39, "total": 297, "format_errors": 1, "decisions": {"supported": 34, "unclear": 1, "other_or_general": 4}, "elapsed_seconds": 76.31211733818054}
{"event": "task_complete", "fold": 1, "completed": 40, "total": 297, "format_errors": 1, "decisions": {"supported": 35, "unclear": 1, "other_or_general": 4}, "elapsed_seconds": 77.93383121490479}
{"event": "task_complete", "fold": 1, "completed": 41, "total": 297, "format_errors": 1, "decisions": {"supported": 36, "unclear": 1, "other_or_general": 4}, "elapsed_seconds": 79.56094169616699}
{"event": "task_complete", "fold": 1, "completed": 42, "total": 297, "format_errors": 1, "decisions": {"supported": 37, "unclear": 1, "other_or_general": 4}, "elapsed_seconds": 81.51835680007935}
{"event": "task_complete", "fold": 1, "completed": 43, "total": 297, "format_errors": 1, "decisions": {"supported": 37, "unclear": 1, "other_or_general": 5}, "elapsed_seconds": 83.59747219085693}
{"event": "task_complete", "fold": 1, "completed": 44, "total": 297, "format_errors": 1, "decisions": {"supported": 37, "unclear": 1, "other_or_general": 6}, "elapsed_seconds": 85.24490237236023}
{"event": "task_complete", "fold": 1, "completed": 45, "total": 297, "format_errors": 1, "decisions": {"supported": 37, "unclear": 1, "other_or_general": 7}, "elapsed_seconds": 87.10324120521545}
{"event": "task_complete", "fold": 1, "completed": 46, "total": 297, "format_errors": 1, "decisions": {"supported": 38, "unclear": 1, "other_or_general": 7}, "elapsed_seconds": 89.12982678413391}
{"event": "task_complete", "fold": 1, "completed": 47, "total": 297, "format_errors": 1, "decisions": {"supported": 38, "unclear": 1, "other_or_general": 8}, "elapsed_seconds": 90.79110980033875}
{"event": "task_complete", "fold": 1, "completed": 48, "total": 297, "format_errors": 1, "decisions": {"supported": 39, "unclear": 1, "other_or_general": 8}, "elapsed_seconds": 92.5214478969574}
{"event": "task_complete", "fold": 1, "completed": 49, "total": 297, "format_errors": 1, "decisions": {"supported": 40, "unclear": 1, "other_or_general": 8}, "elapsed_seconds": 94.26392412185669}
{"event": "task_complete", "fold": 1, "completed": 50, "total": 297, "format_errors": 1, "decisions": {"supported": 41, "unclear": 1, "other_or_general": 8}, "elapsed_seconds": 96.18422651290894}
{"event": "task_complete", "fold": 1, "completed": 51, "total": 297, "format_errors": 1, "decisions": {"supported": 42, "unclear": 1, "other_or_general": 8}, "elapsed_seconds": 98.15682482719421}
{"event": "task_complete", "fold": 1, "completed": 52, "total": 297, "format_errors": 1, "decisions": {"supported": 43, "unclear": 1, "other_or_general": 8}, "elapsed_seconds": 100.06068062782288}
{"event": "task_complete", "fold": 1, "completed": 53, "total": 297, "format_errors": 1, "decisions": {"supported": 44, "unclear": 1, "other_or_general": 8}, "elapsed_seconds": 101.91620254516602}
{"event": "task_complete", "fold": 1, "completed": 54, "total": 297, "format_errors": 1, "decisions": {"supported": 45, "unclear": 1, "other_or_general": 8}, "elapsed_seconds": 103.50042748451233}
{"event": "task_complete", "fold": 1, "completed": 55, "total": 297, "format_errors": 1, "decisions": {"supported": 46, "unclear": 1, "other_or_general": 8}, "elapsed_seconds": 105.19379425048828}
{"event": "task_complete", "fold": 1, "completed": 56, "total": 297, "format_errors": 1, "decisions": {"supported": 47, "unclear": 1, "other_or_general": 8}, "elapsed_seconds": 106.77848935127258}
{"event": "task_complete", "fold": 1, "completed": 57, "total": 297, "format_errors": 1, "decisions": {"supported": 48, "unclear": 1, "other_or_general": 8}, "elapsed_seconds": 108.36276984214783}
{"event": "task_complete", "fold": 1, "completed": 58, "total": 297, "format_errors": 1, "decisions": {"supported": 49, "unclear": 1, "other_or_general": 8}, "elapsed_seconds": 110.04246211051941}
{"event": "task_complete", "fold": 1, "completed": 59, "total": 297, "format_errors": 1, "decisions": {"supported": 50, "unclear": 1, "other_or_general": 8}, "elapsed_seconds": 111.62830448150635}
{"event": "task_complete", "fold": 1, "completed": 60, "total": 297, "format_errors": 1, "decisions": {"supported": 51, "unclear": 1, "other_or_general": 8}, "elapsed_seconds": 113.61492013931274}
{"event": "task_complete", "fold": 1, "completed": 61, "total": 297, "format_errors": 1, "decisions": {"supported": 52, "unclear": 1, "other_or_general": 8}, "elapsed_seconds": 115.44416069984436}
{"event": "task_complete", "fold": 1, "completed": 62, "total": 297, "format_errors": 1, "decisions": {"supported": 53, "unclear": 1, "other_or_general": 8}, "elapsed_seconds": 117.049325466156}
{"event": "task_complete", "fold": 1, "completed": 63, "total": 297, "format_errors": 1, "decisions": {"supported": 54, "unclear": 1, "other_or_general": 8}, "elapsed_seconds": 118.90794515609741}
{"event": "task_complete", "fold": 1, "completed": 64, "total": 297, "format_errors": 1, "decisions": {"supported": 55, "unclear": 1, "other_or_general": 8}, "elapsed_seconds": 120.71763396263123}
{"event": "task_complete", "fold": 1, "completed": 65, "total": 297, "format_errors": 1, "decisions": {"supported": 56, "unclear": 1, "other_or_general": 8}, "elapsed_seconds": 122.65715670585632}
{"event": "task_complete", "fold": 1, "completed": 66, "total": 297, "format_errors": 1, "decisions": {"supported": 57, "unclear": 1, "other_or_general": 8}, "elapsed_seconds": 124.45484113693237}
{"event": "task_complete", "fold": 1, "completed": 67, "total": 297, "format_errors": 1, "decisions": {"supported": 58, "unclear": 1, "other_or_general": 8}, "elapsed_seconds": 126.06184267997742}
{"event": "task_complete", "fold": 1, "completed": 68, "total": 297, "format_errors": 1, "decisions": {"supported": 59, "unclear": 1, "other_or_general": 8}, "elapsed_seconds": 128.04129219055176}
{"event": "task_complete", "fold": 1, "completed": 69, "total": 297, "format_errors": 1, "decisions": {"supported": 60, "unclear": 1, "other_or_general": 8}, "elapsed_seconds": 129.9608507156372}
{"event": "task_complete", "fold": 1, "completed": 70, "total": 297, "format_errors": 1, "decisions": {"supported": 61, "unclear": 1, "other_or_general": 8}, "elapsed_seconds": 131.8163230419159}
{"event": "task_complete", "fold": 1, "completed": 71, "total": 297, "format_errors": 1, "decisions": {"supported": 62, "unclear": 1, "other_or_general": 8}, "elapsed_seconds": 133.40757274627686}
{"event": "task_complete", "fold": 1, "completed": 72, "total": 297, "format_errors": 1, "decisions": {"supported": 63, "unclear": 1, "other_or_general": 8}, "elapsed_seconds": 135.39958429336548}
{"event": "task_complete", "fold": 1, "completed": 73, "total": 297, "format_errors": 1, "decisions": {"supported": 64, "unclear": 1, "other_or_general": 8}, "elapsed_seconds": 136.98109340667725}
{"event": "task_complete", "fold": 1, "completed": 74, "total": 297, "format_errors": 1, "decisions": {"supported": 64, "unclear": 1, "other_or_general": 9}, "elapsed_seconds": 138.6938681602478}
{"event": "task_complete", "fold": 1, "completed": 75, "total": 297, "format_errors": 1, "decisions": {"supported": 65, "unclear": 1, "other_or_general": 9}, "elapsed_seconds": 140.18664574623108}
{"event": "task_complete", "fold": 1, "completed": 76, "total": 297, "format_errors": 1, "decisions": {"supported": 66, "unclear": 1, "other_or_general": 9}, "elapsed_seconds": 141.67194080352783}
{"event": "task_complete", "fold": 1, "completed": 77, "total": 297, "format_errors": 1, "decisions": {"supported": 67, "unclear": 1, "other_or_general": 9}, "elapsed_seconds": 143.63459157943726}
{"event": "task_complete", "fold": 1, "completed": 78, "total": 297, "format_errors": 1, "decisions": {"supported": 68, "unclear": 1, "other_or_general": 9}, "elapsed_seconds": 145.62069964408875}
{"event": "task_complete", "fold": 1, "completed": 79, "total": 297, "format_errors": 1, "decisions": {"supported": 69, "unclear": 1, "other_or_general": 9}, "elapsed_seconds": 147.4584765434265}
{"event": "task_complete", "fold": 1, "completed": 80, "total": 297, "format_errors": 1, "decisions": {"supported": 70, "unclear": 1, "other_or_general": 9}, "elapsed_seconds": 149.3079915046692}
{"event": "task_complete", "fold": 1, "completed": 81, "total": 297, "format_errors": 1, "decisions": {"supported": 71, "unclear": 1, "other_or_general": 9}, "elapsed_seconds": 151.1602177619934}
{"event": "task_complete", "fold": 1, "completed": 82, "total": 297, "format_errors": 1, "decisions": {"supported": 72, "unclear": 1, "other_or_general": 9}, "elapsed_seconds": 153.12103414535522}
{"event": "task_complete", "fold": 1, "completed": 83, "total": 297, "format_errors": 1, "decisions": {"supported": 73, "unclear": 1, "other_or_general": 9}, "elapsed_seconds": 154.93310737609863}
{"event": "task_complete", "fold": 1, "completed": 84, "total": 297, "format_errors": 1, "decisions": {"supported": 74, "unclear": 1, "other_or_general": 9}, "elapsed_seconds": 156.7427623271942}
{"event": "task_complete", "fold": 1, "completed": 85, "total": 297, "format_errors": 1, "decisions": {"supported": 75, "unclear": 1, "other_or_general": 9}, "elapsed_seconds": 158.2612280845642}
{"event": "task_complete", "fold": 1, "completed": 86, "total": 297, "format_errors": 1, "decisions": {"supported": 76, "unclear": 1, "other_or_general": 9}, "elapsed_seconds": 160.05309987068176}
{"event": "task_complete", "fold": 1, "completed": 87, "total": 297, "format_errors": 1, "decisions": {"supported": 76, "unclear": 1, "other_or_general": 10}, "elapsed_seconds": 161.76919603347778}
{"event": "task_complete", "fold": 1, "completed": 88, "total": 297, "format_errors": 1, "decisions": {"supported": 77, "unclear": 1, "other_or_general": 10}, "elapsed_seconds": 163.36609268188477}
{"event": "task_complete", "fold": 1, "completed": 89, "total": 297, "format_errors": 1, "decisions": {"supported": 78, "unclear": 1, "other_or_general": 10}, "elapsed_seconds": 164.94877219200134}
{"event": "task_complete", "fold": 1, "completed": 90, "total": 297, "format_errors": 1, "decisions": {"supported": 79, "unclear": 1, "other_or_general": 10}, "elapsed_seconds": 166.5472424030304}
{"event": "task_complete", "fold": 1, "completed": 91, "total": 297, "format_errors": 1, "decisions": {"supported": 79, "unclear": 1, "other_or_general": 11}, "elapsed_seconds": 168.53991651535034}
{"event": "task_complete", "fold": 1, "completed": 92, "total": 297, "format_errors": 1, "decisions": {"supported": 80, "unclear": 1, "other_or_general": 11}, "elapsed_seconds": 170.13672018051147}
{"event": "task_complete", "fold": 1, "completed": 93, "total": 297, "format_errors": 1, "decisions": {"supported": 80, "unclear": 1, "other_or_general": 12}, "elapsed_seconds": 172.2032721042633}
已终止
