{"event": "prompts_prepared", "fold": 0, "validation_document_ids": ["10553122", "11203018", "11871647", "11906559", "11919040", "12059664", "12126309", "12640707", "12652105", "12846941", "2866573", "3563609", "4607013", "4899602", "5415817", "5763540"], "upstream_training_document_ids": ["10313222", "10789033", "11196099", "11221135", "11235872", "11765409", "11826603", "11986149", "12017973", "12078887", "12110755", "12110769", "12118522", "12147048", "12250201", "12334843", "12386172", "12405443", "12444410", "12455887", "12628480", "12646972", "12733031", "12779223", "12798528", "12811285", "12891056", "2964533", "4644339", "4678370", "5023785", "5368377", "5422868", "5425407", "5452357", "5473715", "5537416", "5538066", "5562981", "5574094", "5575846", "5693559", "5773845", "5789735", "5793168", "5866036", "5959423", "5970456", "6036836", "6048891", "6049015", "6057141", "6059678", "6063015", "6096008", "6134758", "6151044", "6219255", "6220403", "6332535", "6338757", "6390251", "6491447", "9327653"], "llm_training_document_ids": [], "demonstration_document_ids": [], "plan_sha256": "fa76180ac6dce03f800fb1b919491395dd233d28fe45623f0e7b0d6aa272d7c6", "baseline_exact_replay": true, "answers_removed_before_prompting": true, "task_count": 403, "tasks_sha256": "0fca93162e1ae3bf96d23c309b84ebf78318e4de37c6fad0d20cd7398ca958b9", "all_occurrences_selected": 322, "max_input_tokens": 1780, "complete_evidence_count": 322, "dropped_fragments": 0, "hard_nonthinking": true, "protocol": "source_excerpt_ids"}
Loading checkpoint shards:   0%|          | 0/5 [00:00<?, ?it/s]Loading checkpoint shards:  20%|██        | 1/5 [00:01<00:06,  1.71s/it]Loading checkpoint shards:  40%|████      | 2/5 [00:03<00:04,  1.55s/it]Loading checkpoint shards:  60%|██████    | 3/5 [00:04<00:02,  1.48s/it]Loading checkpoint shards:  80%|████████  | 4/5 [00:05<00:01,  1.34s/it]Loading checkpoint shards: 100%|██████████| 5/5 [00:06<00:00,  1.01s/it]Loading checkpoint shards: 100%|██████████| 5/5 [00:06<00:00,  1.22s/it]
{"event": "task_complete", "fold": 0, "completed": 1, "total": 403, "format_errors": 0, "decisions": {"supported": 1}, "elapsed_seconds": 10.994567394256592}
{"event": "task_complete", "fold": 0, "completed": 2, "total": 403, "format_errors": 1, "decisions": {"supported": 1, "unclear": 1}, "elapsed_seconds": 12.858517408370972}
{"event": "task_complete", "fold": 0, "completed": 3, "total": 403, "format_errors": 1, "decisions": {"supported": 2, "unclear": 1}, "elapsed_seconds": 14.539771318435669}
{"event": "task_complete", "fold": 0, "completed": 4, "total": 403, "format_errors": 1, "decisions": {"supported": 3, "unclear": 1}, "elapsed_seconds": 16.074381113052368}
{"event": "task_complete", "fold": 0, "completed": 5, "total": 403, "format_errors": 1, "decisions": {"supported": 3, "unclear": 1, "other_or_general": 1}, "elapsed_seconds": 17.552690982818604}
{"event": "task_complete", "fold": 0, "completed": 6, "total": 403, "format_errors": 1, "decisions": {"supported": 4, "unclear": 1, "other_or_general": 1}, "elapsed_seconds": 18.925949335098267}
{"event": "task_complete", "fold": 0, "completed": 7, "total": 403, "format_errors": 1, "decisions": {"supported": 5, "unclear": 1, "other_or_general": 1}, "elapsed_seconds": 20.308335304260254}
{"event": "task_complete", "fold": 0, "completed": 8, "total": 403, "format_errors": 1, "decisions": {"supported": 6, "unclear": 1, "other_or_general": 1}, "elapsed_seconds": 21.699620723724365}
{"event": "task_complete", "fold": 0, "completed": 9, "total": 403, "format_errors": 1, "decisions": {"supported": 7, "unclear": 1, "other_or_general": 1}, "elapsed_seconds": 23.08729648590088}
{"event": "task_complete", "fold": 0, "completed": 10, "total": 403, "format_errors": 1, "decisions": {"supported": 8, "unclear": 1, "other_or_general": 1}, "elapsed_seconds": 24.989433526992798}
{"event": "task_complete", "fold": 0, "completed": 11, "total": 403, "format_errors": 1, "decisions": {"supported": 9, "unclear": 1, "other_or_general": 1}, "elapsed_seconds": 26.37066125869751}
{"event": "task_complete", "fold": 0, "completed": 12, "total": 403, "format_errors": 1, "decisions": {"supported": 10, "unclear": 1, "other_or_general": 1}, "elapsed_seconds": 27.72807025909424}
{"event": "task_complete", "fold": 0, "completed": 13, "total": 403, "format_errors": 1, "decisions": {"supported": 11, "unclear": 1, "other_or_general": 1}, "elapsed_seconds": 29.423699378967285}
{"event": "task_complete", "fold": 0, "completed": 14, "total": 403, "format_errors": 1, "decisions": {"supported": 12, "unclear": 1, "other_or_general": 1}, "elapsed_seconds": 30.785631895065308}
{"event": "task_complete", "fold": 0, "completed": 15, "total": 403, "format_errors": 1, "decisions": {"supported": 13, "unclear": 1, "other_or_general": 1}, "elapsed_seconds": 32.17642045021057}
{"event": "task_complete", "fold": 0, "completed": 16, "total": 403, "format_errors": 1, "decisions": {"supported": 14, "unclear": 1, "other_or_general": 1}, "elapsed_seconds": 33.5664803981781}
{"event": "task_complete", "fold": 0, "completed": 17, "total": 403, "format_errors": 1, "decisions": {"supported": 15, "unclear": 1, "other_or_general": 1}, "elapsed_seconds": 34.951961040496826}
{"event": "task_complete", "fold": 0, "completed": 18, "total": 403, "format_errors": 1, "decisions": {"supported": 16, "unclear": 1, "other_or_general": 1}, "elapsed_seconds": 36.52295637130737}
{"event": "task_complete", "fold": 0, "completed": 19, "total": 403, "format_errors": 1, "decisions": {"supported": 17, "unclear": 1, "other_or_general": 1}, "elapsed_seconds": 38.02526593208313}
{"event": "task_complete", "fold": 0, "completed": 20, "total": 403, "format_errors": 1, "decisions": {"supported": 18, "unclear": 1, "other_or_general": 1}, "elapsed_seconds": 39.43778085708618}
{"event": "task_complete", "fold": 0, "completed": 21, "total": 403, "format_errors": 1, "decisions": {"supported": 19, "unclear": 1, "other_or_general": 1}, "elapsed_seconds": 41.36285901069641}
{"event": "task_complete", "fold": 0, "completed": 22, "total": 403, "format_errors": 1, "decisions": {"supported": 20, "unclear": 1, "other_or_general": 1}, "elapsed_seconds": 43.09430384635925}
{"event": "task_complete", "fold": 0, "completed": 23, "total": 403, "format_errors": 1, "decisions": {"supported": 20, "unclear": 1, "other_or_general": 2}, "elapsed_seconds": 45.035428047180176}
{"event": "task_complete", "fold": 0, "completed": 24, "total": 403, "format_errors": 1, "decisions": {"supported": 21, "unclear": 1, "other_or_general": 2}, "elapsed_seconds": 46.45654892921448}
{"event": "task_complete", "fold": 0, "completed": 25, "total": 403, "format_errors": 1, "decisions": {"supported": 22, "unclear": 1, "other_or_general": 2}, "elapsed_seconds": 47.95488095283508}
{"event": "task_complete", "fold": 0, "completed": 26, "total": 403, "format_errors": 1, "decisions": {"supported": 23, "unclear": 1, "other_or_general": 2}, "elapsed_seconds": 49.4714195728302}
{"event": "task_complete", "fold": 0, "completed": 27, "total": 403, "format_errors": 2, "decisions": {"supported": 23, "unclear": 2, "other_or_general": 2}, "elapsed_seconds": 51.65040826797485}
{"event": "task_complete", "fold": 0, "completed": 28, "total": 403, "format_errors": 2, "decisions": {"supported": 24, "unclear": 2, "other_or_general": 2}, "elapsed_seconds": 53.66087317466736}
{"event": "task_complete", "fold": 0, "completed": 29, "total": 403, "format_errors": 3, "decisions": {"supported": 24, "unclear": 3, "other_or_general": 2}, "elapsed_seconds": 55.80965518951416}
{"event": "task_complete", "fold": 0, "completed": 30, "total": 403, "format_errors": 3, "decisions": {"supported": 25, "unclear": 3, "other_or_general": 2}, "elapsed_seconds": 57.750685930252075}
{"event": "task_complete", "fold": 0, "completed": 31, "total": 403, "format_errors": 3, "decisions": {"supported": 26, "unclear": 3, "other_or_general": 2}, "elapsed_seconds": 59.49050521850586}
{"event": "task_complete", "fold": 0, "completed": 32, "total": 403, "format_errors": 3, "decisions": {"supported": 27, "unclear": 3, "other_or_general": 2}, "elapsed_seconds": 60.97827768325806}
{"event": "task_complete", "fold": 0, "completed": 33, "total": 403, "format_errors": 3, "decisions": {"supported": 28, "unclear": 3, "other_or_general": 2}, "elapsed_seconds": 62.59521770477295}
{"event": "task_complete", "fold": 0, "completed": 34, "total": 403, "format_errors": 3, "decisions": {"supported": 29, "unclear": 3, "other_or_general": 2}, "elapsed_seconds": 64.03183555603027}
{"event": "task_complete", "fold": 0, "completed": 35, "total": 403, "format_errors": 3, "decisions": {"supported": 30, "unclear": 3, "other_or_general": 2}, "elapsed_seconds": 65.46579480171204}
{"event": "task_complete", "fold": 0, "completed": 36, "total": 403, "format_errors": 3, "decisions": {"supported": 31, "unclear": 3, "other_or_general": 2}, "elapsed_seconds": 66.9019558429718}
{"event": "task_complete", "fold": 0, "completed": 37, "total": 403, "format_errors": 3, "decisions": {"supported": 32, "unclear": 3, "other_or_general": 2}, "elapsed_seconds": 68.54735898971558}
{"event": "task_complete", "fold": 0, "completed": 38, "total": 403, "format_errors": 3, "decisions": {"supported": 33, "unclear": 3, "other_or_general": 2}, "elapsed_seconds": 69.96690464019775}
{"event": "task_complete", "fold": 0, "completed": 39, "total": 403, "format_errors": 3, "decisions": {"supported": 34, "unclear": 3, "other_or_general": 2}, "elapsed_seconds": 71.54586744308472}
{"event": "task_complete", "fold": 0, "completed": 40, "total": 403, "format_errors": 3, "decisions": {"supported": 35, "unclear": 3, "other_or_general": 2}, "elapsed_seconds": 72.94244122505188}
{"event": "task_complete", "fold": 0, "completed": 41, "total": 403, "format_errors": 3, "decisions": {"supported": 36, "unclear": 3, "other_or_general": 2}, "elapsed_seconds": 74.52271509170532}
{"event": "task_complete", "fold": 0, "completed": 42, "total": 403, "format_errors": 3, "decisions": {"supported": 37, "unclear": 3, "other_or_general": 2}, "elapsed_seconds": 76.06163835525513}
{"event": "task_complete", "fold": 0, "completed": 43, "total": 403, "format_errors": 3, "decisions": {"supported": 38, "unclear": 3, "other_or_general": 2}, "elapsed_seconds": 77.54683017730713}
{"event": "task_complete", "fold": 0, "completed": 44, "total": 403, "format_errors": 4, "decisions": {"supported": 38, "unclear": 4, "other_or_general": 2}, "elapsed_seconds": 79.69660878181458}
{"event": "task_complete", "fold": 0, "completed": 45, "total": 403, "format_errors": 5, "decisions": {"supported": 38, "unclear": 5, "other_or_general": 2}, "elapsed_seconds": 81.66280913352966}
{"event": "task_complete", "fold": 0, "completed": 46, "total": 403, "format_errors": 5, "decisions": {"supported": 39, "unclear": 5, "other_or_general": 2}, "elapsed_seconds": 83.26582765579224}
{"event": "task_complete", "fold": 0, "completed": 47, "total": 403, "format_errors": 5, "decisions": {"supported": 40, "unclear": 5, "other_or_general": 2}, "elapsed_seconds": 85.01464915275574}
{"event": "task_complete", "fold": 0, "completed": 48, "total": 403, "format_errors": 5, "decisions": {"supported": 41, "unclear": 5, "other_or_general": 2}, "elapsed_seconds": 86.70909070968628}
{"event": "task_complete", "fold": 0, "completed": 49, "total": 403, "format_errors": 5, "decisions": {"supported": 42, "unclear": 5, "other_or_general": 2}, "elapsed_seconds": 88.2550163269043}
{"event": "task_complete", "fold": 0, "completed": 50, "total": 403, "format_errors": 5, "decisions": {"supported": 43, "unclear": 5, "other_or_general": 2}, "elapsed_seconds": 89.75142645835876}
{"event": "task_complete", "fold": 0, "completed": 51, "total": 403, "format_errors": 5, "decisions": {"supported": 44, "unclear": 5, "other_or_general": 2}, "elapsed_seconds": 91.19848418235779}
{"event": "task_complete", "fold": 0, "completed": 52, "total": 403, "format_errors": 5, "decisions": {"supported": 45, "unclear": 5, "other_or_general": 2}, "elapsed_seconds": 92.65180516242981}
{"event": "task_complete", "fold": 0, "completed": 53, "total": 403, "format_errors": 5, "decisions": {"supported": 46, "unclear": 5, "other_or_general": 2}, "elapsed_seconds": 94.10460424423218}
{"event": "task_complete", "fold": 0, "completed": 54, "total": 403, "format_errors": 5, "decisions": {"supported": 47, "unclear": 5, "other_or_general": 2}, "elapsed_seconds": 95.58671879768372}
{"event": "task_complete", "fold": 0, "completed": 55, "total": 403, "format_errors": 6, "decisions": {"supported": 47, "unclear": 6, "other_or_general": 2}, "elapsed_seconds": 97.7024621963501}
{"event": "task_complete", "fold": 0, "completed": 56, "total": 403, "format_errors": 6, "decisions": {"supported": 48, "unclear": 6, "other_or_general": 2}, "elapsed_seconds": 99.43518710136414}
{"event": "task_complete", "fold": 0, "completed": 57, "total": 403, "format_errors": 6, "decisions": {"supported": 49, "unclear": 6, "other_or_general": 2}, "elapsed_seconds": 101.19573092460632}
{"event": "task_complete", "fold": 0, "completed": 58, "total": 403, "format_errors": 6, "decisions": {"supported": 50, "unclear": 6, "other_or_general": 2}, "elapsed_seconds": 103.13776969909668}
{"event": "task_complete", "fold": 0, "completed": 59, "total": 403, "format_errors": 6, "decisions": {"supported": 51, "unclear": 6, "other_or_general": 2}, "elapsed_seconds": 104.9650149345398}
{"event": "task_complete", "fold": 0, "completed": 60, "total": 403, "format_errors": 6, "decisions": {"supported": 51, "unclear": 6, "other_or_general": 3}, "elapsed_seconds": 107.6866021156311}
{"event": "task_complete", "fold": 0, "completed": 61, "total": 403, "format_errors": 6, "decisions": {"supported": 52, "unclear": 6, "other_or_general": 3}, "elapsed_seconds": 109.66357827186584}
{"event": "task_complete", "fold": 0, "completed": 62, "total": 403, "format_errors": 6, "decisions": {"supported": 53, "unclear": 6, "other_or_general": 3}, "elapsed_seconds": 111.6770339012146}
{"event": "task_complete", "fold": 0, "completed": 63, "total": 403, "format_errors": 6, "decisions": {"supported": 54, "unclear": 6, "other_or_general": 3}, "elapsed_seconds": 113.63812518119812}
{"event": "task_complete", "fold": 0, "completed": 64, "total": 403, "format_errors": 6, "decisions": {"supported": 55, "unclear": 6, "other_or_general": 3}, "elapsed_seconds": 115.44957518577576}
{"event": "task_complete", "fold": 0, "completed": 65, "total": 403, "format_errors": 6, "decisions": {"supported": 56, "unclear": 6, "other_or_general": 3}, "elapsed_seconds": 117.56388473510742}
{"event": "task_complete", "fold": 0, "completed": 66, "total": 403, "format_errors": 6, "decisions": {"supported": 57, "unclear": 6, "other_or_general": 3}, "elapsed_seconds": 119.29663348197937}
{"event": "task_complete", "fold": 0, "completed": 67, "total": 403, "format_errors": 6, "decisions": {"supported": 58, "unclear": 6, "other_or_general": 3}, "elapsed_seconds": 121.14988327026367}
{"event": "task_complete", "fold": 0, "completed": 68, "total": 403, "format_errors": 6, "decisions": {"supported": 59, "unclear": 6, "other_or_general": 3}, "elapsed_seconds": 123.10487985610962}
{"event": "task_complete", "fold": 0, "completed": 69, "total": 403, "format_errors": 6, "decisions": {"supported": 60, "unclear": 6, "other_or_general": 3}, "elapsed_seconds": 124.60435891151428}
{"event": "task_complete", "fold": 0, "completed": 70, "total": 403, "format_errors": 6, "decisions": {"supported": 61, "unclear": 6, "other_or_general": 3}, "elapsed_seconds": 126.50295639038086}
{"event": "task_complete", "fold": 0, "completed": 71, "total": 403, "format_errors": 6, "decisions": {"supported": 62, "unclear": 6, "other_or_general": 3}, "elapsed_seconds": 129.07726573944092}
{"event": "task_complete", "fold": 0, "completed": 72, "total": 403, "format_errors": 6, "decisions": {"supported": 63, "unclear": 6, "other_or_general": 3}, "elapsed_seconds": 131.3336193561554}
{"event": "task_complete", "fold": 0, "completed": 73, "total": 403, "format_errors": 7, "decisions": {"supported": 63, "unclear": 7, "other_or_general": 3}, "elapsed_seconds": 134.38312649726868}
{"event": "task_complete", "fold": 0, "completed": 74, "total": 403, "format_errors": 8, "decisions": {"supported": 63, "unclear": 8, "other_or_general": 3}, "elapsed_seconds": 136.5254545211792}
{"event": "task_complete", "fold": 0, "completed": 75, "total": 403, "format_errors": 8, "decisions": {"supported": 64, "unclear": 8, "other_or_general": 3}, "elapsed_seconds": 139.4123249053955}
{"event": "task_complete", "fold": 0, "completed": 76, "total": 403, "format_errors": 8, "decisions": {"supported": 65, "unclear": 8, "other_or_general": 3}, "elapsed_seconds": 141.02619314193726}
{"event": "task_complete", "fold": 0, "completed": 77, "total": 403, "format_errors": 8, "decisions": {"supported": 66, "unclear": 8, "other_or_general": 3}, "elapsed_seconds": 142.7014787197113}
{"event": "task_complete", "fold": 0, "completed": 78, "total": 403, "format_errors": 8, "decisions": {"supported": 67, "unclear": 8, "other_or_general": 3}, "elapsed_seconds": 144.7250678539276}
{"event": "task_complete", "fold": 0, "completed": 79, "total": 403, "format_errors": 8, "decisions": {"supported": 68, "unclear": 8, "other_or_general": 3}, "elapsed_seconds": 146.51109623908997}
{"event": "task_complete", "fold": 0, "completed": 80, "total": 403, "format_errors": 8, "decisions": {"supported": 69, "unclear": 8, "other_or_general": 3}, "elapsed_seconds": 148.93415880203247}
{"event": "task_complete", "fold": 0, "completed": 81, "total": 403, "format_errors": 8, "decisions": {"supported": 70, "unclear": 8, "other_or_general": 3}, "elapsed_seconds": 150.76540350914001}
{"event": "task_complete", "fold": 0, "completed": 82, "total": 403, "format_errors": 8, "decisions": {"supported": 70, "unclear": 8, "other_or_general": 4}, "elapsed_seconds": 152.42508006095886}
{"event": "task_complete", "fold": 0, "completed": 83, "total": 403, "format_errors": 8, "decisions": {"supported": 71, "unclear": 8, "other_or_general": 4}, "elapsed_seconds": 154.61871981620789}
{"event": "task_complete", "fold": 0, "completed": 84, "total": 403, "format_errors": 8, "decisions": {"supported": 72, "unclear": 8, "other_or_general": 4}, "elapsed_seconds": 156.43244791030884}
{"event": "task_complete", "fold": 0, "completed": 85, "total": 403, "format_errors": 8, "decisions": {"supported": 73, "unclear": 8, "other_or_general": 4}, "elapsed_seconds": 158.14582562446594}
{"event": "task_complete", "fold": 0, "completed": 86, "total": 403, "format_errors": 8, "decisions": {"supported": 74, "unclear": 8, "other_or_general": 4}, "elapsed_seconds": 160.30011510849}
{"event": "task_complete", "fold": 0, "completed": 87, "total": 403, "format_errors": 8, "decisions": {"supported": 75, "unclear": 8, "other_or_general": 4}, "elapsed_seconds": 162.35948491096497}
{"event": "task_complete", "fold": 0, "completed": 88, "total": 403, "format_errors": 8, "decisions": {"supported": 76, "unclear": 8, "other_or_general": 4}, "elapsed_seconds": 164.8552930355072}
{"event": "task_complete", "fold": 0, "completed": 89, "total": 403, "format_errors": 8, "decisions": {"supported": 77, "unclear": 8, "other_or_general": 4}, "elapsed_seconds": 167.02240800857544}
{"event": "task_complete", "fold": 0, "completed": 90, "total": 403, "format_errors": 9, "decisions": {"supported": 77, "unclear": 9, "other_or_general": 4}, "elapsed_seconds": 170.02369737625122}
{"event": "task_complete", "fold": 0, "completed": 91, "total": 403, "format_errors": 9, "decisions": {"supported": 78, "unclear": 9, "other_or_general": 4}, "elapsed_seconds": 171.59305095672607}
已终止
