{"event": "start", "time_utc": "2026-09-28T22:09:59.595714+00:00", "elapsed_seconds": 14.861843347549438, "training_pairs": 4484, "validation_pairs": 1450, "planned_steps": 1122, "smoke": false, "physical_gpu": "2"}
You're using a BertTokenizerFast tokenizer. Please note that with a fast tokenizer, using the `__call__` method is faster than using a method to encode the text followed by a call to the `pad` method to get a padded encoding.
{"event": "train_step", "time_utc": "2026-09-28T22:10:00.011024+00:00", "elapsed_seconds": 15.277151107788086, "epoch": 1, "step": 1, "planned_steps": 1122, "loss": 0.3513585329055786, "gradient_norm": 4.023990154266357, "optimizer_step_applied": true, "amp_scale": 1024.0}
{"event": "train_step", "time_utc": "2026-09-28T22:10:00.115872+00:00", "elapsed_seconds": 15.381995916366577, "epoch": 1, "step": 2, "planned_steps": 1122, "loss": 0.3701421022415161, "gradient_norm": 3.0486042499542236, "optimizer_step_applied": true, "amp_scale": 1024.0}
{"event": "train_step", "time_utc": "2026-09-28T22:10:00.210589+00:00", "elapsed_seconds": 15.476715564727783, "epoch": 1, "step": 3, "planned_steps": 1122, "loss": 0.4605226516723633, "gradient_norm": 2.8448328971862793, "optimizer_step_applied": true, "amp_scale": 1024.0}
{"event": "train_step", "time_utc": "2026-09-28T22:10:00.294117+00:00", "elapsed_seconds": 15.560245752334595, "epoch": 1, "step": 4, "planned_steps": 1122, "loss": 0.45994091033935547, "gradient_norm": 3.5763444900512695, "optimizer_step_applied": true, "amp_scale": 1024.0}
{"event": "train_step", "time_utc": "2026-09-28T22:10:00.387653+00:00", "elapsed_seconds": 15.653778076171875, "epoch": 1, "step": 5, "planned_steps": 1122, "loss": 0.31127166748046875, "gradient_norm": 2.2532784938812256, "optimizer_step_applied": true, "amp_scale": 1024.0}
{"event": "train_step", "time_utc": "2026-09-28T22:10:02.423784+00:00", "elapsed_seconds": 17.689910650253296, "epoch": 1, "step": 25, "planned_steps": 1122, "loss": 0.26304155588150024, "gradient_norm": 6.4598894119262695, "optimizer_step_applied": true, "amp_scale": 1024.0}
{"event": "train_step", "time_utc": "2026-09-28T22:10:04.981042+00:00", "elapsed_seconds": 20.247170209884644, "epoch": 1, "step": 50, "planned_steps": 1122, "loss": 0.24576231837272644, "gradient_norm": 2.124004364013672, "optimizer_step_applied": true, "amp_scale": 1024.0}
{"event": "train_step", "time_utc": "2026-09-28T22:10:07.481363+00:00", "elapsed_seconds": 22.74748969078064, "epoch": 1, "step": 75, "planned_steps": 1122, "loss": 0.35613900423049927, "gradient_norm": 45.728050231933594, "optimizer_step_applied": true, "amp_scale": 1024.0}
{"event": "train_step", "time_utc": "2026-09-28T22:10:10.209650+00:00", "elapsed_seconds": 25.475778102874756, "epoch": 1, "step": 100, "planned_steps": 1122, "loss": 0.19472169876098633, "gradient_norm": 4.128353595733643, "optimizer_step_applied": true, "amp_scale": 1024.0}
{"event": "train_step", "time_utc": "2026-09-28T22:10:13.114907+00:00", "elapsed_seconds": 28.38103747367859, "epoch": 1, "step": 125, "planned_steps": 1122, "loss": 0.18160146474838257, "gradient_norm": 3.1329617500305176, "optimizer_step_applied": true, "amp_scale": 1024.0}
{"event": "train_step", "time_utc": "2026-09-28T22:10:16.103313+00:00", "elapsed_seconds": 31.36944270133972, "epoch": 1, "step": 150, "planned_steps": 1122, "loss": 0.49077925086021423, "gradient_norm": 10.043010711669922, "optimizer_step_applied": true, "amp_scale": 512.0}
{"event": "train_step", "time_utc": "2026-09-28T22:10:18.990974+00:00", "elapsed_seconds": 34.25710988044739, "epoch": 1, "step": 175, "planned_steps": 1122, "loss": 0.29638931155204773, "gradient_norm": 7.516204833984375, "optimizer_step_applied": true, "amp_scale": 512.0}
{"event": "train_step", "time_utc": "2026-09-28T22:10:21.906404+00:00", "elapsed_seconds": 37.17253232002258, "epoch": 1, "step": 200, "planned_steps": 1122, "loss": 0.1996442973613739, "gradient_norm": 3.4529600143432617, "optimizer_step_applied": true, "amp_scale": 512.0}
{"event": "train_step", "time_utc": "2026-09-28T22:10:24.782163+00:00", "elapsed_seconds": 40.04829287528992, "epoch": 1, "step": 225, "planned_steps": 1122, "loss": 0.16333720088005066, "gradient_norm": 9.988323211669922, "optimizer_step_applied": true, "amp_scale": 256.0}
{"event": "train_step", "time_utc": "2026-09-28T22:10:27.861966+00:00", "elapsed_seconds": 43.12809681892395, "epoch": 1, "step": 250, "planned_steps": 1122, "loss": 0.5361526012420654, "gradient_norm": 13.13093376159668, "optimizer_step_applied": true, "amp_scale": 256.0}
{"event": "train_step", "time_utc": "2026-09-28T22:10:30.768270+00:00", "elapsed_seconds": 46.03439903259277, "epoch": 1, "step": 275, "planned_steps": 1122, "loss": 0.15515652298927307, "gradient_norm": 5.686800956726074, "optimizer_step_applied": true, "amp_scale": 256.0}
{"event": "train_step", "time_utc": "2026-09-28T22:10:33.732536+00:00", "elapsed_seconds": 48.99866461753845, "epoch": 1, "step": 300, "planned_steps": 1122, "loss": 0.3038010597229004, "gradient_norm": 10.619094848632812, "optimizer_step_applied": true, "amp_scale": 256.0}
{"event": "train_step", "time_utc": "2026-09-28T22:10:36.778129+00:00", "elapsed_seconds": 52.0442590713501, "epoch": 1, "step": 325, "planned_steps": 1122, "loss": 0.11884798109531403, "gradient_norm": 10.15401840209961, "optimizer_step_applied": true, "amp_scale": 256.0}
{"event": "train_step", "time_utc": "2026-09-28T22:10:39.836696+00:00", "elapsed_seconds": 55.10282564163208, "epoch": 1, "step": 350, "planned_steps": 1122, "loss": 0.5952956676483154, "gradient_norm": 9.900104522705078, "optimizer_step_applied": true, "amp_scale": 256.0}
{"event": "epoch_complete", "time_utc": "2026-09-28T22:10:42.854346+00:00", "elapsed_seconds": 58.12047505378723, "epoch": 1, "mean_loss": 0.2963614074244378}
{"event": "train_step", "time_utc": "2026-09-28T22:10:42.984884+00:00", "elapsed_seconds": 58.251009464263916, "epoch": 2, "step": 375, "planned_steps": 1122, "loss": 0.17574208974838257, "gradient_norm": 13.399200439453125, "optimizer_step_applied": true, "amp_scale": 256.0}
{"event": "train_step", "time_utc": "2026-09-28T22:10:45.977286+00:00", "elapsed_seconds": 61.24341440200806, "epoch": 2, "step": 400, "planned_steps": 1122, "loss": 0.217217355966568, "gradient_norm": 4.134928226470947, "optimizer_step_applied": true, "amp_scale": 256.0}
{"event": "train_step", "time_utc": "2026-09-28T22:10:49.198825+00:00", "elapsed_seconds": 64.46495532989502, "epoch": 2, "step": 425, "planned_steps": 1122, "loss": 0.052215516567230225, "gradient_norm": 2.1769165992736816, "optimizer_step_applied": true, "amp_scale": 256.0}
{"event": "train_step", "time_utc": "2026-09-28T22:10:52.309047+00:00", "elapsed_seconds": 67.57517766952515, "epoch": 2, "step": 450, "planned_steps": 1122, "loss": 0.26972728967666626, "gradient_norm": 5.2645745277404785, "optimizer_step_applied": true, "amp_scale": 256.0}
{"event": "train_step", "time_utc": "2026-09-28T22:10:55.535867+00:00", "elapsed_seconds": 70.80199766159058, "epoch": 2, "step": 475, "planned_steps": 1122, "loss": 0.13082639873027802, "gradient_norm": 4.5104851722717285, "optimizer_step_applied": true, "amp_scale": 256.0}
{"event": "train_step", "time_utc": "2026-09-28T22:10:58.510433+00:00", "elapsed_seconds": 73.77656269073486, "epoch": 2, "step": 500, "planned_steps": 1122, "loss": 0.2880975604057312, "gradient_norm": 10.190045356750488, "optimizer_step_applied": true, "amp_scale": 256.0}
{"event": "train_step", "time_utc": "2026-09-28T22:11:01.834557+00:00", "elapsed_seconds": 77.10068583488464, "epoch": 2, "step": 525, "planned_steps": 1122, "loss": 0.09696497023105621, "gradient_norm": 4.080256462097168, "optimizer_step_applied": true, "amp_scale": 256.0}
{"event": "train_step", "time_utc": "2026-09-28T22:11:04.833000+00:00", "elapsed_seconds": 80.099130153656, "epoch": 2, "step": 550, "planned_steps": 1122, "loss": 0.046714335680007935, "gradient_norm": 2.019552707672119, "optimizer_step_applied": true, "amp_scale": 256.0}
{"event": "train_step", "time_utc": "2026-09-28T22:11:08.116284+00:00", "elapsed_seconds": 83.38241362571716, "epoch": 2, "step": 575, "planned_steps": 1122, "loss": 0.3808082938194275, "gradient_norm": 17.757919311523438, "optimizer_step_applied": true, "amp_scale": 256.0}
{"event": "train_step", "time_utc": "2026-09-28T22:11:11.596760+00:00", "elapsed_seconds": 86.86288809776306, "epoch": 2, "step": 600, "planned_steps": 1122, "loss": 0.034899380058050156, "gradient_norm": 2.881831169128418, "optimizer_step_applied": true, "amp_scale": 256.0}
{"event": "train_step", "time_utc": "2026-09-28T22:11:15.149361+00:00", "elapsed_seconds": 90.41549062728882, "epoch": 2, "step": 625, "planned_steps": 1122, "loss": 0.13466176390647888, "gradient_norm": 9.147857666015625, "optimizer_step_applied": true, "amp_scale": 256.0}
{"event": "train_step", "time_utc": "2026-09-28T22:11:18.651209+00:00", "elapsed_seconds": 93.91733813285828, "epoch": 2, "step": 650, "planned_steps": 1122, "loss": 0.14203901588916779, "gradient_norm": 5.855137348175049, "optimizer_step_applied": true, "amp_scale": 256.0}
{"event": "train_step", "time_utc": "2026-09-28T22:11:22.006307+00:00", "elapsed_seconds": 97.27243614196777, "epoch": 2, "step": 675, "planned_steps": 1122, "loss": 0.44450947642326355, "gradient_norm": 14.7124605178833, "optimizer_step_applied": true, "amp_scale": 256.0}
{"event": "train_step", "time_utc": "2026-09-28T22:11:25.316236+00:00", "elapsed_seconds": 100.58236527442932, "epoch": 2, "step": 700, "planned_steps": 1122, "loss": 0.34602659940719604, "gradient_norm": 12.577794075012207, "optimizer_step_applied": true, "amp_scale": 256.0}
{"event": "train_step", "time_utc": "2026-09-28T22:11:28.706111+00:00", "elapsed_seconds": 103.97224020957947, "epoch": 2, "step": 725, "planned_steps": 1122, "loss": 0.15025749802589417, "gradient_norm": 2.4274373054504395, "optimizer_step_applied": true, "amp_scale": 256.0}
{"event": "epoch_complete", "time_utc": "2026-09-28T22:11:31.633803+00:00", "elapsed_seconds": 106.89993143081665, "epoch": 2, "mean_loss": 0.1917454457298957}
{"event": "train_step", "time_utc": "2026-09-28T22:11:31.945177+00:00", "elapsed_seconds": 107.21130442619324, "epoch": 3, "step": 750, "planned_steps": 1122, "loss": 0.14251574873924255, "gradient_norm": 10.069876670837402, "optimizer_step_applied": true, "amp_scale": 256.0}
{"event": "train_step", "time_utc": "2026-09-28T22:11:35.438427+00:00", "elapsed_seconds": 110.70455527305603, "epoch": 3, "step": 775, "planned_steps": 1122, "loss": 0.11003434658050537, "gradient_norm": 4.302328109741211, "optimizer_step_applied": true, "amp_scale": 256.0}
{"event": "train_step", "time_utc": "2026-09-28T22:11:39.486781+00:00", "elapsed_seconds": 114.75290822982788, "epoch": 3, "step": 800, "planned_steps": 1122, "loss": 0.05728905647993088, "gradient_norm": 9.423687934875488, "optimizer_step_applied": true, "amp_scale": 256.0}
{"event": "train_step", "time_utc": "2026-09-28T22:11:43.163546+00:00", "elapsed_seconds": 118.42967534065247, "epoch": 3, "step": 825, "planned_steps": 1122, "loss": 0.0354161262512207, "gradient_norm": 3.086125612258911, "optimizer_step_applied": true, "amp_scale": 256.0}
{"event": "train_step", "time_utc": "2026-09-28T22:11:46.832012+00:00", "elapsed_seconds": 122.09813809394836, "epoch": 3, "step": 850, "planned_steps": 1122, "loss": 0.08015137910842896, "gradient_norm": 10.633638381958008, "optimizer_step_applied": true, "amp_scale": 256.0}
{"event": "train_step", "time_utc": "2026-09-28T22:11:50.233869+00:00", "elapsed_seconds": 125.49999856948853, "epoch": 3, "step": 875, "planned_steps": 1122, "loss": 0.10655146837234497, "gradient_norm": 12.852899551391602, "optimizer_step_applied": true, "amp_scale": 256.0}
{"event": "train_step", "time_utc": "2026-09-28T22:11:54.110311+00:00", "elapsed_seconds": 129.37644004821777, "epoch": 3, "step": 900, "planned_steps": 1122, "loss": 0.23208588361740112, "gradient_norm": 4.317170143127441, "optimizer_step_applied": true, "amp_scale": 256.0}
{"event": "train_step", "time_utc": "2026-09-28T22:11:57.872029+00:00", "elapsed_seconds": 133.13815808296204, "epoch": 3, "step": 925, "planned_steps": 1122, "loss": 0.34881478548049927, "gradient_norm": 6.013161659240723, "optimizer_step_applied": true, "amp_scale": 256.0}
{"event": "train_step", "time_utc": "2026-09-28T22:12:01.977817+00:00", "elapsed_seconds": 137.24394869804382, "epoch": 3, "step": 950, "planned_steps": 1122, "loss": 0.20680919289588928, "gradient_norm": 5.509423732757568, "optimizer_step_applied": true, "amp_scale": 256.0}
{"event": "train_step", "time_utc": "2026-09-28T22:12:05.567104+00:00", "elapsed_seconds": 140.83323335647583, "epoch": 3, "step": 975, "planned_steps": 1122, "loss": 0.03658977150917053, "gradient_norm": 1.85114324092865, "optimizer_step_applied": true, "amp_scale": 256.0}
{"event": "train_step", "time_utc": "2026-09-28T22:12:09.299560+00:00", "elapsed_seconds": 144.56568837165833, "epoch": 3, "step": 1000, "planned_steps": 1122, "loss": 0.05358238145709038, "gradient_norm": 1.8291724920272827, "optimizer_step_applied": true, "amp_scale": 256.0}
{"event": "train_step", "time_utc": "2026-09-28T22:12:12.958354+00:00", "elapsed_seconds": 148.22448348999023, "epoch": 3, "step": 1025, "planned_steps": 1122, "loss": 0.18802699446678162, "gradient_norm": 29.171916961669922, "optimizer_step_applied": true, "amp_scale": 256.0}
{"event": "train_step", "time_utc": "2026-09-28T22:12:16.399190+00:00", "elapsed_seconds": 151.66531896591187, "epoch": 3, "step": 1050, "planned_steps": 1122, "loss": 0.008812805637717247, "gradient_norm": 0.7084317803382874, "optimizer_step_applied": true, "amp_scale": 256.0}
{"event": "train_step", "time_utc": "2026-09-28T22:12:20.172210+00:00", "elapsed_seconds": 155.43833875656128, "epoch": 3, "step": 1075, "planned_steps": 1122, "loss": 0.05831334739923477, "gradient_norm": 14.203619956970215, "optimizer_step_applied": true, "amp_scale": 256.0}
{"event": "train_step", "time_utc": "2026-09-28T22:12:24.292601+00:00", "elapsed_seconds": 159.55873155593872, "epoch": 3, "step": 1100, "planned_steps": 1122, "loss": 0.09765855967998505, "gradient_norm": 4.249668598175049, "optimizer_step_applied": true, "amp_scale": 256.0}
{"event": "epoch_complete", "time_utc": "2026-09-28T22:12:27.915197+00:00", "elapsed_seconds": 163.1813259124756, "epoch": 3, "mean_loss": 0.135238501982873}
{"event": "complete", "time_utc": "2026-09-28T22:12:35.370488+00:00", "elapsed_seconds": 170.6363730430603, "status": "completed", "plan_sha256": "9333cb63e8a863c87a9e03134650f8919e2aa121179ebd3429776a12070f16b9", "epochs_completed": 3, "optimizer_steps": 1120, "amp_skips": 2, "training_pairs": 4484, "validation_pairs": 1450, "checkpoint_sha256": "310785a2b4710c37f799b8f3e1626ab51b6a275bb4ef77de699172f6e1bce5ae", "scores_sha256": "9afb4fad906f0ed75e1eb988a211137317160a73453bc843cdddef8dfcc680cd", "peak_allocated_gib": 4.531599044799805}
