{"event": "prompts_prepared", "fold": 0, "validation_document_ids": ["10553122", "11203018", "11871647", "11906559", "11919040", "12059664", "12126309", "12640707", "12652105", "12846941", "2866573", "3563609", "4607013", "4899602", "5415817", "5763540"], "upstream_training_document_ids": ["10313222", "10789033", "11196099", "11221135", "11235872", "11765409", "11826603", "11986149", "12017973", "12078887", "12110755", "12110769", "12118522", "12147048", "12250201", "12334843", "12386172", "12405443", "12444410", "12455887", "12628480", "12646972", "12733031", "12779223", "12798528", "12811285", "12891056", "2964533", "4644339", "4678370", "5023785", "5368377", "5422868", "5425407", "5452357", "5473715", "5537416", "5538066", "5562981", "5574094", "5575846", "5693559", "5773845", "5789735", "5793168", "5866036", "5959423", "5970456", "6036836", "6048891", "6049015", "6057141", "6059678", "6063015", "6096008", "6134758", "6151044", "6219255", "6220403", "6332535", "6338757", "6390251", "6491447", "9327653"], "llm_training_document_ids": [], "demonstration_document_ids": [], "answers_removed_before_prompting": true, "baseline_exact_replay": true, "plan_sha256": "993fb656ecaf86329ef3e7c2bacb5a13b44c66a8a2e60e1f5cd44023c5021f1d", "task_count": 430, "tasks_sha256": "99711d039876c21e5dd43e55f7d5494274d81aca32c25523da5d24e2fd775917", "acronym_tasks": 90, "tasks_with_document_definitions": 84, "max_input_tokens": 855, "maximum_grammar_tokens": 16, "protocol_module": "patientphex.llm_concept_review", "source_truncation": false, "hard_nonthinking": true}
Loading checkpoint shards:   0%|          | 0/5 [00:00<?, ?it/s]Loading checkpoint shards:  20%|██        | 1/5 [00:01<00:06,  1.72s/it]Loading checkpoint shards:  40%|████      | 2/5 [00:03<00:04,  1.55s/it]Loading checkpoint shards:  60%|██████    | 3/5 [00:04<00:02,  1.49s/it]Loading checkpoint shards:  80%|████████  | 4/5 [00:05<00:01,  1.34s/it]Loading checkpoint shards: 100%|██████████| 5/5 [00:06<00:00,  1.01s/it]Loading checkpoint shards: 100%|██████████| 5/5 [00:06<00:00,  1.22s/it]
{"event": "task_complete", "fold": 0, "completed": 1, "total": 430, "format_errors": 0, "decisions": {"supported": 1}, "elapsed_seconds": 9.881008863449097}
{"event": "task_complete", "fold": 0, "completed": 2, "total": 430, "format_errors": 0, "decisions": {"supported": 2}, "elapsed_seconds": 10.764607906341553}
{"event": "task_complete", "fold": 0, "completed": 3, "total": 430, "format_errors": 0, "decisions": {"supported": 3}, "elapsed_seconds": 11.651694297790527}
{"event": "task_complete", "fold": 0, "completed": 4, "total": 430, "format_errors": 0, "decisions": {"supported": 4}, "elapsed_seconds": 12.539581537246704}
{"event": "task_complete", "fold": 0, "completed": 5, "total": 430, "format_errors": 0, "decisions": {"supported": 4, "other_or_general": 1}, "elapsed_seconds": 13.5505850315094}
{"event": "task_complete", "fold": 0, "completed": 6, "total": 430, "format_errors": 0, "decisions": {"supported": 5, "other_or_general": 1}, "elapsed_seconds": 14.427475929260254}
{"event": "task_complete", "fold": 0, "completed": 7, "total": 430, "format_errors": 0, "decisions": {"supported": 6, "other_or_general": 1}, "elapsed_seconds": 15.315768241882324}
{"event": "task_complete", "fold": 0, "completed": 8, "total": 430, "format_errors": 0, "decisions": {"supported": 7, "other_or_general": 1}, "elapsed_seconds": 16.193110942840576}
{"event": "task_complete", "fold": 0, "completed": 9, "total": 430, "format_errors": 0, "decisions": {"supported": 8, "other_or_general": 1}, "elapsed_seconds": 17.064281940460205}
{"event": "task_complete", "fold": 0, "completed": 10, "total": 430, "format_errors": 0, "decisions": {"supported": 9, "other_or_general": 1}, "elapsed_seconds": 17.93357515335083}
{"event": "task_complete", "fold": 0, "completed": 11, "total": 430, "format_errors": 0, "decisions": {"supported": 10, "other_or_general": 1}, "elapsed_seconds": 18.810421228408813}
{"event": "task_complete", "fold": 0, "completed": 12, "total": 430, "format_errors": 0, "decisions": {"supported": 11, "other_or_general": 1}, "elapsed_seconds": 19.690879106521606}
{"event": "task_complete", "fold": 0, "completed": 13, "total": 430, "format_errors": 0, "decisions": {"supported": 12, "other_or_general": 1}, "elapsed_seconds": 20.579484224319458}
{"event": "task_complete", "fold": 0, "completed": 14, "total": 430, "format_errors": 0, "decisions": {"supported": 13, "other_or_general": 1}, "elapsed_seconds": 21.467345476150513}
{"event": "task_complete", "fold": 0, "completed": 15, "total": 430, "format_errors": 0, "decisions": {"supported": 14, "other_or_general": 1}, "elapsed_seconds": 22.35383415222168}
{"event": "task_complete", "fold": 0, "completed": 16, "total": 430, "format_errors": 0, "decisions": {"supported": 15, "other_or_general": 1}, "elapsed_seconds": 23.24508810043335}
{"event": "task_complete", "fold": 0, "completed": 17, "total": 430, "format_errors": 0, "decisions": {"supported": 16, "other_or_general": 1}, "elapsed_seconds": 24.125057697296143}
{"event": "task_complete", "fold": 0, "completed": 18, "total": 430, "format_errors": 0, "decisions": {"supported": 17, "other_or_general": 1}, "elapsed_seconds": 25.005617141723633}
{"event": "task_complete", "fold": 0, "completed": 19, "total": 430, "format_errors": 0, "decisions": {"supported": 18, "other_or_general": 1}, "elapsed_seconds": 25.883314609527588}
{"event": "task_complete", "fold": 0, "completed": 20, "total": 430, "format_errors": 0, "decisions": {"supported": 19, "other_or_general": 1}, "elapsed_seconds": 26.767312049865723}
{"event": "task_complete", "fold": 0, "completed": 21, "total": 430, "format_errors": 0, "decisions": {"supported": 20, "other_or_general": 1}, "elapsed_seconds": 27.651066780090332}
{"event": "task_complete", "fold": 0, "completed": 22, "total": 430, "format_errors": 0, "decisions": {"supported": 21, "other_or_general": 1}, "elapsed_seconds": 28.541120529174805}
{"event": "task_complete", "fold": 0, "completed": 23, "total": 430, "format_errors": 0, "decisions": {"supported": 22, "other_or_general": 1}, "elapsed_seconds": 29.425100088119507}
{"event": "task_complete", "fold": 0, "completed": 24, "total": 430, "format_errors": 0, "decisions": {"supported": 23, "other_or_general": 1}, "elapsed_seconds": 30.314838409423828}
{"event": "task_complete", "fold": 0, "completed": 25, "total": 430, "format_errors": 0, "decisions": {"supported": 24, "other_or_general": 1}, "elapsed_seconds": 31.1868155002594}
{"event": "task_complete", "fold": 0, "completed": 26, "total": 430, "format_errors": 0, "decisions": {"supported": 25, "other_or_general": 1}, "elapsed_seconds": 32.062310457229614}
{"event": "task_complete", "fold": 0, "completed": 27, "total": 430, "format_errors": 0, "decisions": {"supported": 26, "other_or_general": 1}, "elapsed_seconds": 32.946725368499756}
{"event": "task_complete", "fold": 0, "completed": 28, "total": 430, "format_errors": 0, "decisions": {"supported": 27, "other_or_general": 1}, "elapsed_seconds": 33.831491470336914}
{"event": "task_complete", "fold": 0, "completed": 29, "total": 430, "format_errors": 0, "decisions": {"supported": 28, "other_or_general": 1}, "elapsed_seconds": 34.7143018245697}
{"event": "task_complete", "fold": 0, "completed": 30, "total": 430, "format_errors": 0, "decisions": {"supported": 29, "other_or_general": 1}, "elapsed_seconds": 35.60198092460632}
{"event": "task_complete", "fold": 0, "completed": 31, "total": 430, "format_errors": 0, "decisions": {"supported": 30, "other_or_general": 1}, "elapsed_seconds": 36.48364591598511}
{"event": "task_complete", "fold": 0, "completed": 32, "total": 430, "format_errors": 0, "decisions": {"supported": 31, "other_or_general": 1}, "elapsed_seconds": 37.376428842544556}
{"event": "task_complete", "fold": 0, "completed": 33, "total": 430, "format_errors": 0, "decisions": {"supported": 31, "other_or_general": 2}, "elapsed_seconds": 38.38630557060242}
{"event": "task_complete", "fold": 0, "completed": 34, "total": 430, "format_errors": 0, "decisions": {"supported": 32, "other_or_general": 2}, "elapsed_seconds": 39.26762819290161}
{"event": "task_complete", "fold": 0, "completed": 35, "total": 430, "format_errors": 0, "decisions": {"supported": 33, "other_or_general": 2}, "elapsed_seconds": 40.1526837348938}
{"event": "task_complete", "fold": 0, "completed": 36, "total": 430, "format_errors": 0, "decisions": {"supported": 34, "other_or_general": 2}, "elapsed_seconds": 41.03193712234497}
{"event": "task_complete", "fold": 0, "completed": 37, "total": 430, "format_errors": 0, "decisions": {"supported": 34, "other_or_general": 3}, "elapsed_seconds": 42.04685378074646}
{"event": "task_complete", "fold": 0, "completed": 38, "total": 430, "format_errors": 0, "decisions": {"supported": 35, "other_or_general": 3}, "elapsed_seconds": 42.928568601608276}
{"event": "task_complete", "fold": 0, "completed": 39, "total": 430, "format_errors": 0, "decisions": {"supported": 36, "other_or_general": 3}, "elapsed_seconds": 43.81393098831177}
{"event": "task_complete", "fold": 0, "completed": 40, "total": 430, "format_errors": 0, "decisions": {"supported": 37, "other_or_general": 3}, "elapsed_seconds": 44.68910455703735}
{"event": "task_complete", "fold": 0, "completed": 41, "total": 430, "format_errors": 0, "decisions": {"supported": 38, "other_or_general": 3}, "elapsed_seconds": 45.57310485839844}
{"event": "task_complete", "fold": 0, "completed": 42, "total": 430, "format_errors": 0, "decisions": {"supported": 39, "other_or_general": 3}, "elapsed_seconds": 46.458465576171875}
{"event": "task_complete", "fold": 0, "completed": 43, "total": 430, "format_errors": 0, "decisions": {"supported": 40, "other_or_general": 3}, "elapsed_seconds": 47.34701657295227}
{"event": "task_complete", "fold": 0, "completed": 44, "total": 430, "format_errors": 0, "decisions": {"supported": 41, "other_or_general": 3}, "elapsed_seconds": 48.227824211120605}
{"event": "task_complete", "fold": 0, "completed": 45, "total": 430, "format_errors": 0, "decisions": {"supported": 42, "other_or_general": 3}, "elapsed_seconds": 49.11880898475647}
{"event": "task_complete", "fold": 0, "completed": 46, "total": 430, "format_errors": 0, "decisions": {"supported": 43, "other_or_general": 3}, "elapsed_seconds": 50.00805974006653}
{"event": "task_complete", "fold": 0, "completed": 47, "total": 430, "format_errors": 0, "decisions": {"supported": 44, "other_or_general": 3}, "elapsed_seconds": 50.88896560668945}
{"event": "task_complete", "fold": 0, "completed": 48, "total": 430, "format_errors": 0, "decisions": {"supported": 45, "other_or_general": 3}, "elapsed_seconds": 51.781484603881836}
{"event": "task_complete", "fold": 0, "completed": 49, "total": 430, "format_errors": 0, "decisions": {"supported": 46, "other_or_general": 3}, "elapsed_seconds": 52.667882680892944}
{"event": "task_complete", "fold": 0, "completed": 50, "total": 430, "format_errors": 0, "decisions": {"supported": 47, "other_or_general": 3}, "elapsed_seconds": 53.553184509277344}
{"event": "task_complete", "fold": 0, "completed": 51, "total": 430, "format_errors": 0, "decisions": {"supported": 48, "other_or_general": 3}, "elapsed_seconds": 54.43671369552612}
{"event": "task_complete", "fold": 0, "completed": 52, "total": 430, "format_errors": 0, "decisions": {"supported": 49, "other_or_general": 3}, "elapsed_seconds": 55.323251247406006}
{"event": "task_complete", "fold": 0, "completed": 53, "total": 430, "format_errors": 0, "decisions": {"supported": 49, "other_or_general": 4}, "elapsed_seconds": 56.33325695991516}
{"event": "task_complete", "fold": 0, "completed": 54, "total": 430, "format_errors": 0, "decisions": {"supported": 50, "other_or_general": 4}, "elapsed_seconds": 57.21846342086792}
{"event": "task_complete", "fold": 0, "completed": 55, "total": 430, "format_errors": 0, "decisions": {"supported": 51, "other_or_general": 4}, "elapsed_seconds": 58.18189764022827}
{"event": "task_complete", "fold": 0, "completed": 56, "total": 430, "format_errors": 0, "decisions": {"supported": 52, "other_or_general": 4}, "elapsed_seconds": 59.25751996040344}
{"event": "task_complete", "fold": 0, "completed": 57, "total": 430, "format_errors": 0, "decisions": {"supported": 53, "other_or_general": 4}, "elapsed_seconds": 60.193721532821655}
{"event": "task_complete", "fold": 0, "completed": 58, "total": 430, "format_errors": 0, "decisions": {"supported": 54, "other_or_general": 4}, "elapsed_seconds": 61.15584707260132}
{"event": "task_complete", "fold": 0, "completed": 59, "total": 430, "format_errors": 0, "decisions": {"supported": 55, "other_or_general": 4}, "elapsed_seconds": 62.05427527427673}
{"event": "task_complete", "fold": 0, "completed": 60, "total": 430, "format_errors": 0, "decisions": {"supported": 56, "other_or_general": 4}, "elapsed_seconds": 62.96221613883972}
{"event": "task_complete", "fold": 0, "completed": 61, "total": 430, "format_errors": 0, "decisions": {"supported": 57, "other_or_general": 4}, "elapsed_seconds": 63.845096588134766}
{"event": "task_complete", "fold": 0, "completed": 62, "total": 430, "format_errors": 0, "decisions": {"supported": 57, "other_or_general": 5}, "elapsed_seconds": 64.86137223243713}
{"event": "task_complete", "fold": 0, "completed": 63, "total": 430, "format_errors": 0, "decisions": {"supported": 58, "other_or_general": 5}, "elapsed_seconds": 65.80972981452942}
{"event": "task_complete", "fold": 0, "completed": 64, "total": 430, "format_errors": 0, "decisions": {"supported": 59, "other_or_general": 5}, "elapsed_seconds": 66.76071500778198}
{"event": "task_complete", "fold": 0, "completed": 65, "total": 430, "format_errors": 0, "decisions": {"supported": 60, "other_or_general": 5}, "elapsed_seconds": 67.65495324134827}
{"event": "task_complete", "fold": 0, "completed": 66, "total": 430, "format_errors": 0, "decisions": {"supported": 61, "other_or_general": 5}, "elapsed_seconds": 68.54097867012024}
{"event": "task_complete", "fold": 0, "completed": 67, "total": 430, "format_errors": 0, "decisions": {"supported": 62, "other_or_general": 5}, "elapsed_seconds": 69.44124865531921}
{"event": "task_complete", "fold": 0, "completed": 68, "total": 430, "format_errors": 0, "decisions": {"supported": 63, "other_or_general": 5}, "elapsed_seconds": 70.33945274353027}
{"event": "task_complete", "fold": 0, "completed": 69, "total": 430, "format_errors": 0, "decisions": {"supported": 64, "other_or_general": 5}, "elapsed_seconds": 71.23638582229614}
{"event": "task_complete", "fold": 0, "completed": 70, "total": 430, "format_errors": 0, "decisions": {"supported": 65, "other_or_general": 5}, "elapsed_seconds": 72.18909025192261}
{"event": "task_complete", "fold": 0, "completed": 71, "total": 430, "format_errors": 0, "decisions": {"supported": 66, "other_or_general": 5}, "elapsed_seconds": 73.44696497917175}
{"event": "task_complete", "fold": 0, "completed": 72, "total": 430, "format_errors": 0, "decisions": {"supported": 67, "other_or_general": 5}, "elapsed_seconds": 74.32104825973511}
{"event": "task_complete", "fold": 0, "completed": 73, "total": 430, "format_errors": 0, "decisions": {"supported": 68, "other_or_general": 5}, "elapsed_seconds": 75.19263410568237}
{"event": "task_complete", "fold": 0, "completed": 74, "total": 430, "format_errors": 0, "decisions": {"supported": 69, "other_or_general": 5}, "elapsed_seconds": 76.06728196144104}
{"event": "task_complete", "fold": 0, "completed": 75, "total": 430, "format_errors": 0, "decisions": {"supported": 70, "other_or_general": 5}, "elapsed_seconds": 77.01407742500305}
{"event": "task_complete", "fold": 0, "completed": 76, "total": 430, "format_errors": 0, "decisions": {"supported": 71, "other_or_general": 5}, "elapsed_seconds": 77.94988822937012}
{"event": "task_complete", "fold": 0, "completed": 77, "total": 430, "format_errors": 0, "decisions": {"supported": 72, "other_or_general": 5}, "elapsed_seconds": 78.90099310874939}
{"event": "task_complete", "fold": 0, "completed": 78, "total": 430, "format_errors": 0, "decisions": {"supported": 73, "other_or_general": 5}, "elapsed_seconds": 79.85933589935303}
{"event": "task_complete", "fold": 0, "completed": 79, "total": 430, "format_errors": 0, "decisions": {"supported": 74, "other_or_general": 5}, "elapsed_seconds": 80.82005262374878}
{"event": "task_complete", "fold": 0, "completed": 80, "total": 430, "format_errors": 0, "decisions": {"supported": 75, "other_or_general": 5}, "elapsed_seconds": 82.03417682647705}
{"event": "task_complete", "fold": 0, "completed": 81, "total": 430, "format_errors": 0, "decisions": {"supported": 76, "other_or_general": 5}, "elapsed_seconds": 82.98095083236694}
{"event": "task_complete", "fold": 0, "completed": 82, "total": 430, "format_errors": 0, "decisions": {"supported": 77, "other_or_general": 5}, "elapsed_seconds": 83.88722014427185}
{"event": "task_complete", "fold": 0, "completed": 83, "total": 430, "format_errors": 0, "decisions": {"supported": 77, "other_or_general": 6}, "elapsed_seconds": 84.94786405563354}
{"event": "task_complete", "fold": 0, "completed": 84, "total": 430, "format_errors": 0, "decisions": {"supported": 78, "other_or_general": 6}, "elapsed_seconds": 85.87945914268494}
{"event": "task_complete", "fold": 0, "completed": 85, "total": 430, "format_errors": 0, "decisions": {"supported": 79, "other_or_general": 6}, "elapsed_seconds": 86.79794836044312}
{"event": "task_complete", "fold": 0, "completed": 86, "total": 430, "format_errors": 0, "decisions": {"supported": 80, "other_or_general": 6}, "elapsed_seconds": 87.71263551712036}
{"event": "task_complete", "fold": 0, "completed": 87, "total": 430, "format_errors": 0, "decisions": {"supported": 81, "other_or_general": 6}, "elapsed_seconds": 88.6278908252716}
{"event": "task_complete", "fold": 0, "completed": 88, "total": 430, "format_errors": 0, "decisions": {"supported": 82, "other_or_general": 6}, "elapsed_seconds": 89.54191970825195}
{"event": "task_complete", "fold": 0, "completed": 89, "total": 430, "format_errors": 0, "decisions": {"supported": 83, "other_or_general": 6}, "elapsed_seconds": 90.42938089370728}
{"event": "task_complete", "fold": 0, "completed": 90, "total": 430, "format_errors": 0, "decisions": {"supported": 84, "other_or_general": 6}, "elapsed_seconds": 91.57465553283691}
{"event": "task_complete", "fold": 0, "completed": 91, "total": 430, "format_errors": 0, "decisions": {"supported": 85, "other_or_general": 6}, "elapsed_seconds": 92.48337745666504}
{"event": "task_complete", "fold": 0, "completed": 92, "total": 430, "format_errors": 0, "decisions": {"supported": 86, "other_or_general": 6}, "elapsed_seconds": 93.39584302902222}
{"event": "task_complete", "fold": 0, "completed": 93, "total": 430, "format_errors": 0, "decisions": {"supported": 86, "other_or_general": 7}, "elapsed_seconds": 94.57953143119812}
{"event": "task_complete", "fold": 0, "completed": 94, "total": 430, "format_errors": 0, "decisions": {"supported": 86, "other_or_general": 8}, "elapsed_seconds": 95.62771892547607}
{"event": "task_complete", "fold": 0, "completed": 95, "total": 430, "format_errors": 0, "decisions": {"supported": 87, "other_or_general": 8}, "elapsed_seconds": 96.63040542602539}
{"event": "task_complete", "fold": 0, "completed": 96, "total": 430, "format_errors": 0, "decisions": {"supported": 88, "other_or_general": 8}, "elapsed_seconds": 97.52669596672058}
{"event": "task_complete", "fold": 0, "completed": 97, "total": 430, "format_errors": 0, "decisions": {"supported": 89, "other_or_general": 8}, "elapsed_seconds": 98.44571137428284}
{"event": "task_complete", "fold": 0, "completed": 98, "total": 430, "format_errors": 0, "decisions": {"supported": 89, "other_or_general": 9}, "elapsed_seconds": 99.48454737663269}
{"event": "task_complete", "fold": 0, "completed": 99, "total": 430, "format_errors": 0, "decisions": {"supported": 90, "other_or_general": 9}, "elapsed_seconds": 100.41651368141174}
{"event": "task_complete", "fold": 0, "completed": 100, "total": 430, "format_errors": 0, "decisions": {"supported": 91, "other_or_general": 9}, "elapsed_seconds": 101.34094476699829}
{"event": "task_complete", "fold": 0, "completed": 101, "total": 430, "format_errors": 0, "decisions": {"supported": 92, "other_or_general": 9}, "elapsed_seconds": 102.33253693580627}
{"event": "task_complete", "fold": 0, "completed": 102, "total": 430, "format_errors": 0, "decisions": {"supported": 93, "other_or_general": 9}, "elapsed_seconds": 103.37854433059692}
{"event": "task_complete", "fold": 0, "completed": 103, "total": 430, "format_errors": 0, "decisions": {"supported": 94, "other_or_general": 9}, "elapsed_seconds": 104.35618948936462}
{"event": "task_complete", "fold": 0, "completed": 104, "total": 430, "format_errors": 0, "decisions": {"supported": 95, "other_or_general": 9}, "elapsed_seconds": 105.49087047576904}
{"event": "task_complete", "fold": 0, "completed": 105, "total": 430, "format_errors": 0, "decisions": {"supported": 96, "other_or_general": 9}, "elapsed_seconds": 106.50762104988098}
{"event": "task_complete", "fold": 0, "completed": 106, "total": 430, "format_errors": 0, "decisions": {"supported": 97, "other_or_general": 9}, "elapsed_seconds": 107.43527245521545}
{"event": "task_complete", "fold": 0, "completed": 107, "total": 430, "format_errors": 0, "decisions": {"supported": 98, "other_or_general": 9}, "elapsed_seconds": 108.34067726135254}
{"event": "task_complete", "fold": 0, "completed": 108, "total": 430, "format_errors": 0, "decisions": {"supported": 99, "other_or_general": 9}, "elapsed_seconds": 109.24240636825562}
{"event": "task_complete", "fold": 0, "completed": 109, "total": 430, "format_errors": 0, "decisions": {"supported": 100, "other_or_general": 9}, "elapsed_seconds": 110.1546196937561}
{"event": "task_complete", "fold": 0, "completed": 110, "total": 430, "format_errors": 0, "decisions": {"supported": 101, "other_or_general": 9}, "elapsed_seconds": 111.09662508964539}
{"event": "task_complete", "fold": 0, "completed": 111, "total": 430, "format_errors": 0, "decisions": {"supported": 102, "other_or_general": 9}, "elapsed_seconds": 112.01563358306885}
{"event": "task_complete", "fold": 0, "completed": 112, "total": 430, "format_errors": 0, "decisions": {"supported": 103, "other_or_general": 9}, "elapsed_seconds": 112.96831846237183}
{"event": "task_complete", "fold": 0, "completed": 113, "total": 430, "format_errors": 0, "decisions": {"supported": 104, "other_or_general": 9}, "elapsed_seconds": 113.92164897918701}
{"event": "task_complete", "fold": 0, "completed": 114, "total": 430, "format_errors": 0, "decisions": {"supported": 105, "other_or_general": 9}, "elapsed_seconds": 114.86558318138123}
{"event": "task_complete", "fold": 0, "completed": 115, "total": 430, "format_errors": 0, "decisions": {"supported": 106, "other_or_general": 9}, "elapsed_seconds": 115.80082535743713}
{"event": "task_complete", "fold": 0, "completed": 116, "total": 430, "format_errors": 0, "decisions": {"supported": 107, "other_or_general": 9}, "elapsed_seconds": 116.94117498397827}
{"event": "task_complete", "fold": 0, "completed": 117, "total": 430, "format_errors": 0, "decisions": {"supported": 108, "other_or_general": 9}, "elapsed_seconds": 117.88083910942078}
{"event": "task_complete", "fold": 0, "completed": 118, "total": 430, "format_errors": 0, "decisions": {"supported": 109, "other_or_general": 9}, "elapsed_seconds": 119.11727929115295}
{"event": "task_complete", "fold": 0, "completed": 119, "total": 430, "format_errors": 0, "decisions": {"supported": 110, "other_or_general": 9}, "elapsed_seconds": 120.0084171295166}
{"event": "task_complete", "fold": 0, "completed": 120, "total": 430, "format_errors": 0, "decisions": {"supported": 111, "other_or_general": 9}, "elapsed_seconds": 120.8961763381958}
{"event": "task_complete", "fold": 0, "completed": 121, "total": 430, "format_errors": 0, "decisions": {"supported": 112, "other_or_general": 9}, "elapsed_seconds": 121.84302306175232}
{"event": "task_complete", "fold": 0, "completed": 122, "total": 430, "format_errors": 0, "decisions": {"supported": 113, "other_or_general": 9}, "elapsed_seconds": 123.1451723575592}
{"event": "task_complete", "fold": 0, "completed": 123, "total": 430, "format_errors": 0, "decisions": {"supported": 114, "other_or_general": 9}, "elapsed_seconds": 124.0312705039978}
{"event": "task_complete", "fold": 0, "completed": 124, "total": 430, "format_errors": 0, "decisions": {"supported": 115, "other_or_general": 9}, "elapsed_seconds": 124.96151161193848}
{"event": "task_complete", "fold": 0, "completed": 125, "total": 430, "format_errors": 0, "decisions": {"supported": 116, "other_or_general": 9}, "elapsed_seconds": 125.86564421653748}
{"event": "task_complete", "fold": 0, "completed": 126, "total": 430, "format_errors": 0, "decisions": {"supported": 117, "other_or_general": 9}, "elapsed_seconds": 127.10869002342224}
{"event": "task_complete", "fold": 0, "completed": 127, "total": 430, "format_errors": 0, "decisions": {"supported": 118, "other_or_general": 9}, "elapsed_seconds": 127.98717331886292}
{"event": "task_complete", "fold": 0, "completed": 128, "total": 430, "format_errors": 0, "decisions": {"supported": 119, "other_or_general": 9}, "elapsed_seconds": 128.8741762638092}
{"event": "task_complete", "fold": 0, "completed": 129, "total": 430, "format_errors": 0, "decisions": {"supported": 120, "other_or_general": 9}, "elapsed_seconds": 129.82082867622375}
{"event": "task_complete", "fold": 0, "completed": 130, "total": 430, "format_errors": 0, "decisions": {"supported": 121, "other_or_general": 9}, "elapsed_seconds": 131.15432810783386}
{"event": "task_complete", "fold": 0, "completed": 131, "total": 430, "format_errors": 0, "decisions": {"supported": 122, "other_or_general": 9}, "elapsed_seconds": 132.0421280860901}
{"event": "task_complete", "fold": 0, "completed": 132, "total": 430, "format_errors": 0, "decisions": {"supported": 123, "other_or_general": 9}, "elapsed_seconds": 132.91899061203003}
{"event": "task_complete", "fold": 0, "completed": 133, "total": 430, "format_errors": 0, "decisions": {"supported": 124, "other_or_general": 9}, "elapsed_seconds": 134.19465732574463}
{"event": "task_complete", "fold": 0, "completed": 134, "total": 430, "format_errors": 0, "decisions": {"supported": 125, "other_or_general": 9}, "elapsed_seconds": 135.15138030052185}
{"event": "task_complete", "fold": 0, "completed": 135, "total": 430, "format_errors": 0, "decisions": {"supported": 126, "other_or_general": 9}, "elapsed_seconds": 136.10316944122314}
{"event": "task_complete", "fold": 0, "completed": 136, "total": 430, "format_errors": 0, "decisions": {"supported": 127, "other_or_general": 9}, "elapsed_seconds": 137.06078004837036}
{"event": "task_complete", "fold": 0, "completed": 137, "total": 430, "format_errors": 0, "decisions": {"supported": 128, "other_or_general": 9}, "elapsed_seconds": 138.0244414806366}
{"event": "task_complete", "fold": 0, "completed": 138, "total": 430, "format_errors": 0, "decisions": {"supported": 128, "other_or_general": 10}, "elapsed_seconds": 139.11337065696716}
{"event": "task_complete", "fold": 0, "completed": 139, "total": 430, "format_errors": 0, "decisions": {"supported": 129, "other_or_general": 10}, "elapsed_seconds": 140.16163158416748}
{"event": "task_complete", "fold": 0, "completed": 140, "total": 430, "format_errors": 0, "decisions": {"supported": 130, "other_or_general": 10}, "elapsed_seconds": 141.12716436386108}
{"event": "task_complete", "fold": 0, "completed": 141, "total": 430, "format_errors": 0, "decisions": {"supported": 131, "other_or_general": 10}, "elapsed_seconds": 142.287269115448}
{"event": "task_complete", "fold": 0, "completed": 142, "total": 430, "format_errors": 0, "decisions": {"supported": 132, "other_or_general": 10}, "elapsed_seconds": 143.19014596939087}
{"event": "task_complete", "fold": 0, "completed": 143, "total": 430, "format_errors": 0, "decisions": {"supported": 133, "other_or_general": 10}, "elapsed_seconds": 144.0873191356659}
{"event": "task_complete", "fold": 0, "completed": 144, "total": 430, "format_errors": 0, "decisions": {"supported": 134, "other_or_general": 10}, "elapsed_seconds": 144.99087500572205}
{"event": "task_complete", "fold": 0, "completed": 145, "total": 430, "format_errors": 0, "decisions": {"supported": 135, "other_or_general": 10}, "elapsed_seconds": 146.17773628234863}
{"event": "task_complete", "fold": 0, "completed": 146, "total": 430, "format_errors": 0, "decisions": {"supported": 136, "other_or_general": 10}, "elapsed_seconds": 147.1747567653656}
{"event": "task_complete", "fold": 0, "completed": 147, "total": 430, "format_errors": 0, "decisions": {"supported": 137, "other_or_general": 10}, "elapsed_seconds": 148.13966345787048}
{"event": "task_complete", "fold": 0, "completed": 148, "total": 430, "format_errors": 0, "decisions": {"supported": 138, "other_or_general": 10}, "elapsed_seconds": 149.19887566566467}
{"event": "task_complete", "fold": 0, "completed": 149, "total": 430, "format_errors": 0, "decisions": {"supported": 139, "other_or_general": 10}, "elapsed_seconds": 150.16094851493835}
{"event": "task_complete", "fold": 0, "completed": 150, "total": 430, "format_errors": 0, "decisions": {"supported": 140, "other_or_general": 10}, "elapsed_seconds": 151.11153984069824}
{"event": "task_complete", "fold": 0, "completed": 151, "total": 430, "format_errors": 0, "decisions": {"supported": 141, "other_or_general": 10}, "elapsed_seconds": 152.04674792289734}
{"event": "task_complete", "fold": 0, "completed": 152, "total": 430, "format_errors": 0, "decisions": {"supported": 142, "other_or_general": 10}, "elapsed_seconds": 153.0961937904358}
{"event": "task_complete", "fold": 0, "completed": 153, "total": 430, "format_errors": 0, "decisions": {"supported": 143, "other_or_general": 10}, "elapsed_seconds": 154.05936741828918}
{"event": "task_complete", "fold": 0, "completed": 154, "total": 430, "format_errors": 0, "decisions": {"supported": 144, "other_or_general": 10}, "elapsed_seconds": 155.02055025100708}
{"event": "task_complete", "fold": 0, "completed": 155, "total": 430, "format_errors": 0, "decisions": {"supported": 145, "other_or_general": 10}, "elapsed_seconds": 155.98838567733765}
{"event": "task_complete", "fold": 0, "completed": 156, "total": 430, "format_errors": 0, "decisions": {"supported": 146, "other_or_general": 10}, "elapsed_seconds": 156.91175079345703}
{"event": "task_complete", "fold": 0, "completed": 157, "total": 430, "format_errors": 0, "decisions": {"supported": 146, "other_or_general": 11}, "elapsed_seconds": 157.97625613212585}
{"event": "task_complete", "fold": 0, "completed": 158, "total": 430, "format_errors": 0, "decisions": {"supported": 147, "other_or_general": 11}, "elapsed_seconds": 158.93837594985962}
{"event": "task_complete", "fold": 0, "completed": 159, "total": 430, "format_errors": 0, "decisions": {"supported": 148, "other_or_general": 11}, "elapsed_seconds": 159.87338089942932}
{"event": "task_complete", "fold": 0, "completed": 160, "total": 430, "format_errors": 0, "decisions": {"supported": 148, "other_or_general": 12}, "elapsed_seconds": 160.96321201324463}
{"event": "task_complete", "fold": 0, "completed": 161, "total": 430, "format_errors": 0, "decisions": {"supported": 149, "other_or_general": 12}, "elapsed_seconds": 161.91519689559937}
{"event": "task_complete", "fold": 0, "completed": 162, "total": 430, "format_errors": 0, "decisions": {"supported": 150, "other_or_general": 12}, "elapsed_seconds": 163.17445158958435}
{"event": "task_complete", "fold": 0, "completed": 163, "total": 430, "format_errors": 0, "decisions": {"supported": 151, "other_or_general": 12}, "elapsed_seconds": 164.0642249584198}
{"event": "task_complete", "fold": 0, "completed": 164, "total": 430, "format_errors": 0, "decisions": {"supported": 152, "other_or_general": 12}, "elapsed_seconds": 164.99131774902344}
{"event": "task_complete", "fold": 0, "completed": 165, "total": 430, "format_errors": 0, "decisions": {"supported": 153, "other_or_general": 12}, "elapsed_seconds": 165.90925192832947}
{"event": "task_complete", "fold": 0, "completed": 166, "total": 430, "format_errors": 0, "decisions": {"supported": 154, "other_or_general": 12}, "elapsed_seconds": 167.20680570602417}
{"event": "task_complete", "fold": 0, "completed": 167, "total": 430, "format_errors": 0, "decisions": {"supported": 155, "other_or_general": 12}, "elapsed_seconds": 168.08774995803833}
{"event": "task_complete", "fold": 0, "completed": 168, "total": 430, "format_errors": 0, "decisions": {"supported": 156, "other_or_general": 12}, "elapsed_seconds": 168.97840428352356}
{"event": "task_complete", "fold": 0, "completed": 169, "total": 430, "format_errors": 0, "decisions": {"supported": 157, "other_or_general": 12}, "elapsed_seconds": 170.21184635162354}
{"event": "task_complete", "fold": 0, "completed": 170, "total": 430, "format_errors": 0, "decisions": {"supported": 158, "other_or_general": 12}, "elapsed_seconds": 171.19515824317932}
{"event": "task_complete", "fold": 0, "completed": 171, "total": 430, "format_errors": 0, "decisions": {"supported": 159, "other_or_general": 12}, "elapsed_seconds": 172.15580487251282}
{"event": "task_complete", "fold": 0, "completed": 172, "total": 430, "format_errors": 0, "decisions": {"supported": 160, "other_or_general": 12}, "elapsed_seconds": 173.13455939292908}
{"event": "task_complete", "fold": 0, "completed": 173, "total": 430, "format_errors": 0, "decisions": {"supported": 161, "other_or_general": 12}, "elapsed_seconds": 174.11197090148926}
{"event": "task_complete", "fold": 0, "completed": 174, "total": 430, "format_errors": 0, "decisions": {"supported": 162, "other_or_general": 12}, "elapsed_seconds": 175.0752456188202}
{"event": "task_complete", "fold": 0, "completed": 175, "total": 430, "format_errors": 0, "decisions": {"supported": 163, "other_or_general": 12}, "elapsed_seconds": 176.03386092185974}
{"event": "task_complete", "fold": 0, "completed": 176, "total": 430, "format_errors": 0, "decisions": {"supported": 163, "other_or_general": 13}, "elapsed_seconds": 177.12643027305603}
{"event": "task_complete", "fold": 0, "completed": 177, "total": 430, "format_errors": 0, "decisions": {"supported": 164, "other_or_general": 13}, "elapsed_seconds": 178.06656789779663}
{"event": "task_complete", "fold": 0, "completed": 178, "total": 430, "format_errors": 0, "decisions": {"supported": 165, "other_or_general": 13}, "elapsed_seconds": 179.23552989959717}
{"event": "task_complete", "fold": 0, "completed": 179, "total": 430, "format_errors": 0, "decisions": {"supported": 166, "other_or_general": 13}, "elapsed_seconds": 180.14297819137573}
{"event": "task_complete", "fold": 0, "completed": 180, "total": 430, "format_errors": 0, "decisions": {"supported": 167, "other_or_general": 13}, "elapsed_seconds": 181.09545469284058}
{"event": "task_complete", "fold": 0, "completed": 181, "total": 430, "format_errors": 0, "decisions": {"supported": 168, "other_or_general": 13}, "elapsed_seconds": 182.04676723480225}
{"event": "task_complete", "fold": 0, "completed": 182, "total": 430, "format_errors": 0, "decisions": {"supported": 169, "other_or_general": 13}, "elapsed_seconds": 183.31766867637634}
{"event": "task_complete", "fold": 0, "completed": 183, "total": 430, "format_errors": 0, "decisions": {"supported": 170, "other_or_general": 13}, "elapsed_seconds": 184.20308709144592}
{"event": "task_complete", "fold": 0, "completed": 184, "total": 430, "format_errors": 0, "decisions": {"supported": 171, "other_or_general": 13}, "elapsed_seconds": 185.13716197013855}
{"event": "task_complete", "fold": 0, "completed": 185, "total": 430, "format_errors": 0, "decisions": {"supported": 172, "other_or_general": 13}, "elapsed_seconds": 186.08382630348206}
{"event": "task_complete", "fold": 0, "completed": 186, "total": 430, "format_errors": 0, "decisions": {"supported": 173, "other_or_general": 13}, "elapsed_seconds": 187.30386424064636}
{"event": "task_complete", "fold": 0, "completed": 187, "total": 430, "format_errors": 0, "decisions": {"supported": 174, "other_or_general": 13}, "elapsed_seconds": 188.29276752471924}
{"event": "task_complete", "fold": 0, "completed": 188, "total": 430, "format_errors": 0, "decisions": {"supported": 174, "other_or_general": 14}, "elapsed_seconds": 189.39493203163147}
{"event": "task_complete", "fold": 0, "completed": 189, "total": 430, "format_errors": 0, "decisions": {"supported": 175, "other_or_general": 14}, "elapsed_seconds": 190.37943696975708}
{"event": "task_complete", "fold": 0, "completed": 190, "total": 430, "format_errors": 0, "decisions": {"supported": 176, "other_or_general": 14}, "elapsed_seconds": 191.36270546913147}
{"event": "task_complete", "fold": 0, "completed": 191, "total": 430, "format_errors": 0, "decisions": {"supported": 177, "other_or_general": 14}, "elapsed_seconds": 192.32121109962463}
{"event": "task_complete", "fold": 0, "completed": 192, "total": 430, "format_errors": 0, "decisions": {"supported": 178, "other_or_general": 14}, "elapsed_seconds": 193.27438044548035}
{"event": "task_complete", "fold": 0, "completed": 193, "total": 430, "format_errors": 0, "decisions": {"supported": 179, "other_or_general": 14}, "elapsed_seconds": 194.23197650909424}
{"event": "task_complete", "fold": 0, "completed": 194, "total": 430, "format_errors": 0, "decisions": {"supported": 180, "other_or_general": 14}, "elapsed_seconds": 195.20741415023804}
{"event": "task_complete", "fold": 0, "completed": 195, "total": 430, "format_errors": 0, "decisions": {"supported": 181, "other_or_general": 14}, "elapsed_seconds": 196.19765615463257}
{"event": "task_complete", "fold": 0, "completed": 196, "total": 430, "format_errors": 0, "decisions": {"supported": 182, "other_or_general": 14}, "elapsed_seconds": 197.15430307388306}
{"event": "task_complete", "fold": 0, "completed": 197, "total": 430, "format_errors": 0, "decisions": {"supported": 183, "other_or_general": 14}, "elapsed_seconds": 198.10268425941467}
{"event": "task_complete", "fold": 0, "completed": 198, "total": 430, "format_errors": 0, "decisions": {"supported": 184, "other_or_general": 14}, "elapsed_seconds": 199.1024260520935}
{"event": "task_complete", "fold": 0, "completed": 199, "total": 430, "format_errors": 0, "decisions": {"supported": 185, "other_or_general": 14}, "elapsed_seconds": 200.11853575706482}
{"event": "task_complete", "fold": 0, "completed": 200, "total": 430, "format_errors": 0, "decisions": {"supported": 185, "other_or_general": 15}, "elapsed_seconds": 201.22704815864563}
{"event": "task_complete", "fold": 0, "completed": 201, "total": 430, "format_errors": 0, "decisions": {"supported": 185, "other_or_general": 16}, "elapsed_seconds": 202.36954808235168}
{"event": "task_complete", "fold": 0, "completed": 202, "total": 430, "format_errors": 0, "decisions": {"supported": 185, "other_or_general": 17}, "elapsed_seconds": 203.48183751106262}
{"event": "task_complete", "fold": 0, "completed": 203, "total": 430, "format_errors": 0, "decisions": {"supported": 186, "other_or_general": 17}, "elapsed_seconds": 204.49385166168213}
{"event": "task_complete", "fold": 0, "completed": 204, "total": 430, "format_errors": 0, "decisions": {"supported": 187, "other_or_general": 17}, "elapsed_seconds": 205.46291255950928}
{"event": "task_complete", "fold": 0, "completed": 205, "total": 430, "format_errors": 0, "decisions": {"supported": 188, "other_or_general": 17}, "elapsed_seconds": 206.4019649028778}
{"event": "task_complete", "fold": 0, "completed": 206, "total": 430, "format_errors": 0, "decisions": {"supported": 189, "other_or_general": 17}, "elapsed_seconds": 207.35054874420166}
{"event": "task_complete", "fold": 0, "completed": 207, "total": 430, "format_errors": 0, "decisions": {"supported": 190, "other_or_general": 17}, "elapsed_seconds": 208.3125946521759}
{"event": "task_complete", "fold": 0, "completed": 208, "total": 430, "format_errors": 0, "decisions": {"supported": 191, "other_or_general": 17}, "elapsed_seconds": 209.48898720741272}
{"event": "task_complete", "fold": 0, "completed": 209, "total": 430, "format_errors": 0, "decisions": {"supported": 191, "other_or_general": 18}, "elapsed_seconds": 210.77989411354065}
{"event": "task_complete", "fold": 0, "completed": 210, "total": 430, "format_errors": 0, "decisions": {"supported": 192, "other_or_general": 18}, "elapsed_seconds": 211.6590085029602}
{"event": "task_complete", "fold": 0, "completed": 211, "total": 430, "format_errors": 0, "decisions": {"supported": 193, "other_or_general": 18}, "elapsed_seconds": 212.5450885295868}
{"event": "task_complete", "fold": 0, "completed": 212, "total": 430, "format_errors": 0, "decisions": {"supported": 194, "other_or_general": 18}, "elapsed_seconds": 213.4576096534729}
{"event": "task_complete", "fold": 0, "completed": 213, "total": 430, "format_errors": 0, "decisions": {"supported": 195, "other_or_general": 18}, "elapsed_seconds": 214.8325219154358}
{"event": "task_complete", "fold": 0, "completed": 214, "total": 430, "format_errors": 0, "decisions": {"supported": 196, "other_or_general": 18}, "elapsed_seconds": 215.7971498966217}
{"event": "task_complete", "fold": 0, "completed": 215, "total": 430, "format_errors": 0, "decisions": {"supported": 197, "other_or_general": 18}, "elapsed_seconds": 216.8103756904602}
{"event": "task_complete", "fold": 0, "completed": 216, "total": 430, "format_errors": 0, "decisions": {"supported": 198, "other_or_general": 18}, "elapsed_seconds": 217.76761674880981}
{"event": "task_complete", "fold": 0, "completed": 217, "total": 430, "format_errors": 0, "decisions": {"supported": 199, "other_or_general": 18}, "elapsed_seconds": 218.71712589263916}
{"event": "task_complete", "fold": 0, "completed": 218, "total": 430, "format_errors": 0, "decisions": {"supported": 200, "other_or_general": 18}, "elapsed_seconds": 219.63646054267883}
{"event": "task_complete", "fold": 0, "completed": 219, "total": 430, "format_errors": 0, "decisions": {"supported": 201, "other_or_general": 18}, "elapsed_seconds": 220.55661058425903}
{"event": "task_complete", "fold": 0, "completed": 220, "total": 430, "format_errors": 0, "decisions": {"supported": 202, "other_or_general": 18}, "elapsed_seconds": 221.85032892227173}
{"event": "task_complete", "fold": 0, "completed": 221, "total": 430, "format_errors": 0, "decisions": {"supported": 203, "other_or_general": 18}, "elapsed_seconds": 222.72465181350708}
{"event": "task_complete", "fold": 0, "completed": 222, "total": 430, "format_errors": 0, "decisions": {"supported": 204, "other_or_general": 18}, "elapsed_seconds": 223.6051607131958}
{"event": "task_complete", "fold": 0, "completed": 223, "total": 430, "format_errors": 0, "decisions": {"supported": 205, "other_or_general": 18}, "elapsed_seconds": 224.94869542121887}
{"event": "task_complete", "fold": 0, "completed": 224, "total": 430, "format_errors": 0, "decisions": {"supported": 206, "other_or_general": 18}, "elapsed_seconds": 225.84040641784668}
{"event": "task_complete", "fold": 0, "completed": 225, "total": 430, "format_errors": 0, "decisions": {"supported": 207, "other_or_general": 18}, "elapsed_seconds": 227.27076315879822}
{"event": "task_complete", "fold": 0, "completed": 226, "total": 430, "format_errors": 0, "decisions": {"supported": 208, "other_or_general": 18}, "elapsed_seconds": 228.4693102836609}
{"event": "task_complete", "fold": 0, "completed": 227, "total": 430, "format_errors": 0, "decisions": {"supported": 209, "other_or_general": 18}, "elapsed_seconds": 229.40105748176575}
{"event": "task_complete", "fold": 0, "completed": 228, "total": 430, "format_errors": 0, "decisions": {"supported": 210, "other_or_general": 18}, "elapsed_seconds": 230.4212362766266}
{"event": "task_complete", "fold": 0, "completed": 229, "total": 430, "format_errors": 0, "decisions": {"supported": 211, "other_or_general": 18}, "elapsed_seconds": 231.72887253761292}
{"event": "task_complete", "fold": 0, "completed": 230, "total": 430, "format_errors": 0, "decisions": {"supported": 212, "other_or_general": 18}, "elapsed_seconds": 232.68970322608948}
{"event": "task_complete", "fold": 0, "completed": 231, "total": 430, "format_errors": 0, "decisions": {"supported": 213, "other_or_general": 18}, "elapsed_seconds": 233.74089813232422}
{"event": "task_complete", "fold": 0, "completed": 232, "total": 430, "format_errors": 0, "decisions": {"supported": 214, "other_or_general": 18}, "elapsed_seconds": 234.78691029548645}
{"event": "task_complete", "fold": 0, "completed": 233, "total": 430, "format_errors": 0, "decisions": {"supported": 215, "other_or_general": 18}, "elapsed_seconds": 235.75706696510315}
{"event": "task_complete", "fold": 0, "completed": 234, "total": 430, "format_errors": 0, "decisions": {"supported": 215, "other_or_general": 19}, "elapsed_seconds": 236.80806636810303}
{"event": "task_complete", "fold": 0, "completed": 235, "total": 430, "format_errors": 0, "decisions": {"supported": 215, "other_or_general": 20}, "elapsed_seconds": 237.8388876914978}
{"event": "task_complete", "fold": 0, "completed": 236, "total": 430, "format_errors": 0, "decisions": {"supported": 215, "other_or_general": 21}, "elapsed_seconds": 238.864177942276}
{"event": "task_complete", "fold": 0, "completed": 237, "total": 430, "format_errors": 0, "decisions": {"supported": 216, "other_or_general": 21}, "elapsed_seconds": 240.37640714645386}
{"event": "task_complete", "fold": 0, "completed": 238, "total": 430, "format_errors": 0, "decisions": {"supported": 217, "other_or_general": 21}, "elapsed_seconds": 241.2622127532959}
{"event": "task_complete", "fold": 0, "completed": 239, "total": 430, "format_errors": 0, "decisions": {"supported": 218, "other_or_general": 21}, "elapsed_seconds": 242.49161434173584}
{"event": "task_complete", "fold": 0, "completed": 240, "total": 430, "format_errors": 0, "decisions": {"supported": 219, "other_or_general": 21}, "elapsed_seconds": 243.54364252090454}
{"event": "task_complete", "fold": 0, "completed": 241, "total": 430, "format_errors": 0, "decisions": {"supported": 220, "other_or_general": 21}, "elapsed_seconds": 245.0970058441162}
{"event": "task_complete", "fold": 0, "completed": 242, "total": 430, "format_errors": 0, "decisions": {"supported": 221, "other_or_general": 21}, "elapsed_seconds": 246.09339022636414}
{"event": "task_complete", "fold": 0, "completed": 243, "total": 430, "format_errors": 0, "decisions": {"supported": 222, "other_or_general": 21}, "elapsed_seconds": 246.99587059020996}
{"event": "task_complete", "fold": 0, "completed": 244, "total": 430, "format_errors": 0, "decisions": {"supported": 223, "other_or_general": 21}, "elapsed_seconds": 248.4058849811554}
{"event": "task_complete", "fold": 0, "completed": 245, "total": 430, "format_errors": 0, "decisions": {"supported": 224, "other_or_general": 21}, "elapsed_seconds": 249.5028636455536}
{"event": "task_complete", "fold": 0, "completed": 246, "total": 430, "format_errors": 0, "decisions": {"supported": 225, "other_or_general": 21}, "elapsed_seconds": 250.46329736709595}
{"event": "task_complete", "fold": 0, "completed": 247, "total": 430, "format_errors": 0, "decisions": {"supported": 226, "other_or_general": 21}, "elapsed_seconds": 251.44961738586426}
{"event": "task_complete", "fold": 0, "completed": 248, "total": 430, "format_errors": 0, "decisions": {"supported": 227, "other_or_general": 21}, "elapsed_seconds": 252.45062065124512}
{"event": "task_complete", "fold": 0, "completed": 249, "total": 430, "format_errors": 0, "decisions": {"supported": 228, "other_or_general": 21}, "elapsed_seconds": 253.44438767433167}
{"event": "task_complete", "fold": 0, "completed": 250, "total": 430, "format_errors": 0, "decisions": {"supported": 229, "other_or_general": 21}, "elapsed_seconds": 254.3856978416443}
{"event": "task_complete", "fold": 0, "completed": 251, "total": 430, "format_errors": 0, "decisions": {"supported": 230, "other_or_general": 21}, "elapsed_seconds": 255.3262815475464}
{"event": "task_complete", "fold": 0, "completed": 252, "total": 430, "format_errors": 0, "decisions": {"supported": 231, "other_or_general": 21}, "elapsed_seconds": 256.2758951187134}
{"event": "task_complete", "fold": 0, "completed": 253, "total": 430, "format_errors": 0, "decisions": {"supported": 232, "other_or_general": 21}, "elapsed_seconds": 257.38761377334595}
{"event": "task_complete", "fold": 0, "completed": 254, "total": 430, "format_errors": 0, "decisions": {"supported": 233, "other_or_general": 21}, "elapsed_seconds": 258.57302021980286}
{"event": "task_complete", "fold": 0, "completed": 255, "total": 430, "format_errors": 0, "decisions": {"supported": 234, "other_or_general": 21}, "elapsed_seconds": 259.7960379123688}
{"event": "task_complete", "fold": 0, "completed": 256, "total": 430, "format_errors": 0, "decisions": {"supported": 235, "other_or_general": 21}, "elapsed_seconds": 260.76922059059143}
{"event": "task_complete", "fold": 0, "completed": 257, "total": 430, "format_errors": 0, "decisions": {"supported": 236, "other_or_general": 21}, "elapsed_seconds": 261.7027373313904}
{"event": "task_complete", "fold": 0, "completed": 258, "total": 430, "format_errors": 0, "decisions": {"supported": 237, "other_or_general": 21}, "elapsed_seconds": 262.67101645469666}
{"event": "task_complete", "fold": 0, "completed": 259, "total": 430, "format_errors": 0, "decisions": {"supported": 238, "other_or_general": 21}, "elapsed_seconds": 263.66198801994324}
{"event": "task_complete", "fold": 0, "completed": 260, "total": 430, "format_errors": 0, "decisions": {"supported": 239, "other_or_general": 21}, "elapsed_seconds": 264.6188726425171}
{"event": "task_complete", "fold": 0, "completed": 261, "total": 430, "format_errors": 0, "decisions": {"supported": 240, "other_or_general": 21}, "elapsed_seconds": 265.54406690597534}
{"event": "task_complete", "fold": 0, "completed": 262, "total": 430, "format_errors": 0, "decisions": {"supported": 241, "other_or_general": 21}, "elapsed_seconds": 266.49310660362244}
{"event": "task_complete", "fold": 0, "completed": 263, "total": 430, "format_errors": 0, "decisions": {"supported": 242, "other_or_general": 21}, "elapsed_seconds": 267.4276523590088}
{"event": "task_complete", "fold": 0, "completed": 264, "total": 430, "format_errors": 0, "decisions": {"supported": 243, "other_or_general": 21}, "elapsed_seconds": 268.34789872169495}
{"event": "task_complete", "fold": 0, "completed": 265, "total": 430, "format_errors": 0, "decisions": {"supported": 244, "other_or_general": 21}, "elapsed_seconds": 269.36505579948425}
{"event": "task_complete", "fold": 0, "completed": 266, "total": 430, "format_errors": 0, "decisions": {"supported": 245, "other_or_general": 21}, "elapsed_seconds": 270.5607678890228}
{"event": "task_complete", "fold": 0, "completed": 267, "total": 430, "format_errors": 0, "decisions": {"supported": 246, "other_or_general": 21}, "elapsed_seconds": 271.7806544303894}
{"event": "task_complete", "fold": 0, "completed": 268, "total": 430, "format_errors": 0, "decisions": {"supported": 247, "other_or_general": 21}, "elapsed_seconds": 272.9911060333252}
{"event": "task_complete", "fold": 0, "completed": 269, "total": 430, "format_errors": 0, "decisions": {"supported": 248, "other_or_general": 21}, "elapsed_seconds": 274.08530712127686}
{"event": "task_complete", "fold": 0, "completed": 270, "total": 430, "format_errors": 0, "decisions": {"supported": 249, "other_or_general": 21}, "elapsed_seconds": 275.14423751831055}
{"event": "task_complete", "fold": 0, "completed": 271, "total": 430, "format_errors": 0, "decisions": {"supported": 250, "other_or_general": 21}, "elapsed_seconds": 276.07716250419617}
{"event": "task_complete", "fold": 0, "completed": 272, "total": 430, "format_errors": 0, "decisions": {"supported": 251, "other_or_general": 21}, "elapsed_seconds": 277.074960231781}
{"event": "task_complete", "fold": 0, "completed": 273, "total": 430, "format_errors": 0, "decisions": {"supported": 252, "other_or_general": 21}, "elapsed_seconds": 278.27747535705566}
{"event": "task_complete", "fold": 0, "completed": 274, "total": 430, "format_errors": 0, "decisions": {"supported": 253, "other_or_general": 21}, "elapsed_seconds": 279.2452323436737}
{"event": "task_complete", "fold": 0, "completed": 275, "total": 430, "format_errors": 0, "decisions": {"supported": 253, "other_or_general": 22}, "elapsed_seconds": 280.32414388656616}
{"event": "task_complete", "fold": 0, "completed": 276, "total": 430, "format_errors": 0, "decisions": {"supported": 253, "other_or_general": 23}, "elapsed_seconds": 281.4134519100189}
{"event": "task_complete", "fold": 0, "completed": 277, "total": 430, "format_errors": 0, "decisions": {"supported": 253, "other_or_general": 24}, "elapsed_seconds": 282.4893844127655}
{"event": "task_complete", "fold": 0, "completed": 278, "total": 430, "format_errors": 0, "decisions": {"supported": 254, "other_or_general": 24}, "elapsed_seconds": 283.43833327293396}
{"event": "task_complete", "fold": 0, "completed": 279, "total": 430, "format_errors": 0, "decisions": {"supported": 255, "other_or_general": 24}, "elapsed_seconds": 284.4419584274292}
{"event": "task_complete", "fold": 0, "completed": 280, "total": 430, "format_errors": 0, "decisions": {"supported": 256, "other_or_general": 24}, "elapsed_seconds": 285.3826656341553}
{"event": "task_complete", "fold": 0, "completed": 281, "total": 430, "format_errors": 0, "decisions": {"supported": 257, "other_or_general": 24}, "elapsed_seconds": 286.3641927242279}
{"event": "task_complete", "fold": 0, "completed": 282, "total": 430, "format_errors": 0, "decisions": {"supported": 258, "other_or_general": 24}, "elapsed_seconds": 287.3279356956482}
{"event": "task_complete", "fold": 0, "completed": 283, "total": 430, "format_errors": 0, "decisions": {"supported": 258, "other_or_general": 25}, "elapsed_seconds": 288.39941692352295}
{"event": "task_complete", "fold": 0, "completed": 284, "total": 430, "format_errors": 0, "decisions": {"supported": 259, "other_or_general": 25}, "elapsed_seconds": 289.3398551940918}
{"event": "task_complete", "fold": 0, "completed": 285, "total": 430, "format_errors": 0, "decisions": {"supported": 260, "other_or_general": 25}, "elapsed_seconds": 290.2956426143646}
{"event": "task_complete", "fold": 0, "completed": 286, "total": 430, "format_errors": 0, "decisions": {"supported": 260, "other_or_general": 26}, "elapsed_seconds": 291.72628831863403}
{"event": "task_complete", "fold": 0, "completed": 287, "total": 430, "format_errors": 0, "decisions": {"supported": 261, "other_or_general": 26}, "elapsed_seconds": 292.6098291873932}
{"event": "task_complete", "fold": 0, "completed": 288, "total": 430, "format_errors": 0, "decisions": {"supported": 262, "other_or_general": 26}, "elapsed_seconds": 293.5055422782898}
{"event": "task_complete", "fold": 0, "completed": 289, "total": 430, "format_errors": 0, "decisions": {"supported": 263, "other_or_general": 26}, "elapsed_seconds": 294.8700211048126}
{"event": "task_complete", "fold": 0, "completed": 290, "total": 430, "format_errors": 0, "decisions": {"supported": 264, "other_or_general": 26}, "elapsed_seconds": 295.8536241054535}
{"event": "task_complete", "fold": 0, "completed": 291, "total": 430, "format_errors": 0, "decisions": {"supported": 264, "other_or_general": 27}, "elapsed_seconds": 296.93750262260437}
{"event": "task_complete", "fold": 0, "completed": 292, "total": 430, "format_errors": 0, "decisions": {"supported": 264, "other_or_general": 28}, "elapsed_seconds": 298.04144620895386}
{"event": "task_complete", "fold": 0, "completed": 293, "total": 430, "format_errors": 0, "decisions": {"supported": 264, "other_or_general": 29}, "elapsed_seconds": 299.15485525131226}
{"event": "task_complete", "fold": 0, "completed": 294, "total": 430, "format_errors": 0, "decisions": {"supported": 265, "other_or_general": 29}, "elapsed_seconds": 300.16328501701355}
{"event": "task_complete", "fold": 0, "completed": 295, "total": 430, "format_errors": 0, "decisions": {"supported": 265, "other_or_general": 30}, "elapsed_seconds": 301.25539326667786}
{"event": "task_complete", "fold": 0, "completed": 296, "total": 430, "format_errors": 0, "decisions": {"supported": 265, "other_or_general": 31}, "elapsed_seconds": 302.3688254356384}
{"event": "task_complete", "fold": 0, "completed": 297, "total": 430, "format_errors": 0, "decisions": {"supported": 266, "other_or_general": 31}, "elapsed_seconds": 303.353551864624}
{"event": "task_complete", "fold": 0, "completed": 298, "total": 430, "format_errors": 0, "decisions": {"supported": 267, "other_or_general": 31}, "elapsed_seconds": 304.2980902194977}
{"event": "task_complete", "fold": 0, "completed": 299, "total": 430, "format_errors": 0, "decisions": {"supported": 268, "other_or_general": 31}, "elapsed_seconds": 305.2681176662445}
{"event": "task_complete", "fold": 0, "completed": 300, "total": 430, "format_errors": 0, "decisions": {"supported": 269, "other_or_general": 31}, "elapsed_seconds": 306.2336435317993}
{"event": "task_complete", "fold": 0, "completed": 301, "total": 430, "format_errors": 0, "decisions": {"supported": 270, "other_or_general": 31}, "elapsed_seconds": 307.222913980484}
{"event": "task_complete", "fold": 0, "completed": 302, "total": 430, "format_errors": 0, "decisions": {"supported": 271, "other_or_general": 31}, "elapsed_seconds": 308.2163517475128}
{"event": "task_complete", "fold": 0, "completed": 303, "total": 430, "format_errors": 0, "decisions": {"supported": 272, "other_or_general": 31}, "elapsed_seconds": 309.13505387306213}
{"event": "task_complete", "fold": 0, "completed": 304, "total": 430, "format_errors": 0, "decisions": {"supported": 273, "other_or_general": 31}, "elapsed_seconds": 310.0300624370575}
{"event": "task_complete", "fold": 0, "completed": 305, "total": 430, "format_errors": 0, "decisions": {"supported": 274, "other_or_general": 31}, "elapsed_seconds": 311.3065469264984}
{"event": "task_complete", "fold": 0, "completed": 306, "total": 430, "format_errors": 0, "decisions": {"supported": 275, "other_or_general": 31}, "elapsed_seconds": 312.1783037185669}
{"event": "task_complete", "fold": 0, "completed": 307, "total": 430, "format_errors": 0, "decisions": {"supported": 276, "other_or_general": 31}, "elapsed_seconds": 313.373242855072}
{"event": "task_complete", "fold": 0, "completed": 308, "total": 430, "format_errors": 0, "decisions": {"supported": 277, "other_or_general": 31}, "elapsed_seconds": 314.374098777771}
{"event": "task_complete", "fold": 0, "completed": 309, "total": 430, "format_errors": 0, "decisions": {"supported": 278, "other_or_general": 31}, "elapsed_seconds": 315.3301477432251}
{"event": "task_complete", "fold": 0, "completed": 310, "total": 430, "format_errors": 0, "decisions": {"supported": 278, "other_or_general": 32}, "elapsed_seconds": 316.5859398841858}
{"event": "task_complete", "fold": 0, "completed": 311, "total": 430, "format_errors": 0, "decisions": {"supported": 278, "other_or_general": 33}, "elapsed_seconds": 317.8186025619507}
{"event": "task_complete", "fold": 0, "completed": 312, "total": 430, "format_errors": 0, "decisions": {"supported": 278, "other_or_general": 34}, "elapsed_seconds": 319.02245903015137}
{"event": "task_complete", "fold": 0, "completed": 313, "total": 430, "format_errors": 0, "decisions": {"supported": 279, "other_or_general": 34}, "elapsed_seconds": 320.2175633907318}
{"event": "task_complete", "fold": 0, "completed": 314, "total": 430, "format_errors": 0, "decisions": {"supported": 279, "other_or_general": 35}, "elapsed_seconds": 321.4398350715637}
{"event": "task_complete", "fold": 0, "completed": 315, "total": 430, "format_errors": 0, "decisions": {"supported": 280, "other_or_general": 35}, "elapsed_seconds": 322.6646616458893}
{"event": "task_complete", "fold": 0, "completed": 316, "total": 430, "format_errors": 0, "decisions": {"supported": 280, "other_or_general": 36}, "elapsed_seconds": 323.8908689022064}
{"event": "task_complete", "fold": 0, "completed": 317, "total": 430, "format_errors": 0, "decisions": {"supported": 280, "other_or_general": 37}, "elapsed_seconds": 325.1082515716553}
{"event": "task_complete", "fold": 0, "completed": 318, "total": 430, "format_errors": 0, "decisions": {"supported": 281, "other_or_general": 37}, "elapsed_seconds": 326.11057353019714}
{"event": "task_complete", "fold": 0, "completed": 319, "total": 430, "format_errors": 0, "decisions": {"supported": 282, "other_or_general": 37}, "elapsed_seconds": 327.0908281803131}
{"event": "task_complete", "fold": 0, "completed": 320, "total": 430, "format_errors": 0, "decisions": {"supported": 282, "other_or_general": 38}, "elapsed_seconds": 328.52504682540894}
{"event": "task_complete", "fold": 0, "completed": 321, "total": 430, "format_errors": 0, "decisions": {"supported": 283, "other_or_general": 38}, "elapsed_seconds": 329.41009068489075}
{"event": "task_complete", "fold": 0, "completed": 322, "total": 430, "format_errors": 0, "decisions": {"supported": 283, "other_or_general": 39}, "elapsed_seconds": 330.51837515830994}
{"event": "task_complete", "fold": 0, "completed": 323, "total": 430, "format_errors": 0, "decisions": {"supported": 283, "other_or_general": 40}, "elapsed_seconds": 331.8249490261078}
{"event": "task_complete", "fold": 0, "completed": 324, "total": 430, "format_errors": 0, "decisions": {"supported": 283, "other_or_general": 41}, "elapsed_seconds": 333.5413589477539}
{"event": "task_complete", "fold": 0, "completed": 325, "total": 430, "format_errors": 0, "decisions": {"supported": 283, "other_or_general": 42}, "elapsed_seconds": 334.85255908966064}
{"event": "task_complete", "fold": 0, "completed": 326, "total": 430, "format_errors": 0, "decisions": {"supported": 283, "other_or_general": 43}, "elapsed_seconds": 336.15409302711487}
{"event": "task_complete", "fold": 0, "completed": 327, "total": 430, "format_errors": 0, "decisions": {"supported": 283, "other_or_general": 44}, "elapsed_seconds": 337.32314705848694}
{"event": "task_complete", "fold": 0, "completed": 328, "total": 430, "format_errors": 0, "decisions": {"supported": 284, "other_or_general": 44}, "elapsed_seconds": 338.2289788722992}
{"event": "task_complete", "fold": 0, "completed": 329, "total": 430, "format_errors": 0, "decisions": {"supported": 285, "other_or_general": 44}, "elapsed_seconds": 339.47252917289734}
{"event": "task_complete", "fold": 0, "completed": 330, "total": 430, "format_errors": 0, "decisions": {"supported": 285, "other_or_general": 45}, "elapsed_seconds": 340.5846004486084}
{"event": "task_complete", "fold": 0, "completed": 331, "total": 430, "format_errors": 0, "decisions": {"supported": 285, "other_or_general": 46}, "elapsed_seconds": 341.72224044799805}
{"event": "task_complete", "fold": 0, "completed": 332, "total": 430, "format_errors": 0, "decisions": {"supported": 285, "other_or_general": 47}, "elapsed_seconds": 342.93474078178406}
{"event": "task_complete", "fold": 0, "completed": 333, "total": 430, "format_errors": 0, "decisions": {"supported": 285, "other_or_general": 48}, "elapsed_seconds": 344.12449383735657}
{"event": "task_complete", "fold": 0, "completed": 334, "total": 430, "format_errors": 0, "decisions": {"supported": 285, "other_or_general": 49}, "elapsed_seconds": 345.25144505500793}
{"event": "task_complete", "fold": 0, "completed": 335, "total": 430, "format_errors": 0, "decisions": {"supported": 285, "other_or_general": 50}, "elapsed_seconds": 346.5842516422272}
{"event": "task_complete", "fold": 0, "completed": 336, "total": 430, "format_errors": 0, "decisions": {"supported": 285, "other_or_general": 51}, "elapsed_seconds": 347.9142029285431}
{"event": "task_complete", "fold": 0, "completed": 337, "total": 430, "format_errors": 0, "decisions": {"supported": 286, "other_or_general": 51}, "elapsed_seconds": 348.91635060310364}
{"event": "task_complete", "fold": 0, "completed": 338, "total": 430, "format_errors": 0, "decisions": {"supported": 287, "other_or_general": 51}, "elapsed_seconds": 349.94017267227173}
{"event": "task_complete", "fold": 0, "completed": 339, "total": 430, "format_errors": 0, "decisions": {"supported": 288, "other_or_general": 51}, "elapsed_seconds": 350.9314215183258}
{"event": "task_complete", "fold": 0, "completed": 340, "total": 430, "format_errors": 0, "decisions": {"supported": 289, "other_or_general": 51}, "elapsed_seconds": 351.9249601364136}
{"event": "task_complete", "fold": 0, "completed": 341, "total": 430, "format_errors": 0, "decisions": {"supported": 290, "other_or_general": 51}, "elapsed_seconds": 352.93269991874695}
{"event": "task_complete", "fold": 0, "completed": 342, "total": 430, "format_errors": 0, "decisions": {"supported": 291, "other_or_general": 51}, "elapsed_seconds": 353.9980387687683}
{"event": "task_complete", "fold": 0, "completed": 343, "total": 430, "format_errors": 0, "decisions": {"supported": 291, "other_or_general": 52}, "elapsed_seconds": 355.5139515399933}
{"event": "task_complete", "fold": 0, "completed": 344, "total": 430, "format_errors": 0, "decisions": {"supported": 292, "other_or_general": 52}, "elapsed_seconds": 356.53101444244385}
{"event": "task_complete", "fold": 0, "completed": 345, "total": 430, "format_errors": 0, "decisions": {"supported": 293, "other_or_general": 52}, "elapsed_seconds": 357.4739844799042}
{"event": "task_complete", "fold": 0, "completed": 346, "total": 430, "format_errors": 0, "decisions": {"supported": 294, "other_or_general": 52}, "elapsed_seconds": 358.384220123291}
{"event": "task_complete", "fold": 0, "completed": 347, "total": 430, "format_errors": 0, "decisions": {"supported": 294, "other_or_general": 53}, "elapsed_seconds": 359.4796919822693}
{"event": "task_complete", "fold": 0, "completed": 348, "total": 430, "format_errors": 0, "decisions": {"supported": 294, "other_or_general": 54}, "elapsed_seconds": 361.01553416252136}
{"event": "task_complete", "fold": 0, "completed": 349, "total": 430, "format_errors": 0, "decisions": {"supported": 294, "other_or_general": 55}, "elapsed_seconds": 362.1518805027008}
{"event": "task_complete", "fold": 0, "completed": 350, "total": 430, "format_errors": 0, "decisions": {"supported": 294, "other_or_general": 56}, "elapsed_seconds": 363.6608176231384}
{"event": "task_complete", "fold": 0, "completed": 351, "total": 430, "format_errors": 0, "decisions": {"supported": 294, "other_or_general": 57}, "elapsed_seconds": 364.9085011482239}
{"event": "task_complete", "fold": 0, "completed": 352, "total": 430, "format_errors": 0, "decisions": {"supported": 294, "other_or_general": 58}, "elapsed_seconds": 365.9746997356415}
{"event": "task_complete", "fold": 0, "completed": 353, "total": 430, "format_errors": 0, "decisions": {"supported": 294, "other_or_general": 59}, "elapsed_seconds": 367.5082657337189}
{"event": "task_complete", "fold": 0, "completed": 354, "total": 430, "format_errors": 0, "decisions": {"supported": 294, "other_or_general": 60}, "elapsed_seconds": 368.70297956466675}
{"event": "task_complete", "fold": 0, "completed": 355, "total": 430, "format_errors": 0, "decisions": {"supported": 294, "other_or_general": 61}, "elapsed_seconds": 370.3498020172119}
{"event": "task_complete", "fold": 0, "completed": 356, "total": 430, "format_errors": 0, "decisions": {"supported": 295, "other_or_general": 61}, "elapsed_seconds": 371.2862298488617}
{"event": "task_complete", "fold": 0, "completed": 357, "total": 430, "format_errors": 0, "decisions": {"supported": 296, "other_or_general": 61}, "elapsed_seconds": 372.70862674713135}
{"event": "task_complete", "fold": 0, "completed": 358, "total": 430, "format_errors": 0, "decisions": {"supported": 297, "other_or_general": 61}, "elapsed_seconds": 373.5997371673584}
{"event": "task_complete", "fold": 0, "completed": 359, "total": 430, "format_errors": 0, "decisions": {"supported": 298, "other_or_general": 61}, "elapsed_seconds": 374.7785098552704}
{"event": "task_complete", "fold": 0, "completed": 360, "total": 430, "format_errors": 0, "decisions": {"supported": 299, "other_or_general": 61}, "elapsed_seconds": 375.89707708358765}
{"event": "task_complete", "fold": 0, "completed": 361, "total": 430, "format_errors": 0, "decisions": {"supported": 300, "other_or_general": 61}, "elapsed_seconds": 376.83460807800293}
{"event": "task_complete", "fold": 0, "completed": 362, "total": 430, "format_errors": 0, "decisions": {"supported": 300, "other_or_general": 62}, "elapsed_seconds": 377.95383882522583}
{"event": "task_complete", "fold": 0, "completed": 363, "total": 430, "format_errors": 0, "decisions": {"supported": 301, "other_or_general": 62}, "elapsed_seconds": 379.25724840164185}
{"event": "task_complete", "fold": 0, "completed": 364, "total": 430, "format_errors": 0, "decisions": {"supported": 302, "other_or_general": 62}, "elapsed_seconds": 380.1433250904083}
{"event": "task_complete", "fold": 0, "completed": 365, "total": 430, "format_errors": 0, "decisions": {"supported": 302, "other_or_general": 63}, "elapsed_seconds": 381.42501163482666}
{"event": "task_complete", "fold": 0, "completed": 366, "total": 430, "format_errors": 0, "decisions": {"supported": 303, "other_or_general": 63}, "elapsed_seconds": 382.4059236049652}
{"event": "task_complete", "fold": 0, "completed": 367, "total": 430, "format_errors": 0, "decisions": {"supported": 304, "other_or_general": 63}, "elapsed_seconds": 383.390349149704}
{"event": "task_complete", "fold": 0, "completed": 368, "total": 430, "format_errors": 0, "decisions": {"supported": 304, "other_or_general": 64}, "elapsed_seconds": 384.591920375824}
{"event": "task_complete", "fold": 0, "completed": 369, "total": 430, "format_errors": 0, "decisions": {"supported": 305, "other_or_general": 64}, "elapsed_seconds": 385.6620433330536}
{"event": "task_complete", "fold": 0, "completed": 370, "total": 430, "format_errors": 0, "decisions": {"supported": 306, "other_or_general": 64}, "elapsed_seconds": 387.1328227519989}
{"event": "task_complete", "fold": 0, "completed": 371, "total": 430, "format_errors": 0, "decisions": {"supported": 307, "other_or_general": 64}, "elapsed_seconds": 388.25944232940674}
{"event": "task_complete", "fold": 0, "completed": 372, "total": 430, "format_errors": 0, "decisions": {"supported": 307, "other_or_general": 65}, "elapsed_seconds": 389.38272428512573}
{"event": "task_complete", "fold": 0, "completed": 373, "total": 430, "format_errors": 0, "decisions": {"supported": 308, "other_or_general": 65}, "elapsed_seconds": 390.3031244277954}
{"event": "task_complete", "fold": 0, "completed": 374, "total": 430, "format_errors": 0, "decisions": {"supported": 309, "other_or_general": 65}, "elapsed_seconds": 391.60889625549316}
{"event": "task_complete", "fold": 0, "completed": 375, "total": 430, "format_errors": 0, "decisions": {"supported": 309, "other_or_general": 66}, "elapsed_seconds": 392.68192315101624}
{"event": "task_complete", "fold": 0, "completed": 376, "total": 430, "format_errors": 0, "decisions": {"supported": 310, "other_or_general": 66}, "elapsed_seconds": 394.023645401001}
{"event": "task_complete", "fold": 0, "completed": 377, "total": 430, "format_errors": 0, "decisions": {"supported": 311, "other_or_general": 66}, "elapsed_seconds": 394.91425371170044}
{"event": "task_complete", "fold": 0, "completed": 378, "total": 430, "format_errors": 0, "decisions": {"supported": 311, "other_or_general": 67}, "elapsed_seconds": 396.183495759964}
{"event": "task_complete", "fold": 0, "completed": 379, "total": 430, "format_errors": 0, "decisions": {"supported": 311, "other_or_general": 68}, "elapsed_seconds": 397.3190453052521}
{"event": "task_complete", "fold": 0, "completed": 380, "total": 430, "format_errors": 0, "decisions": {"supported": 311, "other_or_general": 69}, "elapsed_seconds": 398.8333559036255}
{"event": "task_complete", "fold": 0, "completed": 381, "total": 430, "format_errors": 0, "decisions": {"supported": 312, "other_or_general": 69}, "elapsed_seconds": 399.7238402366638}
{"event": "task_complete", "fold": 0, "completed": 382, "total": 430, "format_errors": 0, "decisions": {"supported": 312, "other_or_general": 70}, "elapsed_seconds": 400.9090540409088}
{"event": "task_complete", "fold": 0, "completed": 383, "total": 430, "format_errors": 0, "decisions": {"supported": 312, "other_or_general": 71}, "elapsed_seconds": 402.30418586730957}
{"event": "task_complete", "fold": 0, "completed": 384, "total": 430, "format_errors": 0, "decisions": {"supported": 313, "other_or_general": 71}, "elapsed_seconds": 403.4044978618622}
{"event": "task_complete", "fold": 0, "completed": 385, "total": 430, "format_errors": 0, "decisions": {"supported": 314, "other_or_general": 71}, "elapsed_seconds": 404.2940812110901}
{"event": "task_complete", "fold": 0, "completed": 386, "total": 430, "format_errors": 0, "decisions": {"supported": 315, "other_or_general": 71}, "elapsed_seconds": 405.5966274738312}
{"event": "task_complete", "fold": 0, "completed": 387, "total": 430, "format_errors": 0, "decisions": {"supported": 316, "other_or_general": 71}, "elapsed_seconds": 406.47655606269836}
{"event": "task_complete", "fold": 0, "completed": 388, "total": 430, "format_errors": 0, "decisions": {"supported": 316, "other_or_general": 72}, "elapsed_seconds": 407.534481048584}
{"event": "task_complete", "fold": 0, "completed": 389, "total": 430, "format_errors": 0, "decisions": {"supported": 317, "other_or_general": 72}, "elapsed_seconds": 408.7274663448334}
{"event": "task_complete", "fold": 0, "completed": 390, "total": 430, "format_errors": 0, "decisions": {"supported": 318, "other_or_general": 72}, "elapsed_seconds": 409.6910090446472}
{"event": "task_complete", "fold": 0, "completed": 391, "total": 430, "format_errors": 0, "decisions": {"supported": 319, "other_or_general": 72}, "elapsed_seconds": 410.60209369659424}
{"event": "task_complete", "fold": 0, "completed": 392, "total": 430, "format_errors": 0, "decisions": {"supported": 320, "other_or_general": 72}, "elapsed_seconds": 411.5028283596039}
{"event": "task_complete", "fold": 0, "completed": 393, "total": 430, "format_errors": 0, "decisions": {"supported": 321, "other_or_general": 72}, "elapsed_seconds": 412.75385904312134}
{"event": "task_complete", "fold": 0, "completed": 394, "total": 430, "format_errors": 0, "decisions": {"supported": 322, "other_or_general": 72}, "elapsed_seconds": 413.6305730342865}
{"event": "task_complete", "fold": 0, "completed": 395, "total": 430, "format_errors": 0, "decisions": {"supported": 323, "other_or_general": 72}, "elapsed_seconds": 414.5503408908844}
{"event": "task_complete", "fold": 0, "completed": 396, "total": 430, "format_errors": 0, "decisions": {"supported": 324, "other_or_general": 72}, "elapsed_seconds": 415.94985342025757}
{"event": "task_complete", "fold": 0, "completed": 397, "total": 430, "format_errors": 0, "decisions": {"supported": 325, "other_or_general": 72}, "elapsed_seconds": 416.84050011634827}
{"event": "task_complete", "fold": 0, "completed": 398, "total": 430, "format_errors": 0, "decisions": {"supported": 325, "other_or_general": 73}, "elapsed_seconds": 417.8937473297119}
{"event": "task_complete", "fold": 0, "completed": 399, "total": 430, "format_errors": 0, "decisions": {"supported": 326, "other_or_general": 73}, "elapsed_seconds": 419.2348484992981}
{"event": "task_complete", "fold": 0, "completed": 400, "total": 430, "format_errors": 0, "decisions": {"supported": 327, "other_or_general": 73}, "elapsed_seconds": 420.1255280971527}
{"event": "task_complete", "fold": 0, "completed": 401, "total": 430, "format_errors": 0, "decisions": {"supported": 328, "other_or_general": 73}, "elapsed_seconds": 421.1264126300812}
{"event": "task_complete", "fold": 0, "completed": 402, "total": 430, "format_errors": 0, "decisions": {"supported": 328, "other_or_general": 74}, "elapsed_seconds": 422.4677722454071}
{"event": "task_complete", "fold": 0, "completed": 403, "total": 430, "format_errors": 0, "decisions": {"supported": 329, "other_or_general": 74}, "elapsed_seconds": 423.4211573600769}
{"event": "task_complete", "fold": 0, "completed": 404, "total": 430, "format_errors": 0, "decisions": {"supported": 330, "other_or_general": 74}, "elapsed_seconds": 424.44325256347656}
{"event": "task_complete", "fold": 0, "completed": 405, "total": 430, "format_errors": 0, "decisions": {"supported": 331, "other_or_general": 74}, "elapsed_seconds": 425.609450340271}
{"event": "task_complete", "fold": 0, "completed": 406, "total": 430, "format_errors": 0, "decisions": {"supported": 332, "other_or_general": 74}, "elapsed_seconds": 427.01922965049744}
{"event": "task_complete", "fold": 0, "completed": 407, "total": 430, "format_errors": 0, "decisions": {"supported": 332, "other_or_general": 75}, "elapsed_seconds": 428.038733959198}
{"event": "task_complete", "fold": 0, "completed": 408, "total": 430, "format_errors": 0, "decisions": {"supported": 332, "other_or_general": 76}, "elapsed_seconds": 429.28947949409485}
{"event": "task_complete", "fold": 0, "completed": 409, "total": 430, "format_errors": 0, "decisions": {"supported": 333, "other_or_general": 76}, "elapsed_seconds": 430.68380403518677}
{"event": "task_complete", "fold": 0, "completed": 410, "total": 430, "format_errors": 0, "decisions": {"supported": 333, "other_or_general": 77}, "elapsed_seconds": 431.8770341873169}
{"event": "task_complete", "fold": 0, "completed": 411, "total": 430, "format_errors": 0, "decisions": {"supported": 334, "other_or_general": 77}, "elapsed_seconds": 433.0396509170532}
{"event": "task_complete", "fold": 0, "completed": 412, "total": 430, "format_errors": 0, "decisions": {"supported": 335, "other_or_general": 77}, "elapsed_seconds": 434.01232385635376}
{"event": "task_complete", "fold": 0, "completed": 413, "total": 430, "format_errors": 0, "decisions": {"supported": 335, "other_or_general": 78}, "elapsed_seconds": 435.09668827056885}
{"event": "task_complete", "fold": 0, "completed": 414, "total": 430, "format_errors": 0, "decisions": {"supported": 336, "other_or_general": 78}, "elapsed_seconds": 436.02836298942566}
{"event": "task_complete", "fold": 0, "completed": 415, "total": 430, "format_errors": 0, "decisions": {"supported": 337, "other_or_general": 78}, "elapsed_seconds": 436.9129674434662}
{"event": "task_complete", "fold": 0, "completed": 416, "total": 430, "format_errors": 0, "decisions": {"supported": 338, "other_or_general": 78}, "elapsed_seconds": 438.3204176425934}
{"event": "task_complete", "fold": 0, "completed": 417, "total": 430, "format_errors": 0, "decisions": {"supported": 339, "other_or_general": 78}, "elapsed_seconds": 439.3621549606323}
{"event": "task_complete", "fold": 0, "completed": 418, "total": 430, "format_errors": 0, "decisions": {"supported": 340, "other_or_general": 78}, "elapsed_seconds": 440.3182075023651}
{"event": "task_complete", "fold": 0, "completed": 419, "total": 430, "format_errors": 0, "decisions": {"supported": 341, "other_or_general": 78}, "elapsed_seconds": 441.24506282806396}
{"event": "task_complete", "fold": 0, "completed": 420, "total": 430, "format_errors": 0, "decisions": {"supported": 342, "other_or_general": 78}, "elapsed_seconds": 442.4024953842163}
{"event": "task_complete", "fold": 0, "completed": 421, "total": 430, "format_errors": 0, "decisions": {"supported": 343, "other_or_general": 78}, "elapsed_seconds": 443.67197585105896}
{"event": "task_complete", "fold": 0, "completed": 422, "total": 430, "format_errors": 0, "decisions": {"supported": 344, "other_or_general": 78}, "elapsed_seconds": 444.5611231327057}
{"event": "task_complete", "fold": 0, "completed": 423, "total": 430, "format_errors": 0, "decisions": {"supported": 345, "other_or_general": 78}, "elapsed_seconds": 445.45440649986267}
{"event": "task_complete", "fold": 0, "completed": 424, "total": 430, "format_errors": 0, "decisions": {"supported": 346, "other_or_general": 78}, "elapsed_seconds": 447.0055809020996}
{"event": "task_complete", "fold": 0, "completed": 425, "total": 430, "format_errors": 0, "decisions": {"supported": 347, "other_or_general": 78}, "elapsed_seconds": 447.8966042995453}
{"event": "task_complete", "fold": 0, "completed": 426, "total": 430, "format_errors": 0, "decisions": {"supported": 348, "other_or_general": 78}, "elapsed_seconds": 448.820433139801}
{"event": "task_complete", "fold": 0, "completed": 427, "total": 430, "format_errors": 0, "decisions": {"supported": 349, "other_or_general": 78}, "elapsed_seconds": 450.19019651412964}
{"event": "task_complete", "fold": 0, "completed": 428, "total": 430, "format_errors": 0, "decisions": {"supported": 350, "other_or_general": 78}, "elapsed_seconds": 451.14105677604675}
{"event": "task_complete", "fold": 0, "completed": 429, "total": 430, "format_errors": 0, "decisions": {"supported": 351, "other_or_general": 78}, "elapsed_seconds": 452.056645154953}
{"event": "task_complete", "fold": 0, "completed": 430, "total": 430, "format_errors": 0, "decisions": {"supported": 352, "other_or_general": 78}, "elapsed_seconds": 452.9475328922272}
{"event": "completed", "fold": 0, "validation_document_ids": ["10553122", "11203018", "11871647", "11906559", "11919040", "12059664", "12126309", "12640707", "12652105", "12846941", "2866573", "3563609", "4607013", "4899602", "5415817", "5763540"], "upstream_training_document_ids": ["10313222", "10789033", "11196099", "11221135", "11235872", "11765409", "11826603", "11986149", "12017973", "12078887", "12110755", "12110769", "12118522", "12147048", "12250201", "12334843", "12386172", "12405443", "12444410", "12455887", "12628480", "12646972", "12733031", "12779223", "12798528", "12811285", "12891056", "2964533", "4644339", "4678370", "5023785", "5368377", "5422868", "5425407", "5452357", "5473715", "5537416", "5538066", "5562981", "5574094", "5575846", "5693559", "5773845", "5789735", "5793168", "5866036", "5959423", "5970456", "6036836", "6048891", "6049015", "6057141", "6059678", "6063015", "6096008", "6134758", "6151044", "6219255", "6220403", "6332535", "6338757", "6390251", "6491447", "9327653"], "llm_training_document_ids": [], "demonstration_document_ids": [], "answers_removed_before_prompting": true, "baseline_exact_replay": true, "plan_sha256": "993fb656ecaf86329ef3e7c2bacb5a13b44c66a8a2e60e1f5cd44023c5021f1d", "task_count": 430, "tasks_sha256": "99711d039876c21e5dd43e55f7d5494274d81aca32c25523da5d24e2fd775917", "acronym_tasks": 90, "tasks_with_document_definitions": 84, "max_input_tokens": 855, "maximum_grammar_tokens": 16, "protocol_module": "patientphex.llm_concept_review", "source_truncation": false, "hard_nonthinking": true, "status": "completed", "decisions_sha256": "f13d6653dce4cc4e3183d9623691ed198d9ff18ed971fa2efa2f7753b725d2a2", "format_success_rate": 1.0, "format_errors": 0, "elapsed_seconds": 452.964670419693, "physical_gpu": "2", "peak_allocated_gib": 16.417583465576172, "generated_tokens": 5382, "generation_seconds": 442.9051101207733, "decisions": {"supported": 352, "other_or_general": 78}}
