{"event": "prompts_prepared", "fold": 1, "validation_document_ids": ["10313222", "11221135", "11826603", "12078887", "12628480", "12779223", "5023785", "5368377", "5425407", "5693559", "5789735", "5866036", "6049015", "6096008", "6220403", "9327653"], "upstream_training_document_ids": ["10553122", "10789033", "11196099", "11203018", "11235872", "11765409", "11871647", "11906559", "11919040", "11986149", "12017973", "12059664", "12110755", "12110769", "12118522", "12126309", "12147048", "12250201", "12334843", "12386172", "12405443", "12444410", "12455887", "12640707", "12646972", "12652105", "12733031", "12798528", "12811285", "12846941", "12891056", "2866573", "2964533", "3563609", "4607013", "4644339", "4678370", "4899602", "5415817", "5422868", "5452357", "5473715", "5537416", "5538066", "5562981", "5574094", "5575846", "5763540", "5773845", "5793168", "5959423", "5970456", "6036836", "6048891", "6057141", "6059678", "6063015", "6134758", "6151044", "6219255", "6332535", "6338757", "6390251", "6491447"], "llm_training_document_ids": [], "demonstration_document_ids": [], "answers_removed_before_prompting": true, "baseline_exact_replay": true, "plan_sha256": "993fb656ecaf86329ef3e7c2bacb5a13b44c66a8a2e60e1f5cd44023c5021f1d", "task_count": 317, "tasks_sha256": "fadabb8857526144eb4f3208353915a375de1c7376bc99ec6155e67f85d01ad0", "acronym_tasks": 59, "tasks_with_document_definitions": 54, "max_input_tokens": 995, "maximum_grammar_tokens": 16, "protocol_module": "patientphex.llm_concept_review", "source_truncation": false, "hard_nonthinking": true}
Loading checkpoint shards:   0%|          | 0/5 [00:00<?, ?it/s]Loading checkpoint shards:  20%|██        | 1/5 [00:01<00:04,  1.07s/it]Loading checkpoint shards:  40%|████      | 2/5 [00:01<00:02,  1.09it/s]Loading checkpoint shards:  60%|██████    | 3/5 [00:02<00:01,  1.16it/s]Loading checkpoint shards:  80%|████████  | 4/5 [00:03<00:00,  1.31it/s]Loading checkpoint shards: 100%|██████████| 5/5 [00:03<00:00,  1.75it/s]Loading checkpoint shards: 100%|██████████| 5/5 [00:03<00:00,  1.42it/s]
{"event": "task_complete", "fold": 1, "completed": 1, "total": 317, "format_errors": 0, "decisions": {"supported": 1}, "elapsed_seconds": 7.311048746109009}
{"event": "task_complete", "fold": 1, "completed": 2, "total": 317, "format_errors": 0, "decisions": {"supported": 2}, "elapsed_seconds": 8.436760425567627}
{"event": "task_complete", "fold": 1, "completed": 3, "total": 317, "format_errors": 0, "decisions": {"supported": 3}, "elapsed_seconds": 9.554438591003418}
{"event": "task_complete", "fold": 1, "completed": 4, "total": 317, "format_errors": 0, "decisions": {"supported": 4}, "elapsed_seconds": 10.659546613693237}
{"event": "task_complete", "fold": 1, "completed": 5, "total": 317, "format_errors": 0, "decisions": {"supported": 5}, "elapsed_seconds": 11.515873193740845}
{"event": "task_complete", "fold": 1, "completed": 6, "total": 317, "format_errors": 0, "decisions": {"supported": 6}, "elapsed_seconds": 12.372994422912598}
{"event": "task_complete", "fold": 1, "completed": 7, "total": 317, "format_errors": 0, "decisions": {"supported": 7}, "elapsed_seconds": 13.232507705688477}
{"event": "task_complete", "fold": 1, "completed": 8, "total": 317, "format_errors": 0, "decisions": {"supported": 8}, "elapsed_seconds": 14.088645458221436}
{"event": "task_complete", "fold": 1, "completed": 9, "total": 317, "format_errors": 0, "decisions": {"supported": 9}, "elapsed_seconds": 14.943324565887451}
{"event": "task_complete", "fold": 1, "completed": 10, "total": 317, "format_errors": 0, "decisions": {"supported": 10}, "elapsed_seconds": 16.057532787322998}
{"event": "task_complete", "fold": 1, "completed": 11, "total": 317, "format_errors": 0, "decisions": {"supported": 11}, "elapsed_seconds": 16.91661286354065}
{"event": "task_complete", "fold": 1, "completed": 12, "total": 317, "format_errors": 0, "decisions": {"supported": 12}, "elapsed_seconds": 17.772886037826538}
{"event": "task_complete", "fold": 1, "completed": 13, "total": 317, "format_errors": 0, "decisions": {"supported": 13}, "elapsed_seconds": 18.873101234436035}
{"event": "task_complete", "fold": 1, "completed": 14, "total": 317, "format_errors": 0, "decisions": {"supported": 13, "other_or_general": 1}, "elapsed_seconds": 19.85477924346924}
{"event": "task_complete", "fold": 1, "completed": 15, "total": 317, "format_errors": 0, "decisions": {"supported": 13, "other_or_general": 2}, "elapsed_seconds": 20.839078426361084}
{"event": "task_complete", "fold": 1, "completed": 16, "total": 317, "format_errors": 0, "decisions": {"supported": 14, "other_or_general": 2}, "elapsed_seconds": 21.93790292739868}
{"event": "task_complete", "fold": 1, "completed": 17, "total": 317, "format_errors": 0, "decisions": {"supported": 14, "other_or_general": 3}, "elapsed_seconds": 22.919137954711914}
{"event": "task_complete", "fold": 1, "completed": 18, "total": 317, "format_errors": 0, "decisions": {"supported": 15, "other_or_general": 3}, "elapsed_seconds": 24.016971111297607}
{"event": "task_complete", "fold": 1, "completed": 19, "total": 317, "format_errors": 0, "decisions": {"supported": 16, "other_or_general": 3}, "elapsed_seconds": 25.117483854293823}
{"event": "task_complete", "fold": 1, "completed": 20, "total": 317, "format_errors": 0, "decisions": {"supported": 17, "other_or_general": 3}, "elapsed_seconds": 26.226717948913574}
{"event": "task_complete", "fold": 1, "completed": 21, "total": 317, "format_errors": 0, "decisions": {"supported": 18, "other_or_general": 3}, "elapsed_seconds": 27.330100297927856}
{"event": "task_complete", "fold": 1, "completed": 22, "total": 317, "format_errors": 0, "decisions": {"supported": 19, "other_or_general": 3}, "elapsed_seconds": 28.430530548095703}
{"event": "task_complete", "fold": 1, "completed": 23, "total": 317, "format_errors": 0, "decisions": {"supported": 20, "other_or_general": 3}, "elapsed_seconds": 29.283956050872803}
{"event": "task_complete", "fold": 1, "completed": 24, "total": 317, "format_errors": 0, "decisions": {"supported": 21, "other_or_general": 3}, "elapsed_seconds": 30.370418548583984}
{"event": "task_complete", "fold": 1, "completed": 25, "total": 317, "format_errors": 0, "decisions": {"supported": 21, "other_or_general": 4}, "elapsed_seconds": 31.355237007141113}
{"event": "task_complete", "fold": 1, "completed": 26, "total": 317, "format_errors": 0, "decisions": {"supported": 22, "other_or_general": 4}, "elapsed_seconds": 32.20958161354065}
{"event": "task_complete", "fold": 1, "completed": 27, "total": 317, "format_errors": 0, "decisions": {"supported": 23, "other_or_general": 4}, "elapsed_seconds": 33.06382417678833}
{"event": "task_complete", "fold": 1, "completed": 28, "total": 317, "format_errors": 0, "decisions": {"supported": 23, "other_or_general": 5}, "elapsed_seconds": 34.043110370635986}
{"event": "task_complete", "fold": 1, "completed": 29, "total": 317, "format_errors": 0, "decisions": {"supported": 23, "other_or_general": 6}, "elapsed_seconds": 35.028472661972046}
{"event": "task_complete", "fold": 1, "completed": 30, "total": 317, "format_errors": 0, "decisions": {"supported": 24, "other_or_general": 6}, "elapsed_seconds": 35.88639831542969}
{"event": "task_complete", "fold": 1, "completed": 31, "total": 317, "format_errors": 0, "decisions": {"supported": 25, "other_or_general": 6}, "elapsed_seconds": 36.732280254364014}
{"event": "task_complete", "fold": 1, "completed": 32, "total": 317, "format_errors": 0, "decisions": {"supported": 26, "other_or_general": 6}, "elapsed_seconds": 37.57892179489136}
{"event": "task_complete", "fold": 1, "completed": 33, "total": 317, "format_errors": 0, "decisions": {"supported": 27, "other_or_general": 6}, "elapsed_seconds": 38.666748046875}
{"event": "task_complete", "fold": 1, "completed": 34, "total": 317, "format_errors": 0, "decisions": {"supported": 28, "other_or_general": 6}, "elapsed_seconds": 39.51481556892395}
{"event": "task_complete", "fold": 1, "completed": 35, "total": 317, "format_errors": 0, "decisions": {"supported": 29, "other_or_general": 6}, "elapsed_seconds": 40.622145652770996}
{"event": "task_complete", "fold": 1, "completed": 36, "total": 317, "format_errors": 0, "decisions": {"supported": 30, "other_or_general": 6}, "elapsed_seconds": 41.73357605934143}
{"event": "task_complete", "fold": 1, "completed": 37, "total": 317, "format_errors": 0, "decisions": {"supported": 31, "other_or_general": 6}, "elapsed_seconds": 42.85818123817444}
{"event": "task_complete", "fold": 1, "completed": 38, "total": 317, "format_errors": 0, "decisions": {"supported": 32, "other_or_general": 6}, "elapsed_seconds": 43.96151638031006}
{"event": "task_complete", "fold": 1, "completed": 39, "total": 317, "format_errors": 0, "decisions": {"supported": 33, "other_or_general": 6}, "elapsed_seconds": 44.81934118270874}
{"event": "task_complete", "fold": 1, "completed": 40, "total": 317, "format_errors": 0, "decisions": {"supported": 34, "other_or_general": 6}, "elapsed_seconds": 45.915677309036255}
{"event": "task_complete", "fold": 1, "completed": 41, "total": 317, "format_errors": 0, "decisions": {"supported": 35, "other_or_general": 6}, "elapsed_seconds": 47.0372109413147}
{"event": "task_complete", "fold": 1, "completed": 42, "total": 317, "format_errors": 0, "decisions": {"supported": 36, "other_or_general": 6}, "elapsed_seconds": 47.90046429634094}
{"event": "task_complete", "fold": 1, "completed": 43, "total": 317, "format_errors": 0, "decisions": {"supported": 37, "other_or_general": 6}, "elapsed_seconds": 49.0177047252655}
{"event": "task_complete", "fold": 1, "completed": 44, "total": 317, "format_errors": 0, "decisions": {"supported": 38, "other_or_general": 6}, "elapsed_seconds": 50.111127614974976}
{"event": "task_complete", "fold": 1, "completed": 45, "total": 317, "format_errors": 0, "decisions": {"supported": 39, "other_or_general": 6}, "elapsed_seconds": 51.20012927055359}
{"event": "task_complete", "fold": 1, "completed": 46, "total": 317, "format_errors": 0, "decisions": {"supported": 40, "other_or_general": 6}, "elapsed_seconds": 52.06017827987671}
{"event": "task_complete", "fold": 1, "completed": 47, "total": 317, "format_errors": 0, "decisions": {"supported": 41, "other_or_general": 6}, "elapsed_seconds": 52.92096734046936}
{"event": "task_complete", "fold": 1, "completed": 48, "total": 317, "format_errors": 0, "decisions": {"supported": 42, "other_or_general": 6}, "elapsed_seconds": 53.78483510017395}
{"event": "task_complete", "fold": 1, "completed": 49, "total": 317, "format_errors": 0, "decisions": {"supported": 43, "other_or_general": 6}, "elapsed_seconds": 54.640246868133545}
{"event": "task_complete", "fold": 1, "completed": 50, "total": 317, "format_errors": 0, "decisions": {"supported": 43, "other_or_general": 7}, "elapsed_seconds": 55.631492137908936}
{"event": "task_complete", "fold": 1, "completed": 51, "total": 317, "format_errors": 0, "decisions": {"supported": 44, "other_or_general": 7}, "elapsed_seconds": 56.504446029663086}
{"event": "task_complete", "fold": 1, "completed": 52, "total": 317, "format_errors": 0, "decisions": {"supported": 45, "other_or_general": 7}, "elapsed_seconds": 57.360817432403564}
{"event": "task_complete", "fold": 1, "completed": 53, "total": 317, "format_errors": 0, "decisions": {"supported": 46, "other_or_general": 7}, "elapsed_seconds": 58.227579832077026}
{"event": "task_complete", "fold": 1, "completed": 54, "total": 317, "format_errors": 0, "decisions": {"supported": 47, "other_or_general": 7}, "elapsed_seconds": 59.09122395515442}
{"event": "task_complete", "fold": 1, "completed": 55, "total": 317, "format_errors": 0, "decisions": {"supported": 48, "other_or_general": 7}, "elapsed_seconds": 59.953229904174805}
{"event": "task_complete", "fold": 1, "completed": 56, "total": 317, "format_errors": 0, "decisions": {"supported": 49, "other_or_general": 7}, "elapsed_seconds": 60.816351890563965}
{"event": "task_complete", "fold": 1, "completed": 57, "total": 317, "format_errors": 0, "decisions": {"supported": 50, "other_or_general": 7}, "elapsed_seconds": 61.686365365982056}
{"event": "task_complete", "fold": 1, "completed": 58, "total": 317, "format_errors": 0, "decisions": {"supported": 50, "other_or_general": 8}, "elapsed_seconds": 62.67909359931946}
{"event": "task_complete", "fold": 1, "completed": 59, "total": 317, "format_errors": 0, "decisions": {"supported": 50, "other_or_general": 9}, "elapsed_seconds": 63.67083787918091}
{"event": "task_complete", "fold": 1, "completed": 60, "total": 317, "format_errors": 0, "decisions": {"supported": 51, "other_or_general": 9}, "elapsed_seconds": 64.51733016967773}
{"event": "task_complete", "fold": 1, "completed": 61, "total": 317, "format_errors": 0, "decisions": {"supported": 52, "other_or_general": 9}, "elapsed_seconds": 65.38547253608704}
{"event": "task_complete", "fold": 1, "completed": 62, "total": 317, "format_errors": 0, "decisions": {"supported": 53, "other_or_general": 9}, "elapsed_seconds": 66.29270434379578}
{"event": "task_complete", "fold": 1, "completed": 63, "total": 317, "format_errors": 0, "decisions": {"supported": 54, "other_or_general": 9}, "elapsed_seconds": 67.1476480960846}
{"event": "task_complete", "fold": 1, "completed": 64, "total": 317, "format_errors": 0, "decisions": {"supported": 55, "other_or_general": 9}, "elapsed_seconds": 67.99995470046997}
{"event": "task_complete", "fold": 1, "completed": 65, "total": 317, "format_errors": 0, "decisions": {"supported": 56, "other_or_general": 9}, "elapsed_seconds": 68.85922431945801}
{"event": "task_complete", "fold": 1, "completed": 66, "total": 317, "format_errors": 0, "decisions": {"supported": 57, "other_or_general": 9}, "elapsed_seconds": 69.72266411781311}
{"event": "task_complete", "fold": 1, "completed": 67, "total": 317, "format_errors": 0, "decisions": {"supported": 58, "other_or_general": 9}, "elapsed_seconds": 70.57827186584473}
{"event": "task_complete", "fold": 1, "completed": 68, "total": 317, "format_errors": 0, "decisions": {"supported": 59, "other_or_general": 9}, "elapsed_seconds": 71.43535447120667}
{"event": "task_complete", "fold": 1, "completed": 69, "total": 317, "format_errors": 0, "decisions": {"supported": 60, "other_or_general": 9}, "elapsed_seconds": 72.30260896682739}
{"event": "task_complete", "fold": 1, "completed": 70, "total": 317, "format_errors": 0, "decisions": {"supported": 60, "other_or_general": 10}, "elapsed_seconds": 73.28329539299011}
{"event": "task_complete", "fold": 1, "completed": 71, "total": 317, "format_errors": 0, "decisions": {"supported": 60, "other_or_general": 11}, "elapsed_seconds": 74.26718330383301}
{"event": "task_complete", "fold": 1, "completed": 72, "total": 317, "format_errors": 0, "decisions": {"supported": 61, "other_or_general": 11}, "elapsed_seconds": 75.12866640090942}
{"event": "task_complete", "fold": 1, "completed": 73, "total": 317, "format_errors": 0, "decisions": {"supported": 62, "other_or_general": 11}, "elapsed_seconds": 75.991872549057}
{"event": "task_complete", "fold": 1, "completed": 74, "total": 317, "format_errors": 0, "decisions": {"supported": 63, "other_or_general": 11}, "elapsed_seconds": 76.86314606666565}
{"event": "task_complete", "fold": 1, "completed": 75, "total": 317, "format_errors": 0, "decisions": {"supported": 64, "other_or_general": 11}, "elapsed_seconds": 77.72836208343506}
{"event": "task_complete", "fold": 1, "completed": 76, "total": 317, "format_errors": 0, "decisions": {"supported": 65, "other_or_general": 11}, "elapsed_seconds": 78.58304190635681}
{"event": "task_complete", "fold": 1, "completed": 77, "total": 317, "format_errors": 0, "decisions": {"supported": 66, "other_or_general": 11}, "elapsed_seconds": 79.43849277496338}
{"event": "task_complete", "fold": 1, "completed": 78, "total": 317, "format_errors": 0, "decisions": {"supported": 67, "other_or_general": 11}, "elapsed_seconds": 80.2936782836914}
{"event": "task_complete", "fold": 1, "completed": 79, "total": 317, "format_errors": 0, "decisions": {"supported": 67, "other_or_general": 12}, "elapsed_seconds": 81.2830421924591}
{"event": "task_complete", "fold": 1, "completed": 80, "total": 317, "format_errors": 0, "decisions": {"supported": 68, "other_or_general": 12}, "elapsed_seconds": 82.13202333450317}
{"event": "task_complete", "fold": 1, "completed": 81, "total": 317, "format_errors": 0, "decisions": {"supported": 69, "other_or_general": 12}, "elapsed_seconds": 82.98630595207214}
{"event": "task_complete", "fold": 1, "completed": 82, "total": 317, "format_errors": 0, "decisions": {"supported": 70, "other_or_general": 12}, "elapsed_seconds": 83.84359645843506}
{"event": "task_complete", "fold": 1, "completed": 83, "total": 317, "format_errors": 0, "decisions": {"supported": 71, "other_or_general": 12}, "elapsed_seconds": 84.70684170722961}
{"event": "task_complete", "fold": 1, "completed": 84, "total": 317, "format_errors": 0, "decisions": {"supported": 72, "other_or_general": 12}, "elapsed_seconds": 85.56415796279907}
{"event": "task_complete", "fold": 1, "completed": 85, "total": 317, "format_errors": 0, "decisions": {"supported": 73, "other_or_general": 12}, "elapsed_seconds": 86.41863918304443}
{"event": "task_complete", "fold": 1, "completed": 86, "total": 317, "format_errors": 0, "decisions": {"supported": 73, "other_or_general": 13}, "elapsed_seconds": 87.39456129074097}
{"event": "task_complete", "fold": 1, "completed": 87, "total": 317, "format_errors": 0, "decisions": {"supported": 74, "other_or_general": 13}, "elapsed_seconds": 88.24571943283081}
{"event": "task_complete", "fold": 1, "completed": 88, "total": 317, "format_errors": 0, "decisions": {"supported": 75, "other_or_general": 13}, "elapsed_seconds": 89.09996175765991}
{"event": "task_complete", "fold": 1, "completed": 89, "total": 317, "format_errors": 0, "decisions": {"supported": 76, "other_or_general": 13}, "elapsed_seconds": 89.95693778991699}
{"event": "task_complete", "fold": 1, "completed": 90, "total": 317, "format_errors": 0, "decisions": {"supported": 76, "other_or_general": 14}, "elapsed_seconds": 90.94646430015564}
{"event": "task_complete", "fold": 1, "completed": 91, "total": 317, "format_errors": 0, "decisions": {"supported": 76, "other_or_general": 15}, "elapsed_seconds": 91.95088839530945}
{"event": "task_complete", "fold": 1, "completed": 92, "total": 317, "format_errors": 0, "decisions": {"supported": 77, "other_or_general": 15}, "elapsed_seconds": 92.80693435668945}
{"event": "task_complete", "fold": 1, "completed": 93, "total": 317, "format_errors": 0, "decisions": {"supported": 78, "other_or_general": 15}, "elapsed_seconds": 93.66484045982361}
{"event": "task_complete", "fold": 1, "completed": 94, "total": 317, "format_errors": 0, "decisions": {"supported": 79, "other_or_general": 15}, "elapsed_seconds": 94.53164911270142}
{"event": "task_complete", "fold": 1, "completed": 95, "total": 317, "format_errors": 0, "decisions": {"supported": 80, "other_or_general": 15}, "elapsed_seconds": 95.39511823654175}
{"event": "task_complete", "fold": 1, "completed": 96, "total": 317, "format_errors": 0, "decisions": {"supported": 80, "other_or_general": 16}, "elapsed_seconds": 96.36959671974182}
{"event": "task_complete", "fold": 1, "completed": 97, "total": 317, "format_errors": 0, "decisions": {"supported": 81, "other_or_general": 16}, "elapsed_seconds": 97.24511504173279}
{"event": "task_complete", "fold": 1, "completed": 98, "total": 317, "format_errors": 0, "decisions": {"supported": 82, "other_or_general": 16}, "elapsed_seconds": 98.11267280578613}
{"event": "task_complete", "fold": 1, "completed": 99, "total": 317, "format_errors": 0, "decisions": {"supported": 83, "other_or_general": 16}, "elapsed_seconds": 98.97794318199158}
{"event": "task_complete", "fold": 1, "completed": 100, "total": 317, "format_errors": 0, "decisions": {"supported": 84, "other_or_general": 16}, "elapsed_seconds": 99.83749556541443}
{"event": "task_complete", "fold": 1, "completed": 101, "total": 317, "format_errors": 0, "decisions": {"supported": 85, "other_or_general": 16}, "elapsed_seconds": 100.88027930259705}
{"event": "task_complete", "fold": 1, "completed": 102, "total": 317, "format_errors": 0, "decisions": {"supported": 86, "other_or_general": 16}, "elapsed_seconds": 101.72503733634949}
{"event": "task_complete", "fold": 1, "completed": 103, "total": 317, "format_errors": 0, "decisions": {"supported": 87, "other_or_general": 16}, "elapsed_seconds": 102.57296752929688}
{"event": "task_complete", "fold": 1, "completed": 104, "total": 317, "format_errors": 0, "decisions": {"supported": 88, "other_or_general": 16}, "elapsed_seconds": 103.41665577888489}
{"event": "task_complete", "fold": 1, "completed": 105, "total": 317, "format_errors": 0, "decisions": {"supported": 89, "other_or_general": 16}, "elapsed_seconds": 104.32262682914734}
{"event": "task_complete", "fold": 1, "completed": 106, "total": 317, "format_errors": 0, "decisions": {"supported": 90, "other_or_general": 16}, "elapsed_seconds": 105.19279837608337}
{"event": "task_complete", "fold": 1, "completed": 107, "total": 317, "format_errors": 0, "decisions": {"supported": 90, "other_or_general": 17}, "elapsed_seconds": 106.18736720085144}
{"event": "task_complete", "fold": 1, "completed": 108, "total": 317, "format_errors": 0, "decisions": {"supported": 90, "other_or_general": 18}, "elapsed_seconds": 107.17111802101135}
{"event": "task_complete", "fold": 1, "completed": 109, "total": 317, "format_errors": 0, "decisions": {"supported": 91, "other_or_general": 18}, "elapsed_seconds": 108.02115607261658}
{"event": "task_complete", "fold": 1, "completed": 110, "total": 317, "format_errors": 0, "decisions": {"supported": 92, "other_or_general": 18}, "elapsed_seconds": 108.8766679763794}
{"event": "task_complete", "fold": 1, "completed": 111, "total": 317, "format_errors": 0, "decisions": {"supported": 93, "other_or_general": 18}, "elapsed_seconds": 109.72868943214417}
{"event": "task_complete", "fold": 1, "completed": 112, "total": 317, "format_errors": 0, "decisions": {"supported": 93, "other_or_general": 19}, "elapsed_seconds": 110.70557951927185}
{"event": "task_complete", "fold": 1, "completed": 113, "total": 317, "format_errors": 0, "decisions": {"supported": 94, "other_or_general": 19}, "elapsed_seconds": 111.56098866462708}
{"event": "task_complete", "fold": 1, "completed": 114, "total": 317, "format_errors": 0, "decisions": {"supported": 95, "other_or_general": 19}, "elapsed_seconds": 112.42246532440186}
{"event": "task_complete", "fold": 1, "completed": 115, "total": 317, "format_errors": 0, "decisions": {"supported": 96, "other_or_general": 19}, "elapsed_seconds": 113.28496313095093}
{"event": "task_complete", "fold": 1, "completed": 116, "total": 317, "format_errors": 0, "decisions": {"supported": 97, "other_or_general": 19}, "elapsed_seconds": 114.14245915412903}
{"event": "task_complete", "fold": 1, "completed": 117, "total": 317, "format_errors": 0, "decisions": {"supported": 98, "other_or_general": 19}, "elapsed_seconds": 114.990713596344}
{"event": "task_complete", "fold": 1, "completed": 118, "total": 317, "format_errors": 0, "decisions": {"supported": 99, "other_or_general": 19}, "elapsed_seconds": 115.86153030395508}
{"event": "task_complete", "fold": 1, "completed": 119, "total": 317, "format_errors": 0, "decisions": {"supported": 100, "other_or_general": 19}, "elapsed_seconds": 116.71002769470215}
{"event": "task_complete", "fold": 1, "completed": 120, "total": 317, "format_errors": 0, "decisions": {"supported": 101, "other_or_general": 19}, "elapsed_seconds": 117.55930995941162}
{"event": "task_complete", "fold": 1, "completed": 121, "total": 317, "format_errors": 0, "decisions": {"supported": 102, "other_or_general": 19}, "elapsed_seconds": 118.413405418396}
{"event": "task_complete", "fold": 1, "completed": 122, "total": 317, "format_errors": 0, "decisions": {"supported": 103, "other_or_general": 19}, "elapsed_seconds": 119.27378439903259}
{"event": "task_complete", "fold": 1, "completed": 123, "total": 317, "format_errors": 0, "decisions": {"supported": 104, "other_or_general": 19}, "elapsed_seconds": 120.13742923736572}
{"event": "task_complete", "fold": 1, "completed": 124, "total": 317, "format_errors": 0, "decisions": {"supported": 105, "other_or_general": 19}, "elapsed_seconds": 120.98345184326172}
{"event": "task_complete", "fold": 1, "completed": 125, "total": 317, "format_errors": 0, "decisions": {"supported": 106, "other_or_general": 19}, "elapsed_seconds": 121.82929015159607}
{"event": "task_complete", "fold": 1, "completed": 126, "total": 317, "format_errors": 0, "decisions": {"supported": 107, "other_or_general": 19}, "elapsed_seconds": 122.6880087852478}
{"event": "task_complete", "fold": 1, "completed": 127, "total": 317, "format_errors": 0, "decisions": {"supported": 108, "other_or_general": 19}, "elapsed_seconds": 123.54085898399353}
{"event": "task_complete", "fold": 1, "completed": 128, "total": 317, "format_errors": 0, "decisions": {"supported": 109, "other_or_general": 19}, "elapsed_seconds": 124.3987443447113}
{"event": "task_complete", "fold": 1, "completed": 129, "total": 317, "format_errors": 0, "decisions": {"supported": 110, "other_or_general": 19}, "elapsed_seconds": 125.25587296485901}
{"event": "task_complete", "fold": 1, "completed": 130, "total": 317, "format_errors": 0, "decisions": {"supported": 111, "other_or_general": 19}, "elapsed_seconds": 126.11307883262634}
{"event": "task_complete", "fold": 1, "completed": 131, "total": 317, "format_errors": 0, "decisions": {"supported": 112, "other_or_general": 19}, "elapsed_seconds": 126.97325944900513}
{"event": "task_complete", "fold": 1, "completed": 132, "total": 317, "format_errors": 0, "decisions": {"supported": 113, "other_or_general": 19}, "elapsed_seconds": 127.82942271232605}
{"event": "task_complete", "fold": 1, "completed": 133, "total": 317, "format_errors": 0, "decisions": {"supported": 114, "other_or_general": 19}, "elapsed_seconds": 128.68923830986023}
{"event": "task_complete", "fold": 1, "completed": 134, "total": 317, "format_errors": 0, "decisions": {"supported": 115, "other_or_general": 19}, "elapsed_seconds": 129.53798532485962}
{"event": "task_complete", "fold": 1, "completed": 135, "total": 317, "format_errors": 0, "decisions": {"supported": 116, "other_or_general": 19}, "elapsed_seconds": 130.3921501636505}
{"event": "task_complete", "fold": 1, "completed": 136, "total": 317, "format_errors": 0, "decisions": {"supported": 117, "other_or_general": 19}, "elapsed_seconds": 131.23786044120789}
{"event": "task_complete", "fold": 1, "completed": 137, "total": 317, "format_errors": 0, "decisions": {"supported": 118, "other_or_general": 19}, "elapsed_seconds": 132.08630681037903}
{"event": "task_complete", "fold": 1, "completed": 138, "total": 317, "format_errors": 0, "decisions": {"supported": 119, "other_or_general": 19}, "elapsed_seconds": 132.94091510772705}
{"event": "task_complete", "fold": 1, "completed": 139, "total": 317, "format_errors": 0, "decisions": {"supported": 120, "other_or_general": 19}, "elapsed_seconds": 133.79736924171448}
{"event": "task_complete", "fold": 1, "completed": 140, "total": 317, "format_errors": 0, "decisions": {"supported": 121, "other_or_general": 19}, "elapsed_seconds": 134.64535093307495}
{"event": "task_complete", "fold": 1, "completed": 141, "total": 317, "format_errors": 0, "decisions": {"supported": 122, "other_or_general": 19}, "elapsed_seconds": 135.50603461265564}
{"event": "task_complete", "fold": 1, "completed": 142, "total": 317, "format_errors": 0, "decisions": {"supported": 123, "other_or_general": 19}, "elapsed_seconds": 136.35504746437073}
{"event": "task_complete", "fold": 1, "completed": 143, "total": 317, "format_errors": 0, "decisions": {"supported": 124, "other_or_general": 19}, "elapsed_seconds": 137.20768213272095}
{"event": "task_complete", "fold": 1, "completed": 144, "total": 317, "format_errors": 0, "decisions": {"supported": 125, "other_or_general": 19}, "elapsed_seconds": 138.06642365455627}
{"event": "task_complete", "fold": 1, "completed": 145, "total": 317, "format_errors": 0, "decisions": {"supported": 126, "other_or_general": 19}, "elapsed_seconds": 138.93025279045105}
{"event": "task_complete", "fold": 1, "completed": 146, "total": 317, "format_errors": 0, "decisions": {"supported": 127, "other_or_general": 19}, "elapsed_seconds": 139.79133439064026}
{"event": "task_complete", "fold": 1, "completed": 147, "total": 317, "format_errors": 0, "decisions": {"supported": 128, "other_or_general": 19}, "elapsed_seconds": 140.65162992477417}
{"event": "task_complete", "fold": 1, "completed": 148, "total": 317, "format_errors": 0, "decisions": {"supported": 129, "other_or_general": 19}, "elapsed_seconds": 141.51699304580688}
{"event": "task_complete", "fold": 1, "completed": 149, "total": 317, "format_errors": 0, "decisions": {"supported": 130, "other_or_general": 19}, "elapsed_seconds": 142.3861529827118}
{"event": "task_complete", "fold": 1, "completed": 150, "total": 317, "format_errors": 0, "decisions": {"supported": 131, "other_or_general": 19}, "elapsed_seconds": 143.2617528438568}
{"event": "task_complete", "fold": 1, "completed": 151, "total": 317, "format_errors": 0, "decisions": {"supported": 132, "other_or_general": 19}, "elapsed_seconds": 144.1349380016327}
{"event": "task_complete", "fold": 1, "completed": 152, "total": 317, "format_errors": 0, "decisions": {"supported": 133, "other_or_general": 19}, "elapsed_seconds": 145.00185322761536}
{"event": "task_complete", "fold": 1, "completed": 153, "total": 317, "format_errors": 0, "decisions": {"supported": 133, "other_or_general": 20}, "elapsed_seconds": 145.98929953575134}
{"event": "task_complete", "fold": 1, "completed": 154, "total": 317, "format_errors": 0, "decisions": {"supported": 133, "other_or_general": 21}, "elapsed_seconds": 146.97425961494446}
{"event": "task_complete", "fold": 1, "completed": 155, "total": 317, "format_errors": 0, "decisions": {"supported": 134, "other_or_general": 21}, "elapsed_seconds": 148.0089693069458}
{"event": "task_complete", "fold": 1, "completed": 156, "total": 317, "format_errors": 0, "decisions": {"supported": 135, "other_or_general": 21}, "elapsed_seconds": 149.086030960083}
{"event": "task_complete", "fold": 1, "completed": 157, "total": 317, "format_errors": 0, "decisions": {"supported": 136, "other_or_general": 21}, "elapsed_seconds": 150.11820912361145}
{"event": "task_complete", "fold": 1, "completed": 158, "total": 317, "format_errors": 0, "decisions": {"supported": 137, "other_or_general": 21}, "elapsed_seconds": 151.1516673564911}
{"event": "task_complete", "fold": 1, "completed": 159, "total": 317, "format_errors": 0, "decisions": {"supported": 138, "other_or_general": 21}, "elapsed_seconds": 152.01074028015137}
{"event": "task_complete", "fold": 1, "completed": 160, "total": 317, "format_errors": 0, "decisions": {"supported": 139, "other_or_general": 21}, "elapsed_seconds": 153.0566828250885}
{"event": "task_complete", "fold": 1, "completed": 161, "total": 317, "format_errors": 0, "decisions": {"supported": 139, "other_or_general": 22}, "elapsed_seconds": 154.2326865196228}
{"event": "task_complete", "fold": 1, "completed": 162, "total": 317, "format_errors": 0, "decisions": {"supported": 140, "other_or_general": 22}, "elapsed_seconds": 155.09202098846436}
{"event": "task_complete", "fold": 1, "completed": 163, "total": 317, "format_errors": 0, "decisions": {"supported": 140, "other_or_general": 23}, "elapsed_seconds": 156.13239097595215}
{"event": "task_complete", "fold": 1, "completed": 164, "total": 317, "format_errors": 0, "decisions": {"supported": 141, "other_or_general": 23}, "elapsed_seconds": 157.0425524711609}
{"event": "task_complete", "fold": 1, "completed": 165, "total": 317, "format_errors": 0, "decisions": {"supported": 142, "other_or_general": 23}, "elapsed_seconds": 157.94710850715637}
{"event": "task_complete", "fold": 1, "completed": 166, "total": 317, "format_errors": 0, "decisions": {"supported": 143, "other_or_general": 23}, "elapsed_seconds": 158.81628322601318}
{"event": "task_complete", "fold": 1, "completed": 167, "total": 317, "format_errors": 0, "decisions": {"supported": 144, "other_or_general": 23}, "elapsed_seconds": 159.68013739585876}
{"event": "task_complete", "fold": 1, "completed": 168, "total": 317, "format_errors": 0, "decisions": {"supported": 145, "other_or_general": 23}, "elapsed_seconds": 160.5457682609558}
{"event": "task_complete", "fold": 1, "completed": 169, "total": 317, "format_errors": 0, "decisions": {"supported": 146, "other_or_general": 23}, "elapsed_seconds": 161.39828896522522}
{"event": "task_complete", "fold": 1, "completed": 170, "total": 317, "format_errors": 0, "decisions": {"supported": 147, "other_or_general": 23}, "elapsed_seconds": 162.2760500907898}
{"event": "task_complete", "fold": 1, "completed": 171, "total": 317, "format_errors": 0, "decisions": {"supported": 148, "other_or_general": 23}, "elapsed_seconds": 163.13687992095947}
{"event": "task_complete", "fold": 1, "completed": 172, "total": 317, "format_errors": 0, "decisions": {"supported": 149, "other_or_general": 23}, "elapsed_seconds": 163.99815320968628}
{"event": "task_complete", "fold": 1, "completed": 173, "total": 317, "format_errors": 0, "decisions": {"supported": 150, "other_or_general": 23}, "elapsed_seconds": 164.91692447662354}
{"event": "task_complete", "fold": 1, "completed": 174, "total": 317, "format_errors": 0, "decisions": {"supported": 151, "other_or_general": 23}, "elapsed_seconds": 165.83406567573547}
{"event": "task_complete", "fold": 1, "completed": 175, "total": 317, "format_errors": 0, "decisions": {"supported": 152, "other_or_general": 23}, "elapsed_seconds": 166.70484900474548}
{"event": "task_complete", "fold": 1, "completed": 176, "total": 317, "format_errors": 0, "decisions": {"supported": 153, "other_or_general": 23}, "elapsed_seconds": 167.61596775054932}
{"event": "task_complete", "fold": 1, "completed": 177, "total": 317, "format_errors": 0, "decisions": {"supported": 154, "other_or_general": 23}, "elapsed_seconds": 168.48663330078125}
{"event": "task_complete", "fold": 1, "completed": 178, "total": 317, "format_errors": 0, "decisions": {"supported": 155, "other_or_general": 23}, "elapsed_seconds": 169.3608067035675}
{"event": "task_complete", "fold": 1, "completed": 179, "total": 317, "format_errors": 0, "decisions": {"supported": 156, "other_or_general": 23}, "elapsed_seconds": 170.27011561393738}
{"event": "task_complete", "fold": 1, "completed": 180, "total": 317, "format_errors": 0, "decisions": {"supported": 157, "other_or_general": 23}, "elapsed_seconds": 171.13574695587158}
{"event": "task_complete", "fold": 1, "completed": 181, "total": 317, "format_errors": 0, "decisions": {"supported": 158, "other_or_general": 23}, "elapsed_seconds": 172.00772666931152}
{"event": "task_complete", "fold": 1, "completed": 182, "total": 317, "format_errors": 0, "decisions": {"supported": 159, "other_or_general": 23}, "elapsed_seconds": 172.86414885520935}
{"event": "task_complete", "fold": 1, "completed": 183, "total": 317, "format_errors": 0, "decisions": {"supported": 160, "other_or_general": 23}, "elapsed_seconds": 173.7120966911316}
{"event": "task_complete", "fold": 1, "completed": 184, "total": 317, "format_errors": 0, "decisions": {"supported": 161, "other_or_general": 23}, "elapsed_seconds": 174.5770618915558}
{"event": "task_complete", "fold": 1, "completed": 185, "total": 317, "format_errors": 0, "decisions": {"supported": 162, "other_or_general": 23}, "elapsed_seconds": 175.45137667655945}
{"event": "task_complete", "fold": 1, "completed": 186, "total": 317, "format_errors": 0, "decisions": {"supported": 163, "other_or_general": 23}, "elapsed_seconds": 176.308340549469}
{"event": "task_complete", "fold": 1, "completed": 187, "total": 317, "format_errors": 0, "decisions": {"supported": 164, "other_or_general": 23}, "elapsed_seconds": 177.21786451339722}
{"event": "task_complete", "fold": 1, "completed": 188, "total": 317, "format_errors": 0, "decisions": {"supported": 165, "other_or_general": 23}, "elapsed_seconds": 178.07063007354736}
{"event": "task_complete", "fold": 1, "completed": 189, "total": 317, "format_errors": 0, "decisions": {"supported": 166, "other_or_general": 23}, "elapsed_seconds": 178.93139743804932}
{"event": "task_complete", "fold": 1, "completed": 190, "total": 317, "format_errors": 0, "decisions": {"supported": 167, "other_or_general": 23}, "elapsed_seconds": 179.78675961494446}
{"event": "task_complete", "fold": 1, "completed": 191, "total": 317, "format_errors": 0, "decisions": {"supported": 168, "other_or_general": 23}, "elapsed_seconds": 180.64338278770447}
{"event": "task_complete", "fold": 1, "completed": 192, "total": 317, "format_errors": 0, "decisions": {"supported": 169, "other_or_general": 23}, "elapsed_seconds": 181.4995219707489}
{"event": "task_complete", "fold": 1, "completed": 193, "total": 317, "format_errors": 0, "decisions": {"supported": 170, "other_or_general": 23}, "elapsed_seconds": 182.36322855949402}
{"event": "task_complete", "fold": 1, "completed": 194, "total": 317, "format_errors": 0, "decisions": {"supported": 171, "other_or_general": 23}, "elapsed_seconds": 183.2198362350464}
{"event": "task_complete", "fold": 1, "completed": 195, "total": 317, "format_errors": 0, "decisions": {"supported": 172, "other_or_general": 23}, "elapsed_seconds": 184.0865352153778}
{"event": "task_complete", "fold": 1, "completed": 196, "total": 317, "format_errors": 0, "decisions": {"supported": 173, "other_or_general": 23}, "elapsed_seconds": 184.94771194458008}
{"event": "task_complete", "fold": 1, "completed": 197, "total": 317, "format_errors": 0, "decisions": {"supported": 174, "other_or_general": 23}, "elapsed_seconds": 185.8051733970642}
{"event": "task_complete", "fold": 1, "completed": 198, "total": 317, "format_errors": 0, "decisions": {"supported": 175, "other_or_general": 23}, "elapsed_seconds": 186.66563057899475}
{"event": "task_complete", "fold": 1, "completed": 199, "total": 317, "format_errors": 0, "decisions": {"supported": 176, "other_or_general": 23}, "elapsed_seconds": 187.52849078178406}
{"event": "task_complete", "fold": 1, "completed": 200, "total": 317, "format_errors": 0, "decisions": {"supported": 177, "other_or_general": 23}, "elapsed_seconds": 188.3961067199707}
{"event": "task_complete", "fold": 1, "completed": 201, "total": 317, "format_errors": 0, "decisions": {"supported": 178, "other_or_general": 23}, "elapsed_seconds": 189.25960278511047}
{"event": "task_complete", "fold": 1, "completed": 202, "total": 317, "format_errors": 0, "decisions": {"supported": 179, "other_or_general": 23}, "elapsed_seconds": 190.11995792388916}
{"event": "task_complete", "fold": 1, "completed": 203, "total": 317, "format_errors": 0, "decisions": {"supported": 180, "other_or_general": 23}, "elapsed_seconds": 190.9646544456482}
{"event": "task_complete", "fold": 1, "completed": 204, "total": 317, "format_errors": 0, "decisions": {"supported": 181, "other_or_general": 23}, "elapsed_seconds": 191.83350944519043}
{"event": "task_complete", "fold": 1, "completed": 205, "total": 317, "format_errors": 0, "decisions": {"supported": 182, "other_or_general": 23}, "elapsed_seconds": 192.7032115459442}
{"event": "task_complete", "fold": 1, "completed": 206, "total": 317, "format_errors": 0, "decisions": {"supported": 183, "other_or_general": 23}, "elapsed_seconds": 193.57223105430603}
{"event": "task_complete", "fold": 1, "completed": 207, "total": 317, "format_errors": 0, "decisions": {"supported": 184, "other_or_general": 23}, "elapsed_seconds": 194.44030666351318}
{"event": "task_complete", "fold": 1, "completed": 208, "total": 317, "format_errors": 0, "decisions": {"supported": 185, "other_or_general": 23}, "elapsed_seconds": 195.31105828285217}
{"event": "task_complete", "fold": 1, "completed": 209, "total": 317, "format_errors": 0, "decisions": {"supported": 186, "other_or_general": 23}, "elapsed_seconds": 196.17737984657288}
{"event": "task_complete", "fold": 1, "completed": 210, "total": 317, "format_errors": 0, "decisions": {"supported": 187, "other_or_general": 23}, "elapsed_seconds": 197.03013134002686}
{"event": "task_complete", "fold": 1, "completed": 211, "total": 317, "format_errors": 0, "decisions": {"supported": 188, "other_or_general": 23}, "elapsed_seconds": 197.88320326805115}
{"event": "task_complete", "fold": 1, "completed": 212, "total": 317, "format_errors": 0, "decisions": {"supported": 189, "other_or_general": 23}, "elapsed_seconds": 198.73997235298157}
{"event": "task_complete", "fold": 1, "completed": 213, "total": 317, "format_errors": 0, "decisions": {"supported": 190, "other_or_general": 23}, "elapsed_seconds": 199.59331011772156}
{"event": "task_complete", "fold": 1, "completed": 214, "total": 317, "format_errors": 0, "decisions": {"supported": 191, "other_or_general": 23}, "elapsed_seconds": 200.44490790367126}
{"event": "task_complete", "fold": 1, "completed": 215, "total": 317, "format_errors": 0, "decisions": {"supported": 192, "other_or_general": 23}, "elapsed_seconds": 201.31772899627686}
{"event": "task_complete", "fold": 1, "completed": 216, "total": 317, "format_errors": 0, "decisions": {"supported": 193, "other_or_general": 23}, "elapsed_seconds": 202.19036507606506}
{"event": "task_complete", "fold": 1, "completed": 217, "total": 317, "format_errors": 0, "decisions": {"supported": 194, "other_or_general": 23}, "elapsed_seconds": 203.0603003501892}
{"event": "task_complete", "fold": 1, "completed": 218, "total": 317, "format_errors": 0, "decisions": {"supported": 195, "other_or_general": 23}, "elapsed_seconds": 203.90446853637695}
{"event": "task_complete", "fold": 1, "completed": 219, "total": 317, "format_errors": 0, "decisions": {"supported": 196, "other_or_general": 23}, "elapsed_seconds": 204.7656705379486}
{"event": "task_complete", "fold": 1, "completed": 220, "total": 317, "format_errors": 0, "decisions": {"supported": 197, "other_or_general": 23}, "elapsed_seconds": 205.628080368042}
{"event": "task_complete", "fold": 1, "completed": 221, "total": 317, "format_errors": 0, "decisions": {"supported": 198, "other_or_general": 23}, "elapsed_seconds": 206.49585795402527}
{"event": "task_complete", "fold": 1, "completed": 222, "total": 317, "format_errors": 0, "decisions": {"supported": 198, "other_or_general": 24}, "elapsed_seconds": 207.48408842086792}
{"event": "task_complete", "fold": 1, "completed": 223, "total": 317, "format_errors": 0, "decisions": {"supported": 199, "other_or_general": 24}, "elapsed_seconds": 208.3433129787445}
{"event": "task_complete", "fold": 1, "completed": 224, "total": 317, "format_errors": 0, "decisions": {"supported": 200, "other_or_general": 24}, "elapsed_seconds": 209.20219039916992}
{"event": "task_complete", "fold": 1, "completed": 225, "total": 317, "format_errors": 0, "decisions": {"supported": 201, "other_or_general": 24}, "elapsed_seconds": 210.05251622200012}
{"event": "task_complete", "fold": 1, "completed": 226, "total": 317, "format_errors": 0, "decisions": {"supported": 202, "other_or_general": 24}, "elapsed_seconds": 210.96322870254517}
{"event": "task_complete", "fold": 1, "completed": 227, "total": 317, "format_errors": 0, "decisions": {"supported": 203, "other_or_general": 24}, "elapsed_seconds": 211.86945605278015}
{"event": "task_complete", "fold": 1, "completed": 228, "total": 317, "format_errors": 0, "decisions": {"supported": 204, "other_or_general": 24}, "elapsed_seconds": 212.74336004257202}
{"event": "task_complete", "fold": 1, "completed": 229, "total": 317, "format_errors": 0, "decisions": {"supported": 205, "other_or_general": 24}, "elapsed_seconds": 213.6161711215973}
{"event": "task_complete", "fold": 1, "completed": 230, "total": 317, "format_errors": 0, "decisions": {"supported": 206, "other_or_general": 24}, "elapsed_seconds": 214.5285243988037}
{"event": "task_complete", "fold": 1, "completed": 231, "total": 317, "format_errors": 0, "decisions": {"supported": 207, "other_or_general": 24}, "elapsed_seconds": 215.39903950691223}
{"event": "task_complete", "fold": 1, "completed": 232, "total": 317, "format_errors": 0, "decisions": {"supported": 208, "other_or_general": 24}, "elapsed_seconds": 216.25384283065796}
{"event": "task_complete", "fold": 1, "completed": 233, "total": 317, "format_errors": 0, "decisions": {"supported": 209, "other_or_general": 24}, "elapsed_seconds": 217.108571767807}
{"event": "task_complete", "fold": 1, "completed": 234, "total": 317, "format_errors": 0, "decisions": {"supported": 210, "other_or_general": 24}, "elapsed_seconds": 217.96465706825256}
{"event": "task_complete", "fold": 1, "completed": 235, "total": 317, "format_errors": 0, "decisions": {"supported": 210, "other_or_general": 25}, "elapsed_seconds": 218.95338702201843}
{"event": "task_complete", "fold": 1, "completed": 236, "total": 317, "format_errors": 0, "decisions": {"supported": 210, "other_or_general": 26}, "elapsed_seconds": 219.93941259384155}
{"event": "task_complete", "fold": 1, "completed": 237, "total": 317, "format_errors": 0, "decisions": {"supported": 211, "other_or_general": 26}, "elapsed_seconds": 220.80539226531982}
{"event": "task_complete", "fold": 1, "completed": 238, "total": 317, "format_errors": 0, "decisions": {"supported": 211, "other_or_general": 27}, "elapsed_seconds": 221.7758321762085}
{"event": "task_complete", "fold": 1, "completed": 239, "total": 317, "format_errors": 0, "decisions": {"supported": 211, "other_or_general": 28}, "elapsed_seconds": 222.75880193710327}
{"event": "task_complete", "fold": 1, "completed": 240, "total": 317, "format_errors": 0, "decisions": {"supported": 212, "other_or_general": 28}, "elapsed_seconds": 223.61330485343933}
{"event": "task_complete", "fold": 1, "completed": 241, "total": 317, "format_errors": 0, "decisions": {"supported": 213, "other_or_general": 28}, "elapsed_seconds": 224.52731895446777}
{"event": "task_complete", "fold": 1, "completed": 242, "total": 317, "format_errors": 0, "decisions": {"supported": 214, "other_or_general": 28}, "elapsed_seconds": 225.39751052856445}
{"event": "task_complete", "fold": 1, "completed": 243, "total": 317, "format_errors": 0, "decisions": {"supported": 215, "other_or_general": 28}, "elapsed_seconds": 226.27006578445435}
{"event": "task_complete", "fold": 1, "completed": 244, "total": 317, "format_errors": 0, "decisions": {"supported": 215, "other_or_general": 29}, "elapsed_seconds": 227.2578136920929}
{"event": "task_complete", "fold": 1, "completed": 245, "total": 317, "format_errors": 0, "decisions": {"supported": 216, "other_or_general": 29}, "elapsed_seconds": 228.10981392860413}
{"event": "task_complete", "fold": 1, "completed": 246, "total": 317, "format_errors": 0, "decisions": {"supported": 216, "other_or_general": 30}, "elapsed_seconds": 229.28018498420715}
{"event": "task_complete", "fold": 1, "completed": 247, "total": 317, "format_errors": 0, "decisions": {"supported": 217, "other_or_general": 30}, "elapsed_seconds": 230.14056062698364}
{"event": "task_complete", "fold": 1, "completed": 248, "total": 317, "format_errors": 0, "decisions": {"supported": 218, "other_or_general": 30}, "elapsed_seconds": 231.00548601150513}
{"event": "task_complete", "fold": 1, "completed": 249, "total": 317, "format_errors": 0, "decisions": {"supported": 219, "other_or_general": 30}, "elapsed_seconds": 231.87532782554626}
{"event": "task_complete", "fold": 1, "completed": 250, "total": 317, "format_errors": 0, "decisions": {"supported": 220, "other_or_general": 30}, "elapsed_seconds": 232.7457492351532}
{"event": "task_complete", "fold": 1, "completed": 251, "total": 317, "format_errors": 0, "decisions": {"supported": 221, "other_or_general": 30}, "elapsed_seconds": 233.59785866737366}
{"event": "task_complete", "fold": 1, "completed": 252, "total": 317, "format_errors": 0, "decisions": {"supported": 222, "other_or_general": 30}, "elapsed_seconds": 234.45328617095947}
{"event": "task_complete", "fold": 1, "completed": 253, "total": 317, "format_errors": 0, "decisions": {"supported": 223, "other_or_general": 30}, "elapsed_seconds": 235.31461834907532}
{"event": "task_complete", "fold": 1, "completed": 254, "total": 317, "format_errors": 0, "decisions": {"supported": 223, "other_or_general": 31}, "elapsed_seconds": 236.31694626808167}
{"event": "task_complete", "fold": 1, "completed": 255, "total": 317, "format_errors": 0, "decisions": {"supported": 224, "other_or_general": 31}, "elapsed_seconds": 237.17472887039185}
{"event": "task_complete", "fold": 1, "completed": 256, "total": 317, "format_errors": 0, "decisions": {"supported": 224, "other_or_general": 32}, "elapsed_seconds": 238.22173404693604}
{"event": "task_complete", "fold": 1, "completed": 257, "total": 317, "format_errors": 0, "decisions": {"supported": 225, "other_or_general": 32}, "elapsed_seconds": 239.08140516281128}
{"event": "task_complete", "fold": 1, "completed": 258, "total": 317, "format_errors": 0, "decisions": {"supported": 226, "other_or_general": 32}, "elapsed_seconds": 239.9548728466034}
{"event": "task_complete", "fold": 1, "completed": 259, "total": 317, "format_errors": 0, "decisions": {"supported": 227, "other_or_general": 32}, "elapsed_seconds": 240.807687997818}
{"event": "task_complete", "fold": 1, "completed": 260, "total": 317, "format_errors": 0, "decisions": {"supported": 228, "other_or_general": 32}, "elapsed_seconds": 241.67402720451355}
{"event": "task_complete", "fold": 1, "completed": 261, "total": 317, "format_errors": 0, "decisions": {"supported": 229, "other_or_general": 32}, "elapsed_seconds": 242.54342365264893}
{"event": "task_complete", "fold": 1, "completed": 262, "total": 317, "format_errors": 0, "decisions": {"supported": 230, "other_or_general": 32}, "elapsed_seconds": 243.41563487052917}
{"event": "task_complete", "fold": 1, "completed": 263, "total": 317, "format_errors": 0, "decisions": {"supported": 231, "other_or_general": 32}, "elapsed_seconds": 244.27761030197144}
{"event": "task_complete", "fold": 1, "completed": 264, "total": 317, "format_errors": 0, "decisions": {"supported": 232, "other_or_general": 32}, "elapsed_seconds": 245.13850212097168}
{"event": "task_complete", "fold": 1, "completed": 265, "total": 317, "format_errors": 0, "decisions": {"supported": 233, "other_or_general": 32}, "elapsed_seconds": 245.99540400505066}
{"event": "task_complete", "fold": 1, "completed": 266, "total": 317, "format_errors": 0, "decisions": {"supported": 234, "other_or_general": 32}, "elapsed_seconds": 246.85067534446716}
{"event": "task_complete", "fold": 1, "completed": 267, "total": 317, "format_errors": 0, "decisions": {"supported": 235, "other_or_general": 32}, "elapsed_seconds": 247.70886373519897}
{"event": "task_complete", "fold": 1, "completed": 268, "total": 317, "format_errors": 0, "decisions": {"supported": 235, "other_or_general": 33}, "elapsed_seconds": 248.69701099395752}
{"event": "task_complete", "fold": 1, "completed": 269, "total": 317, "format_errors": 0, "decisions": {"supported": 235, "other_or_general": 34}, "elapsed_seconds": 249.6755383014679}
{"event": "task_complete", "fold": 1, "completed": 270, "total": 317, "format_errors": 0, "decisions": {"supported": 236, "other_or_general": 34}, "elapsed_seconds": 250.5349223613739}
{"event": "task_complete", "fold": 1, "completed": 271, "total": 317, "format_errors": 0, "decisions": {"supported": 237, "other_or_general": 34}, "elapsed_seconds": 251.397643327713}
{"event": "task_complete", "fold": 1, "completed": 272, "total": 317, "format_errors": 0, "decisions": {"supported": 238, "other_or_general": 34}, "elapsed_seconds": 252.24217915534973}
{"event": "task_complete", "fold": 1, "completed": 273, "total": 317, "format_errors": 0, "decisions": {"supported": 239, "other_or_general": 34}, "elapsed_seconds": 253.09829878807068}
{"event": "task_complete", "fold": 1, "completed": 274, "total": 317, "format_errors": 0, "decisions": {"supported": 240, "other_or_general": 34}, "elapsed_seconds": 254.14755821228027}
{"event": "task_complete", "fold": 1, "completed": 275, "total": 317, "format_errors": 0, "decisions": {"supported": 241, "other_or_general": 34}, "elapsed_seconds": 254.9974081516266}
{"event": "task_complete", "fold": 1, "completed": 276, "total": 317, "format_errors": 0, "decisions": {"supported": 242, "other_or_general": 34}, "elapsed_seconds": 256.0749921798706}
{"event": "task_complete", "fold": 1, "completed": 277, "total": 317, "format_errors": 0, "decisions": {"supported": 243, "other_or_general": 34}, "elapsed_seconds": 256.9313509464264}
{"event": "task_complete", "fold": 1, "completed": 278, "total": 317, "format_errors": 0, "decisions": {"supported": 244, "other_or_general": 34}, "elapsed_seconds": 257.78718614578247}
{"event": "task_complete", "fold": 1, "completed": 279, "total": 317, "format_errors": 0, "decisions": {"supported": 245, "other_or_general": 34}, "elapsed_seconds": 258.8363239765167}
{"event": "task_complete", "fold": 1, "completed": 280, "total": 317, "format_errors": 0, "decisions": {"supported": 245, "other_or_general": 35}, "elapsed_seconds": 259.81325006484985}
{"event": "task_complete", "fold": 1, "completed": 281, "total": 317, "format_errors": 0, "decisions": {"supported": 246, "other_or_general": 35}, "elapsed_seconds": 260.7733962535858}
{"event": "task_complete", "fold": 1, "completed": 282, "total": 317, "format_errors": 0, "decisions": {"supported": 247, "other_or_general": 35}, "elapsed_seconds": 261.63689517974854}
{"event": "task_complete", "fold": 1, "completed": 283, "total": 317, "format_errors": 0, "decisions": {"supported": 248, "other_or_general": 35}, "elapsed_seconds": 262.50046849250793}
{"event": "task_complete", "fold": 1, "completed": 284, "total": 317, "format_errors": 0, "decisions": {"supported": 249, "other_or_general": 35}, "elapsed_seconds": 263.36284828186035}
{"event": "task_complete", "fold": 1, "completed": 285, "total": 317, "format_errors": 0, "decisions": {"supported": 250, "other_or_general": 35}, "elapsed_seconds": 264.2223560810089}
{"event": "task_complete", "fold": 1, "completed": 286, "total": 317, "format_errors": 0, "decisions": {"supported": 251, "other_or_general": 35}, "elapsed_seconds": 265.08431363105774}
{"event": "task_complete", "fold": 1, "completed": 287, "total": 317, "format_errors": 0, "decisions": {"supported": 251, "other_or_general": 36}, "elapsed_seconds": 266.08422923088074}
{"event": "task_complete", "fold": 1, "completed": 288, "total": 317, "format_errors": 0, "decisions": {"supported": 252, "other_or_general": 36}, "elapsed_seconds": 266.9521095752716}
{"event": "task_complete", "fold": 1, "completed": 289, "total": 317, "format_errors": 0, "decisions": {"supported": 253, "other_or_general": 36}, "elapsed_seconds": 267.81164956092834}
{"event": "task_complete", "fold": 1, "completed": 290, "total": 317, "format_errors": 0, "decisions": {"supported": 254, "other_or_general": 36}, "elapsed_seconds": 268.6680636405945}
{"event": "task_complete", "fold": 1, "completed": 291, "total": 317, "format_errors": 0, "decisions": {"supported": 255, "other_or_general": 36}, "elapsed_seconds": 269.5214078426361}
{"event": "task_complete", "fold": 1, "completed": 292, "total": 317, "format_errors": 0, "decisions": {"supported": 256, "other_or_general": 36}, "elapsed_seconds": 270.3829274177551}
{"event": "task_complete", "fold": 1, "completed": 293, "total": 317, "format_errors": 0, "decisions": {"supported": 257, "other_or_general": 36}, "elapsed_seconds": 271.2444953918457}
{"event": "task_complete", "fold": 1, "completed": 294, "total": 317, "format_errors": 0, "decisions": {"supported": 258, "other_or_general": 36}, "elapsed_seconds": 272.1078073978424}
{"event": "task_complete", "fold": 1, "completed": 295, "total": 317, "format_errors": 0, "decisions": {"supported": 259, "other_or_general": 36}, "elapsed_seconds": 272.96532011032104}
{"event": "task_complete", "fold": 1, "completed": 296, "total": 317, "format_errors": 0, "decisions": {"supported": 260, "other_or_general": 36}, "elapsed_seconds": 273.83673334121704}
{"event": "task_complete", "fold": 1, "completed": 297, "total": 317, "format_errors": 0, "decisions": {"supported": 260, "other_or_general": 37}, "elapsed_seconds": 274.8115653991699}
{"event": "task_complete", "fold": 1, "completed": 298, "total": 317, "format_errors": 0, "decisions": {"supported": 261, "other_or_general": 37}, "elapsed_seconds": 275.65867352485657}
{"event": "task_complete", "fold": 1, "completed": 299, "total": 317, "format_errors": 0, "decisions": {"supported": 262, "other_or_general": 37}, "elapsed_seconds": 276.51231026649475}
{"event": "task_complete", "fold": 1, "completed": 300, "total": 317, "format_errors": 0, "decisions": {"supported": 263, "other_or_general": 37}, "elapsed_seconds": 277.46297001838684}
{"event": "task_complete", "fold": 1, "completed": 301, "total": 317, "format_errors": 0, "decisions": {"supported": 264, "other_or_general": 37}, "elapsed_seconds": 278.3231592178345}
{"event": "task_complete", "fold": 1, "completed": 302, "total": 317, "format_errors": 0, "decisions": {"supported": 265, "other_or_general": 37}, "elapsed_seconds": 279.18164896965027}
{"event": "task_complete", "fold": 1, "completed": 303, "total": 317, "format_errors": 0, "decisions": {"supported": 266, "other_or_general": 37}, "elapsed_seconds": 280.03568625450134}
{"event": "task_complete", "fold": 1, "completed": 304, "total": 317, "format_errors": 0, "decisions": {"supported": 267, "other_or_general": 37}, "elapsed_seconds": 280.94231605529785}
{"event": "task_complete", "fold": 1, "completed": 305, "total": 317, "format_errors": 0, "decisions": {"supported": 268, "other_or_general": 37}, "elapsed_seconds": 281.81646275520325}
{"event": "task_complete", "fold": 1, "completed": 306, "total": 317, "format_errors": 0, "decisions": {"supported": 269, "other_or_general": 37}, "elapsed_seconds": 282.6754262447357}
{"event": "task_complete", "fold": 1, "completed": 307, "total": 317, "format_errors": 0, "decisions": {"supported": 269, "other_or_general": 38}, "elapsed_seconds": 283.67097187042236}
{"event": "task_complete", "fold": 1, "completed": 308, "total": 317, "format_errors": 0, "decisions": {"supported": 270, "other_or_general": 38}, "elapsed_seconds": 284.544926404953}
{"event": "task_complete", "fold": 1, "completed": 309, "total": 317, "format_errors": 0, "decisions": {"supported": 271, "other_or_general": 38}, "elapsed_seconds": 285.4071612358093}
{"event": "task_complete", "fold": 1, "completed": 310, "total": 317, "format_errors": 0, "decisions": {"supported": 272, "other_or_general": 38}, "elapsed_seconds": 286.2624559402466}
{"event": "task_complete", "fold": 1, "completed": 311, "total": 317, "format_errors": 0, "decisions": {"supported": 273, "other_or_general": 38}, "elapsed_seconds": 287.1178104877472}
{"event": "task_complete", "fold": 1, "completed": 312, "total": 317, "format_errors": 0, "decisions": {"supported": 274, "other_or_general": 38}, "elapsed_seconds": 287.9904751777649}
{"event": "task_complete", "fold": 1, "completed": 313, "total": 317, "format_errors": 0, "decisions": {"supported": 275, "other_or_general": 38}, "elapsed_seconds": 288.83852529525757}
{"event": "task_complete", "fold": 1, "completed": 314, "total": 317, "format_errors": 0, "decisions": {"supported": 276, "other_or_general": 38}, "elapsed_seconds": 289.6965661048889}
{"event": "task_complete", "fold": 1, "completed": 315, "total": 317, "format_errors": 0, "decisions": {"supported": 277, "other_or_general": 38}, "elapsed_seconds": 290.57125329971313}
{"event": "task_complete", "fold": 1, "completed": 316, "total": 317, "format_errors": 0, "decisions": {"supported": 278, "other_or_general": 38}, "elapsed_seconds": 291.4351484775543}
{"event": "task_complete", "fold": 1, "completed": 317, "total": 317, "format_errors": 0, "decisions": {"supported": 279, "other_or_general": 38}, "elapsed_seconds": 292.2855715751648}
{"event": "completed", "fold": 1, "validation_document_ids": ["10313222", "11221135", "11826603", "12078887", "12628480", "12779223", "5023785", "5368377", "5425407", "5693559", "5789735", "5866036", "6049015", "6096008", "6220403", "9327653"], "upstream_training_document_ids": ["10553122", "10789033", "11196099", "11203018", "11235872", "11765409", "11871647", "11906559", "11919040", "11986149", "12017973", "12059664", "12110755", "12110769", "12118522", "12126309", "12147048", "12250201", "12334843", "12386172", "12405443", "12444410", "12455887", "12640707", "12646972", "12652105", "12733031", "12798528", "12811285", "12846941", "12891056", "2866573", "2964533", "3563609", "4607013", "4644339", "4678370", "4899602", "5415817", "5422868", "5452357", "5473715", "5537416", "5538066", "5562981", "5574094", "5575846", "5763540", "5773845", "5793168", "5959423", "5970456", "6036836", "6048891", "6057141", "6059678", "6063015", "6134758", "6151044", "6219255", "6332535", "6338757", "6390251", "6491447"], "llm_training_document_ids": [], "demonstration_document_ids": [], "answers_removed_before_prompting": true, "baseline_exact_replay": true, "plan_sha256": "993fb656ecaf86329ef3e7c2bacb5a13b44c66a8a2e60e1f5cd44023c5021f1d", "task_count": 317, "tasks_sha256": "fadabb8857526144eb4f3208353915a375de1c7376bc99ec6155e67f85d01ad0", "acronym_tasks": 59, "tasks_with_document_definitions": 54, "max_input_tokens": 995, "maximum_grammar_tokens": 16, "protocol_module": "patientphex.llm_concept_review", "source_truncation": false, "hard_nonthinking": true, "status": "completed", "decisions_sha256": "aa87850d4c8b5627eabcc6a0fffd165214a2820c2f41bbf6a796341fa0aa698f", "format_success_rate": 1.0, "format_errors": 0, "elapsed_seconds": 292.29823756217957, "physical_gpu": "0", "peak_allocated_gib": 16.417583465576172, "generated_tokens": 3948, "generation_seconds": 285.4308249950409, "decisions": {"supported": 279, "other_or_general": 38}}
