fold=0 policy=correct_add0_suppress0 score=0.690013 gain=0.000243 edits={'correct': 1}
fold=0 policy=correct_add0_suppress1 score=0.694650 gain=0.004880 edits={'remove': 45, 'correct': 1}
fold=0 policy=correct_add1_suppress0 score=0.690013 gain=0.000243 edits={'correct': 1}
fold=0 policy=correct_add1_suppress1 score=0.694650 gain=0.004880 edits={'remove': 45, 'correct': 1}
fold=1 policy=correct_add0_suppress0 score=0.655121 gain=0.000000 edits={}
fold=1 policy=correct_add0_suppress1 score=0.655955 gain=0.000834 edits={'remove': 4}
fold=1 policy=correct_add1_suppress0 score=0.655121 gain=0.000000 edits={}
fold=1 policy=correct_add1_suppress1 score=0.655955 gain=0.000834 edits={'remove': 4}
fold=2 policy=correct_add0_suppress0 score=0.682916 gain=0.000293 edits={'correct': 9}
fold=2 policy=correct_add0_suppress1 score=0.683233 gain=0.000611 edits={'correct': 9, 'remove': 5}
fold=2 policy=correct_add1_suppress0 score=0.683084 gain=0.000462 edits={'correct': 9, 'add': 3}
fold=2 policy=correct_add1_suppress1 score=0.683402 gain=0.000779 edits={'correct': 9, 'add': 3, 'remove': 5}
fold=3 policy=correct_add0_suppress0 score=0.689842 gain=0.000000 edits={}
fold=3 policy=correct_add0_suppress1 score=0.691075 gain=0.001233 edits={'remove': 6}
fold=3 policy=correct_add1_suppress0 score=0.689842 gain=0.000000 edits={}
fold=3 policy=correct_add1_suppress1 score=0.691075 gain=0.001233 edits={'remove': 6}
fold=4 policy=correct_add0_suppress0 score=0.694909 gain=0.000000 edits={}
fold=4 policy=correct_add0_suppress1 score=0.695357 gain=0.000448 edits={'remove': 4}
fold=4 policy=correct_add1_suppress0 score=0.696623 gain=0.001714 edits={'add': 18}
fold=4 policy=correct_add1_suppress1 score=0.697070 gain=0.002161 edits={'add': 18, 'remove': 4}
{"selected": null, "best_score": 0.6838865094215278}
